Component: Arm Compiler for Embedded 6.18 Tool: armlink [5e4cc100]

==============================================================================

Section Cross References

    main_ns.o(.text) refers to main_ns.o(.bss.val1) for val1
    main_ns.o(.text) refers to main_ns.o(.bss.val2) for val2
    main_ns.o(.ARM.exidx) refers to main_ns.o(.text) for [Anonymous Symbol]
    startup_armcm33.o(.text) refers to system_armcm33.o(.text) for SystemInit
    startup_armcm33.o(.text) refers to entry.o(.ARM.Collect$$$$00000000) for __main
    startup_armcm33.o(.ARM.exidx) refers to startup_armcm33.o(.text) for [Anonymous Symbol]
    startup_armcm33.o(RESET) refers to startup_armcm33.o(.text) for Reset_Handler
    system_armcm33.o(.text) refers to system_armcm33.o(.data.SystemCoreClock) for SystemCoreClock
    system_armcm33.o(.text) refers to startup_armcm33.o(RESET) for __Vectors
    system_armcm33.o(.ARM.exidx) refers to system_armcm33.o(.text) for [Anonymous Symbol]
    entry.o(.ARM.Collect$$$$00000000) refers (Special) to entry10a.o(.ARM.Collect$$$$0000000D) for __rt_final_cpp
    entry.o(.ARM.Collect$$$$00000000) refers (Special) to entry11a.o(.ARM.Collect$$$$0000000F) for __rt_final_exit
    entry.o(.ARM.Collect$$$$00000000) refers (Special) to entry7b.o(.ARM.Collect$$$$00000008) for _main_clock
    entry.o(.ARM.Collect$$$$00000000) refers (Special) to entry8b.o(.ARM.Collect$$$$0000000A) for _main_cpp_init
    entry.o(.ARM.Collect$$$$00000000) refers (Special) to entry9a.o(.ARM.Collect$$$$0000000B) for _main_init
    entry.o(.ARM.Collect$$$$00000000) refers (Special) to entry5.o(.ARM.Collect$$$$00000004) for _main_scatterload
    entry.o(.ARM.Collect$$$$00000000) refers (Special) to entry4.o(.ARM.Collect$$$$00000003) for _main_stk
    entry4.o(.ARM.Collect$$$$00000003) refers to entry4.o(.ARM.Collect$$$$00002714) for __lit__00000000
    entry4.o(__vectab_stack_and_reset_area) refers to entry.o(.ARM.Collect$$$$00000000) for __main
    entry5.o(.ARM.Collect$$$$00000004) refers to init.o(.text) for __scatterload
    entry9a.o(.ARM.Collect$$$$0000000B) refers to main_ns.o(.text) for main
    entry9b.o(.ARM.Collect$$$$0000000C) refers to main_ns.o(.text) for main
    init.o(.text) refers to entry5.o(.ARM.Collect$$$$00000004) for __main_after_scatterload


==============================================================================

Removing Unused input sections from the image.

    Removing main_ns.o(.ARM.exidx), (16 bytes).
    Removing main_ns.o(.ARM.use_no_argv), (4 bytes).
    Removing startup_armcm33.o(.ARM.exidx), (24 bytes).
    Removing system_armcm33.o(.ARM.exidx), (16 bytes).

4 unused section(s) (total 60 bytes) removed from the image.

==============================================================================

Adding Veneers to the image

    Adding TT veneer (10 bytes, Long) for call to 'func1' from main_ns.o(.text).
    Adding TT veneer (10 bytes, Long) for call to 'func2' from main_ns.o(.text).

2 Veneer(s) (total 20 bytes) added to the image.

==============================================================================

Image Symbol Table

    Local Symbols

    Symbol Name                              Value     Ov Type        Size  Object(Section)

    ../clib/microlib/init/entry.s            0x00000000   Number         0  entry.o ABSOLUTE
    ../clib/microlib/init/entry.s            0x00000000   Number         0  entry4.o ABSOLUTE
    ../clib/microlib/init/entry.s            0x00000000   Number         0  entry5.o ABSOLUTE
    ../clib/microlib/init/entry.s            0x00000000   Number         0  entry7a.o ABSOLUTE
    ../clib/microlib/init/entry.s            0x00000000   Number         0  entry7b.o ABSOLUTE
    ../clib/microlib/init/entry.s            0x00000000   Number         0  entry8a.o ABSOLUTE
    ../clib/microlib/init/entry.s            0x00000000   Number         0  entry8b.o ABSOLUTE
    ../clib/microlib/init/entry.s            0x00000000   Number         0  entry9a.o ABSOLUTE
    ../clib/microlib/init/entry.s            0x00000000   Number         0  entry9b.o ABSOLUTE
    ../clib/microlib/init/entry.s            0x00000000   Number         0  entry10a.o ABSOLUTE
    ../clib/microlib/init/entry.s            0x00000000   Number         0  entry10b.o ABSOLUTE
    ../clib/microlib/init/entry.s            0x00000000   Number         0  entry11a.o ABSOLUTE
    ../clib/microlib/init/entry.s            0x00000000   Number         0  entry11b.o ABSOLUTE
    dc.s                                     0x00000000   Number         0  dc.o ABSOLUTE
    handlers.s                               0x00000000   Number         0  handlers.o ABSOLUTE
    init.s                                   0x00000000   Number         0  init.o ABSOLUTE
    main_ns.c                                0x00000000   Number         0  main_ns.o ABSOLUTE
    startup_ARMCM33.c                        0x00000000   Number         0  startup_armcm33.o ABSOLUTE
    system_ARMCM33.c                         0x00000000   Number         0  system_armcm33.o ABSOLUTE
    __tagsym$$used.0                         0x01020000   Number         0  startup_armcm33.o(RESET)
    .ARM.Collect$$$$00000000                 0x010207c0   Section        0  entry.o(.ARM.Collect$$$$00000000)
    .ARM.Collect$$$$00000003                 0x010207c0   Section        4  entry4.o(.ARM.Collect$$$$00000003)
    .ARM.Collect$$$$00000004                 0x010207c4   Section        4  entry5.o(.ARM.Collect$$$$00000004)
    .ARM.Collect$$$$00000008                 0x010207c8   Section        0  entry7b.o(.ARM.Collect$$$$00000008)
    .ARM.Collect$$$$0000000A                 0x010207c8   Section        0  entry8b.o(.ARM.Collect$$$$0000000A)
    .ARM.Collect$$$$0000000B                 0x010207c8   Section        8  entry9a.o(.ARM.Collect$$$$0000000B)
    __lit__00000000                          0x010207d0   Data           4  entry4.o(.ARM.Collect$$$$00002714)
    .ARM.Collect$$$$0000000D                 0x010207d0   Section        0  entry10a.o(.ARM.Collect$$$$0000000D)
    .ARM.Collect$$$$0000000F                 0x010207d0   Section        0  entry11a.o(.ARM.Collect$$$$0000000F)
    .ARM.Collect$$$$00002714                 0x010207d0   Section        4  entry4.o(.ARM.Collect$$$$00002714)
    [Anonymous Symbol]                       0x010207d4   Section        0  main_ns.o(.text)
    [Anonymous Symbol]                       0x01020804   Section        0  startup_armcm33.o(.text)
    [Anonymous Symbol]                       0x01020830   Section        0  system_armcm33.o(.text)
    .text                                    0x01020874   Section       36  init.o(.text)
    i.__scatterload_copy                     0x010208ac   Section       14  handlers.o(i.__scatterload_copy)
    i.__scatterload_null                     0x010208ba   Section        2  handlers.o(i.__scatterload_null)
    i.__scatterload_zeroinit                 0x010208bc   Section       14  handlers.o(i.__scatterload_zeroinit)

    Global Symbols

    Symbol Name                              Value     Ov Type        Size  Object(Section)

    BuildAttributes$$THM_ISAv4$E$P$D$K$B$S$7EM$8M$VFPi5$EXTD16$VFPS$VFMA$PE$A:L22UL41UL21$X:L11$S22US41US21$IEEE1$IW$USESV6$~STKCKD$USESV7$~SHL$OTIME$MICROLIB$REQ8$PRES8$EABIv2 0x00000000   Number         0  anon$$obj.o ABSOLUTE
    __cpp_initialize__aeabi_                  - Undefined Weak Reference
    __cxa_finalize                            - Undefined Weak Reference
    __decompress                              - Undefined Weak Reference
    _clock_init                               - Undefined Weak Reference
    _microlib_exit                            - Undefined Weak Reference
    __Vectors                                0x01020000   Data        1984  startup_armcm33.o(RESET)
    __main                                   0x010207c1   Thumb Code     0  entry.o(.ARM.Collect$$$$00000000)
    _main_stk                                0x010207c1   Thumb Code     0  entry4.o(.ARM.Collect$$$$00000003)
    _main_scatterload                        0x010207c5   Thumb Code     0  entry5.o(.ARM.Collect$$$$00000004)
    __main_after_scatterload                 0x010207c9   Thumb Code     0  entry5.o(.ARM.Collect$$$$00000004)
    _main_clock                              0x010207c9   Thumb Code     0  entry7b.o(.ARM.Collect$$$$00000008)
    _main_cpp_init                           0x010207c9   Thumb Code     0  entry8b.o(.ARM.Collect$$$$0000000A)
    _main_init                               0x010207c9   Thumb Code     0  entry9a.o(.ARM.Collect$$$$0000000B)
    __rt_final_cpp                           0x010207d1   Thumb Code     0  entry10a.o(.ARM.Collect$$$$0000000D)
    __rt_final_exit                          0x010207d1   Thumb Code     0  entry11a.o(.ARM.Collect$$$$0000000F)
    func3                                    0x010207d5   Thumb Code     4  main_ns.o(.text)
    main                                     0x010207d9   Thumb Code    42  main_ns.o(.text)
    BusFault_Handler                         0x01020805   Thumb Code     2  startup_armcm33.o(.text)
    DebugMon_Handler                         0x01020805   Thumb Code     2  startup_armcm33.o(.text)
    Default_Handler                          0x01020805   Thumb Code     2  startup_armcm33.o(.text)
    Interrupt0_Handler                       0x01020805   Thumb Code     2  startup_armcm33.o(.text)
    Interrupt1_Handler                       0x01020805   Thumb Code     2  startup_armcm33.o(.text)
    Interrupt2_Handler                       0x01020805   Thumb Code     2  startup_armcm33.o(.text)
    Interrupt3_Handler                       0x01020805   Thumb Code     2  startup_armcm33.o(.text)
    Interrupt4_Handler                       0x01020805   Thumb Code     2  startup_armcm33.o(.text)
    Interrupt5_Handler                       0x01020805   Thumb Code     2  startup_armcm33.o(.text)
    Interrupt6_Handler                       0x01020805   Thumb Code     2  startup_armcm33.o(.text)
    Interrupt7_Handler                       0x01020805   Thumb Code     2  startup_armcm33.o(.text)
    Interrupt8_Handler                       0x01020805   Thumb Code     2  startup_armcm33.o(.text)
    Interrupt9_Handler                       0x01020805   Thumb Code     2  startup_armcm33.o(.text)
    MemManage_Handler                        0x01020805   Thumb Code     2  startup_armcm33.o(.text)
    NMI_Handler                              0x01020805   Thumb Code     2  startup_armcm33.o(.text)
    PendSV_Handler                           0x01020805   Thumb Code     2  startup_armcm33.o(.text)
    SVC_Handler                              0x01020805   Thumb Code     2  startup_armcm33.o(.text)
    SecureFault_Handler                      0x01020805   Thumb Code     2  startup_armcm33.o(.text)
    SysTick_Handler                          0x01020805   Thumb Code     2  startup_armcm33.o(.text)
    UsageFault_Handler                       0x01020805   Thumb Code     2  startup_armcm33.o(.text)
    Reset_Handler                            0x01020809   Thumb Code    36  startup_armcm33.o(.text)
    HardFault_Handler                        0x0102082d   Thumb Code     2  startup_armcm33.o(.text)
    SystemCoreClockUpdate                    0x01020831   Thumb Code    20  system_armcm33.o(.text)
    SystemInit                               0x01020845   Thumb Code    48  system_armcm33.o(.text)
    __scatterload                            0x01020875   Thumb Code    28  init.o(.text)
    __scatterload_rt2                        0x01020875   Thumb Code     0  init.o(.text)
    Long Thumb to Thumb Veneer to func1      0x01020899   Thumb Code    10  anon$$obj.o(Veneer$$Code)
    Long Thumb to Thumb Veneer to func2      0x010208a3   Thumb Code    10  anon$$obj.o(Veneer$$Code)
    __scatterload_copy                       0x010208ad   Thumb Code    14  handlers.o(i.__scatterload_copy)
    __scatterload_null                       0x010208bb   Thumb Code     2  handlers.o(i.__scatterload_null)
    __scatterload_zeroinit                   0x010208bd   Thumb Code    14  handlers.o(i.__scatterload_zeroinit)
    Region$$Table$$Base                      0x010208cc   Number         0  anon$$obj.o(Region$$Table)
    Region$$Table$$Limit                     0x010208ec   Number         0  anon$$obj.o(Region$$Table)
    func1                                    0x1101fe01   Thumb Code     8  CM33_s_CMSE_Lib.o ABSOLUTE
    func2                                    0x1101fe09   Thumb Code     8  CM33_s_CMSE_Lib.o ABSOLUTE
    SystemCoreClock                          0x21040000   Data           4  system_armcm33.o(.data.SystemCoreClock)
    val1                                     0x21040004   Data           4  main_ns.o(.bss.val1)
    val2                                     0x21040008   Data           4  main_ns.o(.bss.val2)
    Image$$ARM_LIB_STACK$$ZI$$Base           0x2107fc00   Number         0  anon$$obj.o ABSOLUTE
    Image$$ARM_LIB_STACK$$ZI$$Limit          0x21080000   Number         0  anon$$obj.o ABSOLUTE



==============================================================================

Memory Map of the image

  Image Entry point : 0x010207c1

  Load Region LR_ROM (Base: 0x01020000, Size: 0x000008f0, Max: 0x00020000, ABSOLUTE)

    Execution Region ER_ROM (Exec base: 0x01020000, Load base: 0x01020000, Size: 0x000008ec, Max: 0x00020000, ABSOLUTE)

    Exec Addr    Load Addr    Size         Type   Attr      Idx    E Section Name        Object

    0x01020000   0x01020000   0x000007c0   Data   RO           16    RESET               startup_armcm33.o
    0x010207c0   0x010207c0   0x00000000   Code   RO           31  * .ARM.Collect$$$$00000000  mc_w.l(entry.o)
    0x010207c0   0x010207c0   0x00000004   Code   RO           34    .ARM.Collect$$$$00000003  mc_w.l(entry4.o)
    0x010207c4   0x010207c4   0x00000004   Code   RO           37    .ARM.Collect$$$$00000004  mc_w.l(entry5.o)
    0x010207c8   0x010207c8   0x00000000   Code   RO           39    .ARM.Collect$$$$00000008  mc_w.l(entry7b.o)
    0x010207c8   0x010207c8   0x00000000   Code   RO           41    .ARM.Collect$$$$0000000A  mc_w.l(entry8b.o)
    0x010207c8   0x010207c8   0x00000008   Code   RO           42    .ARM.Collect$$$$0000000B  mc_w.l(entry9a.o)
    0x010207d0   0x010207d0   0x00000000   Code   RO           44    .ARM.Collect$$$$0000000D  mc_w.l(entry10a.o)
    0x010207d0   0x010207d0   0x00000000   Code   RO           46    .ARM.Collect$$$$0000000F  mc_w.l(entry11a.o)
    0x010207d0   0x010207d0   0x00000004   Code   RO           35    .ARM.Collect$$$$00002714  mc_w.l(entry4.o)
    0x010207d4   0x010207d4   0x0000002e   Code   RO            3    .text               main_ns.o
    0x01020802   0x01020802   0x00000002   PAD
    0x01020804   0x01020804   0x0000002a   Code   RO           14    .text               startup_armcm33.o
    0x0102082e   0x0102082e   0x00000002   PAD
    0x01020830   0x01020830   0x00000044   Code   RO           23    .text               system_armcm33.o
    0x01020874   0x01020874   0x00000024   Code   RO           48    .text               mc_w.l(init.o)
    0x01020898   0x01020898   0x0000000a   Ven    RO           58    Veneer$$Code        anon$$obj.o
    0x010208a2   0x010208a2   0x0000000a   Ven    RO           59    Veneer$$Code        anon$$obj.o
    0x010208ac   0x010208ac   0x0000000e   Code   RO           52    i.__scatterload_copy  mc_w.l(handlers.o)
    0x010208ba   0x010208ba   0x00000002   Code   RO           53    i.__scatterload_null  mc_w.l(handlers.o)
    0x010208bc   0x010208bc   0x0000000e   Code   RO           54    i.__scatterload_zeroinit  mc_w.l(handlers.o)
    0x010208ca   0x010208ca   0x00000002   PAD
    0x010208cc   0x010208cc   0x00000020   Data   RO           51    Region$$Table       anon$$obj.o


    Execution Region RW_RAM (Exec base: 0x21040000, Load base: 0x010208ec, Size: 0x0000000c, Max: 0x0003f800, ABSOLUTE)

    Exec Addr    Load Addr    Size         Type   Attr      Idx    E Section Name        Object

    0x21040000   0x010208ec   0x00000004   Data   RW           25    .data.SystemCoreClock  system_armcm33.o
    0x21040004        -       0x00000004   Zero   RW            5    .bss.val1           main_ns.o
    0x21040008        -       0x00000004   Zero   RW            6    .bss.val2           main_ns.o


    Execution Region ARM_LIB_HEAP (Exec base: 0x21040010, Load base: 0x010208f0, Size: 0x00000400, Max: 0x00000400, ABSOLUTE)

    Exec Addr    Load Addr    Size         Type   Attr      Idx    E Section Name        Object

    0x21040010        -       0x00000400   Zero   RW            1    ARM_LIB_HEAP.bss    anon$$obj.o


    Execution Region ARM_LIB_STACK (Exec base: 0x2107fc00, Load base: 0x010208f0, Size: 0x00000400, Max: 0x00000400, ABSOLUTE)

    Exec Addr    Load Addr    Size         Type   Attr      Idx    E Section Name        Object

    0x2107fc00        -       0x00000400   Zero   RW            2    ARM_LIB_STACK.bss   anon$$obj.o


==============================================================================

Image component sizes


      Code (inc. data)   RO Data    RW Data    ZI Data      Debug   Object Name

        46          0          0          0          8        665   main_ns.o
        42          0       1984          0          0       1467   startup_armcm33.o
        68          0          0          4          0       2047   system_armcm33.o

    ----------------------------------------------------------------------
       180          0       2016          4       2056       4179   Object Totals
        20          0         32          0       2048          0   (incl. Generated)
         4          0          0          0          0          0   (incl. Padding)

    ----------------------------------------------------------------------

      Code (inc. data)   RO Data    RW Data    ZI Data      Debug   Library Member Name

         0          0          0          0          0          0   entry.o
         0          0          0          0          0          0   entry10a.o
         0          0          0          0          0          0   entry11a.o
         8          4          0          0          0          0   entry4.o
         4          0          0          0          0          0   entry5.o
         0          0          0          0          0          0   entry7b.o
         0          0          0          0          0          0   entry8b.o
         8          4          0          0          0          0   entry9a.o
        30          0          0          0          0          0   handlers.o
        36          8          0          0          0         68   init.o

    ----------------------------------------------------------------------
        88         16          0          0          0         68   Library Totals
         2          0          0          0          0          0   (incl. Padding)

    ----------------------------------------------------------------------

      Code (inc. data)   RO Data    RW Data    ZI Data      Debug   Library Name

        86         16          0          0          0         68   mc_w.l

    ----------------------------------------------------------------------
        88         16          0          0          0         68   Library Totals

    ----------------------------------------------------------------------

==============================================================================


      Code (inc. data)   RO Data    RW Data    ZI Data      Debug   

       268         16       2016          4       2056       4411   Grand Totals
       268         16       2016          4       2056       4411   ELF Image Totals
       268         16       2016          4          0          0   ROM Totals

==============================================================================

    Total RO  Size (Code + RO Data)                 2284 (   2.23kB)
    Total RW  Size (RW Data + ZI Data)              2060 (   2.01kB)
    Total ROM Size (Code + RO Data + RW Data)       2288 (   2.23kB)

==============================================================================

