Component: Arm Compiler for Embedded 6.18 Tool: armlink [5e4cc100]

==============================================================================

Section Cross References

    stdout_usart.o(.text.stdout_init) refers to driver_usart.o(.rodata.Driver_USART0) for Driver_USART0
    stdout_usart.o(.ARM.exidx.text.stdout_init) refers to stdout_usart.o(.text.stdout_init) for [Anonymous Symbol]
    stdout_usart.o(.text.stdout_putchar) refers to driver_usart.o(.rodata.Driver_USART0) for Driver_USART0
    stdout_usart.o(.ARM.exidx.text.stdout_putchar) refers to stdout_usart.o(.text.stdout_putchar) for [Anonymous Symbol]
    main.o(.text) refers (Special) to _printf_percent.o(.ARM.Collect$$_printf_percent$$00000000) for _printf_percent
    main.o(.text) refers (Special) to _printf_s.o(.ARM.Collect$$_printf_percent$$00000014) for _printf_s
    main.o(.text) refers (Special) to _printf_x.o(.ARM.Collect$$_printf_percent$$0000000C) for _printf_x
    main.o(.text) refers (Special) to _printf_hex_int.o(.text) for _printf_longlong_hex
    main.o(.text) refers (Special) to _printf_str.o(.text) for _printf_str
    main.o(.text.Secure_printf) refers (Special) to _printf_percent.o(.ARM.Collect$$_printf_percent$$00000000) for _printf_percent
    main.o(.text.Secure_printf) refers (Special) to _printf_s.o(.ARM.Collect$$_printf_percent$$00000014) for _printf_s
    main.o(.text.Secure_printf) refers (Special) to _printf_x.o(.ARM.Collect$$_printf_percent$$0000000C) for _printf_x
    main.o(.text.Secure_printf) refers (Special) to _printf_hex_int.o(.text) for _printf_longlong_hex
    main.o(.text.Secure_printf) refers (Special) to _printf_str.o(.text) for _printf_str
    main.o(.text.Secure_printf) refers to noretval__2printf.o(.text) for __2printf
    main.o(.ARM.exidx.text.Secure_printf) refers (Special) to _printf_percent.o(.ARM.Collect$$_printf_percent$$00000000) for _printf_percent
    main.o(.ARM.exidx.text.Secure_printf) refers (Special) to _printf_s.o(.ARM.Collect$$_printf_percent$$00000014) for _printf_s
    main.o(.ARM.exidx.text.Secure_printf) refers (Special) to _printf_x.o(.ARM.Collect$$_printf_percent$$0000000C) for _printf_x
    main.o(.ARM.exidx.text.Secure_printf) refers (Special) to _printf_hex_int.o(.text) for _printf_longlong_hex
    main.o(.ARM.exidx.text.Secure_printf) refers (Special) to _printf_str.o(.text) for _printf_str
    main.o(.ARM.exidx.text.Secure_printf) refers to main.o(.text.Secure_printf) for [Anonymous Symbol]
    main.o(.text.test_llvm_nsc) refers (Special) to _printf_percent.o(.ARM.Collect$$_printf_percent$$00000000) for _printf_percent
    main.o(.text.test_llvm_nsc) refers (Special) to _printf_s.o(.ARM.Collect$$_printf_percent$$00000014) for _printf_s
    main.o(.text.test_llvm_nsc) refers (Special) to _printf_x.o(.ARM.Collect$$_printf_percent$$0000000C) for _printf_x
    main.o(.text.test_llvm_nsc) refers (Special) to _printf_hex_int.o(.text) for _printf_longlong_hex
    main.o(.text.test_llvm_nsc) refers (Special) to _printf_str.o(.text) for _printf_str
    main.o(.text.test_llvm_nsc) refers to noretval__2printf.o(.text) for __2printf
    main.o(.ARM.exidx.text.test_llvm_nsc) refers (Special) to _printf_percent.o(.ARM.Collect$$_printf_percent$$00000000) for _printf_percent
    main.o(.ARM.exidx.text.test_llvm_nsc) refers (Special) to _printf_s.o(.ARM.Collect$$_printf_percent$$00000014) for _printf_s
    main.o(.ARM.exidx.text.test_llvm_nsc) refers (Special) to _printf_x.o(.ARM.Collect$$_printf_percent$$0000000C) for _printf_x
    main.o(.ARM.exidx.text.test_llvm_nsc) refers (Special) to _printf_hex_int.o(.text) for _printf_longlong_hex
    main.o(.ARM.exidx.text.test_llvm_nsc) refers (Special) to _printf_str.o(.text) for _printf_str
    main.o(.ARM.exidx.text.test_llvm_nsc) refers to main.o(.text.test_llvm_nsc) for [Anonymous Symbol]
    main.o(.text.main) refers (Special) to _printf_percent.o(.ARM.Collect$$_printf_percent$$00000000) for _printf_percent
    main.o(.text.main) refers (Special) to _printf_s.o(.ARM.Collect$$_printf_percent$$00000014) for _printf_s
    main.o(.text.main) refers (Special) to _printf_x.o(.ARM.Collect$$_printf_percent$$0000000C) for _printf_x
    main.o(.text.main) refers (Special) to _printf_hex_int.o(.text) for _printf_longlong_hex
    main.o(.text.main) refers (Special) to _printf_str.o(.text) for _printf_str
    main.o(.text.main) refers to stdout_usart.o(.text.stdout_init) for stdout_init
    main.o(.ARM.exidx.text.main) refers (Special) to _printf_percent.o(.ARM.Collect$$_printf_percent$$00000000) for _printf_percent
    main.o(.ARM.exidx.text.main) refers (Special) to _printf_s.o(.ARM.Collect$$_printf_percent$$00000014) for _printf_s
    main.o(.ARM.exidx.text.main) refers (Special) to _printf_x.o(.ARM.Collect$$_printf_percent$$0000000C) for _printf_x
    main.o(.ARM.exidx.text.main) refers (Special) to _printf_hex_int.o(.text) for _printf_longlong_hex
    main.o(.ARM.exidx.text.main) refers (Special) to _printf_str.o(.text) for _printf_str
[...]
    driver_usart.o(.text.Driver_USART0_Uninitialize) refers to driver_usart.o(.bss.Driver_USART0_DEV.5) for Driver_USART0_DEV.5
    driver_usart.o(.text.Driver_USART0_Uninitialize) refers to device_definition.o(.data.UART0_CMSDK_DEV_S) for UART0_CMSDK_DEV_S
    driver_usart.o(.text.Driver_USART0_Uninitialize) refers to uart_cmsdk_drv.o(.text.uart_cmsdk_irq_rx_disable) for uart_cmsdk_irq_rx_disable
    driver_usart.o(.text.Driver_USART0_Uninitialize) refers to uart_cmsdk_drv.o(.text.uart_cmsdk_irq_tx_disable) for uart_cmsdk_irq_tx_disable
    driver_usart.o(.text.Driver_USART0_Uninitialize) refers to uart_cmsdk_drv.o(.text.uart_cmsdk_rx_disable) for uart_cmsdk_rx_disable
    driver_usart.o(.text.Driver_USART0_Uninitialize) refers to uart_cmsdk_drv.o(.text.uart_cmsdk_tx_disable) for uart_cmsdk_tx_disable
    driver_usart.o(.text.Driver_USART0_Uninitialize) refers to driver_usart.o(.bss.Driver_USART0_DEV.4) for Driver_USART0_DEV.4
    driver_usart.o(.text.Driver_USART0_Uninitialize) refers to driver_usart.o(.bss.Driver_USART0_DEV.1) for Driver_USART0_DEV.1
    driver_usart.o(.ARM.exidx.text.Driver_USART0_Uninitialize) refers to driver_usart.o(.text.Driver_USART0_Uninitialize) for [Anonymous Symbol]
    driver_usart.o(.text.Driver_USART0_PowerControl) refers to driver_usart.o(.text.ARM_USARTx_PowerControl) for ARM_USARTx_PowerControl
    driver_usart.o(.ARM.exidx.text.Driver_USART0_PowerControl) refers to driver_usart.o(.text.Driver_USART0_PowerControl) for [Anonymous Symbol]
    driver_usart.o(.text.Driver_USART0_Send) refers to driver_usart.o(.bss.Driver_USART0_DEV.5) for Driver_USART0_DEV.5
    driver_usart.o(.text.Driver_USART0_Send) refers to driver_usart.o(.bss.Driver_USART0_DEV.4) for Driver_USART0_DEV.4
    driver_usart.o(.text.Driver_USART0_Send) refers to driver_usart.o(.bss.Driver_USART0_DEV.6) for Driver_USART0_DEV.6
    driver_usart.o(.text.Driver_USART0_Send) refers to driver_usart.o(.bss.Driver_USART0_DEV.7) for Driver_USART0_DEV.7
    driver_usart.o(.text.Driver_USART0_Send) refers to driver_usart.o(.bss.Driver_USART0_DEV.8) for Driver_USART0_DEV.8
    driver_usart.o(.text.Driver_USART0_Send) refers to device_definition.o(.data.UART0_CMSDK_DEV_S) for UART0_CMSDK_DEV_S
    driver_usart.o(.text.Driver_USART0_Send) refers to uart_cmsdk_drv.o(.text.uart_cmsdk_write) for uart_cmsdk_write
    driver_usart.o(.ARM.exidx.text.Driver_USART0_Send) refers to driver_usart.o(.text.Driver_USART0_Send) for [Anonymous Symbol]
    driver_usart.o(.text.Driver_USART0_Receive) refers to driver_usart.o(.bss.Driver_USART0_DEV.5) for Driver_USART0_DEV.5
    driver_usart.o(.text.Driver_USART0_Receive) refers to driver_usart.o(.bss.Driver_USART0_DEV.4) for Driver_USART0_DEV.4
    driver_usart.o(.text.Driver_USART0_Receive) refers to device_definition.o(.data.UART0_CMSDK_DEV_S) for UART0_CMSDK_DEV_S
    driver_usart.o(.text.Driver_USART0_Receive) refers to uart_cmsdk_drv.o(.text.uart_cmsdk_rx_ready) for uart_cmsdk_rx_ready
    driver_usart.o(.text.Driver_USART0_Receive) refers to uart_cmsdk_drv.o(.text.uart_cmsdk_read) for uart_cmsdk_read
    driver_usart.o(.text.Driver_USART0_Receive) refers to driver_usart.o(.bss.Driver_USART0_DEV.9) for Driver_USART0_DEV.9
    driver_usart.o(.text.Driver_USART0_Receive) refers to driver_usart.o(.bss.Driver_USART0_DEV.11) for Driver_USART0_DEV.11
    driver_usart.o(.text.Driver_USART0_Receive) refers to driver_usart.o(.bss.Driver_USART0_DEV.10) for Driver_USART0_DEV.10
    driver_usart.o(.ARM.exidx.text.Driver_USART0_Receive) refers to driver_usart.o(.text.Driver_USART0_Receive) for [Anonymous Symbol]
    driver_usart.o(.text.Driver_USART0_Transfer) refers to driver_usart.o(.bss.Driver_USART0_DEV.4) for Driver_USART0_DEV.4
    driver_usart.o(.text.Driver_USART0_Transfer) refers to driver_usart.o(.bss.Driver_USART0_DEV.5) for Driver_USART0_DEV.5
    driver_usart.o(.ARM.exidx.text.Driver_USART0_Transfer) refers to driver_usart.o(.text.Driver_USART0_Transfer) for [Anonymous Symbol]
    driver_usart.o(.text.Driver_USART0_GetTxCount) refers to driver_usart.o(.bss.Driver_USART0_DEV.8) for Driver_USART0_DEV.8
    driver_usart.o(.ARM.exidx.text.Driver_USART0_GetTxCount) refers to driver_usart.o(.text.Driver_USART0_GetTxCount) for [Anonymous Symbol]
    driver_usart.o(.text.Driver_USART0_GetRxCount) refers to driver_usart.o(.bss.Driver_USART0_DEV.11) for Driver_USART0_DEV.11
    driver_usart.o(.ARM.exidx.text.Driver_USART0_GetRxCount) refers to driver_usart.o(.text.Driver_USART0_GetRxCount) for [Anonymous Symbol]
    driver_usart.o(.text.Driver_USART0_Control) refers to driver_usart.o(.bss.Driver_USART0_DEV.5) for Driver_USART0_DEV.5
    driver_usart.o(.text.Driver_USART0_Control) refers to driver_usart.o(.bss.Driver_USART0_DEV.4) for Driver_USART0_DEV.4
    driver_usart.o(.text.Driver_USART0_Control) refers to device_definition.o(.data.UART0_CMSDK_DEV_S) for UART0_CMSDK_DEV_S
    driver_usart.o(.text.Driver_USART0_Control) refers to uart_cmsdk_drv.o(.text.uart_cmsdk_set_baudrate) for uart_cmsdk_set_baudrate
    driver_usart.o(.text.Driver_USART0_Control) refers to uart_cmsdk_drv.o(.text.uart_cmsdk_rx_disable) for uart_cmsdk_rx_disable
    driver_usart.o(.text.Driver_USART0_Control) refers to uart_cmsdk_drv.o(.text.uart_cmsdk_tx_disable) for uart_cmsdk_tx_disable
    driver_usart.o(.text.Driver_USART0_Control) refers to driver_usart.o(.bss.Driver_USART0_DEV.6) for Driver_USART0_DEV.6
    driver_usart.o(.text.Driver_USART0_Control) refers to driver_usart.o(.bss.Driver_USART0_DEV.7) for Driver_USART0_DEV.7
    driver_usart.o(.text.Driver_USART0_Control) refers to driver_usart.o(.bss.Driver_USART0_DEV.8) for Driver_USART0_DEV.8
    driver_usart.o(.text.Driver_USART0_Control) refers to driver_usart.o(.bss.Driver_USART0_DEV.9) for Driver_USART0_DEV.9
    driver_usart.o(.text.Driver_USART0_Control) refers to driver_usart.o(.bss.Driver_USART0_DEV.10) for Driver_USART0_DEV.10
    driver_usart.o(.text.Driver_USART0_Control) refers to driver_usart.o(.bss.Driver_USART0_DEV.11) for Driver_USART0_DEV.11
    driver_usart.o(.text.Driver_USART0_Control) refers to uart_cmsdk_drv.o(.text.uart_cmsdk_rx_enable) for uart_cmsdk_rx_enable
    driver_usart.o(.text.Driver_USART0_Control) refers to uart_cmsdk_drv.o(.text.uart_cmsdk_tx_enable) for uart_cmsdk_tx_enable
    driver_usart.o(.ARM.exidx.text.Driver_USART0_Control) refers to driver_usart.o(.text.Driver_USART0_Control) for [Anonymous Symbol]
    driver_usart.o(.text.Driver_USART0_GetStatus) refers to driver_usart.o(.bss.Driver_USART0_DEV.6) for Driver_USART0_DEV.6
    driver_usart.o(.text.Driver_USART0_GetStatus) refers to driver_usart.o(.bss.Driver_USART0_DEV.9) for Driver_USART0_DEV.9
    driver_usart.o(.ARM.exidx.text.Driver_USART0_GetStatus) refers to driver_usart.o(.text.Driver_USART0_GetStatus) for [Anonymous Symbol]
    driver_usart.o(.ARM.exidx.text.Driver_USART0_SetModemControl) refers to driver_usart.o(.text.Driver_USART0_SetModemControl) for [Anonymous Symbol]
    driver_usart.o(.ARM.exidx.text.Driver_USART0_GetModemStatus) refers to driver_usart.o(.text.Driver_USART0_GetModemStatus) for [Anonymous Symbol]
    driver_usart.o(.text.ARM_USARTx_PowerControl) refers to driver_usart.o(.bss.Driver_USART0_DEV.5) for Driver_USART0_DEV.5
    driver_usart.o(.text.ARM_USARTx_PowerControl) refers to device_definition.o(.data.UART0_CMSDK_DEV_S) for UART0_CMSDK_DEV_S
    driver_usart.o(.text.ARM_USARTx_PowerControl) refers to uart_cmsdk_drv.o(.text.uart_cmsdk_irq_rx_disable) for uart_cmsdk_irq_rx_disable
    driver_usart.o(.text.ARM_USARTx_PowerControl) refers to uart_cmsdk_drv.o(.text.uart_cmsdk_irq_tx_disable) for uart_cmsdk_irq_tx_disable
    driver_usart.o(.text.ARM_USARTx_PowerControl) refers to uart_cmsdk_drv.o(.text.uart_cmsdk_rx_disable) for uart_cmsdk_rx_disable
    driver_usart.o(.text.ARM_USARTx_PowerControl) refers to uart_cmsdk_drv.o(.text.uart_cmsdk_tx_disable) for uart_cmsdk_tx_disable
    driver_usart.o(.text.ARM_USARTx_PowerControl) refers to driver_usart.o(.bss.Driver_USART0_DEV.4) for Driver_USART0_DEV.4
    driver_usart.o(.text.ARM_USARTx_PowerControl) refers to system_sse310mps3.o(.data.PeripheralClock) for PeripheralClock
    driver_usart.o(.text.ARM_USARTx_PowerControl) refers to uart_cmsdk_drv.o(.text.uart_cmsdk_init) for uart_cmsdk_init
    driver_usart.o(.text.ARM_USARTx_PowerControl) refers to uart_cmsdk_drv.o(.text.uart_cmsdk_irq_rx_enable) for uart_cmsdk_irq_rx_enable
    driver_usart.o(.text.ARM_USARTx_PowerControl) refers to uart_cmsdk_drv.o(.text.uart_cmsdk_irq_tx_enable) for uart_cmsdk_irq_tx_enable
    driver_usart.o(.ARM.exidx.text.ARM_USARTx_PowerControl) refers to driver_usart.o(.text.ARM_USARTx_PowerControl) for [Anonymous Symbol]
    driver_usart.o(.rodata.Driver_USART0) refers to driver_usart.o(.text.ARM_USART_GetVersion) for ARM_USART_GetVersion
    driver_usart.o(.rodata.Driver_USART0) refers to driver_usart.o(.text.ARM_USART_GetCapabilities) for ARM_USART_GetCapabilities
    driver_usart.o(.rodata.Driver_USART0) refers to driver_usart.o(.text.Driver_USART0_Initialize) for Driver_USART0_Initialize
    driver_usart.o(.rodata.Driver_USART0) refers to driver_usart.o(.text.Driver_USART0_Uninitialize) for Driver_USART0_Uninitialize
    driver_usart.o(.rodata.Driver_USART0) refers to driver_usart.o(.text.Driver_USART0_PowerControl) for Driver_USART0_PowerControl
    driver_usart.o(.rodata.Driver_USART0) refers to driver_usart.o(.text.Driver_USART0_Send) for Driver_USART0_Send
    driver_usart.o(.rodata.Driver_USART0) refers to driver_usart.o(.text.Driver_USART0_Receive) for Driver_USART0_Receive
    driver_usart.o(.rodata.Driver_USART0) refers to driver_usart.o(.text.Driver_USART0_Transfer) for Driver_USART0_Transfer
    driver_usart.o(.rodata.Driver_USART0) refers to driver_usart.o(.text.Driver_USART0_GetTxCount) for Driver_USART0_GetTxCount
    driver_usart.o(.rodata.Driver_USART0) refers to driver_usart.o(.text.Driver_USART0_GetRxCount) for Driver_USART0_GetRxCount
    driver_usart.o(.rodata.Driver_USART0) refers to driver_usart.o(.text.Driver_USART0_Control) for Driver_USART0_Control
    driver_usart.o(.rodata.Driver_USART0) refers to driver_usart.o(.text.Driver_USART0_GetStatus) for Driver_USART0_GetStatus
    driver_usart.o(.rodata.Driver_USART0) refers to driver_usart.o(.text.Driver_USART0_SetModemControl) for Driver_USART0_SetModemControl
    driver_usart.o(.rodata.Driver_USART0) refers to driver_usart.o(.text.Driver_USART0_GetModemStatus) for Driver_USART0_GetModemStatus
    retarget_io.o(.text._sys_open) refers to retarget_io.o(.rodata.__stdin_name) for __stdin_name
    retarget_io.o(.text._sys_open) refers to strcmpv8m_maindsp.o(.text) for strcmp
    retarget_io.o(.text._sys_open) refers to retarget_io.o(.rodata.__stdout_name) for __stdout_name
    retarget_io.o(.text._sys_open) refers to retarget_io.o(.rodata.__stderr_name) for __stderr_name
    retarget_io.o(.ARM.exidx.text._sys_open) refers to retarget_io.o(.text._sys_open) for [Anonymous Symbol]
    retarget_io.o(.ARM.exidx.text._sys_close) refers to retarget_io.o(.text._sys_close) for [Anonymous Symbol]
    retarget_io.o(.ARM.exidx.text._sys_write) refers to retarget_io.o(.text._sys_write) for [Anonymous Symbol]
    retarget_io.o(.ARM.exidx.text._sys_read) refers to retarget_io.o(.text._sys_read) for [Anonymous Symbol]
    retarget_io.o(.ARM.exidx.text._sys_istty) refers to retarget_io.o(.text._sys_istty) for [Anonymous Symbol]
    retarget_io.o(.ARM.exidx.text._sys_seek) refers to retarget_io.o(.text._sys_seek) for [Anonymous Symbol]
    retarget_io.o(.ARM.exidx.text._sys_flen) refers to retarget_io.o(.text._sys_flen) for [Anonymous Symbol]
    startup_sse310mps3.o(.ARM.exidx.text.NMI_Handler) refers to startup_sse310mps3.o(.text.NMI_Handler) for [Anonymous Symbol]
    startup_sse310mps3.o(.ARM.exidx.text.HardFault_Handler) refers to startup_sse310mps3.o(.text.HardFault_Handler) for [Anonymous Symbol]
    startup_sse310mps3.o(.ARM.exidx.text.MemManage_Handler) refers to startup_sse310mps3.o(.text.MemManage_Handler) for [Anonymous Symbol]
    startup_sse310mps3.o(.ARM.exidx.text.BusFault_Handler) refers to startup_sse310mps3.o(.text.BusFault_Handler) for [Anonymous Symbol]
    startup_sse310mps3.o(.ARM.exidx.text.UsageFault_Handler) refers to startup_sse310mps3.o(.text.UsageFault_Handler) for [Anonymous Symbol]
    startup_sse310mps3.o(.ARM.exidx.text.SecureFault_Handler) refers to startup_sse310mps3.o(.text.SecureFault_Handler) for [Anonymous Symbol]
    startup_sse310mps3.o(.ARM.exidx.text.SVC_Handler) refers to startup_sse310mps3.o(.text.SVC_Handler) for [Anonymous Symbol]
    startup_sse310mps3.o(.ARM.exidx.text.DebugMon_Handler) refers to startup_sse310mps3.o(.text.DebugMon_Handler) for [Anonymous Symbol]
    startup_sse310mps3.o(.ARM.exidx.text.PendSV_Handler) refers to startup_sse310mps3.o(.text.PendSV_Handler) for [Anonymous Symbol]
    startup_sse310mps3.o(.ARM.exidx.text.SysTick_Handler) refers to startup_sse310mps3.o(.text.SysTick_Handler) for [Anonymous Symbol]
    startup_sse310mps3.o(.ARM.exidx.text.NONSEC_WATCHDOG_RESET_REQ_Handler) refers to startup_sse310mps3.o(.text.NONSEC_WATCHDOG_RESET_REQ_Handler) for [Anonymous Symbol]
    startup_sse310mps3.o(.ARM.exidx.text.NONSEC_WATCHDOG_Handler) refers to startup_sse310mps3.o(.text.NONSEC_WATCHDOG_Handler) for [Anonymous Symbol]
    startup_sse310mps3.o(.ARM.exidx.text.SLOWCLK_Timer_Handler) refers to startup_sse310mps3.o(.text.SLOWCLK_Timer_Handler) for [Anonymous Symbol]
    startup_sse310mps3.o(.ARM.exidx.text.TFM_TIMER0_IRQ_Handler) refers to startup_sse310mps3.o(.text.TFM_TIMER0_IRQ_Handler) for [Anonymous Symbol]
    startup_sse310mps3.o(.ARM.exidx.text.TIMER1_Handler) refers to startup_sse310mps3.o(.text.TIMER1_Handler) for [Anonymous Symbol]
    startup_sse310mps3.o(.ARM.exidx.text.TIMER2_Handler) refers to startup_sse310mps3.o(.text.TIMER2_Handler) for [Anonymous Symbol]
    startup_sse310mps3.o(.ARM.exidx.text.MPC_Handler) refers to startup_sse310mps3.o(.text.MPC_Handler) for [Anonymous Symbol]
    startup_sse310mps3.o(.ARM.exidx.text.PPC_Handler) refers to startup_sse310mps3.o(.text.PPC_Handler) for [Anonymous Symbol]
    startup_sse310mps3.o(.ARM.exidx.text.MSC_Handler) refers to startup_sse310mps3.o(.text.MSC_Handler) for [Anonymous Symbol]
    startup_sse310mps3.o(.ARM.exidx.text.BRIDGE_ERROR_Handler) refers to startup_sse310mps3.o(.text.BRIDGE_ERROR_Handler) for [Anonymous Symbol]
    startup_sse310mps3.o(.ARM.exidx.text.COMBINED_PPU_Handler) refers to startup_sse310mps3.o(.text.COMBINED_PPU_Handler) for [Anonymous Symbol]
    startup_sse310mps3.o(.ARM.exidx.text.DEBUG_PPU_Handler) refers to startup_sse310mps3.o(.text.DEBUG_PPU_Handler) for [Anonymous Symbol]
    startup_sse310mps3.o(.ARM.exidx.text.TIMER3_AON_Handler) refers to startup_sse310mps3.o(.text.TIMER3_AON_Handler) for [Anonymous Symbol]
    startup_sse310mps3.o(.ARM.exidx.text.CPU0_CTI_0_Handler) refers to startup_sse310mps3.o(.text.CPU0_CTI_0_Handler) for [Anonymous Symbol]
    startup_sse310mps3.o(.ARM.exidx.text.CPU0_CTI_1_Handler) refers to startup_sse310mps3.o(.text.CPU0_CTI_1_Handler) for [Anonymous Symbol]
    startup_sse310mps3.o(.ARM.exidx.text.System_Timestamp_Counter_Handler) refers to startup_sse310mps3.o(.text.System_Timestamp_Counter_Handler) for [Anonymous Symbol]
    startup_sse310mps3.o(.ARM.exidx.text.UARTRX0_Handler) refers to startup_sse310mps3.o(.text.UARTRX0_Handler) for [Anonymous Symbol]
    startup_sse310mps3.o(.ARM.exidx.text.UARTTX0_Handler) refers to startup_sse310mps3.o(.text.UARTTX0_Handler) for [Anonymous Symbol]
    startup_sse310mps3.o(.ARM.exidx.text.UARTRX1_Handler) refers to startup_sse310mps3.o(.text.UARTRX1_Handler) for [Anonymous Symbol]
    startup_sse310mps3.o(.ARM.exidx.text.UARTTX1_Handler) refers to startup_sse310mps3.o(.text.UARTTX1_Handler) for [Anonymous Symbol]
    startup_sse310mps3.o(.ARM.exidx.text.UARTRX2_Handler) refers to startup_sse310mps3.o(.text.UARTRX2_Handler) for [Anonymous Symbol]
    startup_sse310mps3.o(.ARM.exidx.text.UARTTX2_Handler) refers to startup_sse310mps3.o(.text.UARTTX2_Handler) for [Anonymous Symbol]
    startup_sse310mps3.o(.ARM.exidx.text.UARTRX3_Handler) refers to startup_sse310mps3.o(.text.UARTRX3_Handler) for [Anonymous Symbol]
    startup_sse310mps3.o(.ARM.exidx.text.UARTTX3_Handler) refers to startup_sse310mps3.o(.text.UARTTX3_Handler) for [Anonymous Symbol]
    startup_sse310mps3.o(.ARM.exidx.text.UARTRX4_Handler) refers to startup_sse310mps3.o(.text.UARTRX4_Handler) for [Anonymous Symbol]
    startup_sse310mps3.o(.ARM.exidx.text.UARTTX4_Handler) refers to startup_sse310mps3.o(.text.UARTTX4_Handler) for [Anonymous Symbol]
    startup_sse310mps3.o(.ARM.exidx.text.UART0_Combined_Handler) refers to startup_sse310mps3.o(.text.UART0_Combined_Handler) for [Anonymous Symbol]
    startup_sse310mps3.o(.ARM.exidx.text.UART1_Combined_Handler) refers to startup_sse310mps3.o(.text.UART1_Combined_Handler) for [Anonymous Symbol]
    startup_sse310mps3.o(.ARM.exidx.text.UART2_Combined_Handler) refers to startup_sse310mps3.o(.text.UART2_Combined_Handler) for [Anonymous Symbol]
    startup_sse310mps3.o(.ARM.exidx.text.UART3_Combined_Handler) refers to startup_sse310mps3.o(.text.UART3_Combined_Handler) for [Anonymous Symbol]
    startup_sse310mps3.o(.ARM.exidx.text.UART4_Combined_Handler) refers to startup_sse310mps3.o(.text.UART4_Combined_Handler) for [Anonymous Symbol]
    startup_sse310mps3.o(.ARM.exidx.text.UARTOVF_Handler) refers to startup_sse310mps3.o(.text.UARTOVF_Handler) for [Anonymous Symbol]
    startup_sse310mps3.o(.ARM.exidx.text.ETHERNET_Handler) refers to startup_sse310mps3.o(.text.ETHERNET_Handler) for [Anonymous Symbol]
    startup_sse310mps3.o(.ARM.exidx.text.I2S_Handler) refers to startup_sse310mps3.o(.text.I2S_Handler) for [Anonymous Symbol]
    startup_sse310mps3.o(.ARM.exidx.text.TOUCH_SCREEN_Handler) refers to startup_sse310mps3.o(.text.TOUCH_SCREEN_Handler) for [Anonymous Symbol]
    startup_sse310mps3.o(.ARM.exidx.text.USB_Handler) refers to startup_sse310mps3.o(.text.USB_Handler) for [Anonymous Symbol]
    startup_sse310mps3.o(.ARM.exidx.text.SPI_ADC_Handler) refers to startup_sse310mps3.o(.text.SPI_ADC_Handler) for [Anonymous Symbol]
    startup_sse310mps3.o(.ARM.exidx.text.SPI_SHIELD0_Handler) refers to startup_sse310mps3.o(.text.SPI_SHIELD0_Handler) for [Anonymous Symbol]
    startup_sse310mps3.o(.ARM.exidx.text.SPI_SHIELD1_Handler) refers to startup_sse310mps3.o(.text.SPI_SHIELD1_Handler) for [Anonymous Symbol]
    startup_sse310mps3.o(.ARM.exidx.text.DMA_Ch_0_Error_Handler) refers to startup_sse310mps3.o(.text.DMA_Ch_0_Error_Handler) for [Anonymous Symbol]
    startup_sse310mps3.o(.ARM.exidx.text.DMA_Ch_0_Terminal_Count_Handler) refers to startup_sse310mps3.o(.text.DMA_Ch_0_Terminal_Count_Handler) for [Anonymous Symbol]
    startup_sse310mps3.o(.ARM.exidx.text.DMA_Ch_0_Combined_Handler) refers to startup_sse310mps3.o(.text.DMA_Ch_0_Combined_Handler) for [Anonymous Symbol]
    startup_sse310mps3.o(.ARM.exidx.text.DMA_Ch_1_Error_Handler) refers to startup_sse310mps3.o(.text.DMA_Ch_1_Error_Handler) for [Anonymous Symbol]
    startup_sse310mps3.o(.ARM.exidx.text.DMA_Ch_1_Terminal_Count_Handler) refers to startup_sse310mps3.o(.text.DMA_Ch_1_Terminal_Count_Handler) for [Anonymous Symbol]
    startup_sse310mps3.o(.ARM.exidx.text.DMA_Ch_1_Combined_Handler) refers to startup_sse310mps3.o(.text.DMA_Ch_1_Combined_Handler) for [Anonymous Symbol]
    startup_sse310mps3.o(.ARM.exidx.text.DMA_Ch_2_Error_Handler) refers to startup_sse310mps3.o(.text.DMA_Ch_2_Error_Handler) for [Anonymous Symbol]
    startup_sse310mps3.o(.ARM.exidx.text.DMA_Ch_2_Terminal_Count_Handler) refers to startup_sse310mps3.o(.text.DMA_Ch_2_Terminal_Count_Handler) for [Anonymous Symbol]
    startup_sse310mps3.o(.ARM.exidx.text.DMA_Ch_2_Combined_Handler) refers to startup_sse310mps3.o(.text.DMA_Ch_2_Combined_Handler) for [Anonymous Symbol]
    startup_sse310mps3.o(.ARM.exidx.text.DMA_Ch_3_Error_Handler) refers to startup_sse310mps3.o(.text.DMA_Ch_3_Error_Handler) for [Anonymous Symbol]
    startup_sse310mps3.o(.ARM.exidx.text.DMA_Ch_3_Terminal_Count_Handler) refers to startup_sse310mps3.o(.text.DMA_Ch_3_Terminal_Count_Handler) for [Anonymous Symbol]
    startup_sse310mps3.o(.ARM.exidx.text.DMA_Ch_3_Combined_Handler) refers to startup_sse310mps3.o(.text.DMA_Ch_3_Combined_Handler) for [Anonymous Symbol]
    startup_sse310mps3.o(.ARM.exidx.text.NPU0_Handler) refers to startup_sse310mps3.o(.text.NPU0_Handler) for [Anonymous Symbol]
    startup_sse310mps3.o(.ARM.exidx.text.GPIO0_Combined_Handler) refers to startup_sse310mps3.o(.text.GPIO0_Combined_Handler) for [Anonymous Symbol]
    startup_sse310mps3.o(.ARM.exidx.text.GPIO1_Combined_Handler) refers to startup_sse310mps3.o(.text.GPIO1_Combined_Handler) for [Anonymous Symbol]
    startup_sse310mps3.o(.ARM.exidx.text.GPIO2_Combined_Handler) refers to startup_sse310mps3.o(.text.GPIO2_Combined_Handler) for [Anonymous Symbol]
    startup_sse310mps3.o(.ARM.exidx.text.GPIO3_Combined_Handler) refers to startup_sse310mps3.o(.text.GPIO3_Combined_Handler) for [Anonymous Symbol]
    startup_sse310mps3.o(.ARM.exidx.text.GPIO0_0_Handler) refers to startup_sse310mps3.o(.text.GPIO0_0_Handler) for [Anonymous Symbol]
    startup_sse310mps3.o(.ARM.exidx.text.GPIO0_1_Handler) refers to startup_sse310mps3.o(.text.GPIO0_1_Handler) for [Anonymous Symbol]
    startup_sse310mps3.o(.ARM.exidx.text.GPIO0_2_Handler) refers to startup_sse310mps3.o(.text.GPIO0_2_Handler) for [Anonymous Symbol]
    startup_sse310mps3.o(.ARM.exidx.text.GPIO0_3_Handler) refers to startup_sse310mps3.o(.text.GPIO0_3_Handler) for [Anonymous Symbol]
    startup_sse310mps3.o(.ARM.exidx.text.GPIO0_4_Handler) refers to startup_sse310mps3.o(.text.GPIO0_4_Handler) for [Anonymous Symbol]
    startup_sse310mps3.o(.ARM.exidx.text.GPIO0_5_Handler) refers to startup_sse310mps3.o(.text.GPIO0_5_Handler) for [Anonymous Symbol]
    startup_sse310mps3.o(.ARM.exidx.text.GPIO0_6_Handler) refers to startup_sse310mps3.o(.text.GPIO0_6_Handler) for [Anonymous Symbol]
    startup_sse310mps3.o(.ARM.exidx.text.GPIO0_7_Handler) refers to startup_sse310mps3.o(.text.GPIO0_7_Handler) for [Anonymous Symbol]
    startup_sse310mps3.o(.ARM.exidx.text.GPIO0_8_Handler) refers to startup_sse310mps3.o(.text.GPIO0_8_Handler) for [Anonymous Symbol]
    startup_sse310mps3.o(.ARM.exidx.text.GPIO0_9_Handler) refers to startup_sse310mps3.o(.text.GPIO0_9_Handler) for [Anonymous Symbol]
    startup_sse310mps3.o(.ARM.exidx.text.GPIO0_10_Handler) refers to startup_sse310mps3.o(.text.GPIO0_10_Handler) for [Anonymous Symbol]
    startup_sse310mps3.o(.ARM.exidx.text.GPIO0_11_Handler) refers to startup_sse310mps3.o(.text.GPIO0_11_Handler) for [Anonymous Symbol]
    startup_sse310mps3.o(.ARM.exidx.text.GPIO0_12_Handler) refers to startup_sse310mps3.o(.text.GPIO0_12_Handler) for [Anonymous Symbol]
    startup_sse310mps3.o(.ARM.exidx.text.GPIO0_13_Handler) refers to startup_sse310mps3.o(.text.GPIO0_13_Handler) for [Anonymous Symbol]
    startup_sse310mps3.o(.ARM.exidx.text.GPIO0_14_Handler) refers to startup_sse310mps3.o(.text.GPIO0_14_Handler) for [Anonymous Symbol]
    startup_sse310mps3.o(.ARM.exidx.text.GPIO0_15_Handler) refers to startup_sse310mps3.o(.text.GPIO0_15_Handler) for [Anonymous Symbol]
    startup_sse310mps3.o(.ARM.exidx.text.GPIO1_0_Handler) refers to startup_sse310mps3.o(.text.GPIO1_0_Handler) for [Anonymous Symbol]
    startup_sse310mps3.o(.ARM.exidx.text.GPIO1_1_Handler) refers to startup_sse310mps3.o(.text.GPIO1_1_Handler) for [Anonymous Symbol]
    startup_sse310mps3.o(.ARM.exidx.text.GPIO1_2_Handler) refers to startup_sse310mps3.o(.text.GPIO1_2_Handler) for [Anonymous Symbol]
    startup_sse310mps3.o(.ARM.exidx.text.GPIO1_3_Handler) refers to startup_sse310mps3.o(.text.GPIO1_3_Handler) for [Anonymous Symbol]
    startup_sse310mps3.o(.ARM.exidx.text.GPIO1_4_Handler) refers to startup_sse310mps3.o(.text.GPIO1_4_Handler) for [Anonymous Symbol]
    startup_sse310mps3.o(.ARM.exidx.text.GPIO1_5_Handler) refers to startup_sse310mps3.o(.text.GPIO1_5_Handler) for [Anonymous Symbol]
    startup_sse310mps3.o(.ARM.exidx.text.GPIO1_6_Handler) refers to startup_sse310mps3.o(.text.GPIO1_6_Handler) for [Anonymous Symbol]
    startup_sse310mps3.o(.ARM.exidx.text.GPIO1_7_Handler) refers to startup_sse310mps3.o(.text.GPIO1_7_Handler) for [Anonymous Symbol]
    startup_sse310mps3.o(.ARM.exidx.text.GPIO1_8_Handler) refers to startup_sse310mps3.o(.text.GPIO1_8_Handler) for [Anonymous Symbol]
    startup_sse310mps3.o(.ARM.exidx.text.GPIO1_9_Handler) refers to startup_sse310mps3.o(.text.GPIO1_9_Handler) for [Anonymous Symbol]
    startup_sse310mps3.o(.ARM.exidx.text.GPIO1_10_Handler) refers to startup_sse310mps3.o(.text.GPIO1_10_Handler) for [Anonymous Symbol]
    startup_sse310mps3.o(.ARM.exidx.text.GPIO1_11_Handler) refers to startup_sse310mps3.o(.text.GPIO1_11_Handler) for [Anonymous Symbol]
    startup_sse310mps3.o(.ARM.exidx.text.GPIO1_12_Handler) refers to startup_sse310mps3.o(.text.GPIO1_12_Handler) for [Anonymous Symbol]
    startup_sse310mps3.o(.ARM.exidx.text.GPIO1_13_Handler) refers to startup_sse310mps3.o(.text.GPIO1_13_Handler) for [Anonymous Symbol]
    startup_sse310mps3.o(.ARM.exidx.text.GPIO1_14_Handler) refers to startup_sse310mps3.o(.text.GPIO1_14_Handler) for [Anonymous Symbol]
    startup_sse310mps3.o(.ARM.exidx.text.GPIO1_15_Handler) refers to startup_sse310mps3.o(.text.GPIO1_15_Handler) for [Anonymous Symbol]
    startup_sse310mps3.o(.ARM.exidx.text.GPIO2_0_Handler) refers to startup_sse310mps3.o(.text.GPIO2_0_Handler) for [Anonymous Symbol]
    startup_sse310mps3.o(.ARM.exidx.text.GPIO2_1_Handler) refers to startup_sse310mps3.o(.text.GPIO2_1_Handler) for [Anonymous Symbol]
    startup_sse310mps3.o(.ARM.exidx.text.GPIO2_2_Handler) refers to startup_sse310mps3.o(.text.GPIO2_2_Handler) for [Anonymous Symbol]
    startup_sse310mps3.o(.ARM.exidx.text.GPIO2_3_Handler) refers to startup_sse310mps3.o(.text.GPIO2_3_Handler) for [Anonymous Symbol]
    startup_sse310mps3.o(.ARM.exidx.text.GPIO2_4_Handler) refers to startup_sse310mps3.o(.text.GPIO2_4_Handler) for [Anonymous Symbol]
    startup_sse310mps3.o(.ARM.exidx.text.GPIO2_5_Handler) refers to startup_sse310mps3.o(.text.GPIO2_5_Handler) for [Anonymous Symbol]
    startup_sse310mps3.o(.ARM.exidx.text.GPIO2_6_Handler) refers to startup_sse310mps3.o(.text.GPIO2_6_Handler) for [Anonymous Symbol]
    startup_sse310mps3.o(.ARM.exidx.text.GPIO2_7_Handler) refers to startup_sse310mps3.o(.text.GPIO2_7_Handler) for [Anonymous Symbol]
    startup_sse310mps3.o(.ARM.exidx.text.GPIO2_8_Handler) refers to startup_sse310mps3.o(.text.GPIO2_8_Handler) for [Anonymous Symbol]
    startup_sse310mps3.o(.ARM.exidx.text.GPIO2_9_Handler) refers to startup_sse310mps3.o(.text.GPIO2_9_Handler) for [Anonymous Symbol]
    startup_sse310mps3.o(.ARM.exidx.text.GPIO2_10_Handler) refers to startup_sse310mps3.o(.text.GPIO2_10_Handler) for [Anonymous Symbol]
    startup_sse310mps3.o(.ARM.exidx.text.GPIO2_11_Handler) refers to startup_sse310mps3.o(.text.GPIO2_11_Handler) for [Anonymous Symbol]
    startup_sse310mps3.o(.ARM.exidx.text.GPIO2_12_Handler) refers to startup_sse310mps3.o(.text.GPIO2_12_Handler) for [Anonymous Symbol]
    startup_sse310mps3.o(.ARM.exidx.text.GPIO2_13_Handler) refers to startup_sse310mps3.o(.text.GPIO2_13_Handler) for [Anonymous Symbol]
    startup_sse310mps3.o(.ARM.exidx.text.GPIO2_14_Handler) refers to startup_sse310mps3.o(.text.GPIO2_14_Handler) for [Anonymous Symbol]
    startup_sse310mps3.o(.ARM.exidx.text.GPIO2_15_Handler) refers to startup_sse310mps3.o(.text.GPIO2_15_Handler) for [Anonymous Symbol]
    startup_sse310mps3.o(.ARM.exidx.text.GPIO3_0_Handler) refers to startup_sse310mps3.o(.text.GPIO3_0_Handler) for [Anonymous Symbol]
    startup_sse310mps3.o(.ARM.exidx.text.GPIO3_1_Handler) refers to startup_sse310mps3.o(.text.GPIO3_1_Handler) for [Anonymous Symbol]
    startup_sse310mps3.o(.ARM.exidx.text.GPIO3_2_Handler) refers to startup_sse310mps3.o(.text.GPIO3_2_Handler) for [Anonymous Symbol]
    startup_sse310mps3.o(.ARM.exidx.text.GPIO3_3_Handler) refers to startup_sse310mps3.o(.text.GPIO3_3_Handler) for [Anonymous Symbol]
    startup_sse310mps3.o(.ARM.exidx.text.UARTRX5_Handler) refers to startup_sse310mps3.o(.text.UARTRX5_Handler) for [Anonymous Symbol]
    startup_sse310mps3.o(.ARM.exidx.text.UARTTX5_Handler) refers to startup_sse310mps3.o(.text.UARTTX5_Handler) for [Anonymous Symbol]
    startup_sse310mps3.o(.ARM.exidx.text.UART5_Combined_Handler) refers to startup_sse310mps3.o(.text.UART5_Combined_Handler) for [Anonymous Symbol]
    startup_sse310mps3.o(.text.Reset_Handler) refers to system_sse310mps3.o(.text.SystemInit) for SystemInit
    startup_sse310mps3.o(.text.Reset_Handler) refers to __main.o(!!!main) for __main
    startup_sse310mps3.o(.ARM.exidx.text.Reset_Handler) refers to startup_sse310mps3.o(.text.Reset_Handler) for [Anonymous Symbol]
    startup_sse310mps3.o(RESET) refers to startup_sse310mps3.o(.text.Reset_Handler) for Reset_Handler
    startup_sse310mps3.o(RESET) refers to startup_sse310mps3.o(.text.NMI_Handler) for NMI_Handler
    startup_sse310mps3.o(RESET) refers to startup_sse310mps3.o(.text.HardFault_Handler) for HardFault_Handler
    startup_sse310mps3.o(RESET) refers to startup_sse310mps3.o(.text.MemManage_Handler) for MemManage_Handler
    startup_sse310mps3.o(RESET) refers to startup_sse310mps3.o(.text.BusFault_Handler) for BusFault_Handler
    startup_sse310mps3.o(RESET) refers to startup_sse310mps3.o(.text.UsageFault_Handler) for UsageFault_Handler
    startup_sse310mps3.o(RESET) refers to startup_sse310mps3.o(.text.SecureFault_Handler) for SecureFault_Handler
    startup_sse310mps3.o(RESET) refers to startup_sse310mps3.o(.text.SVC_Handler) for SVC_Handler
    startup_sse310mps3.o(RESET) refers to startup_sse310mps3.o(.text.DebugMon_Handler) for DebugMon_Handler
    startup_sse310mps3.o(RESET) refers to startup_sse310mps3.o(.text.PendSV_Handler) for PendSV_Handler
    startup_sse310mps3.o(RESET) refers to startup_sse310mps3.o(.text.SysTick_Handler) for SysTick_Handler
    startup_sse310mps3.o(RESET) refers to startup_sse310mps3.o(.text.NONSEC_WATCHDOG_RESET_REQ_Handler) for NONSEC_WATCHDOG_RESET_REQ_Handler
    startup_sse310mps3.o(RESET) refers to startup_sse310mps3.o(.text.NONSEC_WATCHDOG_Handler) for NONSEC_WATCHDOG_Handler
    startup_sse310mps3.o(RESET) refers to startup_sse310mps3.o(.text.SLOWCLK_Timer_Handler) for SLOWCLK_Timer_Handler
    startup_sse310mps3.o(RESET) refers to startup_sse310mps3.o(.text.TFM_TIMER0_IRQ_Handler) for TFM_TIMER0_IRQ_Handler
    startup_sse310mps3.o(RESET) refers to startup_sse310mps3.o(.text.TIMER1_Handler) for TIMER1_Handler
    startup_sse310mps3.o(RESET) refers to startup_sse310mps3.o(.text.TIMER2_Handler) for TIMER2_Handler
    startup_sse310mps3.o(RESET) refers to startup_sse310mps3.o(.text.MPC_Handler) for MPC_Handler
    startup_sse310mps3.o(RESET) refers to startup_sse310mps3.o(.text.PPC_Handler) for PPC_Handler
    startup_sse310mps3.o(RESET) refers to startup_sse310mps3.o(.text.MSC_Handler) for MSC_Handler
    startup_sse310mps3.o(RESET) refers to startup_sse310mps3.o(.text.BRIDGE_ERROR_Handler) for BRIDGE_ERROR_Handler
    startup_sse310mps3.o(RESET) refers to startup_sse310mps3.o(.text.COMBINED_PPU_Handler) for COMBINED_PPU_Handler
    startup_sse310mps3.o(RESET) refers to startup_sse310mps3.o(.text.NPU0_Handler) for NPU0_Handler
    startup_sse310mps3.o(RESET) refers to startup_sse310mps3.o(.text.TIMER3_AON_Handler) for TIMER3_AON_Handler
    startup_sse310mps3.o(RESET) refers to startup_sse310mps3.o(.text.CPU0_CTI_0_Handler) for CPU0_CTI_0_Handler
    startup_sse310mps3.o(RESET) refers to startup_sse310mps3.o(.text.CPU0_CTI_1_Handler) for CPU0_CTI_1_Handler
    startup_sse310mps3.o(RESET) refers to startup_sse310mps3.o(.text.System_Timestamp_Counter_Handler) for System_Timestamp_Counter_Handler
    startup_sse310mps3.o(RESET) refers to driver_usart.o(.text.UARTRX0_Handler) for UARTRX0_Handler
    startup_sse310mps3.o(RESET) refers to driver_usart.o(.text.UARTTX0_Handler) for UARTTX0_Handler
    startup_sse310mps3.o(RESET) refers to startup_sse310mps3.o(.text.UARTRX1_Handler) for UARTRX1_Handler
    startup_sse310mps3.o(RESET) refers to startup_sse310mps3.o(.text.UARTTX1_Handler) for UARTTX1_Handler
    startup_sse310mps3.o(RESET) refers to startup_sse310mps3.o(.text.UARTRX2_Handler) for UARTRX2_Handler
    startup_sse310mps3.o(RESET) refers to startup_sse310mps3.o(.text.UARTTX2_Handler) for UARTTX2_Handler
    startup_sse310mps3.o(RESET) refers to startup_sse310mps3.o(.text.UARTRX3_Handler) for UARTRX3_Handler
    startup_sse310mps3.o(RESET) refers to startup_sse310mps3.o(.text.UARTTX3_Handler) for UARTTX3_Handler
    startup_sse310mps3.o(RESET) refers to startup_sse310mps3.o(.text.UARTRX4_Handler) for UARTRX4_Handler
    startup_sse310mps3.o(RESET) refers to startup_sse310mps3.o(.text.UARTTX4_Handler) for UARTTX4_Handler
    startup_sse310mps3.o(RESET) refers to startup_sse310mps3.o(.text.UART0_Combined_Handler) for UART0_Combined_Handler
    startup_sse310mps3.o(RESET) refers to startup_sse310mps3.o(.text.UART1_Combined_Handler) for UART1_Combined_Handler
    startup_sse310mps3.o(RESET) refers to startup_sse310mps3.o(.text.UART2_Combined_Handler) for UART2_Combined_Handler
    startup_sse310mps3.o(RESET) refers to startup_sse310mps3.o(.text.UART3_Combined_Handler) for UART3_Combined_Handler
    startup_sse310mps3.o(RESET) refers to startup_sse310mps3.o(.text.UART4_Combined_Handler) for UART4_Combined_Handler
    startup_sse310mps3.o(RESET) refers to startup_sse310mps3.o(.text.UARTOVF_Handler) for UARTOVF_Handler
    startup_sse310mps3.o(RESET) refers to startup_sse310mps3.o(.text.ETHERNET_Handler) for ETHERNET_Handler
    startup_sse310mps3.o(RESET) refers to startup_sse310mps3.o(.text.I2S_Handler) for I2S_Handler
    startup_sse310mps3.o(RESET) refers to startup_sse310mps3.o(.text.TOUCH_SCREEN_Handler) for TOUCH_SCREEN_Handler
    startup_sse310mps3.o(RESET) refers to startup_sse310mps3.o(.text.USB_Handler) for USB_Handler
    startup_sse310mps3.o(RESET) refers to startup_sse310mps3.o(.text.SPI_ADC_Handler) for SPI_ADC_Handler
    startup_sse310mps3.o(RESET) refers to startup_sse310mps3.o(.text.SPI_SHIELD0_Handler) for SPI_SHIELD0_Handler
    startup_sse310mps3.o(RESET) refers to startup_sse310mps3.o(.text.SPI_SHIELD1_Handler) for SPI_SHIELD1_Handler
    startup_sse310mps3.o(RESET) refers to startup_sse310mps3.o(.text.DMA_Ch_0_Error_Handler) for DMA_Ch_0_Error_Handler
    startup_sse310mps3.o(RESET) refers to startup_sse310mps3.o(.text.DMA_Ch_0_Terminal_Count_Handler) for DMA_Ch_0_Terminal_Count_Handler
    startup_sse310mps3.o(RESET) refers to startup_sse310mps3.o(.text.DMA_Ch_0_Combined_Handler) for DMA_Ch_0_Combined_Handler
    startup_sse310mps3.o(RESET) refers to startup_sse310mps3.o(.text.DMA_Ch_1_Error_Handler) for DMA_Ch_1_Error_Handler
    startup_sse310mps3.o(RESET) refers to startup_sse310mps3.o(.text.DMA_Ch_1_Terminal_Count_Handler) for DMA_Ch_1_Terminal_Count_Handler
    startup_sse310mps3.o(RESET) refers to startup_sse310mps3.o(.text.DMA_Ch_1_Combined_Handler) for DMA_Ch_1_Combined_Handler
    startup_sse310mps3.o(RESET) refers to startup_sse310mps3.o(.text.DMA_Ch_2_Error_Handler) for DMA_Ch_2_Error_Handler
    startup_sse310mps3.o(RESET) refers to startup_sse310mps3.o(.text.DMA_Ch_2_Terminal_Count_Handler) for DMA_Ch_2_Terminal_Count_Handler
    startup_sse310mps3.o(RESET) refers to startup_sse310mps3.o(.text.DMA_Ch_2_Combined_Handler) for DMA_Ch_2_Combined_Handler
    startup_sse310mps3.o(RESET) refers to startup_sse310mps3.o(.text.DMA_Ch_3_Error_Handler) for DMA_Ch_3_Error_Handler
    startup_sse310mps3.o(RESET) refers to startup_sse310mps3.o(.text.DMA_Ch_3_Terminal_Count_Handler) for DMA_Ch_3_Terminal_Count_Handler
    startup_sse310mps3.o(RESET) refers to startup_sse310mps3.o(.text.DMA_Ch_3_Combined_Handler) for DMA_Ch_3_Combined_Handler
    startup_sse310mps3.o(RESET) refers to startup_sse310mps3.o(.text.GPIO0_Combined_Handler) for GPIO0_Combined_Handler
    startup_sse310mps3.o(RESET) refers to startup_sse310mps3.o(.text.GPIO1_Combined_Handler) for GPIO1_Combined_Handler
    startup_sse310mps3.o(RESET) refers to startup_sse310mps3.o(.text.GPIO2_Combined_Handler) for GPIO2_Combined_Handler
    startup_sse310mps3.o(RESET) refers to startup_sse310mps3.o(.text.GPIO3_Combined_Handler) for GPIO3_Combined_Handler
    startup_sse310mps3.o(RESET) refers to startup_sse310mps3.o(.text.GPIO0_0_Handler) for GPIO0_0_Handler
    startup_sse310mps3.o(RESET) refers to startup_sse310mps3.o(.text.GPIO0_1_Handler) for GPIO0_1_Handler
    startup_sse310mps3.o(RESET) refers to startup_sse310mps3.o(.text.GPIO0_2_Handler) for GPIO0_2_Handler
    startup_sse310mps3.o(RESET) refers to startup_sse310mps3.o(.text.GPIO0_3_Handler) for GPIO0_3_Handler
    startup_sse310mps3.o(RESET) refers to startup_sse310mps3.o(.text.GPIO0_4_Handler) for GPIO0_4_Handler
    startup_sse310mps3.o(RESET) refers to startup_sse310mps3.o(.text.GPIO0_5_Handler) for GPIO0_5_Handler
    startup_sse310mps3.o(RESET) refers to startup_sse310mps3.o(.text.GPIO0_6_Handler) for GPIO0_6_Handler
    startup_sse310mps3.o(RESET) refers to startup_sse310mps3.o(.text.GPIO0_7_Handler) for GPIO0_7_Handler
    startup_sse310mps3.o(RESET) refers to startup_sse310mps3.o(.text.GPIO0_8_Handler) for GPIO0_8_Handler
    startup_sse310mps3.o(RESET) refers to startup_sse310mps3.o(.text.GPIO0_9_Handler) for GPIO0_9_Handler
    startup_sse310mps3.o(RESET) refers to startup_sse310mps3.o(.text.GPIO0_10_Handler) for GPIO0_10_Handler
    startup_sse310mps3.o(RESET) refers to startup_sse310mps3.o(.text.GPIO0_11_Handler) for GPIO0_11_Handler
    startup_sse310mps3.o(RESET) refers to startup_sse310mps3.o(.text.GPIO0_12_Handler) for GPIO0_12_Handler
    startup_sse310mps3.o(RESET) refers to startup_sse310mps3.o(.text.GPIO0_13_Handler) for GPIO0_13_Handler
    startup_sse310mps3.o(RESET) refers to startup_sse310mps3.o(.text.GPIO0_14_Handler) for GPIO0_14_Handler
    startup_sse310mps3.o(RESET) refers to startup_sse310mps3.o(.text.GPIO0_15_Handler) for GPIO0_15_Handler
    startup_sse310mps3.o(RESET) refers to startup_sse310mps3.o(.text.GPIO1_0_Handler) for GPIO1_0_Handler
    startup_sse310mps3.o(RESET) refers to startup_sse310mps3.o(.text.GPIO1_1_Handler) for GPIO1_1_Handler
    startup_sse310mps3.o(RESET) refers to startup_sse310mps3.o(.text.GPIO1_2_Handler) for GPIO1_2_Handler
    startup_sse310mps3.o(RESET) refers to startup_sse310mps3.o(.text.GPIO1_3_Handler) for GPIO1_3_Handler
    startup_sse310mps3.o(RESET) refers to startup_sse310mps3.o(.text.GPIO1_4_Handler) for GPIO1_4_Handler
    startup_sse310mps3.o(RESET) refers to startup_sse310mps3.o(.text.GPIO1_5_Handler) for GPIO1_5_Handler
    startup_sse310mps3.o(RESET) refers to startup_sse310mps3.o(.text.GPIO1_6_Handler) for GPIO1_6_Handler
    startup_sse310mps3.o(RESET) refers to startup_sse310mps3.o(.text.GPIO1_7_Handler) for GPIO1_7_Handler
    startup_sse310mps3.o(RESET) refers to startup_sse310mps3.o(.text.GPIO1_8_Handler) for GPIO1_8_Handler
    startup_sse310mps3.o(RESET) refers to startup_sse310mps3.o(.text.GPIO1_9_Handler) for GPIO1_9_Handler
    startup_sse310mps3.o(RESET) refers to startup_sse310mps3.o(.text.GPIO1_10_Handler) for GPIO1_10_Handler
    startup_sse310mps3.o(RESET) refers to startup_sse310mps3.o(.text.GPIO1_11_Handler) for GPIO1_11_Handler
    startup_sse310mps3.o(RESET) refers to startup_sse310mps3.o(.text.GPIO1_12_Handler) for GPIO1_12_Handler
    startup_sse310mps3.o(RESET) refers to startup_sse310mps3.o(.text.GPIO1_13_Handler) for GPIO1_13_Handler
    startup_sse310mps3.o(RESET) refers to startup_sse310mps3.o(.text.GPIO1_14_Handler) for GPIO1_14_Handler
    startup_sse310mps3.o(RESET) refers to startup_sse310mps3.o(.text.GPIO1_15_Handler) for GPIO1_15_Handler
    startup_sse310mps3.o(RESET) refers to startup_sse310mps3.o(.text.GPIO2_0_Handler) for GPIO2_0_Handler
    startup_sse310mps3.o(RESET) refers to startup_sse310mps3.o(.text.GPIO2_1_Handler) for GPIO2_1_Handler
    startup_sse310mps3.o(RESET) refers to startup_sse310mps3.o(.text.GPIO2_2_Handler) for GPIO2_2_Handler
    startup_sse310mps3.o(RESET) refers to startup_sse310mps3.o(.text.GPIO2_3_Handler) for GPIO2_3_Handler
    startup_sse310mps3.o(RESET) refers to startup_sse310mps3.o(.text.GPIO2_4_Handler) for GPIO2_4_Handler
    startup_sse310mps3.o(RESET) refers to startup_sse310mps3.o(.text.GPIO2_5_Handler) for GPIO2_5_Handler
    startup_sse310mps3.o(RESET) refers to startup_sse310mps3.o(.text.GPIO2_6_Handler) for GPIO2_6_Handler
    startup_sse310mps3.o(RESET) refers to startup_sse310mps3.o(.text.GPIO2_7_Handler) for GPIO2_7_Handler
    startup_sse310mps3.o(RESET) refers to startup_sse310mps3.o(.text.GPIO2_8_Handler) for GPIO2_8_Handler
    startup_sse310mps3.o(RESET) refers to startup_sse310mps3.o(.text.GPIO2_9_Handler) for GPIO2_9_Handler
    startup_sse310mps3.o(RESET) refers to startup_sse310mps3.o(.text.GPIO2_10_Handler) for GPIO2_10_Handler
    startup_sse310mps3.o(RESET) refers to startup_sse310mps3.o(.text.GPIO2_11_Handler) for GPIO2_11_Handler
    startup_sse310mps3.o(RESET) refers to startup_sse310mps3.o(.text.GPIO2_12_Handler) for GPIO2_12_Handler
    startup_sse310mps3.o(RESET) refers to startup_sse310mps3.o(.text.GPIO2_13_Handler) for GPIO2_13_Handler
    startup_sse310mps3.o(RESET) refers to startup_sse310mps3.o(.text.GPIO2_14_Handler) for GPIO2_14_Handler
    startup_sse310mps3.o(RESET) refers to startup_sse310mps3.o(.text.GPIO2_15_Handler) for GPIO2_15_Handler
    startup_sse310mps3.o(RESET) refers to startup_sse310mps3.o(.text.GPIO3_0_Handler) for GPIO3_0_Handler
    startup_sse310mps3.o(RESET) refers to startup_sse310mps3.o(.text.GPIO3_1_Handler) for GPIO3_1_Handler
    startup_sse310mps3.o(RESET) refers to startup_sse310mps3.o(.text.GPIO3_2_Handler) for GPIO3_2_Handler
    startup_sse310mps3.o(RESET) refers to startup_sse310mps3.o(.text.GPIO3_3_Handler) for GPIO3_3_Handler
    startup_sse310mps3.o(RESET) refers to startup_sse310mps3.o(.text.UARTRX5_Handler) for UARTRX5_Handler
    startup_sse310mps3.o(RESET) refers to startup_sse310mps3.o(.text.UARTTX5_Handler) for UARTTX5_Handler
    startup_sse310mps3.o(RESET) refers to startup_sse310mps3.o(.text.UART5_Combined_Handler) for UART5_Combined_Handler
    system_sse310mps3.o(.text.SystemCoreClockUpdate) refers to system_sse310mps3.o(.data.SystemCoreClock) for SystemCoreClock
    system_sse310mps3.o(.text.SystemCoreClockUpdate) refers to system_sse310mps3.o(.data.PeripheralClock) for PeripheralClock
    system_sse310mps3.o(.ARM.exidx.text.SystemCoreClockUpdate) refers to system_sse310mps3.o(.text.SystemCoreClockUpdate) for [Anonymous Symbol]
    system_sse310mps3.o(.text.SystemInit) refers to startup_sse310mps3.o(RESET) for __Vectors
    system_sse310mps3.o(.text.SystemInit) refers to system_sse310mps3.o(.data.SystemCoreClock) for SystemCoreClock
    system_sse310mps3.o(.text.SystemInit) refers to system_sse310mps3.o(.data.PeripheralClock) for PeripheralClock
    system_sse310mps3.o(.ARM.exidx.text.SystemInit) refers to system_sse310mps3.o(.text.SystemInit) for [Anonymous Symbol]
    device_definition.o(.data.UART0_CMSDK_DEV_S) refers to device_definition.o(.rodata.UART0_CMSDK_DEV_CFG_S) for [Anonymous Symbol]
    device_definition.o(.data.UART0_CMSDK_DEV_S) refers to device_definition.o(.bss.UART0_CMSDK_DEV_DATA_S) for [Anonymous Symbol]
    uart_cmsdk_drv.o(.ARM.exidx.text.uart_cmsdk_init) refers to uart_cmsdk_drv.o(.text.uart_cmsdk_init) for [Anonymous Symbol]
    uart_cmsdk_drv.o(.ARM.exidx.text.uart_cmsdk_uninit) refers to uart_cmsdk_drv.o(.text.uart_cmsdk_uninit) for [Anonymous Symbol]
    uart_cmsdk_drv.o(.ARM.exidx.text.uart_cmsdk_irq_rx_disable) refers to uart_cmsdk_drv.o(.text.uart_cmsdk_irq_rx_disable) for [Anonymous Symbol]
    uart_cmsdk_drv.o(.ARM.exidx.text.uart_cmsdk_irq_tx_disable) refers to uart_cmsdk_drv.o(.text.uart_cmsdk_irq_tx_disable) for [Anonymous Symbol]
    uart_cmsdk_drv.o(.ARM.exidx.text.uart_cmsdk_set_baudrate) refers to uart_cmsdk_drv.o(.text.uart_cmsdk_set_baudrate) for [Anonymous Symbol]
    uart_cmsdk_drv.o(.ARM.exidx.text.uart_cmsdk_get_baudrate) refers to uart_cmsdk_drv.o(.text.uart_cmsdk_get_baudrate) for [Anonymous Symbol]
    uart_cmsdk_drv.o(.ARM.exidx.text.uart_cmsdk_set_clock) refers to uart_cmsdk_drv.o(.text.uart_cmsdk_set_clock) for [Anonymous Symbol]
    uart_cmsdk_drv.o(.ARM.exidx.text.uart_cmsdk_read) refers to uart_cmsdk_drv.o(.text.uart_cmsdk_read) for [Anonymous Symbol]
    uart_cmsdk_drv.o(.ARM.exidx.text.uart_cmsdk_write) refers to uart_cmsdk_drv.o(.text.uart_cmsdk_write) for [Anonymous Symbol]
    uart_cmsdk_drv.o(.ARM.exidx.text.uart_cmsdk_irq_tx_enable) refers to uart_cmsdk_drv.o(.text.uart_cmsdk_irq_tx_enable) for [Anonymous Symbol]
    uart_cmsdk_drv.o(.ARM.exidx.text.uart_cmsdk_tx_ready) refers to uart_cmsdk_drv.o(.text.uart_cmsdk_tx_ready) for [Anonymous Symbol]
    uart_cmsdk_drv.o(.ARM.exidx.text.uart_cmsdk_irq_rx_enable) refers to uart_cmsdk_drv.o(.text.uart_cmsdk_irq_rx_enable) for [Anonymous Symbol]
    uart_cmsdk_drv.o(.ARM.exidx.text.uart_cmsdk_rx_ready) refers to uart_cmsdk_drv.o(.text.uart_cmsdk_rx_ready) for [Anonymous Symbol]
    uart_cmsdk_drv.o(.ARM.exidx.text.uart_cmsdk_clear_interrupt) refers to uart_cmsdk_drv.o(.text.uart_cmsdk_clear_interrupt) for [Anonymous Symbol]
    uart_cmsdk_drv.o(.ARM.exidx.text.uart_cmsdk_tx_enable) refers to uart_cmsdk_drv.o(.text.uart_cmsdk_tx_enable) for [Anonymous Symbol]
    uart_cmsdk_drv.o(.ARM.exidx.text.uart_cmsdk_tx_disable) refers to uart_cmsdk_drv.o(.text.uart_cmsdk_tx_disable) for [Anonymous Symbol]
    uart_cmsdk_drv.o(.ARM.exidx.text.uart_cmsdk_rx_enable) refers to uart_cmsdk_drv.o(.text.uart_cmsdk_rx_enable) for [Anonymous Symbol]
    uart_cmsdk_drv.o(.ARM.exidx.text.uart_cmsdk_rx_disable) refers to uart_cmsdk_drv.o(.text.uart_cmsdk_rx_disable) for [Anonymous Symbol]
    uart_cmsdk_drv.o(.ARM.exidx.text.uart_cmsdk_rx_overrun_clear) refers to uart_cmsdk_drv.o(.text.uart_cmsdk_rx_overrun_clear) for [Anonymous Symbol]
    __2printf.o(.text) refers to _printf_char_file.o(.text) for _printf_char_file
    __2printf.o(.text) refers to stdio_streams.o(.bss) for __stdout
    noretval__2printf.o(.text) refers to _printf_char_file.o(.text) for _printf_char_file
    noretval__2printf.o(.text) refers to stdio_streams.o(.bss) for __stdout
    __printf.o(.text) refers to _printf_percent.o(.ARM.Collect$$_printf_percent$$00000000) for _printf_percent
    _printf_str.o(.text) refers (Special) to _printf_char.o(.text) for _printf_cs_common
    _printf_hex_ll.o(.text) refers to _printf_intcommon.o(.text) for _printf_int_common
    _printf_hex_ll.o(.text) refers to _printf_hex_ll.o(.constdata) for .constdata
    _printf_hex_int.o(.text) refers to _printf_intcommon.o(.text) for _printf_int_common
    _printf_hex_int.o(.text) refers to _printf_hex_int.o(.constdata) for .constdata
    _printf_hex_int_ll.o(.text) refers to _printf_intcommon.o(.text) for _printf_int_common
    _printf_hex_int_ll.o(.text) refers to _printf_hex_int_ll.o(.constdata) for .constdata
    _printf_hex_ptr.o(.text) refers to _printf_intcommon.o(.text) for _printf_int_common
    _printf_hex_ptr.o(.text) refers to _printf_hex_ptr.o(.constdata) for .constdata
    _printf_hex_int_ptr.o(.text) refers to _printf_intcommon.o(.text) for _printf_int_common
    _printf_hex_int_ptr.o(.text) refers to _printf_hex_int_ptr.o(.constdata) for .constdata
    _printf_hex_ll_ptr.o(.text) refers to _printf_intcommon.o(.text) for _printf_int_common
    _printf_hex_ll_ptr.o(.text) refers to _printf_hex_ll_ptr.o(.constdata) for .constdata
    _printf_hex_int_ll_ptr.o(.text) refers to _printf_intcommon.o(.text) for _printf_int_common
    _printf_hex_int_ll_ptr.o(.text) refers to _printf_hex_int_ll_ptr.o(.constdata) for .constdata
    __printf_flags.o(.text) refers to _printf_percent.o(.ARM.Collect$$_printf_percent$$00000000) for _printf_percent
    __printf_flags.o(.text) refers to __printf_flags.o(.constdata) for .constdata
    __printf_ss.o(.text) refers to _printf_percent.o(.ARM.Collect$$_printf_percent$$00000000) for _printf_percent
    __printf_flags_ss.o(.text) refers to _printf_percent.o(.ARM.Collect$$_printf_percent$$00000000) for _printf_percent
    __printf_flags_ss.o(.text) refers to __printf_flags_ss.o(.constdata) for .constdata
    __printf_wp.o(.text) refers to __printf_wp.o(i._is_digit) for _is_digit
    __printf_wp.o(.text) refers to _printf_percent.o(.ARM.Collect$$_printf_percent$$00000000) for _printf_percent
    __printf_flags_wp.o(.text) refers to __printf_wp.o(i._is_digit) for _is_digit
    __printf_flags_wp.o(.text) refers to _printf_percent.o(.ARM.Collect$$_printf_percent$$00000000) for _printf_percent
    __printf_flags_wp.o(.text) refers to __printf_flags_wp.o(.constdata) for .constdata
    __printf_ss_wp.o(.text) refers to __printf_wp.o(i._is_digit) for _is_digit
    __printf_ss_wp.o(.text) refers to _printf_percent.o(.ARM.Collect$$_printf_percent$$00000000) for _printf_percent
    __printf_flags_ss_wp.o(.text) refers to __printf_wp.o(i._is_digit) for _is_digit
    __printf_flags_ss_wp.o(.text) refers to _printf_percent.o(.ARM.Collect$$_printf_percent$$00000000) for _printf_percent
    __printf_flags_ss_wp.o(.text) refers to __printf_flags_ss_wp.o(.constdata) for .constdata
    _printf_s.o(.ARM.Collect$$_printf_percent$$00000014) refers (Weak) to _printf_char.o(.text) for _printf_string
    _printf_x.o(.ARM.Collect$$_printf_percent$$0000000C) refers (Weak) to _printf_hex_int.o(.text) for _printf_int_hex
    _printf_percent.o(.ARM.Collect$$_printf_percent$$00000000) refers (Special) to _printf_percent_end.o(.ARM.Collect$$_printf_percent$$00000017) for _printf_percent_end
    __main.o(!!!main) refers to __rtentry.o(.ARM.Collect$$rtentry$$00000000) for __rt_entry
    __rtentry.o(.ARM.Collect$$rtentry$$00000000) refers (Special) to __rtentry2.o(.ARM.Collect$$rtentry$$0000000A) for __rt_entry_li
    __rtentry.o(.ARM.Collect$$rtentry$$00000000) refers (Special) to __rtentry2.o(.ARM.Collect$$rtentry$$0000000D) for __rt_entry_main
    __rtentry.o(.ARM.Collect$$rtentry$$00000000) refers (Special) to __rtentry2.o(.ARM.Collect$$rtentry$$0000000C) for __rt_entry_postli_1
    __rtentry.o(.ARM.Collect$$rtentry$$00000000) refers (Special) to __rtentry2.o(.ARM.Collect$$rtentry$$00000009) for __rt_entry_postsh_1
    __rtentry.o(.ARM.Collect$$rtentry$$00000000) refers (Special) to __rtentry2.o(.ARM.Collect$$rtentry$$00000002) for __rt_entry_presh_1
    __rtentry.o(.ARM.Collect$$rtentry$$00000000) refers (Special) to __rtentry7.o(.ARM.Collect$$rtentry$$00000007) for __rt_entry_sh
    _printf_char.o(.text) refers (Weak) to _printf_str.o(.text) for _printf_str
    _printf_char_file.o(.text) refers to _printf_char_common.o(.text) for _printf_char_common
    _printf_char_file.o(.text) refers to ferror.o(.text) for ferror
    _printf_char_file.o(.text) refers to fputc.o(i.fputc) for fputc
    stdio_streams.o(.bss) refers (Special) to initio.o(.text) for _initio
    stdio_streams.o(.bss) refers (Special) to initio.o(.text) for _initio
    stdio_streams.o(.bss) refers (Special) to initio.o(.text) for _initio
    stdio_streams.o(.data) refers (Special) to initio.o(.text) for _initio
    stdio_streams.o(.data) refers (Special) to initio.o(.text) for _initio
    stdio_streams.o(.data) refers (Special) to initio.o(.text) for _initio
    __rtentry2.o(.ARM.Collect$$rtentry$$00000008) refers to boardinit2.o(.text) for _platform_post_stackheap_init
    __rtentry2.o(.ARM.Collect$$rtentry$$0000000A) refers to libinit.o(.ARM.Collect$$libinit$$00000000) for __rt_lib_init
    __rtentry2.o(.ARM.Collect$$rtentry$$0000000B) refers to boardinit3.o(.text) for _platform_post_lib_init
    __rtentry2.o(.ARM.Collect$$rtentry$$0000000D) refers to main.o(.text.main) for main
    __rtentry2.o(.ARM.Collect$$rtentry$$0000000D) refers to exit.o(.text) for exit
    __rtentry2.o(.ARM.exidx) refers to __rtentry2.o(.ARM.Collect$$rtentry$$00000001) for .ARM.Collect$$rtentry$$00000001
    __rtentry2.o(.ARM.exidx) refers to __rtentry2.o(.ARM.Collect$$rtentry$$00000008) for .ARM.Collect$$rtentry$$00000008
    __rtentry2.o(.ARM.exidx) refers to __rtentry2.o(.ARM.Collect$$rtentry$$0000000A) for .ARM.Collect$$rtentry$$0000000A
    __rtentry2.o(.ARM.exidx) refers to __rtentry2.o(.ARM.Collect$$rtentry$$0000000B) for .ARM.Collect$$rtentry$$0000000B
    __rtentry2.o(.ARM.exidx) refers to __rtentry2.o(.ARM.Collect$$rtentry$$0000000D) for .ARM.Collect$$rtentry$$0000000D
    __rtentry4.o(.ARM.Collect$$rtentry$$00000004) refers to sys_stackheap_outer.o(.text) for __user_setup_stackheap
    __rtentry4.o(.ARM.exidx) refers to __rtentry4.o(.ARM.Collect$$rtentry$$00000004) for .ARM.Collect$$rtentry$$00000004
    __rtentry7.o(.ARM.Collect$$rtentry$$00000007) refers to __rtentry7.o(.ARM.Collect$$rtentry$$00002718) for __lit__00000000
    __rtentry7.o(__vectab_stack_and_reset_2_area) refers to __main.o(!!!main) for __main
    __rtentry7.o(.ARM.exidx) refers to __rtentry7.o(.ARM.Collect$$rtentry$$00000007) for .ARM.Collect$$rtentry$$00000007
    __rtentry7.o(.ARM.exidx) refers to __rtentry7.o(.ARM.Collect$$rtentry$$00002718) for .ARM.Collect$$rtentry$$00002718
    _printf_char_common.o(.text) refers to __printf.o(.text) for __printf
    fputc.o(i.fputc) refers to flsbuf.o(.text) for __flsbuf_byte
    initio.o(.text) refers (Special) to libinit2.o(.ARM.Collect$$libinit$$00000026) for __rt_lib_init_stdio_2
    initio.o(.text) refers (Special) to libshutdown2.o(.ARM.Collect$$libshutdown$$00000003) for __rt_lib_shutdown_stdio_2
    initio.o(.text) refers to rt_memclr_w.o(.text) for __aeabi_memclr4
    initio.o(.text) refers to fopen.o(.text) for freopen
    initio.o(.text) refers to defsig_rtred_outer.o(.text) for __rt_SIGRTRED
    initio.o(.text) refers to setvbuf.o(.text) for setvbuf
    initio.o(.text) refers to fclose.o(.text) for _fclose_internal
    initio.o(.text) refers to h1_free.o(.text) for free
    initio.o(.text) refers to stdio_streams.o(.bss) for __stdin
    initio.o(.text) refers to stdio_streams.o(.bss) for __stdout
    initio.o(.text) refers to stdio_streams.o(.bss) for __stderr
    initio.o(.text) refers to stdio_streams.o(.data) for __aeabi_stdin
    initio.o(.text) refers to stdio_streams.o(.data) for __aeabi_stdout
    initio.o(.text) refers to stdio_streams.o(.data) for __aeabi_stderr
    initio.o(.text) refers to retarget_io.o(.rodata.__stdin_name) for __stdin_name
    initio.o(.text) refers to retarget_io.o(.rodata.__stdout_name) for __stdout_name
    initio.o(.text) refers to retarget_io.o(.rodata.__stderr_name) for __stderr_name
    initio_locked.o(.text) refers (Special) to libinit2.o(.ARM.Collect$$libinit$$00000026) for __rt_lib_init_stdio_2
    initio_locked.o(.text) refers (Special) to libshutdown2.o(.ARM.Collect$$libshutdown$$00000003) for __rt_lib_shutdown_stdio_2
    initio_locked.o(.text) refers to rt_memclr_w.o(.text) for __aeabi_memclr4
    initio_locked.o(.text) refers to fopen.o(.text) for freopen
    initio_locked.o(.text) refers to defsig_rtred_outer.o(.text) for __rt_SIGRTRED
    initio_locked.o(.text) refers to setvbuf.o(.text) for setvbuf
    initio_locked.o(.text) refers to fclose.o(.text) for _fclose_internal
    initio_locked.o(.text) refers to h1_free.o(.text) for free
    initio_locked.o(.text) refers to stdio_streams.o(.bss) for __stdin
    initio_locked.o(.text) refers to stdio_streams.o(.bss) for __stdout
    initio_locked.o(.text) refers to stdio_streams.o(.bss) for __stderr
    initio_locked.o(.text) refers to stdio_streams.o(.data) for __aeabi_stdin
    initio_locked.o(.text) refers to stdio_streams.o(.data) for __aeabi_stdout
    initio_locked.o(.text) refers to stdio_streams.o(.data) for __aeabi_stderr
    initio_locked.o(.text) refers to streamlock.o(.data) for _stream_list_lock
    initio_locked.o(.text) refers to retarget_io.o(.rodata.__stdin_name) for __stdin_name
    initio_locked.o(.text) refers to retarget_io.o(.rodata.__stdout_name) for __stdout_name
    initio_locked.o(.text) refers to retarget_io.o(.rodata.__stderr_name) for __stderr_name
    sys_stackheap_outer.o(.text) refers to libspace.o(.text) for __user_perproc_libspace
    sys_stackheap_outer.o(.text) refers to sys_stackheap.o(.text) for __user_initial_stackheap
    free.o(.text) refers (Special) to hguard.o(.text) for __heap$guard
    free.o(.text) refers to rt_heap_descriptor_intlibspace.o(.text) for __rt_heap_descriptor
    free.o(.text) refers to heapstubs.o(.text) for __Heap_Free
    h1_free.o(.text) refers to rt_heap_descriptor_intlibspace.o(.text) for __rt_heap_descriptor
    h1_free_threads.o(.text) refers to rt_heap_descriptor_intlibspace.o(.text) for __rt_heap_descriptor
    heap2.o(i._FDIterate) refers to heap2.o(.conststring) for .conststring
    heap2.o(i.__Heap_ProvideMemory$realtime) refers to fdtree.o(i._FDTree_Delete) for _FDTree_Delete
    heap2.o(i.__Heap_ProvideMemory$realtime) refers to fdtree.o(i._FDTree_Insert) for _FDTree_Insert
    heap2.o(i.__Heap_Stats$realtime) refers to heap2.o(i._Heap2_StatsIterate) for _Heap2_StatsIterate
    heap2.o(i.__Heap_Valid$realtime) refers to heap2.o(i._FDIterate) for _FDIterate
    heap2.o(i.__Heap_Valid$realtime) refers to heap2.o(.conststring) for .conststring
    heap2.o(i.free$realtime) refers to rt_heap_descriptor_intlibspace.o(.text) for __rt_heap_descriptor
    heap2.o(i.free$realtime) refers to fdtree.o(i._FDTree_Delete) for _FDTree_Delete
    heap2.o(i.free$realtime) refers to fdtree.o(i._FDTree_Insert) for _FDTree_Insert
    heap2.o(i.malloc$realtime) refers to rt_heap_descriptor_intlibspace.o(.text) for __rt_heap_descriptor
    heap2.o(i.malloc$realtime) refers to fdtree.o(i._FDTree_FindFirst) for _FDTree_FindFirst
    heap2.o(i.malloc$realtime) refers to init_alloc.o(.text) for __Heap_Full
    heap2.o(i.malloc$realtime) refers to fdtree.o(i._FDTree_RemoveNode) for _FDTree_RemoveNode
    heap2.o(i.malloc$realtime) refers to fdtree.o(i._FDTree_Insert) for _FDTree_Insert
    heap2.o(i.posix_memalign$realtime) refers to rt_heap_descriptor_intlibspace.o(.text) for __rt_heap_descriptor
    heap2.o(i.posix_memalign$realtime) refers to fdtree.o(i._FDTree_FindFirst) for _FDTree_FindFirst
    heap2.o(i.posix_memalign$realtime) refers to init_alloc.o(.text) for __Heap_Full
    heap2.o(i.posix_memalign$realtime) refers to fdtree.o(i._FDTree_RemoveNode) for _FDTree_RemoveNode
    heap2.o(i.posix_memalign$realtime) refers to fdtree.o(i._FDTree_Insert) for _FDTree_Insert
    heap2.o(i.realloc$realtime) refers to rt_heap_descriptor_intlibspace.o(.text) for __rt_heap_descriptor
    heap2.o(i.realloc$realtime) refers to fdtree.o(i._FDTree_Insert) for _FDTree_Insert
    heap2.o(i.realloc$realtime) refers to h1_free.o(.text) for free
    heap2.o(i.realloc$realtime) refers to h1_alloc.o(.text) for malloc
    heap2.o(i.realloc$realtime) refers to fdtree.o(i._FDTree_Delete) for _FDTree_Delete
    heap2.o(i.realloc$realtime) refers to rt_memcpy_w.o(.text) for __aeabi_memcpy4
    heap2_threads.o(i._FDIterate) refers to heap2_threads.o(.conststring) for .conststring
    heap2_threads.o(i.__Heap_Initialize$realtime$concurrent) refers to mutex_dummy.o(.text) for _mutex_initialize
    heap2_threads.o(i.__Heap_ProvideMemory$realtime$concurrent) refers to fdtree.o(i._FDTree_Delete) for _FDTree_Delete
    heap2_threads.o(i.__Heap_ProvideMemory$realtime$concurrent) refers to fdtree.o(i._FDTree_Insert) for _FDTree_Insert
    heap2_threads.o(i.__Heap_Stats$realtime$concurrent) refers to heap2_threads.o(i._Heap2_StatsIterate) for _Heap2_StatsIterate
    heap2_threads.o(i.__Heap_Valid$realtime$concurrent) refers to heap2_threads.o(i._FDIterate) for _FDIterate
    heap2_threads.o(i.__Heap_Valid$realtime$concurrent) refers to heap2_threads.o(.conststring) for .conststring
    heap2_threads.o(i.free$realtime$concurrent) refers to rt_heap_descriptor_intlibspace.o(.text) for __rt_heap_descriptor
    heap2_threads.o(i.free$realtime$concurrent) refers to fdtree.o(i._FDTree_Delete) for _FDTree_Delete
    heap2_threads.o(i.free$realtime$concurrent) refers to fdtree.o(i._FDTree_Insert) for _FDTree_Insert
    heap2_threads.o(i.malloc$realtime$concurrent) refers to rt_heap_descriptor_intlibspace.o(.text) for __rt_heap_descriptor
    heap2_threads.o(i.malloc$realtime$concurrent) refers to fdtree.o(i._FDTree_FindFirst) for _FDTree_FindFirst
    heap2_threads.o(i.malloc$realtime$concurrent) refers to init_alloc.o(.text) for __Heap_Full
    heap2_threads.o(i.malloc$realtime$concurrent) refers to fdtree.o(i._FDTree_RemoveNode) for _FDTree_RemoveNode
    heap2_threads.o(i.malloc$realtime$concurrent) refers to fdtree.o(i._FDTree_Insert) for _FDTree_Insert
    heap2_threads.o(i.posix_memalign$realtime$concurrent) refers to rt_heap_descriptor_intlibspace.o(.text) for __rt_heap_descriptor
    heap2_threads.o(i.posix_memalign$realtime$concurrent) refers to fdtree.o(i._FDTree_FindFirst) for _FDTree_FindFirst
    heap2_threads.o(i.posix_memalign$realtime$concurrent) refers to init_alloc.o(.text) for __Heap_Full
    heap2_threads.o(i.posix_memalign$realtime$concurrent) refers to fdtree.o(i._FDTree_RemoveNode) for _FDTree_RemoveNode
    heap2_threads.o(i.posix_memalign$realtime$concurrent) refers to fdtree.o(i._FDTree_Insert) for _FDTree_Insert
    heap2_threads.o(i.realloc$realtime$concurrent) refers to rt_heap_descriptor_intlibspace.o(.text) for __rt_heap_descriptor
    heap2_threads.o(i.realloc$realtime$concurrent) refers to fdtree.o(i._FDTree_Insert) for _FDTree_Insert
    heap2_threads.o(i.realloc$realtime$concurrent) refers to h1_free.o(.text) for free
    heap2_threads.o(i.realloc$realtime$concurrent) refers to h1_alloc.o(.text) for malloc
    heap2_threads.o(i.realloc$realtime$concurrent) refers to fdtree.o(i._FDTree_Delete) for _FDTree_Delete
    heap2_threads.o(i.realloc$realtime$concurrent) refers to rt_memcpy_w.o(.text) for __aeabi_memcpy4
    flsbuf.o(.text) refers to stdio.o(.text) for _deferredlazyseek
    flsbuf.o(.text) refers to retarget_io.o(.text._sys_flen) for _sys_flen
    flsbuf.o(.text) refers to retarget_io.o(.text._sys_istty) for _sys_istty
    flsbuf.o(.text) refers to h1_alloc.o(.text) for malloc
    streamlock.o(.data) refers (Special) to initio.o(.text) for _initio
    fopen.o(.text) refers to fclose.o(.text) for _fclose_internal
    fopen.o(.text) refers to retarget_io.o(.text._sys_open) for _sys_open
    fopen.o(.text) refers to fseek.o(.text) for _fseek
    fopen.o(.text) refers to h1_alloc.o(.text) for malloc
    fopen.o(.text) refers to rt_memclr_w.o(.text) for __aeabi_memclr4
    fopen.o(.text) refers to stdio_streams.o(.bss) for __stdin
    fclose.o(.text) refers to stdio.o(.text) for _fflush
    fclose.o(.text) refers to retarget_io.o(.text._sys_close) for _sys_close
    fclose.o(.text) refers to h1_free.o(.text) for free
    fclose.o(.text) refers to rt_memclr_w.o(.text) for __aeabi_memclr4
    fopen_locked.o(.text) refers to fclose.o(.text) for _fclose_internal
    fopen_locked.o(.text) refers to retarget_io.o(.text._sys_open) for _sys_open
    fopen_locked.o(.text) refers to fseek.o(.text) for _fseek
    fopen_locked.o(.text) refers to h1_alloc.o(.text) for malloc
    fopen_locked.o(.text) refers to rt_memclr_w.o(.text) for __aeabi_memclr4
    fopen_locked.o(.text) refers to streamlock.o(.data) for _stream_list_lock
    fopen_locked.o(.text) refers to stdio_streams.o(.bss) for __stdin
    exit.o(.text) refers to rtexit.o(.ARM.Collect$$rtexit$$00000000) for __rt_exit
    defsig_rtred_outer.o(.text) refers to defsig_rtred_inner.o(.text) for __rt_SIGRTRED_inner
    defsig_rtred_outer.o(.text) refers to defsig_exit.o(.text) for __sig_exit
    defsig_rtred_formal.o(.text) refers to rt_raise.o(.text) for __rt_raise
    libinit.o(.ARM.Collect$$libinit$$00000000) refers (Special) to libinit2.o(.ARM.Collect$$libinit$$00000030) for __rt_lib_init_alloca_1
    libinit.o(.ARM.Collect$$libinit$$00000000) refers (Special) to libinit2.o(.ARM.Collect$$libinit$$0000002E) for __rt_lib_init_argv_1
    libinit.o(.ARM.Collect$$libinit$$00000000) refers (Special) to libinit2.o(.ARM.Collect$$libinit$$0000001D) for __rt_lib_init_atexit_1
    libinit.o(.ARM.Collect$$libinit$$00000000) refers (Special) to libinit2.o(.ARM.Collect$$libinit$$00000023) for __rt_lib_init_clock_1
    libinit.o(.ARM.Collect$$libinit$$00000000) refers (Special) to libinit2.o(.ARM.Collect$$libinit$$00000034) for __rt_lib_init_cpp_1
    libinit.o(.ARM.Collect$$libinit$$00000000) refers (Special) to libinit2.o(.ARM.Collect$$libinit$$00000032) for __rt_lib_init_exceptions_1
    libinit.o(.ARM.Collect$$libinit$$00000000) refers (Special) to libinit2.o(.ARM.Collect$$libinit$$00000001) for __rt_lib_init_fp_1
    libinit.o(.ARM.Collect$$libinit$$00000000) refers (Special) to libinit2.o(.ARM.Collect$$libinit$$00000021) for __rt_lib_init_fp_trap_1
    libinit.o(.ARM.Collect$$libinit$$00000000) refers (Special) to libinit2.o(.ARM.Collect$$libinit$$00000025) for __rt_lib_init_getenv_1
    libinit.o(.ARM.Collect$$libinit$$00000000) refers (Special) to libinit2.o(.ARM.Collect$$libinit$$0000000C) for __rt_lib_init_heap_1
    libinit.o(.ARM.Collect$$libinit$$00000000) refers (Special) to libinit2.o(.ARM.Collect$$libinit$$00000013) for __rt_lib_init_lc_collate_1
    libinit.o(.ARM.Collect$$libinit$$00000000) refers (Special) to libinit2.o(.ARM.Collect$$libinit$$00000015) for __rt_lib_init_lc_ctype_1
    libinit.o(.ARM.Collect$$libinit$$00000000) refers (Special) to libinit2.o(.ARM.Collect$$libinit$$00000017) for __rt_lib_init_lc_monetary_1
    libinit.o(.ARM.Collect$$libinit$$00000000) refers (Special) to libinit2.o(.ARM.Collect$$libinit$$00000019) for __rt_lib_init_lc_numeric_1
    libinit.o(.ARM.Collect$$libinit$$00000000) refers (Special) to libinit2.o(.ARM.Collect$$libinit$$0000001B) for __rt_lib_init_lc_time_1
    libinit.o(.ARM.Collect$$libinit$$00000000) refers (Special) to libinit2.o(.ARM.Collect$$libinit$$00000006) for __rt_lib_init_preinit_1
    libinit.o(.ARM.Collect$$libinit$$00000000) refers (Special) to libinit2.o(.ARM.Collect$$libinit$$00000010) for __rt_lib_init_rand_1
    libinit.o(.ARM.Collect$$libinit$$00000000) refers (Special) to libinit2.o(.ARM.Collect$$libinit$$00000004) for __rt_lib_init_relocate_pie_1
    libinit.o(.ARM.Collect$$libinit$$00000000) refers (Special) to libinit2.o(.ARM.Collect$$libinit$$00000035) for __rt_lib_init_return
    libinit.o(.ARM.Collect$$libinit$$00000000) refers (Special) to libinit2.o(.ARM.Collect$$libinit$$0000001F) for __rt_lib_init_signal_1
    libinit.o(.ARM.Collect$$libinit$$00000000) refers (Special) to libinit2.o(.ARM.Collect$$libinit$$00000027) for __rt_lib_init_stdio_1
    libinit.o(.ARM.Collect$$libinit$$00000000) refers (Special) to libinit2.o(.ARM.Collect$$libinit$$0000000E) for __rt_lib_init_user_alloc_1
    libinit2.o(.ARM.Collect$$libinit$$00000001) refers to fpinit_81m.o(x$fpl$fpinit) for _fp_init
    libinit2.o(.ARM.Collect$$libinit$$00000007) refers (Weak) to init_alloc.o(.text) for _init_alloc
    libinit2.o(.ARM.Collect$$libinit$$00000012) refers to libinit2.o(.ARM.Collect$$libinit$$00000011) for .ARM.Collect$$libinit$$00000011
    libinit2.o(.ARM.Collect$$libinit$$00000014) refers to libinit2.o(.ARM.Collect$$libinit$$00000011) for .ARM.Collect$$libinit$$00000011
    libinit2.o(.ARM.Collect$$libinit$$00000016) refers to libinit2.o(.ARM.Collect$$libinit$$00000011) for .ARM.Collect$$libinit$$00000011
    libinit2.o(.ARM.Collect$$libinit$$00000018) refers to libinit2.o(.ARM.Collect$$libinit$$00000011) for .ARM.Collect$$libinit$$00000011
    libinit2.o(.ARM.Collect$$libinit$$0000001A) refers to libinit2.o(.ARM.Collect$$libinit$$00000011) for .ARM.Collect$$libinit$$00000011
    libinit2.o(.ARM.Collect$$libinit$$00000026) refers (Weak) to initio.o(.text) for _initio
    libinit2.o(.ARM.Collect$$libinit$$00000028) refers to argv_veneer.o(.emb_text) for __ARM_argv_veneer
    libinit2.o(.ARM.Collect$$libinit$$00000029) refers to argv_veneer.o(.emb_text) for __ARM_argv_veneer
    libshutdown2.o(.ARM.Collect$$libshutdown$$00000003) refers (Weak) to initio.o(.text) for _terminateio
    libshutdown2.o(.ARM.Collect$$libshutdown$$0000000D) refers (Weak) to term_alloc.o(.text) for _terminate_alloc
    flsbuf_fwide.o(.text) refers to flsbuf.o(.text) for __flsbuf
    libspace.o(.text) refers to libspace.o(.bss) for __libspace_start
    sys_stackheap.o(.text) refers (Special) to indicate_semi.o(.text) for __semihosting_library_function
    sys_stackheap.o(.text) refers to use_no_semi.o(.text) for __I$use$semihosting
    sys_stackheap_hlt.o(.text) refers (Special) to indicate_semi.o(.text) for __semihosting_library_function
    sys_stackheap_hlt.o(.text) refers to use_no_semi.o(.text) for __I$use$semihosting
    rtexit.o(.ARM.Collect$$rtexit$$00000000) refers (Special) to rtexit2.o(.ARM.Collect$$rtexit$$00000004) for __rt_exit_exit
    rtexit.o(.ARM.Collect$$rtexit$$00000000) refers (Special) to rtexit2.o(.ARM.Collect$$rtexit$$00000003) for __rt_exit_ls
    rtexit.o(.ARM.Collect$$rtexit$$00000000) refers (Special) to rtexit2.o(.ARM.Collect$$rtexit$$00000002) for __rt_exit_prels_1
    rtexit.o(.ARM.exidx) refers (Special) to rtexit2.o(.ARM.Collect$$rtexit$$00000004) for __rt_exit_exit
    rtexit.o(.ARM.exidx) refers (Special) to rtexit2.o(.ARM.Collect$$rtexit$$00000003) for __rt_exit_ls
    rtexit.o(.ARM.exidx) refers (Special) to rtexit2.o(.ARM.Collect$$rtexit$$00000002) for __rt_exit_prels_1
    rtexit.o(.ARM.exidx) refers to rtexit.o(.ARM.Collect$$rtexit$$00000000) for .ARM.Collect$$rtexit$$00000000
    rt_raise.o(.text) refers to __raise.o(.text) for __raise
    rt_raise.o(.text) refers to sys_exit.o(.text) for _sys_exit
    rt_heap_descriptor.o(.text) refers to rt_heap_descriptor.o(.bss) for __rt_heap_descriptor_data
    rt_heap_descriptor_intlibspace.o(.text) refers to libspace.o(.bss) for __libspace_start
    init_alloc.o(.text) refers (Special) to hguard.o(.text) for __heap$guard
    init_alloc.o(.text) refers (Special) to libinit5.o(.ARM.Collect$$libinit$$0000000A) for __rt_lib_init_heap_2
    init_alloc.o(.text) refers (Special) to maybetermalloc1.o(.text) for _maybe_terminate_alloc
    init_alloc.o(.text) refers to h1_extend.o(.text) for __Heap_ProvideMemory
    init_alloc.o(.text) refers to defsig_rtmem_outer.o(.text) for __rt_SIGRTMEM
    init_alloc.o(.text) refers to rt_heap_descriptor_intlibspace.o(.text) for __rt_heap_descriptor
    init_alloc.o(.text) refers to h1_init.o(.text) for __Heap_Initialize
    malloc.o(.text) refers (Special) to hguard.o(.text) for __heap$guard
    malloc.o(.text) refers (Special) to init_alloc.o(.text) for _init_alloc
    malloc.o(.text) refers to rt_heap_descriptor_intlibspace.o(.text) for __rt_heap_descriptor
    malloc.o(.text) refers to heapstubs.o(.text) for __Heap_Alloc
    h1_alloc.o(.text) refers (Special) to h1_init.o(.text) for __Heap_Initialize
    h1_alloc.o(.text) refers to rt_heap_descriptor_intlibspace.o(.text) for __rt_heap_descriptor
    h1_alloc.o(.text) refers to init_alloc.o(.text) for __Heap_Full
    h1_alloc_threads.o(.text) refers (Special) to h1_init.o(.text) for __Heap_Initialize
    h1_alloc_threads.o(.text) refers to init_alloc.o(.text) for __Heap_Full
    h1_alloc_threads.o(.text) refers to rt_heap_descriptor_intlibspace.o(.text) for __rt_heap_descriptor
    _printf_char_file_locked.o(.text) refers to _printf_char_common.o(.text) for _printf_char_common
    _printf_char_file_locked.o(.text) refers to fputc.o(i._fputc$unlocked) for _fputc$unlocked
    fseek.o(.text) refers to retarget_io.o(.text._sys_istty) for _sys_istty
    fseek.o(.text) refers to ftell.o(.text) for _ftell_internal
    fseek.o(.text) refers to retarget_io.o(.text._sys_flen) for _sys_flen
    fseek.o(.text) refers to stdio.o(.text) for _seterr
    stdio.o(.text) refers to retarget_io.o(.text._sys_seek) for _sys_seek
    stdio.o(.text) refers to retarget_io.o(.text._sys_write) for _sys_write
    fwritefast.o(.text) refers to stdio.o(.text) for _writebuf
    fwritefast.o(.text) refers to flsbuf.o(.text) for __flsbuf_byte
    fwritefast.o(.text) refers to rt_memcpy_v6.o(.text) for __aeabi_memcpy
    fwritefast_locked.o(.text) refers to stdio.o(.text) for _writebuf
    fwritefast_locked.o(.text) refers to flsbuf.o(.text) for __flsbuf_byte
    fwritefast_locked.o(.text) refers to rt_memcpy_v6.o(.text) for __aeabi_memcpy
    defsig_exit.o(.text) refers to sys_exit.o(.text) for _sys_exit
    defsig_rtred_inner.o(.text) refers to defsig_general.o(.text) for __default_signal_display
    assert_stdio.o(.text) refers to fputs.o(.text) for fputs
    assert_stdio.o(.text) refers to fflush.o(.text) for fflush
    assert_stdio.o(.text) refers to stdio_streams.o(.bss) for __stderr
    argv_veneer.o(.emb_text) refers to no_argv.o(.text) for __ARM_get_argv
    libinit5.o(.ARM.Collect$$libinit$$0000000A) refers to libinit5.o(.ARM.Collect$$libinit$$0000271B) for __lit__00000000
    libinit5.o(.ARM.Collect$$libinit$$0000000A) refers (Weak) to init_alloc.o(.text) for _init_alloc
    libinit5.o(.ARM.Collect$$libinit$$0000002C) refers to libinit5.o(.ARM.Collect$$libinit$$0000273D) for __lit__00000002
    libinit5.o(.ARM.Collect$$libinit$$0000002C) refers to argv_veneer.o(.emb_text) for __ARM_argv_veneer
    sys_exit.o(.text) refers (Special) to use_no_semi.o(.text) for __I$use$semihosting
    sys_exit.o(.text) refers (Special) to indicate_semi.o(.text) for __semihosting_library_function
    sys_exit_hlt.o(.text) refers (Special) to use_no_semi.o(.text) for __I$use$semihosting
    sys_exit_hlt.o(.text) refers (Special) to indicate_semi.o(.text) for __semihosting_library_function
    rtexit2.o(.ARM.Collect$$rtexit$$00000003) refers to libshutdown.o(.ARM.Collect$$libshutdown$$00000000) for __rt_lib_shutdown
    rtexit2.o(.ARM.Collect$$rtexit$$00000004) refers to sys_exit.o(.text) for _sys_exit
    rtexit2.o(.ARM.exidx) refers to rtexit2.o(.ARM.Collect$$rtexit$$00000001) for .ARM.Collect$$rtexit$$00000001
    rtexit2.o(.ARM.exidx) refers to rtexit2.o(.ARM.Collect$$rtexit$$00000003) for .ARM.Collect$$rtexit$$00000003
    rtexit2.o(.ARM.exidx) refers to rtexit2.o(.ARM.Collect$$rtexit$$00000004) for .ARM.Collect$$rtexit$$00000004
    maybetermalloc2.o(.text) refers (Special) to term_alloc.o(.text) for _terminate_alloc
    h1_extend.o(.text) refers to h1_free.o(.text) for free
    h1_init_threads.o(.text) refers to mutex_dummy.o(.text) for _mutex_initialize
    h1_extend_threads.o(.text) refers to h1_free_threads.o(.text) for free_internal$concurrent
    fflush.o(.text) refers to stdio.o(.text) for _fflush
    fflush.o(.text) refers to fseek.o(.text) for _fseek
    fflush.o(.text) refers to stdio_streams.o(.bss) for __stdin
    fputs.o(.text) refers to fputc.o(i.fputc) for fputc
    ftell.o(.text) refers to rt_errno_addr_intlibspace.o(.text) for __aeabi_errno_addr
    fflush_locked.o(.text) refers to stdio.o(.text) for _fflush
    fflush_locked.o(.text) refers to fseek.o(.text) for _fseek
    fflush_locked.o(.text) refers to fflush.o(.text) for _do_fflush
    fflush_locked.o(.text) refers to streamlock.o(.data) for _stream_list_lock
    fflush_locked.o(.text) refers to stdio_streams.o(.bss) for __stdin
    __raise.o(.text) refers to defsig.o(CL$$defsig) for __default_signal_handler
    defsig_general.o(.text) refers to sys_wrch.o(.text) for _ttywrch
    defsig_rtmem_outer.o(.text) refers to defsig_rtmem_inner.o(.text) for __rt_SIGRTMEM_inner
    defsig_rtmem_outer.o(.text) refers to defsig_exit.o(.text) for __sig_exit
    defsig_rtmem_formal.o(.text) refers to rt_raise.o(.text) for __rt_raise
    rt_memcpy_v6.o(.text) refers to rt_memcpy_w.o(.text) for __aeabi_memcpy4
    heapauxa.o(.text) refers to heapauxa.o(.data) for .data
    _get_argv.o(.text) refers (Special) to hrguard.o(.text) for __heap_region$guard
    _get_argv.o(.text) refers to h1_alloc.o(.text) for malloc
    _get_argv.o(.text) refers to defsig_rtmem_outer.o(.text) for __rt_SIGRTMEM
    _get_argv.o(.text) refers to sys_command.o(.text) for _sys_command_string
    _get_argv_nomalloc.o(.text) refers (Special) to hrguard.o(.text) for __heap_region$guard
    _get_argv_nomalloc.o(.text) refers to defsig_rtmem_outer.o(.text) for __rt_SIGRTMEM
    _get_argv_nomalloc.o(.text) refers to sys_command.o(.text) for _sys_command_string
    sys_wrch.o(.text) refers (Special) to use_no_semi.o(.text) for __I$use$semihosting
    sys_wrch.o(.text) refers (Special) to indicate_semi.o(.text) for __semihosting_library_function
    sys_command.o(.text) refers (Special) to use_no_semi.o(.text) for __I$use$semihosting
    sys_command.o(.text) refers (Special) to indicate_semi.o(.text) for __semihosting_library_function
    sys_wrch_hlt.o(.text) refers (Special) to use_no_semi.o(.text) for __I$use$semihosting
    sys_wrch_hlt.o(.text) refers (Special) to indicate_semi.o(.text) for __semihosting_library_function
    sys_command_hlt.o(.text) refers (Special) to use_no_semi.o(.text) for __I$use$semihosting
    sys_command_hlt.o(.text) refers (Special) to indicate_semi.o(.text) for __semihosting_library_function
    rt_errno_addr.o(.text) refers to rt_errno_addr.o(.bss) for __aeabi_errno_addr_data
    rt_errno_addr_intlibspace.o(.text) refers to libspace.o(.bss) for __libspace_start
    term_alloc.o(.text) refers (Special) to libshutdown2.o(.ARM.Collect$$libshutdown$$0000000E) for __rt_lib_shutdown_heap_2
    term_alloc.o(.text) refers to rt_heap_descriptor_intlibspace.o(.text) for __rt_heap_descriptor
    term_alloc.o(.text) refers to h1_final.o(.text) for __Heap_Finalize
    defsig_rtmem_inner.o(.text) refers to defsig_general.o(.text) for __default_signal_display
    defsig.o(CL$$defsig) refers to defsig_rtred_inner.o(.text) for __rt_SIGRTRED_inner
    defsig.o(CL$$defsig) refers to defsig_rtmem_inner.o(.text) for __rt_SIGRTMEM_inner
    libshutdown.o(.ARM.Collect$$libshutdown$$00000000) refers (Special) to libshutdown2.o(.ARM.Collect$$libshutdown$$00000002) for __rt_lib_shutdown_cpp_1
    libshutdown.o(.ARM.Collect$$libshutdown$$00000000) refers (Special) to libshutdown2.o(.ARM.Collect$$libshutdown$$00000007) for __rt_lib_shutdown_fp_trap_1
    libshutdown.o(.ARM.Collect$$libshutdown$$00000000) refers (Special) to libshutdown2.o(.ARM.Collect$$libshutdown$$0000000F) for __rt_lib_shutdown_heap_1
    libshutdown.o(.ARM.Collect$$libshutdown$$00000000) refers (Special) to libshutdown2.o(.ARM.Collect$$libshutdown$$00000010) for __rt_lib_shutdown_return
    libshutdown.o(.ARM.Collect$$libshutdown$$00000000) refers (Special) to libshutdown2.o(.ARM.Collect$$libshutdown$$0000000A) for __rt_lib_shutdown_signal_1
    libshutdown.o(.ARM.Collect$$libshutdown$$00000000) refers (Special) to libshutdown2.o(.ARM.Collect$$libshutdown$$00000004) for __rt_lib_shutdown_stdio_1
    libshutdown.o(.ARM.Collect$$libshutdown$$00000000) refers (Special) to libshutdown2.o(.ARM.Collect$$libshutdown$$0000000C) for __rt_lib_shutdown_user_alloc_1
    defsig_abrt_inner.o(.text) refers to defsig_general.o(.text) for __default_signal_display
    defsig_fpe_inner.o(.text) refers to defsig_general.o(.text) for __default_signal_display
    defsig_stak_inner.o(.text) refers to defsig_general.o(.text) for __default_signal_display
    defsig_pvfn_inner.o(.text) refers to defsig_general.o(.text) for __default_signal_display
    defsig_cppl_inner.o(.text) refers to defsig_general.o(.text) for __default_signal_display
    defsig_segv_inner.o(.text) refers to defsig_general.o(.text) for __default_signal_display
    defsig_other.o(.text) refers to defsig_general.o(.text) for __default_signal_display
    anon$$obj.o(Veneer$$CMSE) refers to main.o(.text.Secure_printf) for __acle_se_Secure_printf
    anon$$obj.o(Veneer$$CMSE) refers to main.o(.text.test_llvm_nsc) for __acle_se_test_llvm_nsc


==============================================================================

Removing Unused input sections from the image.

    Removing stdout_usart.o(.text), (0 bytes).
    Removing stdout_usart.o(.ARM.exidx.text.stdout_init), (8 bytes).
    Removing stdout_usart.o(.text.stdout_putchar), (52 bytes).
    Removing stdout_usart.o(.ARM.exidx.text.stdout_putchar), (8 bytes).
    Removing main.o(.text), (0 bytes).
    Removing main.o(.ARM.exidx.text.Secure_printf), (8 bytes).
    Removing main.o(.ARM.exidx.text.test_llvm_nsc), (8 bytes).
    Removing main.o(.ARM.exidx.text.main), (8 bytes).
    Removing main.o(.data.text), (23 bytes).
    Removing main.o(.bss.pfNonSecure_LED_On), (4 bytes).
    Removing main.o(.bss.pfNonSecure_LED_Off), (4 bytes).
    Removing main.o(.ARM.use_no_argv), (4 bytes).
    Removing driver_usart.o(.text), (0 bytes).
    Removing driver_usart.o(.ARM.exidx.text.UARTRX0_Handler), (8 bytes).
    Removing driver_usart.o(.ARM.exidx.text.UARTTX0_Handler), (8 bytes).
    Removing driver_usart.o(.ARM.exidx.text.ARM_USART_GetVersion), (8 bytes).
    Removing driver_usart.o(.ARM.exidx.text.ARM_USART_GetCapabilities), (8 bytes).
    Removing driver_usart.o(.ARM.exidx.text.Driver_USART0_Initialize), (8 bytes).
    Removing driver_usart.o(.ARM.exidx.text.Driver_USART0_Uninitialize), (8 bytes).
    Removing driver_usart.o(.ARM.exidx.text.Driver_USART0_PowerControl), (8 bytes).
    Removing driver_usart.o(.ARM.exidx.text.Driver_USART0_Send), (8 bytes).
    Removing driver_usart.o(.ARM.exidx.text.Driver_USART0_Receive), (8 bytes).
    Removing driver_usart.o(.ARM.exidx.text.Driver_USART0_Transfer), (8 bytes).
    Removing driver_usart.o(.ARM.exidx.text.Driver_USART0_GetTxCount), (8 bytes).
    Removing driver_usart.o(.ARM.exidx.text.Driver_USART0_GetRxCount), (8 bytes).
    Removing driver_usart.o(.ARM.exidx.text.Driver_USART0_Control), (8 bytes).
    Removing driver_usart.o(.ARM.exidx.text.Driver_USART0_GetStatus), (8 bytes).
    Removing driver_usart.o(.ARM.exidx.text.Driver_USART0_SetModemControl), (8 bytes).
    Removing driver_usart.o(.ARM.exidx.text.Driver_USART0_GetModemStatus), (8 bytes).
    Removing driver_usart.o(.ARM.exidx.text.ARM_USARTx_PowerControl), (8 bytes).
    Removing retarget_io.o(.text), (0 bytes).
    Removing retarget_io.o(.ARM.exidx.text._sys_open), (8 bytes).
    Removing retarget_io.o(.ARM.exidx.text._sys_close), (8 bytes).
    Removing retarget_io.o(.ARM.exidx.text._sys_write), (8 bytes).
    Removing retarget_io.o(.text._sys_read), (20 bytes).
    Removing retarget_io.o(.ARM.exidx.text._sys_read), (8 bytes).
    Removing retarget_io.o(.ARM.exidx.text._sys_istty), (8 bytes).
    Removing retarget_io.o(.ARM.exidx.text._sys_seek), (8 bytes).
    Removing retarget_io.o(.ARM.exidx.text._sys_flen), (8 bytes).
    Removing startup_sse310mps3.o(.text), (0 bytes).
    Removing startup_sse310mps3.o(.ARM.exidx.text.NMI_Handler), (8 bytes).
    Removing startup_sse310mps3.o(.ARM.exidx.text.HardFault_Handler), (8 bytes).
    Removing startup_sse310mps3.o(.ARM.exidx.text.MemManage_Handler), (8 bytes).
    Removing startup_sse310mps3.o(.ARM.exidx.text.BusFault_Handler), (8 bytes).
    Removing startup_sse310mps3.o(.ARM.exidx.text.UsageFault_Handler), (8 bytes).
    Removing startup_sse310mps3.o(.ARM.exidx.text.SecureFault_Handler), (8 bytes).
    Removing startup_sse310mps3.o(.ARM.exidx.text.SVC_Handler), (8 bytes).
    Removing startup_sse310mps3.o(.ARM.exidx.text.DebugMon_Handler), (8 bytes).
    Removing startup_sse310mps3.o(.ARM.exidx.text.PendSV_Handler), (8 bytes).
    Removing startup_sse310mps3.o(.ARM.exidx.text.SysTick_Handler), (8 bytes).
    Removing startup_sse310mps3.o(.ARM.exidx.text.NONSEC_WATCHDOG_RESET_REQ_Handler), (8 bytes).
    Removing startup_sse310mps3.o(.ARM.exidx.text.NONSEC_WATCHDOG_Handler), (8 bytes).
    Removing startup_sse310mps3.o(.ARM.exidx.text.SLOWCLK_Timer_Handler), (8 bytes).
    Removing startup_sse310mps3.o(.ARM.exidx.text.TFM_TIMER0_IRQ_Handler), (8 bytes).
    Removing startup_sse310mps3.o(.ARM.exidx.text.TIMER1_Handler), (8 bytes).
    Removing startup_sse310mps3.o(.ARM.exidx.text.TIMER2_Handler), (8 bytes).
    Removing startup_sse310mps3.o(.ARM.exidx.text.MPC_Handler), (8 bytes).
    Removing startup_sse310mps3.o(.ARM.exidx.text.PPC_Handler), (8 bytes).
    Removing startup_sse310mps3.o(.ARM.exidx.text.MSC_Handler), (8 bytes).
    Removing startup_sse310mps3.o(.ARM.exidx.text.BRIDGE_ERROR_Handler), (8 bytes).
    Removing startup_sse310mps3.o(.ARM.exidx.text.COMBINED_PPU_Handler), (8 bytes).
    Removing startup_sse310mps3.o(.text.DEBUG_PPU_Handler), (2 bytes).
    Removing startup_sse310mps3.o(.ARM.exidx.text.DEBUG_PPU_Handler), (8 bytes).
    Removing startup_sse310mps3.o(.ARM.exidx.text.TIMER3_AON_Handler), (8 bytes).
    Removing startup_sse310mps3.o(.ARM.exidx.text.CPU0_CTI_0_Handler), (8 bytes).
    Removing startup_sse310mps3.o(.ARM.exidx.text.CPU0_CTI_1_Handler), (8 bytes).
    Removing startup_sse310mps3.o(.ARM.exidx.text.System_Timestamp_Counter_Handler), (8 bytes).
    Removing startup_sse310mps3.o(.text.UARTRX0_Handler), (2 bytes).
    Removing startup_sse310mps3.o(.ARM.exidx.text.UARTRX0_Handler), (8 bytes).
    Removing startup_sse310mps3.o(.text.UARTTX0_Handler), (2 bytes).
    Removing startup_sse310mps3.o(.ARM.exidx.text.UARTTX0_Handler), (8 bytes).
    Removing startup_sse310mps3.o(.ARM.exidx.text.UARTRX1_Handler), (8 bytes).
    Removing startup_sse310mps3.o(.ARM.exidx.text.UARTTX1_Handler), (8 bytes).
    Removing startup_sse310mps3.o(.ARM.exidx.text.UARTRX2_Handler), (8 bytes).
    Removing startup_sse310mps3.o(.ARM.exidx.text.UARTTX2_Handler), (8 bytes).
    Removing startup_sse310mps3.o(.ARM.exidx.text.UARTRX3_Handler), (8 bytes).
    Removing startup_sse310mps3.o(.ARM.exidx.text.UARTTX3_Handler), (8 bytes).
    Removing startup_sse310mps3.o(.ARM.exidx.text.UARTRX4_Handler), (8 bytes).
    Removing startup_sse310mps3.o(.ARM.exidx.text.UARTTX4_Handler), (8 bytes).
    Removing startup_sse310mps3.o(.ARM.exidx.text.UART0_Combined_Handler), (8 bytes).
    Removing startup_sse310mps3.o(.ARM.exidx.text.UART1_Combined_Handler), (8 bytes).
    Removing startup_sse310mps3.o(.ARM.exidx.text.UART2_Combined_Handler), (8 bytes).
    Removing startup_sse310mps3.o(.ARM.exidx.text.UART3_Combined_Handler), (8 bytes).
    Removing startup_sse310mps3.o(.ARM.exidx.text.UART4_Combined_Handler), (8 bytes).
    Removing startup_sse310mps3.o(.ARM.exidx.text.UARTOVF_Handler), (8 bytes).
    Removing startup_sse310mps3.o(.ARM.exidx.text.ETHERNET_Handler), (8 bytes).
    Removing startup_sse310mps3.o(.ARM.exidx.text.I2S_Handler), (8 bytes).
    Removing startup_sse310mps3.o(.ARM.exidx.text.TOUCH_SCREEN_Handler), (8 bytes).
    Removing startup_sse310mps3.o(.ARM.exidx.text.USB_Handler), (8 bytes).
    Removing startup_sse310mps3.o(.ARM.exidx.text.SPI_ADC_Handler), (8 bytes).
    Removing startup_sse310mps3.o(.ARM.exidx.text.SPI_SHIELD0_Handler), (8 bytes).
    Removing startup_sse310mps3.o(.ARM.exidx.text.SPI_SHIELD1_Handler), (8 bytes).
    Removing startup_sse310mps3.o(.ARM.exidx.text.DMA_Ch_0_Error_Handler), (8 bytes).
    Removing startup_sse310mps3.o(.ARM.exidx.text.DMA_Ch_0_Terminal_Count_Handler), (8 bytes).
    Removing startup_sse310mps3.o(.ARM.exidx.text.DMA_Ch_0_Combined_Handler), (8 bytes).
    Removing startup_sse310mps3.o(.ARM.exidx.text.DMA_Ch_1_Error_Handler), (8 bytes).
    Removing startup_sse310mps3.o(.ARM.exidx.text.DMA_Ch_1_Terminal_Count_Handler), (8 bytes).
    Removing startup_sse310mps3.o(.ARM.exidx.text.DMA_Ch_1_Combined_Handler), (8 bytes).
    Removing startup_sse310mps3.o(.ARM.exidx.text.DMA_Ch_2_Error_Handler), (8 bytes).
    Removing startup_sse310mps3.o(.ARM.exidx.text.DMA_Ch_2_Terminal_Count_Handler), (8 bytes).
    Removing startup_sse310mps3.o(.ARM.exidx.text.DMA_Ch_2_Combined_Handler), (8 bytes).
    Removing startup_sse310mps3.o(.ARM.exidx.text.DMA_Ch_3_Error_Handler), (8 bytes).
    Removing startup_sse310mps3.o(.ARM.exidx.text.DMA_Ch_3_Terminal_Count_Handler), (8 bytes).
    Removing startup_sse310mps3.o(.ARM.exidx.text.DMA_Ch_3_Combined_Handler), (8 bytes).
    Removing startup_sse310mps3.o(.ARM.exidx.text.NPU0_Handler), (8 bytes).
    Removing startup_sse310mps3.o(.ARM.exidx.text.GPIO0_Combined_Handler), (8 bytes).
    Removing startup_sse310mps3.o(.ARM.exidx.text.GPIO1_Combined_Handler), (8 bytes).
    Removing startup_sse310mps3.o(.ARM.exidx.text.GPIO2_Combined_Handler), (8 bytes).
    Removing startup_sse310mps3.o(.ARM.exidx.text.GPIO3_Combined_Handler), (8 bytes).
    Removing startup_sse310mps3.o(.ARM.exidx.text.GPIO0_0_Handler), (8 bytes).
    Removing startup_sse310mps3.o(.ARM.exidx.text.GPIO0_1_Handler), (8 bytes).
    Removing startup_sse310mps3.o(.ARM.exidx.text.GPIO0_2_Handler), (8 bytes).
    Removing startup_sse310mps3.o(.ARM.exidx.text.GPIO0_3_Handler), (8 bytes).
    Removing startup_sse310mps3.o(.ARM.exidx.text.GPIO0_4_Handler), (8 bytes).
    Removing startup_sse310mps3.o(.ARM.exidx.text.GPIO0_5_Handler), (8 bytes).
    Removing startup_sse310mps3.o(.ARM.exidx.text.GPIO0_6_Handler), (8 bytes).
    Removing startup_sse310mps3.o(.ARM.exidx.text.GPIO0_7_Handler), (8 bytes).
    Removing startup_sse310mps3.o(.ARM.exidx.text.GPIO0_8_Handler), (8 bytes).
    Removing startup_sse310mps3.o(.ARM.exidx.text.GPIO0_9_Handler), (8 bytes).
    Removing startup_sse310mps3.o(.ARM.exidx.text.GPIO0_10_Handler), (8 bytes).
    Removing startup_sse310mps3.o(.ARM.exidx.text.GPIO0_11_Handler), (8 bytes).
    Removing startup_sse310mps3.o(.ARM.exidx.text.GPIO0_12_Handler), (8 bytes).
    Removing startup_sse310mps3.o(.ARM.exidx.text.GPIO0_13_Handler), (8 bytes).
    Removing startup_sse310mps3.o(.ARM.exidx.text.GPIO0_14_Handler), (8 bytes).
    Removing startup_sse310mps3.o(.ARM.exidx.text.GPIO0_15_Handler), (8 bytes).
    Removing startup_sse310mps3.o(.ARM.exidx.text.GPIO1_0_Handler), (8 bytes).
    Removing startup_sse310mps3.o(.ARM.exidx.text.GPIO1_1_Handler), (8 bytes).
    Removing startup_sse310mps3.o(.ARM.exidx.text.GPIO1_2_Handler), (8 bytes).
    Removing startup_sse310mps3.o(.ARM.exidx.text.GPIO1_3_Handler), (8 bytes).
    Removing startup_sse310mps3.o(.ARM.exidx.text.GPIO1_4_Handler), (8 bytes).
    Removing startup_sse310mps3.o(.ARM.exidx.text.GPIO1_5_Handler), (8 bytes).
    Removing startup_sse310mps3.o(.ARM.exidx.text.GPIO1_6_Handler), (8 bytes).
    Removing startup_sse310mps3.o(.ARM.exidx.text.GPIO1_7_Handler), (8 bytes).
    Removing startup_sse310mps3.o(.ARM.exidx.text.GPIO1_8_Handler), (8 bytes).
    Removing startup_sse310mps3.o(.ARM.exidx.text.GPIO1_9_Handler), (8 bytes).
    Removing startup_sse310mps3.o(.ARM.exidx.text.GPIO1_10_Handler), (8 bytes).
    Removing startup_sse310mps3.o(.ARM.exidx.text.GPIO1_11_Handler), (8 bytes).
    Removing startup_sse310mps3.o(.ARM.exidx.text.GPIO1_12_Handler), (8 bytes).
    Removing startup_sse310mps3.o(.ARM.exidx.text.GPIO1_13_Handler), (8 bytes).
    Removing startup_sse310mps3.o(.ARM.exidx.text.GPIO1_14_Handler), (8 bytes).
    Removing startup_sse310mps3.o(.ARM.exidx.text.GPIO1_15_Handler), (8 bytes).
    Removing startup_sse310mps3.o(.ARM.exidx.text.GPIO2_0_Handler), (8 bytes).
    Removing startup_sse310mps3.o(.ARM.exidx.text.GPIO2_1_Handler), (8 bytes).
    Removing startup_sse310mps3.o(.ARM.exidx.text.GPIO2_2_Handler), (8 bytes).
    Removing startup_sse310mps3.o(.ARM.exidx.text.GPIO2_3_Handler), (8 bytes).
    Removing startup_sse310mps3.o(.ARM.exidx.text.GPIO2_4_Handler), (8 bytes).
    Removing startup_sse310mps3.o(.ARM.exidx.text.GPIO2_5_Handler), (8 bytes).
    Removing startup_sse310mps3.o(.ARM.exidx.text.GPIO2_6_Handler), (8 bytes).
    Removing startup_sse310mps3.o(.ARM.exidx.text.GPIO2_7_Handler), (8 bytes).
    Removing startup_sse310mps3.o(.ARM.exidx.text.GPIO2_8_Handler), (8 bytes).
    Removing startup_sse310mps3.o(.ARM.exidx.text.GPIO2_9_Handler), (8 bytes).
    Removing startup_sse310mps3.o(.ARM.exidx.text.GPIO2_10_Handler), (8 bytes).
    Removing startup_sse310mps3.o(.ARM.exidx.text.GPIO2_11_Handler), (8 bytes).
    Removing startup_sse310mps3.o(.ARM.exidx.text.GPIO2_12_Handler), (8 bytes).
    Removing startup_sse310mps3.o(.ARM.exidx.text.GPIO2_13_Handler), (8 bytes).
    Removing startup_sse310mps3.o(.ARM.exidx.text.GPIO2_14_Handler), (8 bytes).
    Removing startup_sse310mps3.o(.ARM.exidx.text.GPIO2_15_Handler), (8 bytes).
    Removing startup_sse310mps3.o(.ARM.exidx.text.GPIO3_0_Handler), (8 bytes).
    Removing startup_sse310mps3.o(.ARM.exidx.text.GPIO3_1_Handler), (8 bytes).
    Removing startup_sse310mps3.o(.ARM.exidx.text.GPIO3_2_Handler), (8 bytes).
    Removing startup_sse310mps3.o(.ARM.exidx.text.GPIO3_3_Handler), (8 bytes).
    Removing startup_sse310mps3.o(.ARM.exidx.text.UARTRX5_Handler), (8 bytes).
    Removing startup_sse310mps3.o(.ARM.exidx.text.UARTTX5_Handler), (8 bytes).
    Removing startup_sse310mps3.o(.ARM.exidx.text.UART5_Combined_Handler), (8 bytes).
    Removing startup_sse310mps3.o(.ARM.exidx.text.Reset_Handler), (8 bytes).
    Removing system_sse310mps3.o(.text), (0 bytes).
    Removing system_sse310mps3.o(.text.SystemCoreClockUpdate), (30 bytes).
    Removing system_sse310mps3.o(.ARM.exidx.text.SystemCoreClockUpdate), (8 bytes).
    Removing system_sse310mps3.o(.ARM.exidx.text.SystemInit), (8 bytes).
    Removing device_definition.o(.text), (0 bytes).
    Removing uart_cmsdk_drv.o(.text), (0 bytes).
    Removing uart_cmsdk_drv.o(.ARM.exidx.text.uart_cmsdk_init), (8 bytes).
    Removing uart_cmsdk_drv.o(.text.uart_cmsdk_uninit), (52 bytes).
    Removing uart_cmsdk_drv.o(.ARM.exidx.text.uart_cmsdk_uninit), (8 bytes).
    Removing uart_cmsdk_drv.o(.ARM.exidx.text.uart_cmsdk_irq_rx_disable), (8 bytes).
    Removing uart_cmsdk_drv.o(.ARM.exidx.text.uart_cmsdk_irq_tx_disable), (8 bytes).
    Removing uart_cmsdk_drv.o(.ARM.exidx.text.uart_cmsdk_set_baudrate), (8 bytes).
    Removing uart_cmsdk_drv.o(.text.uart_cmsdk_get_baudrate), (6 bytes).
    Removing uart_cmsdk_drv.o(.ARM.exidx.text.uart_cmsdk_get_baudrate), (8 bytes).
    Removing uart_cmsdk_drv.o(.text.uart_cmsdk_set_clock), (36 bytes).
    Removing uart_cmsdk_drv.o(.ARM.exidx.text.uart_cmsdk_set_clock), (8 bytes).
    Removing uart_cmsdk_drv.o(.ARM.exidx.text.uart_cmsdk_read), (8 bytes).
    Removing uart_cmsdk_drv.o(.ARM.exidx.text.uart_cmsdk_write), (8 bytes).
    Removing uart_cmsdk_drv.o(.ARM.exidx.text.uart_cmsdk_irq_tx_enable), (8 bytes).
    Removing uart_cmsdk_drv.o(.text.uart_cmsdk_tx_ready), (26 bytes).
    Removing uart_cmsdk_drv.o(.ARM.exidx.text.uart_cmsdk_tx_ready), (8 bytes).
    Removing uart_cmsdk_drv.o(.ARM.exidx.text.uart_cmsdk_irq_rx_enable), (8 bytes).
    Removing uart_cmsdk_drv.o(.ARM.exidx.text.uart_cmsdk_rx_ready), (8 bytes).
    Removing uart_cmsdk_drv.o(.ARM.exidx.text.uart_cmsdk_clear_interrupt), (8 bytes).
    Removing uart_cmsdk_drv.o(.ARM.exidx.text.uart_cmsdk_tx_enable), (8 bytes).
    Removing uart_cmsdk_drv.o(.ARM.exidx.text.uart_cmsdk_tx_disable), (8 bytes).
    Removing uart_cmsdk_drv.o(.ARM.exidx.text.uart_cmsdk_rx_enable), (8 bytes).
    Removing uart_cmsdk_drv.o(.ARM.exidx.text.uart_cmsdk_rx_disable), (8 bytes).
    Removing uart_cmsdk_drv.o(.text.uart_cmsdk_rx_overrun_clear), (20 bytes).
    Removing uart_cmsdk_drv.o(.ARM.exidx.text.uart_cmsdk_rx_overrun_clear), (8 bytes).

195 unused section(s) (total 1659 bytes) removed from the image.
