<html>
<body>
<pre>
<h1>µVision Build Log</h1>
<h2>Tool Versions:</h2>
IDE-Version: µVision V5.37.0.0
Copyright (C) 2022 ARM Ltd and ARM Germany GmbH. All rights reserved.
License Information: MD Armanuzzaman, University at Buffalo, LIC=UB40X-1FZUK-UN3QX-0G01W-UGX93-RV7MT
 
Tool Versions:
Toolchain:       MDK-ARM Professional  Version: 5.37.0.0
Toolchain Path:  C:\Keil_v5\ARM\ARMCLANG\Bin
C Compiler:      ArmClang.exe V6.18
Assembler:       Armasm.exe V6.18
Linker/Locator:  ArmLink.exe V6.18
Library Manager: ArmAr.exe V6.18
Hex Converter:   FromElf.exe V6.18
CPU DLL:         
Dialog DLL:      
Target DLL:      DbgFMv8M.DLL V1.3.34.0
Dialog DLL:      TCM.DLL V1.56.1.0
 
<h2>Project:</h2>
C:\Users\dakum\OneDrive\Desktop\projects\code-CFA-with-pac\Evaluation\TrustZoneV8m33\Boards\ARM\V2M-MPS2\IOTKit_CM33\IOTKit_CM33_S_NS\IOTKit_CM33_ns\IOTKit_CM33_ns.uvprojx
Project File Date:  08/21/2024

<h2>Output:</h2>
*** Using Compiler 'V6.18', folder: 'C:\Keil_v5\ARM\ARMCLANG\Bin'
Rebuild Project 'IOTKit_CM33_ns' - Target 'FVP'
. C:/Users/dakum/AppData/Local/Arm/Packs/Keil/V2M-MPS2_IOTKit_BSP/1.5.1/Device/IOTKit_CM33/Include\\IOTKit_CM33_FP.h
.. C:/Users/dakum/AppData/Local/Arm/Packs/ARM/CMSIS/6.0.0/CMSIS/Core/Include\\core_cm33.h
... C:\\Keil_v5\\ARM\\ARMCLANG\\Bin\\..\\include\\stdint.h
... C:/Users/dakum/AppData/Local/Arm/Packs/ARM/CMSIS/6.0.0/CMSIS/Core/Include/cmsis_version.h
... C:/Users/dakum/AppData/Local/Arm/Packs/ARM/CMSIS/6.0.0/CMSIS/Core/Include/cmsis_compiler.h
.... C:/Users/dakum/AppData/Local/Arm/Packs/ARM/CMSIS/6.0.0/CMSIS/Core/Include/./m-profile/cmsis_armclang_m.h
..... C:\\Keil_v5\\ARM\\ARMCLANG\\Bin\\..\\include\\arm_acle.h
... C:/Users/dakum/AppData/Local/Arm/Packs/ARM/CMSIS/6.0.0/CMSIS/Core/Include/m-profile/armv8m_mpu.h
.. C:/Users/dakum/AppData/Local/Arm/Packs/Keil/V2M-MPS2_IOTKit_BSP/1.5.1/Device/IOTKit_CM33/Include/system_IOTKit_CM33.h
compiling system_IOTKit_CM33.c...
. C:\\Keil_v5\\ARM\\ARMCLANG\\Bin\\..\\include\\arm_cmse.h
.. C:\\Keil_v5\\ARM\\ARMCLANG\\Bin\\..\\include\\stddef.h
.. C:\\Keil_v5\\ARM\\ARMCLANG\\Bin\\..\\include\\stdint.h
. ./RTE/_FVP\\RTE_Components.h
. C:/Users/dakum/AppData/Local/Arm/Packs/Keil/V2M-MPS2_IOTKit_BSP/1.5.1/Device/IOTKit_CM33/Include\\IOTKit_CM33_FP.h
.. C:/Users/dakum/AppData/Local/Arm/Packs/ARM/CMSIS/6.0.0/CMSIS/Core/Include\\core_cm33.h
... C:/Users/dakum/AppData/Local/Arm/Packs/ARM/CMSIS/6.0.0/CMSIS/Core/Include/cmsis_version.h
... C:/Users/dakum/AppData/Local/Arm/Packs/ARM/CMSIS/6.0.0/CMSIS/Core/Include/cmsis_compiler.h
.... C:/Users/dakum/AppData/Local/Arm/Packs/ARM/CMSIS/6.0.0/CMSIS/Core/Include/./m-profile/cmsis_armclang_m.h
..... C:\\Keil_v5\\ARM\\ARMCLANG\\Bin\\..\\include\\arm_acle.h
... C:/Users/dakum/AppData/Local/Arm/Packs/ARM/CMSIS/6.0.0/CMSIS/Core/Include/m-profile/armv8m_mpu.h
.. C:/Users/dakum/AppData/Local/Arm/Packs/Keil/V2M-MPS2_IOTKit_BSP/1.5.1/Device/IOTKit_CM33/Include/system_IOTKit_CM33.h
. C:/Users/dakum/AppData/Local/Arm/Packs/Keil/MDK-Middleware/7.15.0/Board\\Board_LED.h
. ./..\\IOTKit_CM33_s\\Secure_Functions.h
compiling main_ns.c...
. C:/Users/dakum/AppData/Local/Arm/Packs/Keil/V2M-MPS2_IOTKit_BSP/1.5.1/Device/IOTKit_CM33/Include\\IOTKit_CM33_FP.h
.. C:/Users/dakum/AppData/Local/Arm/Packs/ARM/CMSIS/6.0.0/CMSIS/Core/Include\\core_cm33.h
... C:\\Keil_v5\\ARM\\ARMCLANG\\Bin\\..\\include\\stdint.h
... C:/Users/dakum/AppData/Local/Arm/Packs/ARM/CMSIS/6.0.0/CMSIS/Core/Include/cmsis_version.h
... C:/Users/dakum/AppData/Local/Arm/Packs/ARM/CMSIS/6.0.0/CMSIS/Core/Include/cmsis_compiler.h
.... C:/Users/dakum/AppData/Local/Arm/Packs/ARM/CMSIS/6.0.0/CMSIS/Core/Include/./m-profile/cmsis_armclang_m.h
..... C:\\Keil_v5\\ARM\\ARMCLANG\\Bin\\..\\include\\arm_acle.h
... C:/Users/dakum/AppData/Local/Arm/Packs/ARM/CMSIS/6.0.0/CMSIS/Core/Include/m-profile/armv8m_mpu.h
.. C:/Users/dakum/AppData/Local/Arm/Packs/Keil/V2M-MPS2_IOTKit_BSP/1.5.1/Device/IOTKit_CM33/Include/system_IOTKit_CM33.h
compiling startup_IOTKit_CM33.c...
. ./RTE/_FVP\\RTE_Components.h
. C:/Users/dakum/AppData/Local/Arm/Packs/Keil/V2M-MPS2_IOTKit_BSP/1.5.1/Device/IOTKit_CM33/Include\\IOTKit_CM33_FP.h
.. C:/Users/dakum/AppData/Local/Arm/Packs/ARM/CMSIS/6.0.0/CMSIS/Core/Include\\core_cm33.h
... C:\\Keil_v5\\ARM\\ARMCLANG\\Bin\\..\\include\\stdint.h
... C:/Users/dakum/AppData/Local/Arm/Packs/ARM/CMSIS/6.0.0/CMSIS/Core/Include/cmsis_version.h
... C:/Users/dakum/AppData/Local/Arm/Packs/ARM/CMSIS/6.0.0/CMSIS/Core/Include/cmsis_compiler.h
.... C:/Users/dakum/AppData/Local/Arm/Packs/ARM/CMSIS/6.0.0/CMSIS/Core/Include/./m-profile/cmsis_armclang_m.h
..... C:\\Keil_v5\\ARM\\ARMCLANG\\Bin\\..\\include\\arm_acle.h
... C:/Users/dakum/AppData/Local/Arm/Packs/ARM/CMSIS/6.0.0/CMSIS/Core/Include/m-profile/armv8m_mpu.h
.. C:/Users/dakum/AppData/Local/Arm/Packs/Keil/V2M-MPS2_IOTKit_BSP/1.5.1/Device/IOTKit_CM33/Include/system_IOTKit_CM33.h
. C:/Users/dakum/AppData/Local/Arm/Packs/Keil/V2M-MPS2_IOTKit_BSP/1.5.1/Boards/ARM/V2M-MPS2/Common/SMM_MPS2.h
. C:/Users/dakum/AppData/Local/Arm/Packs/Keil/MDK-Middleware/7.15.0/Board\\Board_LED.h
compiling LED_V2M-MPS2.c...
linking...
.\Objects\IOTKit_CM33_ns.axf: warning: Your license for feature Keil will expire in 28 days [-Wlicense-management]
Program Size: Code=416 RO-data=1040 RW-data=36 ZI-data=4096  
".\Objects\IOTKit_CM33_ns.axf" - 0 Error(s), 1 Warning(s).

<h2>Software Packages used:</h2>

Package Vendor: ARM
                https://www.keil.com/pack/ARM.CMSIS.6.0.0.pack
                ARM.CMSIS.6.0.0
                CMSIS (Common Microcontroller Software Interface Standard)
   * Component: CORE Version: 6.0.0

Package Vendor: Keil
                https://www.keil.com/pack/Keil.MDK-Middleware.7.15.0.pack
                Keil.MDK-Middleware.7.15.0
                Middleware for Keil MDK-Professional and MDK-Plus
   * Component: LED Version: 1.0.0

Package Vendor: Keil
                https://www.keil.com/pack/Keil.V2M-MPS2_IOTKit_BSP.1.5.1.pack
                Keil.V2M-MPS2_IOTKit_BSP.1.5.1
                ARM V2M-MPS2 Device Family Pack for IOT-Kit devices
   * Component: LED Version: 2.0.0
   * Component: Startup Variant: C Startup Version: 1.2.0

<h2>Collection of Component include folders:</h2>
  ./RTE/Device/IOTKit_CM33_FP
  ./RTE/_FVP
  C:/Users/dakum/AppData/Local/Arm/Packs/ARM/CMSIS/6.0.0/CMSIS/Core/Include
  C:/Users/dakum/AppData/Local/Arm/Packs/Keil/MDK-Middleware/7.15.0/Board
  C:/Users/dakum/AppData/Local/Arm/Packs/Keil/V2M-MPS2_IOTKit_BSP/1.5.1/Device/IOTKit_CM33/Include

<h2>Collection of Component Files used:</h2>

   * Component: ::Board Support:LED:1.0.0 (API)
      Include file:  Board/Board_LED.h

   * Component: ARM::CMSIS:CORE:6.0.0
      Include file:  CMSIS/Core/Include/tz_context.h

   * Component: Keil.V2M-MPS2 IOT-Kit::Board Support:LED:2.0.0
      Source file:   Boards/ARM/V2M-MPS2/Common/LED_V2M-MPS2.c

   * Component: Keil::Device:Startup:C Startup:1.2.0
      Source file:   Device/IOTKit_CM33/Source/startup_IOTKit_CM33.c
      Source file:   Device/IOTKit_CM33/Source/system_IOTKit_CM33.c
      Include file:  CMSIS/Config/RTE_Device.h
      Include file:  Device/IOTKit_CM33/Include/Template/partition_IOTKit_CM33.h
Build Time Elapsed:  00:00:01
</pre>
</body>
</html>
