<!doctype html public "-//w3c//dtd html 4.0 transitional//en">
<html><head>
<title>Static Call Graph - [.\Objects\Blinky.axf]</title></head>
<body><HR>
<H1>Static Call Graph for image .\Objects\Blinky.axf</H1><HR>
<BR><P>#&#060CALLGRAPH&#062# ARM Linker, 6180002: Last Updated: Thu Sep 19 16:09:33 2024
<BR><P>
<H3>Maximum Stack Usage =        152 bytes + Unknown(Cycles, Untraceable Function Pointers)</H3><H3>
Call chain for Maximum Stack Depth:</H3>
__rt_lib_init_stdio_2 &rArr; _initio &rArr; freopen &rArr; _fclose_internal &rArr; _fflush &rArr; _writebuf &rArr; _sys_write &rArr; stdout_putchar
<P>
<H3>
Mutually Recursive functions
</H3> <LI><a href="#[14]">BRIDGE_ERROR_Handler</a>&nbsp;&nbsp;&nbsp;&rArr;&nbsp;&nbsp;&nbsp;<a href="#[14]">BRIDGE_ERROR_Handler</a><BR>
 <LI><a href="#[4]">BusFault_Handler</a>&nbsp;&nbsp;&nbsp;&rArr;&nbsp;&nbsp;&nbsp;<a href="#[4]">BusFault_Handler</a><BR>
 <LI><a href="#[15]">COMBINED_PPU_Handler</a>&nbsp;&nbsp;&nbsp;&rArr;&nbsp;&nbsp;&nbsp;<a href="#[15]">COMBINED_PPU_Handler</a><BR>
 <LI><a href="#[18]">CPU0_CTI_0_Handler</a>&nbsp;&nbsp;&nbsp;&rArr;&nbsp;&nbsp;&nbsp;<a href="#[18]">CPU0_CTI_0_Handler</a><BR>
 <LI><a href="#[19]">CPU0_CTI_1_Handler</a>&nbsp;&nbsp;&nbsp;&rArr;&nbsp;&nbsp;&nbsp;<a href="#[19]">CPU0_CTI_1_Handler</a><BR>
 <LI><a href="#[32]">DMA_Channel_0_Handler</a>&nbsp;&nbsp;&nbsp;&rArr;&nbsp;&nbsp;&nbsp;<a href="#[32]">DMA_Channel_0_Handler</a><BR>
 <LI><a href="#[33]">DMA_Channel_1_Handler</a>&nbsp;&nbsp;&nbsp;&rArr;&nbsp;&nbsp;&nbsp;<a href="#[33]">DMA_Channel_1_Handler</a><BR>
 <LI><a href="#[8]">DebugMon_Handler</a>&nbsp;&nbsp;&nbsp;&rArr;&nbsp;&nbsp;&nbsp;<a href="#[8]">DebugMon_Handler</a><BR>
 <LI><a href="#[2b]">ETHERNET_Handler</a>&nbsp;&nbsp;&nbsp;&rArr;&nbsp;&nbsp;&nbsp;<a href="#[2b]">ETHERNET_Handler</a><BR>
 <LI><a href="#[16]">ETHOS_U55_Handler</a>&nbsp;&nbsp;&nbsp;&rArr;&nbsp;&nbsp;&nbsp;<a href="#[16]">ETHOS_U55_Handler</a><BR>
 <LI><a href="#[38]">GPIO0_0_Handler</a>&nbsp;&nbsp;&nbsp;&rArr;&nbsp;&nbsp;&nbsp;<a href="#[38]">GPIO0_0_Handler</a><BR>
 <LI><a href="#[42]">GPIO0_10_Handler</a>&nbsp;&nbsp;&nbsp;&rArr;&nbsp;&nbsp;&nbsp;<a href="#[42]">GPIO0_10_Handler</a><BR>
 <LI><a href="#[43]">GPIO0_11_Handler</a>&nbsp;&nbsp;&nbsp;&rArr;&nbsp;&nbsp;&nbsp;<a href="#[43]">GPIO0_11_Handler</a><BR>
 <LI><a href="#[44]">GPIO0_12_Handler</a>&nbsp;&nbsp;&nbsp;&rArr;&nbsp;&nbsp;&nbsp;<a href="#[44]">GPIO0_12_Handler</a><BR>
 <LI><a href="#[45]">GPIO0_13_Handler</a>&nbsp;&nbsp;&nbsp;&rArr;&nbsp;&nbsp;&nbsp;<a href="#[45]">GPIO0_13_Handler</a><BR>
 <LI><a href="#[46]">GPIO0_14_Handler</a>&nbsp;&nbsp;&nbsp;&rArr;&nbsp;&nbsp;&nbsp;<a href="#[46]">GPIO0_14_Handler</a><BR>
 <LI><a href="#[47]">GPIO0_15_Handler</a>&nbsp;&nbsp;&nbsp;&rArr;&nbsp;&nbsp;&nbsp;<a href="#[47]">GPIO0_15_Handler</a><BR>
 <LI><a href="#[39]">GPIO0_1_Handler</a>&nbsp;&nbsp;&nbsp;&rArr;&nbsp;&nbsp;&nbsp;<a href="#[39]">GPIO0_1_Handler</a><BR>
 <LI><a href="#[3a]">GPIO0_2_Handler</a>&nbsp;&nbsp;&nbsp;&rArr;&nbsp;&nbsp;&nbsp;<a href="#[3a]">GPIO0_2_Handler</a><BR>
 <LI><a href="#[3b]">GPIO0_3_Handler</a>&nbsp;&nbsp;&nbsp;&rArr;&nbsp;&nbsp;&nbsp;<a href="#[3b]">GPIO0_3_Handler</a><BR>
 <LI><a href="#[3c]">GPIO0_4_Handler</a>&nbsp;&nbsp;&nbsp;&rArr;&nbsp;&nbsp;&nbsp;<a href="#[3c]">GPIO0_4_Handler</a><BR>
 <LI><a href="#[3d]">GPIO0_5_Handler</a>&nbsp;&nbsp;&nbsp;&rArr;&nbsp;&nbsp;&nbsp;<a href="#[3d]">GPIO0_5_Handler</a><BR>
 <LI><a href="#[3e]">GPIO0_6_Handler</a>&nbsp;&nbsp;&nbsp;&rArr;&nbsp;&nbsp;&nbsp;<a href="#[3e]">GPIO0_6_Handler</a><BR>
 <LI><a href="#[3f]">GPIO0_7_Handler</a>&nbsp;&nbsp;&nbsp;&rArr;&nbsp;&nbsp;&nbsp;<a href="#[3f]">GPIO0_7_Handler</a><BR>
 <LI><a href="#[40]">GPIO0_8_Handler</a>&nbsp;&nbsp;&nbsp;&rArr;&nbsp;&nbsp;&nbsp;<a href="#[40]">GPIO0_8_Handler</a><BR>
 <LI><a href="#[41]">GPIO0_9_Handler</a>&nbsp;&nbsp;&nbsp;&rArr;&nbsp;&nbsp;&nbsp;<a href="#[41]">GPIO0_9_Handler</a><BR>
 <LI><a href="#[34]">GPIO0_Combined_Handler</a>&nbsp;&nbsp;&nbsp;&rArr;&nbsp;&nbsp;&nbsp;<a href="#[34]">GPIO0_Combined_Handler</a><BR>
 <LI><a href="#[48]">GPIO1_0_Handler</a>&nbsp;&nbsp;&nbsp;&rArr;&nbsp;&nbsp;&nbsp;<a href="#[48]">GPIO1_0_Handler</a><BR>
 <LI><a href="#[52]">GPIO1_10_Handler</a>&nbsp;&nbsp;&nbsp;&rArr;&nbsp;&nbsp;&nbsp;<a href="#[52]">GPIO1_10_Handler</a><BR>
 <LI><a href="#[53]">GPIO1_11_Handler</a>&nbsp;&nbsp;&nbsp;&rArr;&nbsp;&nbsp;&nbsp;<a href="#[53]">GPIO1_11_Handler</a><BR>
 <LI><a href="#[54]">GPIO1_12_Handler</a>&nbsp;&nbsp;&nbsp;&rArr;&nbsp;&nbsp;&nbsp;<a href="#[54]">GPIO1_12_Handler</a><BR>
 <LI><a href="#[55]">GPIO1_13_Handler</a>&nbsp;&nbsp;&nbsp;&rArr;&nbsp;&nbsp;&nbsp;<a href="#[55]">GPIO1_13_Handler</a><BR>
 <LI><a href="#[56]">GPIO1_14_Handler</a>&nbsp;&nbsp;&nbsp;&rArr;&nbsp;&nbsp;&nbsp;<a href="#[56]">GPIO1_14_Handler</a><BR>
 <LI><a href="#[57]">GPIO1_15_Handler</a>&nbsp;&nbsp;&nbsp;&rArr;&nbsp;&nbsp;&nbsp;<a href="#[57]">GPIO1_15_Handler</a><BR>
 <LI><a href="#[49]">GPIO1_1_Handler</a>&nbsp;&nbsp;&nbsp;&rArr;&nbsp;&nbsp;&nbsp;<a href="#[49]">GPIO1_1_Handler</a><BR>
 <LI><a href="#[4a]">GPIO1_2_Handler</a>&nbsp;&nbsp;&nbsp;&rArr;&nbsp;&nbsp;&nbsp;<a href="#[4a]">GPIO1_2_Handler</a><BR>
 <LI><a href="#[4b]">GPIO1_3_Handler</a>&nbsp;&nbsp;&nbsp;&rArr;&nbsp;&nbsp;&nbsp;<a href="#[4b]">GPIO1_3_Handler</a><BR>
 <LI><a href="#[4c]">GPIO1_4_Handler</a>&nbsp;&nbsp;&nbsp;&rArr;&nbsp;&nbsp;&nbsp;<a href="#[4c]">GPIO1_4_Handler</a><BR>
 <LI><a href="#[4d]">GPIO1_5_Handler</a>&nbsp;&nbsp;&nbsp;&rArr;&nbsp;&nbsp;&nbsp;<a href="#[4d]">GPIO1_5_Handler</a><BR>
 <LI><a href="#[4e]">GPIO1_6_Handler</a>&nbsp;&nbsp;&nbsp;&rArr;&nbsp;&nbsp;&nbsp;<a href="#[4e]">GPIO1_6_Handler</a><BR>
 <LI><a href="#[4f]">GPIO1_7_Handler</a>&nbsp;&nbsp;&nbsp;&rArr;&nbsp;&nbsp;&nbsp;<a href="#[4f]">GPIO1_7_Handler</a><BR>
 <LI><a href="#[50]">GPIO1_8_Handler</a>&nbsp;&nbsp;&nbsp;&rArr;&nbsp;&nbsp;&nbsp;<a href="#[50]">GPIO1_8_Handler</a><BR>
 <LI><a href="#[51]">GPIO1_9_Handler</a>&nbsp;&nbsp;&nbsp;&rArr;&nbsp;&nbsp;&nbsp;<a href="#[51]">GPIO1_9_Handler</a><BR>
 <LI><a href="#[35]">GPIO1_Combined_Handler</a>&nbsp;&nbsp;&nbsp;&rArr;&nbsp;&nbsp;&nbsp;<a href="#[35]">GPIO1_Combined_Handler</a><BR>
 <LI><a href="#[58]">GPIO2_0_Handler</a>&nbsp;&nbsp;&nbsp;&rArr;&nbsp;&nbsp;&nbsp;<a href="#[58]">GPIO2_0_Handler</a><BR>
 <LI><a href="#[62]">GPIO2_10_Handler</a>&nbsp;&nbsp;&nbsp;&rArr;&nbsp;&nbsp;&nbsp;<a href="#[62]">GPIO2_10_Handler</a><BR>
 <LI><a href="#[63]">GPIO2_11_Handler</a>&nbsp;&nbsp;&nbsp;&rArr;&nbsp;&nbsp;&nbsp;<a href="#[63]">GPIO2_11_Handler</a><BR>
 <LI><a href="#[64]">GPIO2_12_Handler</a>&nbsp;&nbsp;&nbsp;&rArr;&nbsp;&nbsp;&nbsp;<a href="#[64]">GPIO2_12_Handler</a><BR>
 <LI><a href="#[65]">GPIO2_13_Handler</a>&nbsp;&nbsp;&nbsp;&rArr;&nbsp;&nbsp;&nbsp;<a href="#[65]">GPIO2_13_Handler</a><BR>
 <LI><a href="#[66]">GPIO2_14_Handler</a>&nbsp;&nbsp;&nbsp;&rArr;&nbsp;&nbsp;&nbsp;<a href="#[66]">GPIO2_14_Handler</a><BR>
 <LI><a href="#[67]">GPIO2_15_Handler</a>&nbsp;&nbsp;&nbsp;&rArr;&nbsp;&nbsp;&nbsp;<a href="#[67]">GPIO2_15_Handler</a><BR>
 <LI><a href="#[59]">GPIO2_1_Handler</a>&nbsp;&nbsp;&nbsp;&rArr;&nbsp;&nbsp;&nbsp;<a href="#[59]">GPIO2_1_Handler</a><BR>
 <LI><a href="#[5a]">GPIO2_2_Handler</a>&nbsp;&nbsp;&nbsp;&rArr;&nbsp;&nbsp;&nbsp;<a href="#[5a]">GPIO2_2_Handler</a><BR>
 <LI><a href="#[5b]">GPIO2_3_Handler</a>&nbsp;&nbsp;&nbsp;&rArr;&nbsp;&nbsp;&nbsp;<a href="#[5b]">GPIO2_3_Handler</a><BR>
 <LI><a href="#[5c]">GPIO2_4_Handler</a>&nbsp;&nbsp;&nbsp;&rArr;&nbsp;&nbsp;&nbsp;<a href="#[5c]">GPIO2_4_Handler</a><BR>
 <LI><a href="#[5d]">GPIO2_5_Handler</a>&nbsp;&nbsp;&nbsp;&rArr;&nbsp;&nbsp;&nbsp;<a href="#[5d]">GPIO2_5_Handler</a><BR>
 <LI><a href="#[5e]">GPIO2_6_Handler</a>&nbsp;&nbsp;&nbsp;&rArr;&nbsp;&nbsp;&nbsp;<a href="#[5e]">GPIO2_6_Handler</a><BR>
 <LI><a href="#[5f]">GPIO2_7_Handler</a>&nbsp;&nbsp;&nbsp;&rArr;&nbsp;&nbsp;&nbsp;<a href="#[5f]">GPIO2_7_Handler</a><BR>
 <LI><a href="#[60]">GPIO2_8_Handler</a>&nbsp;&nbsp;&nbsp;&rArr;&nbsp;&nbsp;&nbsp;<a href="#[60]">GPIO2_8_Handler</a><BR>
 <LI><a href="#[61]">GPIO2_9_Handler</a>&nbsp;&nbsp;&nbsp;&rArr;&nbsp;&nbsp;&nbsp;<a href="#[61]">GPIO2_9_Handler</a><BR>
 <LI><a href="#[36]">GPIO2_Combined_Handler</a>&nbsp;&nbsp;&nbsp;&rArr;&nbsp;&nbsp;&nbsp;<a href="#[36]">GPIO2_Combined_Handler</a><BR>
 <LI><a href="#[68]">GPIO3_0_Handler</a>&nbsp;&nbsp;&nbsp;&rArr;&nbsp;&nbsp;&nbsp;<a href="#[68]">GPIO3_0_Handler</a><BR>
 <LI><a href="#[69]">GPIO3_1_Handler</a>&nbsp;&nbsp;&nbsp;&rArr;&nbsp;&nbsp;&nbsp;<a href="#[69]">GPIO3_1_Handler</a><BR>
 <LI><a href="#[6a]">GPIO3_2_Handler</a>&nbsp;&nbsp;&nbsp;&rArr;&nbsp;&nbsp;&nbsp;<a href="#[6a]">GPIO3_2_Handler</a><BR>
 <LI><a href="#[6b]">GPIO3_3_Handler</a>&nbsp;&nbsp;&nbsp;&rArr;&nbsp;&nbsp;&nbsp;<a href="#[6b]">GPIO3_3_Handler</a><BR>
 <LI><a href="#[37]">GPIO3_Combined_Handler</a>&nbsp;&nbsp;&nbsp;&rArr;&nbsp;&nbsp;&nbsp;<a href="#[37]">GPIO3_Combined_Handler</a><BR>
 <LI><a href="#[2]">HardFault_Handler</a>&nbsp;&nbsp;&nbsp;&rArr;&nbsp;&nbsp;&nbsp;<a href="#[2]">HardFault_Handler</a><BR>
 <LI><a href="#[2c]">I2S_Handler</a>&nbsp;&nbsp;&nbsp;&rArr;&nbsp;&nbsp;&nbsp;<a href="#[2c]">I2S_Handler</a><BR>
 <LI><a href="#[11]">MPC_Handler</a>&nbsp;&nbsp;&nbsp;&rArr;&nbsp;&nbsp;&nbsp;<a href="#[11]">MPC_Handler</a><BR>
 <LI><a href="#[13]">MSC_Handler</a>&nbsp;&nbsp;&nbsp;&rArr;&nbsp;&nbsp;&nbsp;<a href="#[13]">MSC_Handler</a><BR>
 <LI><a href="#[3]">MemManage_Handler</a>&nbsp;&nbsp;&nbsp;&rArr;&nbsp;&nbsp;&nbsp;<a href="#[3]">MemManage_Handler</a><BR>
 <LI><a href="#[1]">NMI_Handler</a>&nbsp;&nbsp;&nbsp;&rArr;&nbsp;&nbsp;&nbsp;<a href="#[1]">NMI_Handler</a><BR>
 <LI><a href="#[c]">NONSEC_WATCHDOG_Handler</a>&nbsp;&nbsp;&nbsp;&rArr;&nbsp;&nbsp;&nbsp;<a href="#[c]">NONSEC_WATCHDOG_Handler</a><BR>
 <LI><a href="#[b]">NONSEC_WATCHDOG_RESET_REQ_Handler</a>&nbsp;&nbsp;&nbsp;&rArr;&nbsp;&nbsp;&nbsp;<a href="#[b]">NONSEC_WATCHDOG_RESET_REQ_Handler</a><BR>
 <LI><a href="#[12]">PPC_Handler</a>&nbsp;&nbsp;&nbsp;&rArr;&nbsp;&nbsp;&nbsp;<a href="#[12]">PPC_Handler</a><BR>
 <LI><a href="#[9]">PendSV_Handler</a>&nbsp;&nbsp;&nbsp;&rArr;&nbsp;&nbsp;&nbsp;<a href="#[9]">PendSV_Handler</a><BR>
 <LI><a href="#[d]">SLOWCLK_Timer_Handler</a>&nbsp;&nbsp;&nbsp;&rArr;&nbsp;&nbsp;&nbsp;<a href="#[d]">SLOWCLK_Timer_Handler</a><BR>
 <LI><a href="#[2f]">SPI_ADC_Handler</a>&nbsp;&nbsp;&nbsp;&rArr;&nbsp;&nbsp;&nbsp;<a href="#[2f]">SPI_ADC_Handler</a><BR>
 <LI><a href="#[30]">SPI_SHIELD0_Handler</a>&nbsp;&nbsp;&nbsp;&rArr;&nbsp;&nbsp;&nbsp;<a href="#[30]">SPI_SHIELD0_Handler</a><BR>
 <LI><a href="#[31]">SPI_SHIELD1_Handler</a>&nbsp;&nbsp;&nbsp;&rArr;&nbsp;&nbsp;&nbsp;<a href="#[31]">SPI_SHIELD1_Handler</a><BR>
 <LI><a href="#[7]">SVC_Handler</a>&nbsp;&nbsp;&nbsp;&rArr;&nbsp;&nbsp;&nbsp;<a href="#[7]">SVC_Handler</a><BR>
 <LI><a href="#[6]">SecureFault_Handler</a>&nbsp;&nbsp;&nbsp;&rArr;&nbsp;&nbsp;&nbsp;<a href="#[6]">SecureFault_Handler</a><BR>
 <LI><a href="#[a]">SysTick_Handler</a>&nbsp;&nbsp;&nbsp;&rArr;&nbsp;&nbsp;&nbsp;<a href="#[a]">SysTick_Handler</a><BR>
 <LI><a href="#[1a]">System_Timestamp_Counter_Handler</a>&nbsp;&nbsp;&nbsp;&rArr;&nbsp;&nbsp;&nbsp;<a href="#[1a]">System_Timestamp_Counter_Handler</a><BR>
 <LI><a href="#[e]">TFM_TIMER0_IRQ_Handler</a>&nbsp;&nbsp;&nbsp;&rArr;&nbsp;&nbsp;&nbsp;<a href="#[e]">TFM_TIMER0_IRQ_Handler</a><BR>
 <LI><a href="#[f]">TIMER1_Handler</a>&nbsp;&nbsp;&nbsp;&rArr;&nbsp;&nbsp;&nbsp;<a href="#[f]">TIMER1_Handler</a><BR>
 <LI><a href="#[10]">TIMER2_Handler</a>&nbsp;&nbsp;&nbsp;&rArr;&nbsp;&nbsp;&nbsp;<a href="#[10]">TIMER2_Handler</a><BR>
 <LI><a href="#[17]">TIMER3_AON_Handler</a>&nbsp;&nbsp;&nbsp;&rArr;&nbsp;&nbsp;&nbsp;<a href="#[17]">TIMER3_AON_Handler</a><BR>
 <LI><a href="#[2d]">TOUCH_SCREEN_Handler</a>&nbsp;&nbsp;&nbsp;&rArr;&nbsp;&nbsp;&nbsp;<a href="#[2d]">TOUCH_SCREEN_Handler</a><BR>
 <LI><a href="#[25]">UART0_Combined_Handler</a>&nbsp;&nbsp;&nbsp;&rArr;&nbsp;&nbsp;&nbsp;<a href="#[25]">UART0_Combined_Handler</a><BR>
 <LI><a href="#[26]">UART1_Combined_Handler</a>&nbsp;&nbsp;&nbsp;&rArr;&nbsp;&nbsp;&nbsp;<a href="#[26]">UART1_Combined_Handler</a><BR>
 <LI><a href="#[27]">UART2_Combined_Handler</a>&nbsp;&nbsp;&nbsp;&rArr;&nbsp;&nbsp;&nbsp;<a href="#[27]">UART2_Combined_Handler</a><BR>
 <LI><a href="#[28]">UART3_Combined_Handler</a>&nbsp;&nbsp;&nbsp;&rArr;&nbsp;&nbsp;&nbsp;<a href="#[28]">UART3_Combined_Handler</a><BR>
 <LI><a href="#[29]">UART4_Combined_Handler</a>&nbsp;&nbsp;&nbsp;&rArr;&nbsp;&nbsp;&nbsp;<a href="#[29]">UART4_Combined_Handler</a><BR>
 <LI><a href="#[6e]">UART5_Combined_Handler</a>&nbsp;&nbsp;&nbsp;&rArr;&nbsp;&nbsp;&nbsp;<a href="#[6e]">UART5_Combined_Handler</a><BR>
 <LI><a href="#[2a]">UARTOVF_Handler</a>&nbsp;&nbsp;&nbsp;&rArr;&nbsp;&nbsp;&nbsp;<a href="#[2a]">UARTOVF_Handler</a><BR>
 <LI><a href="#[1d]">UARTRX1_Handler</a>&nbsp;&nbsp;&nbsp;&rArr;&nbsp;&nbsp;&nbsp;<a href="#[1d]">UARTRX1_Handler</a><BR>
 <LI><a href="#[1f]">UARTRX2_Handler</a>&nbsp;&nbsp;&nbsp;&rArr;&nbsp;&nbsp;&nbsp;<a href="#[1f]">UARTRX2_Handler</a><BR>
 <LI><a href="#[21]">UARTRX3_Handler</a>&nbsp;&nbsp;&nbsp;&rArr;&nbsp;&nbsp;&nbsp;<a href="#[21]">UARTRX3_Handler</a><BR>
 <LI><a href="#[23]">UARTRX4_Handler</a>&nbsp;&nbsp;&nbsp;&rArr;&nbsp;&nbsp;&nbsp;<a href="#[23]">UARTRX4_Handler</a><BR>
 <LI><a href="#[6c]">UARTRX5_Handler</a>&nbsp;&nbsp;&nbsp;&rArr;&nbsp;&nbsp;&nbsp;<a href="#[6c]">UARTRX5_Handler</a><BR>
 <LI><a href="#[1e]">UARTTX1_Handler</a>&nbsp;&nbsp;&nbsp;&rArr;&nbsp;&nbsp;&nbsp;<a href="#[1e]">UARTTX1_Handler</a><BR>
 <LI><a href="#[20]">UARTTX2_Handler</a>&nbsp;&nbsp;&nbsp;&rArr;&nbsp;&nbsp;&nbsp;<a href="#[20]">UARTTX2_Handler</a><BR>
 <LI><a href="#[22]">UARTTX3_Handler</a>&nbsp;&nbsp;&nbsp;&rArr;&nbsp;&nbsp;&nbsp;<a href="#[22]">UARTTX3_Handler</a><BR>
 <LI><a href="#[24]">UARTTX4_Handler</a>&nbsp;&nbsp;&nbsp;&rArr;&nbsp;&nbsp;&nbsp;<a href="#[24]">UARTTX4_Handler</a><BR>
 <LI><a href="#[6d]">UARTTX5_Handler</a>&nbsp;&nbsp;&nbsp;&rArr;&nbsp;&nbsp;&nbsp;<a href="#[6d]">UARTTX5_Handler</a><BR>
 <LI><a href="#[2e]">USB_Handler</a>&nbsp;&nbsp;&nbsp;&rArr;&nbsp;&nbsp;&nbsp;<a href="#[2e]">USB_Handler</a><BR>
 <LI><a href="#[5]">UsageFault_Handler</a>&nbsp;&nbsp;&nbsp;&rArr;&nbsp;&nbsp;&nbsp;<a href="#[5]">UsageFault_Handler</a><BR>
 <LI><a href="#[6f]">VSI0_Handler</a>&nbsp;&nbsp;&nbsp;&rArr;&nbsp;&nbsp;&nbsp;<a href="#[6f]">VSI0_Handler</a><BR>
 <LI><a href="#[70]">VSI1_Handler</a>&nbsp;&nbsp;&nbsp;&rArr;&nbsp;&nbsp;&nbsp;<a href="#[70]">VSI1_Handler</a><BR>
 <LI><a href="#[71]">VSI2_Handler</a>&nbsp;&nbsp;&nbsp;&rArr;&nbsp;&nbsp;&nbsp;<a href="#[71]">VSI2_Handler</a><BR>
 <LI><a href="#[72]">VSI3_Handler</a>&nbsp;&nbsp;&nbsp;&rArr;&nbsp;&nbsp;&nbsp;<a href="#[72]">VSI3_Handler</a><BR>
 <LI><a href="#[73]">VSI4_Handler</a>&nbsp;&nbsp;&nbsp;&rArr;&nbsp;&nbsp;&nbsp;<a href="#[73]">VSI4_Handler</a><BR>
 <LI><a href="#[74]">VSI5_Handler</a>&nbsp;&nbsp;&nbsp;&rArr;&nbsp;&nbsp;&nbsp;<a href="#[74]">VSI5_Handler</a><BR>
 <LI><a href="#[75]">VSI6_Handler</a>&nbsp;&nbsp;&nbsp;&rArr;&nbsp;&nbsp;&nbsp;<a href="#[75]">VSI6_Handler</a><BR>
 <LI><a href="#[76]">VSI7_Handler</a>&nbsp;&nbsp;&nbsp;&rArr;&nbsp;&nbsp;&nbsp;<a href="#[76]">VSI7_Handler</a><BR>
</UL>
<P>
<H3>
Function Pointers
</H3><UL>
 <LI><a href="#[78]">ARM_USART_GetCapabilities</a> from driver_usart.o(.text.ARM_USART_GetCapabilities) referenced from driver_usart.o(.rodata.Driver_USART0)
 <LI><a href="#[77]">ARM_USART_GetVersion</a> from driver_usart.o(.text.ARM_USART_GetVersion) referenced from driver_usart.o(.rodata.Driver_USART0)
 <LI><a href="#[14]">BRIDGE_ERROR_Handler</a> from startup_sse310mps3.o(.text.BRIDGE_ERROR_Handler) referenced from startup_sse310mps3.o(RESET)
 <LI><a href="#[4]">BusFault_Handler</a> from startup_sse310mps3.o(.text.BusFault_Handler) referenced from startup_sse310mps3.o(RESET)
 <LI><a href="#[15]">COMBINED_PPU_Handler</a> from startup_sse310mps3.o(.text.COMBINED_PPU_Handler) referenced from startup_sse310mps3.o(RESET)
 <LI><a href="#[18]">CPU0_CTI_0_Handler</a> from startup_sse310mps3.o(.text.CPU0_CTI_0_Handler) referenced from startup_sse310mps3.o(RESET)
 <LI><a href="#[19]">CPU0_CTI_1_Handler</a> from startup_sse310mps3.o(.text.CPU0_CTI_1_Handler) referenced from startup_sse310mps3.o(RESET)
 <LI><a href="#[32]">DMA_Channel_0_Handler</a> from startup_sse310mps3.o(.text.DMA_Channel_0_Handler) referenced from startup_sse310mps3.o(RESET)
 <LI><a href="#[33]">DMA_Channel_1_Handler</a> from startup_sse310mps3.o(.text.DMA_Channel_1_Handler) referenced from startup_sse310mps3.o(RESET)
 <LI><a href="#[8]">DebugMon_Handler</a> from startup_sse310mps3.o(.text.DebugMon_Handler) referenced from startup_sse310mps3.o(RESET)
 <LI><a href="#[81]">Driver_USART0_Control</a> from driver_usart.o(.text.Driver_USART0_Control) referenced from driver_usart.o(.rodata.Driver_USART0)
 <LI><a href="#[84]">Driver_USART0_GetModemStatus</a> from driver_usart.o(.text.Driver_USART0_GetModemStatus) referenced from driver_usart.o(.rodata.Driver_USART0)
 <LI><a href="#[80]">Driver_USART0_GetRxCount</a> from driver_usart.o(.text.Driver_USART0_GetRxCount) referenced from driver_usart.o(.rodata.Driver_USART0)
 <LI><a href="#[82]">Driver_USART0_GetStatus</a> from driver_usart.o(.text.Driver_USART0_GetStatus) referenced from driver_usart.o(.rodata.Driver_USART0)
 <LI><a href="#[7f]">Driver_USART0_GetTxCount</a> from driver_usart.o(.text.Driver_USART0_GetTxCount) referenced from driver_usart.o(.rodata.Driver_USART0)
 <LI><a href="#[79]">Driver_USART0_Initialize</a> from driver_usart.o(.text.Driver_USART0_Initialize) referenced from driver_usart.o(.rodata.Driver_USART0)
 <LI><a href="#[7b]">Driver_USART0_PowerControl</a> from driver_usart.o(.text.Driver_USART0_PowerControl) referenced from driver_usart.o(.rodata.Driver_USART0)
 <LI><a href="#[7d]">Driver_USART0_Receive</a> from driver_usart.o(.text.Driver_USART0_Receive) referenced from driver_usart.o(.rodata.Driver_USART0)
 <LI><a href="#[7c]">Driver_USART0_Send</a> from driver_usart.o(.text.Driver_USART0_Send) referenced from driver_usart.o(.rodata.Driver_USART0)
 <LI><a href="#[83]">Driver_USART0_SetModemControl</a> from driver_usart.o(.text.Driver_USART0_SetModemControl) referenced from driver_usart.o(.rodata.Driver_USART0)
 <LI><a href="#[7e]">Driver_USART0_Transfer</a> from driver_usart.o(.text.Driver_USART0_Transfer) referenced from driver_usart.o(.rodata.Driver_USART0)
 <LI><a href="#[7a]">Driver_USART0_Uninitialize</a> from driver_usart.o(.text.Driver_USART0_Uninitialize) referenced from driver_usart.o(.rodata.Driver_USART0)
 <LI><a href="#[2b]">ETHERNET_Handler</a> from startup_sse310mps3.o(.text.ETHERNET_Handler) referenced from startup_sse310mps3.o(RESET)
 <LI><a href="#[16]">ETHOS_U55_Handler</a> from startup_sse310mps3.o(.text.ETHOS_U55_Handler) referenced from startup_sse310mps3.o(RESET)
 <LI><a href="#[38]">GPIO0_0_Handler</a> from startup_sse310mps3.o(.text.GPIO0_0_Handler) referenced from startup_sse310mps3.o(RESET)
 <LI><a href="#[42]">GPIO0_10_Handler</a> from startup_sse310mps3.o(.text.GPIO0_10_Handler) referenced from startup_sse310mps3.o(RESET)
 <LI><a href="#[43]">GPIO0_11_Handler</a> from startup_sse310mps3.o(.text.GPIO0_11_Handler) referenced from startup_sse310mps3.o(RESET)
 <LI><a href="#[44]">GPIO0_12_Handler</a> from startup_sse310mps3.o(.text.GPIO0_12_Handler) referenced from startup_sse310mps3.o(RESET)
 <LI><a href="#[45]">GPIO0_13_Handler</a> from startup_sse310mps3.o(.text.GPIO0_13_Handler) referenced from startup_sse310mps3.o(RESET)
 <LI><a href="#[46]">GPIO0_14_Handler</a> from startup_sse310mps3.o(.text.GPIO0_14_Handler) referenced from startup_sse310mps3.o(RESET)
 <LI><a href="#[47]">GPIO0_15_Handler</a> from startup_sse310mps3.o(.text.GPIO0_15_Handler) referenced from startup_sse310mps3.o(RESET)
 <LI><a href="#[39]">GPIO0_1_Handler</a> from startup_sse310mps3.o(.text.GPIO0_1_Handler) referenced from startup_sse310mps3.o(RESET)
 <LI><a href="#[3a]">GPIO0_2_Handler</a> from startup_sse310mps3.o(.text.GPIO0_2_Handler) referenced from startup_sse310mps3.o(RESET)
 <LI><a href="#[3b]">GPIO0_3_Handler</a> from startup_sse310mps3.o(.text.GPIO0_3_Handler) referenced from startup_sse310mps3.o(RESET)
 <LI><a href="#[3c]">GPIO0_4_Handler</a> from startup_sse310mps3.o(.text.GPIO0_4_Handler) referenced from startup_sse310mps3.o(RESET)
 <LI><a href="#[3d]">GPIO0_5_Handler</a> from startup_sse310mps3.o(.text.GPIO0_5_Handler) referenced from startup_sse310mps3.o(RESET)
 <LI><a href="#[3e]">GPIO0_6_Handler</a> from startup_sse310mps3.o(.text.GPIO0_6_Handler) referenced from startup_sse310mps3.o(RESET)
 <LI><a href="#[3f]">GPIO0_7_Handler</a> from startup_sse310mps3.o(.text.GPIO0_7_Handler) referenced from startup_sse310mps3.o(RESET)
 <LI><a href="#[40]">GPIO0_8_Handler</a> from startup_sse310mps3.o(.text.GPIO0_8_Handler) referenced from startup_sse310mps3.o(RESET)
 <LI><a href="#[41]">GPIO0_9_Handler</a> from startup_sse310mps3.o(.text.GPIO0_9_Handler) referenced from startup_sse310mps3.o(RESET)
 <LI><a href="#[34]">GPIO0_Combined_Handler</a> from startup_sse310mps3.o(.text.GPIO0_Combined_Handler) referenced from startup_sse310mps3.o(RESET)
 <LI><a href="#[48]">GPIO1_0_Handler</a> from startup_sse310mps3.o(.text.GPIO1_0_Handler) referenced from startup_sse310mps3.o(RESET)
 <LI><a href="#[52]">GPIO1_10_Handler</a> from startup_sse310mps3.o(.text.GPIO1_10_Handler) referenced from startup_sse310mps3.o(RESET)
 <LI><a href="#[53]">GPIO1_11_Handler</a> from startup_sse310mps3.o(.text.GPIO1_11_Handler) referenced from startup_sse310mps3.o(RESET)
 <LI><a href="#[54]">GPIO1_12_Handler</a> from startup_sse310mps3.o(.text.GPIO1_12_Handler) referenced from startup_sse310mps3.o(RESET)
 <LI><a href="#[55]">GPIO1_13_Handler</a> from startup_sse310mps3.o(.text.GPIO1_13_Handler) referenced from startup_sse310mps3.o(RESET)
 <LI><a href="#[56]">GPIO1_14_Handler</a> from startup_sse310mps3.o(.text.GPIO1_14_Handler) referenced from startup_sse310mps3.o(RESET)
 <LI><a href="#[57]">GPIO1_15_Handler</a> from startup_sse310mps3.o(.text.GPIO1_15_Handler) referenced from startup_sse310mps3.o(RESET)
 <LI><a href="#[49]">GPIO1_1_Handler</a> from startup_sse310mps3.o(.text.GPIO1_1_Handler) referenced from startup_sse310mps3.o(RESET)
 <LI><a href="#[4a]">GPIO1_2_Handler</a> from startup_sse310mps3.o(.text.GPIO1_2_Handler) referenced from startup_sse310mps3.o(RESET)
 <LI><a href="#[4b]">GPIO1_3_Handler</a> from startup_sse310mps3.o(.text.GPIO1_3_Handler) referenced from startup_sse310mps3.o(RESET)
 <LI><a href="#[4c]">GPIO1_4_Handler</a> from startup_sse310mps3.o(.text.GPIO1_4_Handler) referenced from startup_sse310mps3.o(RESET)
 <LI><a href="#[4d]">GPIO1_5_Handler</a> from startup_sse310mps3.o(.text.GPIO1_5_Handler) referenced from startup_sse310mps3.o(RESET)
 <LI><a href="#[4e]">GPIO1_6_Handler</a> from startup_sse310mps3.o(.text.GPIO1_6_Handler) referenced from startup_sse310mps3.o(RESET)
 <LI><a href="#[4f]">GPIO1_7_Handler</a> from startup_sse310mps3.o(.text.GPIO1_7_Handler) referenced from startup_sse310mps3.o(RESET)
 <LI><a href="#[50]">GPIO1_8_Handler</a> from startup_sse310mps3.o(.text.GPIO1_8_Handler) referenced from startup_sse310mps3.o(RESET)
 <LI><a href="#[51]">GPIO1_9_Handler</a> from startup_sse310mps3.o(.text.GPIO1_9_Handler) referenced from startup_sse310mps3.o(RESET)
 <LI><a href="#[35]">GPIO1_Combined_Handler</a> from startup_sse310mps3.o(.text.GPIO1_Combined_Handler) referenced from startup_sse310mps3.o(RESET)
 <LI><a href="#[58]">GPIO2_0_Handler</a> from startup_sse310mps3.o(.text.GPIO2_0_Handler) referenced from startup_sse310mps3.o(RESET)
 <LI><a href="#[62]">GPIO2_10_Handler</a> from startup_sse310mps3.o(.text.GPIO2_10_Handler) referenced from startup_sse310mps3.o(RESET)
 <LI><a href="#[63]">GPIO2_11_Handler</a> from startup_sse310mps3.o(.text.GPIO2_11_Handler) referenced from startup_sse310mps3.o(RESET)
 <LI><a href="#[64]">GPIO2_12_Handler</a> from startup_sse310mps3.o(.text.GPIO2_12_Handler) referenced from startup_sse310mps3.o(RESET)
 <LI><a href="#[65]">GPIO2_13_Handler</a> from startup_sse310mps3.o(.text.GPIO2_13_Handler) referenced from startup_sse310mps3.o(RESET)
 <LI><a href="#[66]">GPIO2_14_Handler</a> from startup_sse310mps3.o(.text.GPIO2_14_Handler) referenced from startup_sse310mps3.o(RESET)
 <LI><a href="#[67]">GPIO2_15_Handler</a> from startup_sse310mps3.o(.text.GPIO2_15_Handler) referenced from startup_sse310mps3.o(RESET)
 <LI><a href="#[59]">GPIO2_1_Handler</a> from startup_sse310mps3.o(.text.GPIO2_1_Handler) referenced from startup_sse310mps3.o(RESET)
 <LI><a href="#[5a]">GPIO2_2_Handler</a> from startup_sse310mps3.o(.text.GPIO2_2_Handler) referenced from startup_sse310mps3.o(RESET)
 <LI><a href="#[5b]">GPIO2_3_Handler</a> from startup_sse310mps3.o(.text.GPIO2_3_Handler) referenced from startup_sse310mps3.o(RESET)
 <LI><a href="#[5c]">GPIO2_4_Handler</a> from startup_sse310mps3.o(.text.GPIO2_4_Handler) referenced from startup_sse310mps3.o(RESET)
 <LI><a href="#[5d]">GPIO2_5_Handler</a> from startup_sse310mps3.o(.text.GPIO2_5_Handler) referenced from startup_sse310mps3.o(RESET)
 <LI><a href="#[5e]">GPIO2_6_Handler</a> from startup_sse310mps3.o(.text.GPIO2_6_Handler) referenced from startup_sse310mps3.o(RESET)
 <LI><a href="#[5f]">GPIO2_7_Handler</a> from startup_sse310mps3.o(.text.GPIO2_7_Handler) referenced from startup_sse310mps3.o(RESET)
 <LI><a href="#[60]">GPIO2_8_Handler</a> from startup_sse310mps3.o(.text.GPIO2_8_Handler) referenced from startup_sse310mps3.o(RESET)
 <LI><a href="#[61]">GPIO2_9_Handler</a> from startup_sse310mps3.o(.text.GPIO2_9_Handler) referenced from startup_sse310mps3.o(RESET)
 <LI><a href="#[36]">GPIO2_Combined_Handler</a> from startup_sse310mps3.o(.text.GPIO2_Combined_Handler) referenced from startup_sse310mps3.o(RESET)
 <LI><a href="#[68]">GPIO3_0_Handler</a> from startup_sse310mps3.o(.text.GPIO3_0_Handler) referenced from startup_sse310mps3.o(RESET)
 <LI><a href="#[69]">GPIO3_1_Handler</a> from startup_sse310mps3.o(.text.GPIO3_1_Handler) referenced from startup_sse310mps3.o(RESET)
 <LI><a href="#[6a]">GPIO3_2_Handler</a> from startup_sse310mps3.o(.text.GPIO3_2_Handler) referenced from startup_sse310mps3.o(RESET)
 <LI><a href="#[6b]">GPIO3_3_Handler</a> from startup_sse310mps3.o(.text.GPIO3_3_Handler) referenced from startup_sse310mps3.o(RESET)
 <LI><a href="#[37]">GPIO3_Combined_Handler</a> from startup_sse310mps3.o(.text.GPIO3_Combined_Handler) referenced from startup_sse310mps3.o(RESET)
 <LI><a href="#[2]">HardFault_Handler</a> from startup_sse310mps3.o(.text.HardFault_Handler) referenced from startup_sse310mps3.o(RESET)
 <LI><a href="#[2c]">I2S_Handler</a> from startup_sse310mps3.o(.text.I2S_Handler) referenced from startup_sse310mps3.o(RESET)
 <LI><a href="#[11]">MPC_Handler</a> from startup_sse310mps3.o(.text.MPC_Handler) referenced from startup_sse310mps3.o(RESET)
 <LI><a href="#[13]">MSC_Handler</a> from startup_sse310mps3.o(.text.MSC_Handler) referenced from startup_sse310mps3.o(RESET)
 <LI><a href="#[3]">MemManage_Handler</a> from startup_sse310mps3.o(.text.MemManage_Handler) referenced from startup_sse310mps3.o(RESET)
 <LI><a href="#[1]">NMI_Handler</a> from startup_sse310mps3.o(.text.NMI_Handler) referenced from startup_sse310mps3.o(RESET)
 <LI><a href="#[c]">NONSEC_WATCHDOG_Handler</a> from startup_sse310mps3.o(.text.NONSEC_WATCHDOG_Handler) referenced from startup_sse310mps3.o(RESET)
 <LI><a href="#[b]">NONSEC_WATCHDOG_RESET_REQ_Handler</a> from startup_sse310mps3.o(.text.NONSEC_WATCHDOG_RESET_REQ_Handler) referenced from startup_sse310mps3.o(RESET)
 <LI><a href="#[12]">PPC_Handler</a> from startup_sse310mps3.o(.text.PPC_Handler) referenced from startup_sse310mps3.o(RESET)
 <LI><a href="#[9]">PendSV_Handler</a> from startup_sse310mps3.o(.text.PendSV_Handler) referenced from startup_sse310mps3.o(RESET)
 <LI><a href="#[0]">Reset_Handler</a> from startup_sse310mps3.o(.text.Reset_Handler) referenced from startup_sse310mps3.o(RESET)
 <LI><a href="#[d]">SLOWCLK_Timer_Handler</a> from startup_sse310mps3.o(.text.SLOWCLK_Timer_Handler) referenced from startup_sse310mps3.o(RESET)
 <LI><a href="#[2f]">SPI_ADC_Handler</a> from startup_sse310mps3.o(.text.SPI_ADC_Handler) referenced from startup_sse310mps3.o(RESET)
 <LI><a href="#[30]">SPI_SHIELD0_Handler</a> from startup_sse310mps3.o(.text.SPI_SHIELD0_Handler) referenced from startup_sse310mps3.o(RESET)
 <LI><a href="#[31]">SPI_SHIELD1_Handler</a> from startup_sse310mps3.o(.text.SPI_SHIELD1_Handler) referenced from startup_sse310mps3.o(RESET)
 <LI><a href="#[7]">SVC_Handler</a> from startup_sse310mps3.o(.text.SVC_Handler) referenced from startup_sse310mps3.o(RESET)
 <LI><a href="#[6]">SecureFault_Handler</a> from startup_sse310mps3.o(.text.SecureFault_Handler) referenced from startup_sse310mps3.o(RESET)
 <LI><a href="#[a]">SysTick_Handler</a> from startup_sse310mps3.o(.text.SysTick_Handler) referenced from startup_sse310mps3.o(RESET)
 <LI><a href="#[1a]">System_Timestamp_Counter_Handler</a> from startup_sse310mps3.o(.text.System_Timestamp_Counter_Handler) referenced from startup_sse310mps3.o(RESET)
 <LI><a href="#[e]">TFM_TIMER0_IRQ_Handler</a> from startup_sse310mps3.o(.text.TFM_TIMER0_IRQ_Handler) referenced from startup_sse310mps3.o(RESET)
 <LI><a href="#[f]">TIMER1_Handler</a> from startup_sse310mps3.o(.text.TIMER1_Handler) referenced from startup_sse310mps3.o(RESET)
 <LI><a href="#[10]">TIMER2_Handler</a> from startup_sse310mps3.o(.text.TIMER2_Handler) referenced from startup_sse310mps3.o(RESET)
 <LI><a href="#[17]">TIMER3_AON_Handler</a> from startup_sse310mps3.o(.text.TIMER3_AON_Handler) referenced from startup_sse310mps3.o(RESET)
 <LI><a href="#[2d]">TOUCH_SCREEN_Handler</a> from startup_sse310mps3.o(.text.TOUCH_SCREEN_Handler) referenced from startup_sse310mps3.o(RESET)
 <LI><a href="#[25]">UART0_Combined_Handler</a> from startup_sse310mps3.o(.text.UART0_Combined_Handler) referenced from startup_sse310mps3.o(RESET)
 <LI><a href="#[26]">UART1_Combined_Handler</a> from startup_sse310mps3.o(.text.UART1_Combined_Handler) referenced from startup_sse310mps3.o(RESET)
 <LI><a href="#[27]">UART2_Combined_Handler</a> from startup_sse310mps3.o(.text.UART2_Combined_Handler) referenced from startup_sse310mps3.o(RESET)
 <LI><a href="#[28]">UART3_Combined_Handler</a> from startup_sse310mps3.o(.text.UART3_Combined_Handler) referenced from startup_sse310mps3.o(RESET)
 <LI><a href="#[29]">UART4_Combined_Handler</a> from startup_sse310mps3.o(.text.UART4_Combined_Handler) referenced from startup_sse310mps3.o(RESET)
 <LI><a href="#[6e]">UART5_Combined_Handler</a> from startup_sse310mps3.o(.text.UART5_Combined_Handler) referenced from startup_sse310mps3.o(RESET)
 <LI><a href="#[2a]">UARTOVF_Handler</a> from startup_sse310mps3.o(.text.UARTOVF_Handler) referenced from startup_sse310mps3.o(RESET)
 <LI><a href="#[1b]">UARTRX0_Handler</a> from driver_usart.o(.text.UARTRX0_Handler) referenced from startup_sse310mps3.o(RESET)
 <LI><a href="#[1d]">UARTRX1_Handler</a> from startup_sse310mps3.o(.text.UARTRX1_Handler) referenced from startup_sse310mps3.o(RESET)
 <LI><a href="#[1f]">UARTRX2_Handler</a> from startup_sse310mps3.o(.text.UARTRX2_Handler) referenced from startup_sse310mps3.o(RESET)
 <LI><a href="#[21]">UARTRX3_Handler</a> from startup_sse310mps3.o(.text.UARTRX3_Handler) referenced from startup_sse310mps3.o(RESET)
 <LI><a href="#[23]">UARTRX4_Handler</a> from startup_sse310mps3.o(.text.UARTRX4_Handler) referenced from startup_sse310mps3.o(RESET)
 <LI><a href="#[6c]">UARTRX5_Handler</a> from startup_sse310mps3.o(.text.UARTRX5_Handler) referenced from startup_sse310mps3.o(RESET)
 <LI><a href="#[1c]">UARTTX0_Handler</a> from driver_usart.o(.text.UARTTX0_Handler) referenced from startup_sse310mps3.o(RESET)
 <LI><a href="#[1e]">UARTTX1_Handler</a> from startup_sse310mps3.o(.text.UARTTX1_Handler) referenced from startup_sse310mps3.o(RESET)
 <LI><a href="#[20]">UARTTX2_Handler</a> from startup_sse310mps3.o(.text.UARTTX2_Handler) referenced from startup_sse310mps3.o(RESET)
 <LI><a href="#[22]">UARTTX3_Handler</a> from startup_sse310mps3.o(.text.UARTTX3_Handler) referenced from startup_sse310mps3.o(RESET)
 <LI><a href="#[24]">UARTTX4_Handler</a> from startup_sse310mps3.o(.text.UARTTX4_Handler) referenced from startup_sse310mps3.o(RESET)
 <LI><a href="#[6d]">UARTTX5_Handler</a> from startup_sse310mps3.o(.text.UARTTX5_Handler) referenced from startup_sse310mps3.o(RESET)
 <LI><a href="#[2e]">USB_Handler</a> from startup_sse310mps3.o(.text.USB_Handler) referenced from startup_sse310mps3.o(RESET)
 <LI><a href="#[5]">UsageFault_Handler</a> from startup_sse310mps3.o(.text.UsageFault_Handler) referenced from startup_sse310mps3.o(RESET)
 <LI><a href="#[6f]">VSI0_Handler</a> from startup_sse310mps3.o(.text.VSI0_Handler) referenced from startup_sse310mps3.o(RESET)
 <LI><a href="#[70]">VSI1_Handler</a> from startup_sse310mps3.o(.text.VSI1_Handler) referenced from startup_sse310mps3.o(RESET)
 <LI><a href="#[71]">VSI2_Handler</a> from startup_sse310mps3.o(.text.VSI2_Handler) referenced from startup_sse310mps3.o(RESET)
 <LI><a href="#[72]">VSI3_Handler</a> from startup_sse310mps3.o(.text.VSI3_Handler) referenced from startup_sse310mps3.o(RESET)
 <LI><a href="#[73]">VSI4_Handler</a> from startup_sse310mps3.o(.text.VSI4_Handler) referenced from startup_sse310mps3.o(RESET)
 <LI><a href="#[74]">VSI5_Handler</a> from startup_sse310mps3.o(.text.VSI5_Handler) referenced from startup_sse310mps3.o(RESET)
 <LI><a href="#[75]">VSI6_Handler</a> from startup_sse310mps3.o(.text.VSI6_Handler) referenced from startup_sse310mps3.o(RESET)
 <LI><a href="#[76]">VSI7_Handler</a> from startup_sse310mps3.o(.text.VSI7_Handler) referenced from startup_sse310mps3.o(RESET)
</UL>
<P>
<H3>
Global Symbols
</H3>
<P><STRONG><a name="[85]"></a>__main</STRONG> (Thumb, 8 bytes, Stack size 0 bytes, __main.o(!!!main))
<BR><BR>[Calls]<UL><LI><a href="#[87]">&gt;&gt;</a>&nbsp;&nbsp;&nbsp;__rt_entry
<LI><a href="#[86]">&gt;&gt;</a>&nbsp;&nbsp;&nbsp;__scatterload
</UL>
<BR>[Called By]<UL><LI><a href="#[0]">&gt;&gt;</a>&nbsp;&nbsp;&nbsp;Reset_Handler
</UL>

<P><STRONG><a name="[86]"></a>__scatterload</STRONG> (Thumb, 0 bytes, Stack size unknown bytes, __scatter.o(!!!scatter))
<BR><BR>[Called By]<UL><LI><a href="#[85]">&gt;&gt;</a>&nbsp;&nbsp;&nbsp;__main
</UL>

<P><STRONG><a name="[88]"></a>__scatterload_rt2</STRONG> (Thumb, 44 bytes, Stack size unknown bytes, __scatter.o(!!!scatter), UNUSED)
<BR><BR>[Calls]<UL><LI><a href="#[87]">&gt;&gt;</a>&nbsp;&nbsp;&nbsp;__rt_entry
</UL>

<P><STRONG><a name="[e0]"></a>__scatterload_rt2_thumb_only</STRONG> (Thumb, 0 bytes, Stack size unknown bytes, __scatter.o(!!!scatter), UNUSED)

<P><STRONG><a name="[e1]"></a>__scatterload_null</STRONG> (Thumb, 0 bytes, Stack size unknown bytes, __scatter.o(!!!scatter), UNUSED)

<P><STRONG><a name="[89]"></a>__scatterload_copy</STRONG> (Thumb, 26 bytes, Stack size unknown bytes, __scatter_copy.o(!!handler_copy), UNUSED)
<BR><BR>[Calls]<UL><LI><a href="#[89]">&gt;&gt;</a>&nbsp;&nbsp;&nbsp;__scatterload_copy
</UL>
<BR>[Called By]<UL><LI><a href="#[89]">&gt;&gt;</a>&nbsp;&nbsp;&nbsp;__scatterload_copy
</UL>

<P><STRONG><a name="[e2]"></a>__scatterload_zeroinit</STRONG> (Thumb, 28 bytes, Stack size unknown bytes, __scatter_zi.o(!!handler_zi), UNUSED)

<P><STRONG><a name="[93]"></a>__rt_lib_init</STRONG> (Thumb, 0 bytes, Stack size unknown bytes, libinit.o(.ARM.Collect$$libinit$$00000000))
<BR><BR>[Called By]<UL><LI><a href="#[92]">&gt;&gt;</a>&nbsp;&nbsp;&nbsp;__rt_entry_li
</UL>

<P><STRONG><a name="[8a]"></a>__rt_lib_init_fp_1</STRONG> (Thumb, 0 bytes, Stack size unknown bytes, libinit2.o(.ARM.Collect$$libinit$$00000001))
<BR><BR>[Calls]<UL><LI><a href="#[8b]">&gt;&gt;</a>&nbsp;&nbsp;&nbsp;_fp_init
</UL>

<P><STRONG><a name="[8c]"></a>__rt_lib_init_heap_2</STRONG> (Thumb, 0 bytes, Stack size unknown bytes, libinit5.o(.ARM.Collect$$libinit$$0000000A))
<BR><BR>[Stack]<UL><LI>Max Depth = 64 + Unknown Stack Size
<LI>Call Chain = __rt_lib_init_heap_2 &rArr; _init_alloc &rArr; __rt_SIGRTMEM &rArr; __rt_SIGRTMEM_inner &rArr; __default_signal_display &rArr; _ttywrch
</UL>
<BR>[Calls]<UL><LI><a href="#[8d]">&gt;&gt;</a>&nbsp;&nbsp;&nbsp;_init_alloc
</UL>

<P><STRONG><a name="[e3]"></a>__rt_lib_init_preinit_1</STRONG> (Thumb, 0 bytes, Stack size unknown bytes, libinit2.o(.ARM.Collect$$libinit$$00000006))

<P><STRONG><a name="[e4]"></a>__rt_lib_init_relocate_pie_1</STRONG> (Thumb, 0 bytes, Stack size unknown bytes, libinit2.o(.ARM.Collect$$libinit$$00000004))

<P><STRONG><a name="[e5]"></a>__rt_lib_init_atexit_1</STRONG> (Thumb, 0 bytes, Stack size unknown bytes, libinit2.o(.ARM.Collect$$libinit$$0000001D))

<P><STRONG><a name="[e6]"></a>__rt_lib_init_clock_1</STRONG> (Thumb, 0 bytes, Stack size unknown bytes, libinit2.o(.ARM.Collect$$libinit$$00000023))

<P><STRONG><a name="[e7]"></a>__rt_lib_init_fp_trap_1</STRONG> (Thumb, 0 bytes, Stack size unknown bytes, libinit2.o(.ARM.Collect$$libinit$$00000021))

<P><STRONG><a name="[e8]"></a>__rt_lib_init_getenv_1</STRONG> (Thumb, 0 bytes, Stack size unknown bytes, libinit2.o(.ARM.Collect$$libinit$$00000025))

<P><STRONG><a name="[e9]"></a>__rt_lib_init_heap_1</STRONG> (Thumb, 0 bytes, Stack size unknown bytes, libinit2.o(.ARM.Collect$$libinit$$0000000C))

<P><STRONG><a name="[ea]"></a>__rt_lib_init_lc_collate_1</STRONG> (Thumb, 0 bytes, Stack size unknown bytes, libinit2.o(.ARM.Collect$$libinit$$00000013))

<P><STRONG><a name="[eb]"></a>__rt_lib_init_lc_ctype_1</STRONG> (Thumb, 0 bytes, Stack size unknown bytes, libinit2.o(.ARM.Collect$$libinit$$00000015))

<P><STRONG><a name="[ec]"></a>__rt_lib_init_lc_monetary_1</STRONG> (Thumb, 0 bytes, Stack size unknown bytes, libinit2.o(.ARM.Collect$$libinit$$00000017))

<P><STRONG><a name="[ed]"></a>__rt_lib_init_lc_numeric_1</STRONG> (Thumb, 0 bytes, Stack size unknown bytes, libinit2.o(.ARM.Collect$$libinit$$00000019))

<P><STRONG><a name="[ee]"></a>__rt_lib_init_lc_time_1</STRONG> (Thumb, 0 bytes, Stack size unknown bytes, libinit2.o(.ARM.Collect$$libinit$$0000001B))

<P><STRONG><a name="[ef]"></a>__rt_lib_init_rand_1</STRONG> (Thumb, 0 bytes, Stack size unknown bytes, libinit2.o(.ARM.Collect$$libinit$$00000010))

<P><STRONG><a name="[f0]"></a>__rt_lib_init_signal_1</STRONG> (Thumb, 0 bytes, Stack size unknown bytes, libinit2.o(.ARM.Collect$$libinit$$0000001F))

<P><STRONG><a name="[8e]"></a>__rt_lib_init_stdio_2</STRONG> (Thumb, 0 bytes, Stack size unknown bytes, libinit2.o(.ARM.Collect$$libinit$$00000026))
<BR><BR>[Stack]<UL><LI>Max Depth = 152 + Unknown Stack Size
<LI>Call Chain = __rt_lib_init_stdio_2 &rArr; _initio &rArr; freopen &rArr; _fclose_internal &rArr; _fflush &rArr; _writebuf &rArr; _sys_write &rArr; stdout_putchar
</UL>
<BR>[Calls]<UL><LI><a href="#[8f]">&gt;&gt;</a>&nbsp;&nbsp;&nbsp;_initio
</UL>

<P><STRONG><a name="[f1]"></a>__rt_lib_init_user_alloc_1</STRONG> (Thumb, 0 bytes, Stack size unknown bytes, libinit2.o(.ARM.Collect$$libinit$$0000000E))

<P><STRONG><a name="[f2]"></a>__rt_lib_init_alloca_1</STRONG> (Thumb, 0 bytes, Stack size unknown bytes, libinit2.o(.ARM.Collect$$libinit$$00000030))

<P><STRONG><a name="[f3]"></a>__rt_lib_init_argv_1</STRONG> (Thumb, 0 bytes, Stack size unknown bytes, libinit2.o(.ARM.Collect$$libinit$$0000002E))

<P><STRONG><a name="[f4]"></a>__rt_lib_init_cpp_1</STRONG> (Thumb, 0 bytes, Stack size unknown bytes, libinit2.o(.ARM.Collect$$libinit$$00000034))

<P><STRONG><a name="[f5]"></a>__rt_lib_init_exceptions_1</STRONG> (Thumb, 0 bytes, Stack size unknown bytes, libinit2.o(.ARM.Collect$$libinit$$00000032))

<P><STRONG><a name="[f6]"></a>__rt_lib_init_return</STRONG> (Thumb, 0 bytes, Stack size unknown bytes, libinit2.o(.ARM.Collect$$libinit$$00000035))

<P><STRONG><a name="[f7]"></a>__rt_lib_init_stdio_1</STRONG> (Thumb, 0 bytes, Stack size unknown bytes, libinit2.o(.ARM.Collect$$libinit$$00000027))

<P><STRONG><a name="[98]"></a>__rt_lib_shutdown</STRONG> (Thumb, 0 bytes, Stack size unknown bytes, libshutdown.o(.ARM.Collect$$libshutdown$$00000000))
<BR><BR>[Called By]<UL><LI><a href="#[97]">&gt;&gt;</a>&nbsp;&nbsp;&nbsp;__rt_exit_ls
</UL>

<P><STRONG><a name="[f8]"></a>__rt_lib_shutdown_cpp_1</STRONG> (Thumb, 0 bytes, Stack size unknown bytes, libshutdown2.o(.ARM.Collect$$libshutdown$$00000002))

<P><STRONG><a name="[90]"></a>__rt_lib_shutdown_stdio_2</STRONG> (Thumb, 0 bytes, Stack size unknown bytes, libshutdown2.o(.ARM.Collect$$libshutdown$$00000003))
<BR><BR>[Stack]<UL><LI>Max Depth = 136 + Unknown Stack Size
<LI>Call Chain = __rt_lib_shutdown_stdio_2 &rArr; _terminateio &rArr; _fclose_internal &rArr; _fflush &rArr; _writebuf &rArr; _sys_write &rArr; stdout_putchar
</UL>
<BR>[Calls]<UL><LI><a href="#[91]">&gt;&gt;</a>&nbsp;&nbsp;&nbsp;_terminateio
</UL>

<P><STRONG><a name="[f9]"></a>__rt_lib_shutdown_fp_trap_1</STRONG> (Thumb, 0 bytes, Stack size unknown bytes, libshutdown2.o(.ARM.Collect$$libshutdown$$00000007))

<P><STRONG><a name="[fa]"></a>__rt_lib_shutdown_heap_1</STRONG> (Thumb, 0 bytes, Stack size unknown bytes, libshutdown2.o(.ARM.Collect$$libshutdown$$0000000F))

<P><STRONG><a name="[fb]"></a>__rt_lib_shutdown_return</STRONG> (Thumb, 0 bytes, Stack size unknown bytes, libshutdown2.o(.ARM.Collect$$libshutdown$$00000010))

<P><STRONG><a name="[fc]"></a>__rt_lib_shutdown_signal_1</STRONG> (Thumb, 0 bytes, Stack size unknown bytes, libshutdown2.o(.ARM.Collect$$libshutdown$$0000000A))

<P><STRONG><a name="[fd]"></a>__rt_lib_shutdown_stdio_1</STRONG> (Thumb, 0 bytes, Stack size unknown bytes, libshutdown2.o(.ARM.Collect$$libshutdown$$00000004))

<P><STRONG><a name="[fe]"></a>__rt_lib_shutdown_user_alloc_1</STRONG> (Thumb, 0 bytes, Stack size unknown bytes, libshutdown2.o(.ARM.Collect$$libshutdown$$0000000C))

<P><STRONG><a name="[87]"></a>__rt_entry</STRONG> (Thumb, 0 bytes, Stack size unknown bytes, __rtentry.o(.ARM.Collect$$rtentry$$00000000))
<BR><BR>[Called By]<UL><LI><a href="#[85]">&gt;&gt;</a>&nbsp;&nbsp;&nbsp;__main
<LI><a href="#[88]">&gt;&gt;</a>&nbsp;&nbsp;&nbsp;__scatterload_rt2
</UL>

<P><STRONG><a name="[ff]"></a>__rt_entry_presh_1</STRONG> (Thumb, 0 bytes, Stack size unknown bytes, __rtentry2.o(.ARM.Collect$$rtentry$$00000002))

<P><STRONG><a name="[100]"></a>__rt_entry_sh</STRONG> (Thumb, 0 bytes, Stack size unknown bytes, __rtentry7.o(.ARM.Collect$$rtentry$$00000007))

<P><STRONG><a name="[92]"></a>__rt_entry_li</STRONG> (Thumb, 0 bytes, Stack size unknown bytes, __rtentry2.o(.ARM.Collect$$rtentry$$0000000A))
<BR><BR>[Calls]<UL><LI><a href="#[93]">&gt;&gt;</a>&nbsp;&nbsp;&nbsp;__rt_lib_init
</UL>

<P><STRONG><a name="[101]"></a>__rt_entry_postsh_1</STRONG> (Thumb, 0 bytes, Stack size unknown bytes, __rtentry2.o(.ARM.Collect$$rtentry$$00000009))

<P><STRONG><a name="[94]"></a>__rt_entry_main</STRONG> (Thumb, 0 bytes, Stack size unknown bytes, __rtentry2.o(.ARM.Collect$$rtentry$$0000000D))
<BR><BR>[Stack]<UL><LI>Max Depth = 48 + Unknown Stack Size
<LI>Call Chain = __rt_entry_main &rArr; main &rArr; Blinky &rArr; puts &rArr; fputc &rArr; __flsbuf_byte
</UL>
<BR>[Calls]<UL><LI><a href="#[96]">&gt;&gt;</a>&nbsp;&nbsp;&nbsp;exit
<LI><a href="#[95]">&gt;&gt;</a>&nbsp;&nbsp;&nbsp;main
</UL>

<P><STRONG><a name="[102]"></a>__rt_entry_postli_1</STRONG> (Thumb, 0 bytes, Stack size unknown bytes, __rtentry2.o(.ARM.Collect$$rtentry$$0000000C))

<P><STRONG><a name="[b3]"></a>__rt_exit</STRONG> (Thumb, 0 bytes, Stack size unknown bytes, rtexit.o(.ARM.Collect$$rtexit$$00000000))
<BR><BR>[Called By]<UL><LI><a href="#[96]">&gt;&gt;</a>&nbsp;&nbsp;&nbsp;exit
</UL>

<P><STRONG><a name="[97]"></a>__rt_exit_ls</STRONG> (Thumb, 0 bytes, Stack size unknown bytes, rtexit2.o(.ARM.Collect$$rtexit$$00000003))
<BR><BR>[Calls]<UL><LI><a href="#[98]">&gt;&gt;</a>&nbsp;&nbsp;&nbsp;__rt_lib_shutdown
</UL>

<P><STRONG><a name="[103]"></a>__rt_exit_prels_1</STRONG> (Thumb, 0 bytes, Stack size unknown bytes, rtexit2.o(.ARM.Collect$$rtexit$$00000002))

<P><STRONG><a name="[99]"></a>__rt_exit_exit</STRONG> (Thumb, 0 bytes, Stack size unknown bytes, rtexit2.o(.ARM.Collect$$rtexit$$00000004))
<BR><BR>[Calls]<UL><LI><a href="#[9a]">&gt;&gt;</a>&nbsp;&nbsp;&nbsp;_sys_exit
</UL>

<P><STRONG><a name="[9b]"></a>puts</STRONG> (Thumb, 40 bytes, Stack size 8 bytes, puts.o(.text))
<BR><BR>[Stack]<UL><LI>Max Depth = 48<LI>Call Chain = puts &rArr; fputc &rArr; __flsbuf_byte
</UL>
<BR>[Calls]<UL><LI><a href="#[9c]">&gt;&gt;</a>&nbsp;&nbsp;&nbsp;fputc
</UL>
<BR>[Called By]<UL><LI><a href="#[c7]">&gt;&gt;</a>&nbsp;&nbsp;&nbsp;Blinky
</UL>

<P><STRONG><a name="[d6]"></a>strcmp</STRONG> (Thumb, 124 bytes, Stack size 8 bytes, strcmpv8m_maindsp.o(.text))
<BR><BR>[Stack]<UL><LI>Max Depth = 8<LI>Call Chain = strcmp
</UL>
<BR>[Called By]<UL><LI><a href="#[af]">&gt;&gt;</a>&nbsp;&nbsp;&nbsp;_sys_open
</UL>

<P><STRONG><a name="[9d]"></a>__flsbuf</STRONG> (Thumb, 482 bytes, Stack size 40 bytes, flsbuf.o(.text), UNUSED)
<BR><BR>[Calls]<UL><LI><a href="#[9e]">&gt;&gt;</a>&nbsp;&nbsp;&nbsp;_deferredlazyseek
<LI><a href="#[a3]">&gt;&gt;</a>&nbsp;&nbsp;&nbsp;_writebuf
<LI><a href="#[9f]">&gt;&gt;</a>&nbsp;&nbsp;&nbsp;_seterr
<LI><a href="#[a2]">&gt;&gt;</a>&nbsp;&nbsp;&nbsp;malloc
<LI><a href="#[a0]">&gt;&gt;</a>&nbsp;&nbsp;&nbsp;_sys_flen
<LI><a href="#[a1]">&gt;&gt;</a>&nbsp;&nbsp;&nbsp;_sys_istty
</UL>

<P><STRONG><a name="[df]"></a>__flsbuf_byte</STRONG> (Thumb, 0 bytes, Stack size 40 bytes, flsbuf.o(.text))
<BR><BR>[Stack]<UL><LI>Max Depth = 40<LI>Call Chain = __flsbuf_byte
</UL>
<BR>[Called By]<UL><LI><a href="#[9c]">&gt;&gt;</a>&nbsp;&nbsp;&nbsp;fputc
</UL>

<P><STRONG><a name="[104]"></a>__flsbuf_wide</STRONG> (Thumb, 0 bytes, Stack size 40 bytes, flsbuf.o(.text), UNUSED)

<P><STRONG><a name="[8f]"></a>_initio</STRONG> (Thumb, 210 bytes, Stack size 8 bytes, initio.o(.text))
<BR><BR>[Stack]<UL><LI>Max Depth = 152 + Unknown Stack Size
<LI>Call Chain = _initio &rArr; freopen &rArr; _fclose_internal &rArr; _fflush &rArr; _writebuf &rArr; _sys_write &rArr; stdout_putchar
</UL>
<BR>[Calls]<UL><LI><a href="#[a5]">&gt;&gt;</a>&nbsp;&nbsp;&nbsp;freopen
<LI><a href="#[a7]">&gt;&gt;</a>&nbsp;&nbsp;&nbsp;setvbuf
<LI><a href="#[a4]">&gt;&gt;</a>&nbsp;&nbsp;&nbsp;__aeabi_memclr4
<LI><a href="#[a6]">&gt;&gt;</a>&nbsp;&nbsp;&nbsp;__rt_SIGRTRED
</UL>
<BR>[Called By]<UL><LI><a href="#[8e]">&gt;&gt;</a>&nbsp;&nbsp;&nbsp;__rt_lib_init_stdio_2
</UL>

<P><STRONG><a name="[91]"></a>_terminateio</STRONG> (Thumb, 56 bytes, Stack size 16 bytes, initio.o(.text))
<BR><BR>[Stack]<UL><LI>Max Depth = 136 + Unknown Stack Size
<LI>Call Chain = _terminateio &rArr; _fclose_internal &rArr; _fflush &rArr; _writebuf &rArr; _sys_write &rArr; stdout_putchar
</UL>
<BR>[Calls]<UL><LI><a href="#[a8]">&gt;&gt;</a>&nbsp;&nbsp;&nbsp;_fclose_internal
<LI><a href="#[a9]">&gt;&gt;</a>&nbsp;&nbsp;&nbsp;free
</UL>
<BR>[Called By]<UL><LI><a href="#[90]">&gt;&gt;</a>&nbsp;&nbsp;&nbsp;__rt_lib_shutdown_stdio_2
</UL>

<P><STRONG><a name="[a2]"></a>malloc</STRONG> (Thumb, 94 bytes, Stack size 16 bytes, h1_alloc.o(.text), UNUSED)
<BR><BR>[Calls]<UL><LI><a href="#[ab]">&gt;&gt;</a>&nbsp;&nbsp;&nbsp;__Heap_Full
<LI><a href="#[aa]">&gt;&gt;</a>&nbsp;&nbsp;&nbsp;__rt_heap_descriptor
</UL>
<BR>[Called By]<UL><LI><a href="#[b1]">&gt;&gt;</a>&nbsp;&nbsp;&nbsp;fopen
<LI><a href="#[9d]">&gt;&gt;</a>&nbsp;&nbsp;&nbsp;__flsbuf
</UL>

<P><STRONG><a name="[a9]"></a>free</STRONG> (Thumb, 78 bytes, Stack size 16 bytes, h1_free.o(.text))
<BR><BR>[Stack]<UL><LI>Max Depth = 16<LI>Call Chain = free
</UL>
<BR>[Calls]<UL><LI><a href="#[aa]">&gt;&gt;</a>&nbsp;&nbsp;&nbsp;__rt_heap_descriptor
</UL>
<BR>[Called By]<UL><LI><a href="#[a8]">&gt;&gt;</a>&nbsp;&nbsp;&nbsp;_fclose_internal
<LI><a href="#[91]">&gt;&gt;</a>&nbsp;&nbsp;&nbsp;_terminateio
<LI><a href="#[b6]">&gt;&gt;</a>&nbsp;&nbsp;&nbsp;__Heap_ProvideMemory
</UL>

<P><STRONG><a name="[a7]"></a>setvbuf</STRONG> (Thumb, 70 bytes, Stack size 16 bytes, setvbuf.o(.text))
<BR><BR>[Stack]<UL><LI>Max Depth = 16<LI>Call Chain = setvbuf
</UL>
<BR>[Called By]<UL><LI><a href="#[8f]">&gt;&gt;</a>&nbsp;&nbsp;&nbsp;_initio
</UL>

<P><STRONG><a name="[9f]"></a>_seterr</STRONG> (Thumb, 20 bytes, Stack size 0 bytes, stdio.o(.text))
<BR><BR>[Called By]<UL><LI><a href="#[a3]">&gt;&gt;</a>&nbsp;&nbsp;&nbsp;_writebuf
<LI><a href="#[9d]">&gt;&gt;</a>&nbsp;&nbsp;&nbsp;__flsbuf
<LI><a href="#[b0]">&gt;&gt;</a>&nbsp;&nbsp;&nbsp;_fseek
</UL>

<P><STRONG><a name="[a3]"></a>_writebuf</STRONG> (Thumb, 84 bytes, Stack size 32 bytes, stdio.o(.text))
<BR><BR>[Stack]<UL><LI>Max Depth = 72<LI>Call Chain = _writebuf &rArr; _sys_write &rArr; stdout_putchar
</UL>
<BR>[Calls]<UL><LI><a href="#[9f]">&gt;&gt;</a>&nbsp;&nbsp;&nbsp;_seterr
<LI><a href="#[ac]">&gt;&gt;</a>&nbsp;&nbsp;&nbsp;_sys_seek
<LI><a href="#[ad]">&gt;&gt;</a>&nbsp;&nbsp;&nbsp;_sys_write
</UL>
<BR>[Called By]<UL><LI><a href="#[ae]">&gt;&gt;</a>&nbsp;&nbsp;&nbsp;_fflush
<LI><a href="#[9d]">&gt;&gt;</a>&nbsp;&nbsp;&nbsp;__flsbuf
</UL>

<P><STRONG><a name="[ae]"></a>_fflush</STRONG> (Thumb, 70 bytes, Stack size 16 bytes, stdio.o(.text))
<BR><BR>[Stack]<UL><LI>Max Depth = 88<LI>Call Chain = _fflush &rArr; _writebuf &rArr; _sys_write &rArr; stdout_putchar
</UL>
<BR>[Calls]<UL><LI><a href="#[a3]">&gt;&gt;</a>&nbsp;&nbsp;&nbsp;_writebuf
</UL>
<BR>[Called By]<UL><LI><a href="#[a8]">&gt;&gt;</a>&nbsp;&nbsp;&nbsp;_fclose_internal
<LI><a href="#[9e]">&gt;&gt;</a>&nbsp;&nbsp;&nbsp;_deferredlazyseek
</UL>

<P><STRONG><a name="[9e]"></a>_deferredlazyseek</STRONG> (Thumb, 60 bytes, Stack size 8 bytes, stdio.o(.text), UNUSED)
<BR><BR>[Calls]<UL><LI><a href="#[ae]">&gt;&gt;</a>&nbsp;&nbsp;&nbsp;_fflush
</UL>
<BR>[Called By]<UL><LI><a href="#[9d]">&gt;&gt;</a>&nbsp;&nbsp;&nbsp;__flsbuf
</UL>

<P><STRONG><a name="[a5]"></a>freopen</STRONG> (Thumb, 160 bytes, Stack size 24 bytes, fopen.o(.text))
<BR><BR>[Stack]<UL><LI>Max Depth = 144 + Unknown Stack Size
<LI>Call Chain = freopen &rArr; _fclose_internal &rArr; _fflush &rArr; _writebuf &rArr; _sys_write &rArr; stdout_putchar
</UL>
<BR>[Calls]<UL><LI><a href="#[a8]">&gt;&gt;</a>&nbsp;&nbsp;&nbsp;_fclose_internal
<LI><a href="#[af]">&gt;&gt;</a>&nbsp;&nbsp;&nbsp;_sys_open
<LI><a href="#[b0]">&gt;&gt;</a>&nbsp;&nbsp;&nbsp;_fseek
</UL>
<BR>[Called By]<UL><LI><a href="#[b1]">&gt;&gt;</a>&nbsp;&nbsp;&nbsp;fopen
<LI><a href="#[8f]">&gt;&gt;</a>&nbsp;&nbsp;&nbsp;_initio
</UL>

<P><STRONG><a name="[b1]"></a>fopen</STRONG> (Thumb, 74 bytes, Stack size 24 bytes, fopen.o(.text), UNUSED)
<BR><BR>[Calls]<UL><LI><a href="#[a5]">&gt;&gt;</a>&nbsp;&nbsp;&nbsp;freopen
<LI><a href="#[a2]">&gt;&gt;</a>&nbsp;&nbsp;&nbsp;malloc
<LI><a href="#[a4]">&gt;&gt;</a>&nbsp;&nbsp;&nbsp;__aeabi_memclr4
</UL>

<P><STRONG><a name="[a8]"></a>_fclose_internal</STRONG> (Thumb, 76 bytes, Stack size 32 bytes, fclose.o(.text))
<BR><BR>[Stack]<UL><LI>Max Depth = 120 + Unknown Stack Size
<LI>Call Chain = _fclose_internal &rArr; _fflush &rArr; _writebuf &rArr; _sys_write &rArr; stdout_putchar
</UL>
<BR>[Calls]<UL><LI><a href="#[ae]">&gt;&gt;</a>&nbsp;&nbsp;&nbsp;_fflush
<LI><a href="#[a9]">&gt;&gt;</a>&nbsp;&nbsp;&nbsp;free
<LI><a href="#[b2]">&gt;&gt;</a>&nbsp;&nbsp;&nbsp;_sys_close
<LI><a href="#[a4]">&gt;&gt;</a>&nbsp;&nbsp;&nbsp;__aeabi_memclr4
</UL>
<BR>[Called By]<UL><LI><a href="#[a5]">&gt;&gt;</a>&nbsp;&nbsp;&nbsp;freopen
<LI><a href="#[91]">&gt;&gt;</a>&nbsp;&nbsp;&nbsp;_terminateio
</UL>

<P><STRONG><a name="[105]"></a>fclose</STRONG> (Thumb, 0 bytes, Stack size 32 bytes, fclose.o(.text), UNUSED)

<P><STRONG><a name="[96]"></a>exit</STRONG> (Thumb, 18 bytes, Stack size 8 bytes, exit.o(.text))
<BR><BR>[Stack]<UL><LI>Max Depth = 8 + Unknown Stack Size
<LI>Call Chain = exit
</UL>
<BR>[Calls]<UL><LI><a href="#[b3]">&gt;&gt;</a>&nbsp;&nbsp;&nbsp;__rt_exit
</UL>
<BR>[Called By]<UL><LI><a href="#[94]">&gt;&gt;</a>&nbsp;&nbsp;&nbsp;__rt_entry_main
</UL>

<P><STRONG><a name="[a6]"></a>__rt_SIGRTRED</STRONG> (Thumb, 14 bytes, Stack size 8 bytes, defsig_rtred_outer.o(.text))
<BR><BR>[Stack]<UL><LI>Max Depth = 40<LI>Call Chain = __rt_SIGRTRED &rArr; __rt_SIGRTRED_inner &rArr; __default_signal_display &rArr; _ttywrch
</UL>
<BR>[Calls]<UL><LI><a href="#[b4]">&gt;&gt;</a>&nbsp;&nbsp;&nbsp;__rt_SIGRTRED_inner
<LI><a href="#[b5]">&gt;&gt;</a>&nbsp;&nbsp;&nbsp;__sig_exit
</UL>
<BR>[Called By]<UL><LI><a href="#[8f]">&gt;&gt;</a>&nbsp;&nbsp;&nbsp;_initio
</UL>

<P><STRONG><a name="[a4]"></a>__aeabi_memclr4</STRONG> (Thumb, 0 bytes, Stack size unknown bytes, rt_memclr_w.o(.text))
<BR><BR>[Called By]<UL><LI><a href="#[a8]">&gt;&gt;</a>&nbsp;&nbsp;&nbsp;_fclose_internal
<LI><a href="#[b1]">&gt;&gt;</a>&nbsp;&nbsp;&nbsp;fopen
<LI><a href="#[8f]">&gt;&gt;</a>&nbsp;&nbsp;&nbsp;_initio
</UL>

<P><STRONG><a name="[106]"></a>__aeabi_memclr8</STRONG> (Thumb, 0 bytes, Stack size unknown bytes, rt_memclr_w.o(.text), UNUSED)

<P><STRONG><a name="[107]"></a>__rt_memclr_w</STRONG> (Thumb, 0 bytes, Stack size unknown bytes, rt_memclr_w.o(.text), UNUSED)

<P><STRONG><a name="[108]"></a>_memset_w</STRONG> (Thumb, 74 bytes, Stack size 4 bytes, rt_memclr_w.o(.text), UNUSED)

<P><STRONG><a name="[aa]"></a>__rt_heap_descriptor</STRONG> (Thumb, 8 bytes, Stack size 0 bytes, rt_heap_descriptor_intlibspace.o(.text))
<BR><BR>[Called By]<UL><LI><a href="#[a9]">&gt;&gt;</a>&nbsp;&nbsp;&nbsp;free
<LI><a href="#[a2]">&gt;&gt;</a>&nbsp;&nbsp;&nbsp;malloc
<LI><a href="#[8d]">&gt;&gt;</a>&nbsp;&nbsp;&nbsp;_init_alloc
</UL>

<P><STRONG><a name="[109]"></a>__use_no_heap</STRONG> (Thumb, 2 bytes, Stack size 0 bytes, hguard.o(.text), UNUSED)

<P><STRONG><a name="[10a]"></a>__heap$guard</STRONG> (Thumb, 2 bytes, Stack size 0 bytes, hguard.o(.text), UNUSED)

<P><STRONG><a name="[10b]"></a>_terminate_user_alloc</STRONG> (Thumb, 2 bytes, Stack size 0 bytes, init_alloc.o(.text), UNUSED)

<P><STRONG><a name="[10c]"></a>_init_user_alloc</STRONG> (Thumb, 2 bytes, Stack size 0 bytes, init_alloc.o(.text), UNUSED)

<P><STRONG><a name="[ab]"></a>__Heap_Full</STRONG> (Thumb, 34 bytes, Stack size 16 bytes, init_alloc.o(.text), UNUSED)
<BR><BR>[Calls]<UL><LI><a href="#[b6]">&gt;&gt;</a>&nbsp;&nbsp;&nbsp;__Heap_ProvideMemory
</UL>
<BR>[Called By]<UL><LI><a href="#[a2]">&gt;&gt;</a>&nbsp;&nbsp;&nbsp;malloc
</UL>

<P><STRONG><a name="[b7]"></a>__Heap_Broken</STRONG> (Thumb, 6 bytes, Stack size 0 bytes, init_alloc.o(.text), UNUSED)
<BR><BR>[Calls]<UL><LI><a href="#[b8]">&gt;&gt;</a>&nbsp;&nbsp;&nbsp;__rt_SIGRTMEM
</UL>

<P><STRONG><a name="[8d]"></a>_init_alloc</STRONG> (Thumb, 94 bytes, Stack size 24 bytes, init_alloc.o(.text))
<BR><BR>[Stack]<UL><LI>Max Depth = 64<LI>Call Chain = _init_alloc &rArr; __rt_SIGRTMEM &rArr; __rt_SIGRTMEM_inner &rArr; __default_signal_display &rArr; _ttywrch
</UL>
<BR>[Calls]<UL><LI><a href="#[b8]">&gt;&gt;</a>&nbsp;&nbsp;&nbsp;__rt_SIGRTMEM
<LI><a href="#[b6]">&gt;&gt;</a>&nbsp;&nbsp;&nbsp;__Heap_ProvideMemory
<LI><a href="#[b9]">&gt;&gt;</a>&nbsp;&nbsp;&nbsp;__Heap_Initialize
<LI><a href="#[aa]">&gt;&gt;</a>&nbsp;&nbsp;&nbsp;__rt_heap_descriptor
</UL>
<BR>[Called By]<UL><LI><a href="#[8c]">&gt;&gt;</a>&nbsp;&nbsp;&nbsp;__rt_lib_init_heap_2
</UL>

<P><STRONG><a name="[b9]"></a>__Heap_Initialize</STRONG> (Thumb, 10 bytes, Stack size 0 bytes, h1_init.o(.text))
<BR><BR>[Called By]<UL><LI><a href="#[8d]">&gt;&gt;</a>&nbsp;&nbsp;&nbsp;_init_alloc
</UL>

<P><STRONG><a name="[10d]"></a>__Heap_DescSize</STRONG> (Thumb, 4 bytes, Stack size 0 bytes, h1_init.o(.text), UNUSED)

<P><STRONG><a name="[b0]"></a>_fseek</STRONG> (Thumb, 242 bytes, Stack size 24 bytes, fseek.o(.text))
<BR><BR>[Stack]<UL><LI>Max Depth = 32<LI>Call Chain = _fseek &rArr; _ftell_internal
</UL>
<BR>[Calls]<UL><LI><a href="#[9f]">&gt;&gt;</a>&nbsp;&nbsp;&nbsp;_seterr
<LI><a href="#[a0]">&gt;&gt;</a>&nbsp;&nbsp;&nbsp;_sys_flen
<LI><a href="#[a1]">&gt;&gt;</a>&nbsp;&nbsp;&nbsp;_sys_istty
<LI><a href="#[ba]">&gt;&gt;</a>&nbsp;&nbsp;&nbsp;_ftell_internal
</UL>
<BR>[Called By]<UL><LI><a href="#[a5]">&gt;&gt;</a>&nbsp;&nbsp;&nbsp;freopen
</UL>

<P><STRONG><a name="[10e]"></a>fseek</STRONG> (Thumb, 0 bytes, Stack size 24 bytes, fseek.o(.text), UNUSED)

<P><STRONG><a name="[b5]"></a>__sig_exit</STRONG> (Thumb, 10 bytes, Stack size 0 bytes, defsig_exit.o(.text))
<BR><BR>[Calls]<UL><LI><a href="#[9a]">&gt;&gt;</a>&nbsp;&nbsp;&nbsp;_sys_exit
</UL>
<BR>[Called By]<UL><LI><a href="#[b8]">&gt;&gt;</a>&nbsp;&nbsp;&nbsp;__rt_SIGRTMEM
<LI><a href="#[a6]">&gt;&gt;</a>&nbsp;&nbsp;&nbsp;__rt_SIGRTRED
</UL>

<P><STRONG><a name="[b4]"></a>__rt_SIGRTRED_inner</STRONG> (Thumb, 14 bytes, Stack size 8 bytes, defsig_rtred_inner.o(.text))
<BR><BR>[Stack]<UL><LI>Max Depth = 32<LI>Call Chain = __rt_SIGRTRED_inner &rArr; __default_signal_display &rArr; _ttywrch
</UL>
<BR>[Calls]<UL><LI><a href="#[bb]">&gt;&gt;</a>&nbsp;&nbsp;&nbsp;__default_signal_display
</UL>
<BR>[Called By]<UL><LI><a href="#[a6]">&gt;&gt;</a>&nbsp;&nbsp;&nbsp;__rt_SIGRTRED
</UL>

<P><STRONG><a name="[9a]"></a>_sys_exit</STRONG> (Thumb, 8 bytes, Stack size 0 bytes, sys_exit.o(.text))
<BR><BR>[Called By]<UL><LI><a href="#[99]">&gt;&gt;</a>&nbsp;&nbsp;&nbsp;__rt_exit_exit
<LI><a href="#[b5]">&gt;&gt;</a>&nbsp;&nbsp;&nbsp;__sig_exit
</UL>

<P><STRONG><a name="[10f]"></a>__I$use$semihosting</STRONG> (Thumb, 0 bytes, Stack size 0 bytes, use_no_semi.o(.text), UNUSED)

<P><STRONG><a name="[110]"></a>__use_no_semihosting_swi</STRONG> (Thumb, 2 bytes, Stack size 0 bytes, use_no_semi.o(.text), UNUSED)

<P><STRONG><a name="[b6]"></a>__Heap_ProvideMemory</STRONG> (Thumb, 52 bytes, Stack size 0 bytes, h1_extend.o(.text))
<BR><BR>[Stack]<UL><LI>Max Depth = 16<LI>Call Chain = __Heap_ProvideMemory &rArr; free
</UL>
<BR>[Calls]<UL><LI><a href="#[a9]">&gt;&gt;</a>&nbsp;&nbsp;&nbsp;free
</UL>
<BR>[Called By]<UL><LI><a href="#[8d]">&gt;&gt;</a>&nbsp;&nbsp;&nbsp;_init_alloc
<LI><a href="#[ab]">&gt;&gt;</a>&nbsp;&nbsp;&nbsp;__Heap_Full
</UL>

<P><STRONG><a name="[111]"></a>__semihosting_library_function</STRONG> (Thumb, 0 bytes, Stack size 0 bytes, indicate_semi.o(.text), UNUSED)

<P><STRONG><a name="[112]"></a>_maybe_terminate_alloc</STRONG> (Thumb, 0 bytes, Stack size 0 bytes, maybetermalloc1.o(.text), UNUSED)

<P><STRONG><a name="[ba]"></a>_ftell_internal</STRONG> (Thumb, 66 bytes, Stack size 8 bytes, ftell.o(.text))
<BR><BR>[Stack]<UL><LI>Max Depth = 8<LI>Call Chain = _ftell_internal
</UL>
<BR>[Calls]<UL><LI><a href="#[bc]">&gt;&gt;</a>&nbsp;&nbsp;&nbsp;__aeabi_errno_addr
</UL>
<BR>[Called By]<UL><LI><a href="#[b0]">&gt;&gt;</a>&nbsp;&nbsp;&nbsp;_fseek
</UL>

<P><STRONG><a name="[113]"></a>ftell</STRONG> (Thumb, 0 bytes, Stack size 8 bytes, ftell.o(.text), UNUSED)

<P><STRONG><a name="[bb]"></a>__default_signal_display</STRONG> (Thumb, 50 bytes, Stack size 16 bytes, defsig_general.o(.text))
<BR><BR>[Stack]<UL><LI>Max Depth = 24<LI>Call Chain = __default_signal_display &rArr; _ttywrch
</UL>
<BR>[Calls]<UL><LI><a href="#[bd]">&gt;&gt;</a>&nbsp;&nbsp;&nbsp;_ttywrch
</UL>
<BR>[Called By]<UL><LI><a href="#[be]">&gt;&gt;</a>&nbsp;&nbsp;&nbsp;__rt_SIGRTMEM_inner
<LI><a href="#[b4]">&gt;&gt;</a>&nbsp;&nbsp;&nbsp;__rt_SIGRTRED_inner
</UL>

<P><STRONG><a name="[b8]"></a>__rt_SIGRTMEM</STRONG> (Thumb, 14 bytes, Stack size 8 bytes, defsig_rtmem_outer.o(.text))
<BR><BR>[Stack]<UL><LI>Max Depth = 40<LI>Call Chain = __rt_SIGRTMEM &rArr; __rt_SIGRTMEM_inner &rArr; __default_signal_display &rArr; _ttywrch
</UL>
<BR>[Calls]<UL><LI><a href="#[be]">&gt;&gt;</a>&nbsp;&nbsp;&nbsp;__rt_SIGRTMEM_inner
<LI><a href="#[b5]">&gt;&gt;</a>&nbsp;&nbsp;&nbsp;__sig_exit
</UL>
<BR>[Called By]<UL><LI><a href="#[8d]">&gt;&gt;</a>&nbsp;&nbsp;&nbsp;_init_alloc
<LI><a href="#[b7]">&gt;&gt;</a>&nbsp;&nbsp;&nbsp;__Heap_Broken
</UL>

<P><STRONG><a name="[bd]"></a>_ttywrch</STRONG> (Thumb, 14 bytes, Stack size 8 bytes, sys_wrch.o(.text))
<BR><BR>[Stack]<UL><LI>Max Depth = 8<LI>Call Chain = _ttywrch
</UL>
<BR>[Called By]<UL><LI><a href="#[bb]">&gt;&gt;</a>&nbsp;&nbsp;&nbsp;__default_signal_display
</UL>

<P><STRONG><a name="[bc]"></a>__aeabi_errno_addr</STRONG> (Thumb, 8 bytes, Stack size 0 bytes, rt_errno_addr_intlibspace.o(.text))
<BR><BR>[Called By]<UL><LI><a href="#[ba]">&gt;&gt;</a>&nbsp;&nbsp;&nbsp;_ftell_internal
</UL>

<P><STRONG><a name="[114]"></a>__errno$intlibspace</STRONG> (Thumb, 0 bytes, Stack size 0 bytes, rt_errno_addr_intlibspace.o(.text), UNUSED)

<P><STRONG><a name="[115]"></a>__rt_errno_addr$intlibspace</STRONG> (Thumb, 0 bytes, Stack size 0 bytes, rt_errno_addr_intlibspace.o(.text), UNUSED)

<P><STRONG><a name="[be]"></a>__rt_SIGRTMEM_inner</STRONG> (Thumb, 22 bytes, Stack size 8 bytes, defsig_rtmem_inner.o(.text))
<BR><BR>[Stack]<UL><LI>Max Depth = 32<LI>Call Chain = __rt_SIGRTMEM_inner &rArr; __default_signal_display &rArr; _ttywrch
</UL>
<BR>[Calls]<UL><LI><a href="#[bb]">&gt;&gt;</a>&nbsp;&nbsp;&nbsp;__default_signal_display
</UL>
<BR>[Called By]<UL><LI><a href="#[b8]">&gt;&gt;</a>&nbsp;&nbsp;&nbsp;__rt_SIGRTMEM
</UL>

<P><STRONG><a name="[14]"></a>BRIDGE_ERROR_Handler</STRONG> (Thumb, 2 bytes, Stack size 0 bytes, startup_sse310mps3.o(.text.BRIDGE_ERROR_Handler))
<BR><BR>[Calls]<UL><LI><a href="#[14]">&gt;&gt;</a>&nbsp;&nbsp;&nbsp;BRIDGE_ERROR_Handler
</UL>
<BR>[Called By]<UL><LI><a href="#[14]">&gt;&gt;</a>&nbsp;&nbsp;&nbsp;BRIDGE_ERROR_Handler
</UL>
<BR>[Address Reference Count : 1]<UL><LI> startup_sse310mps3.o(RESET)
</UL>
<P><STRONG><a name="[c7]"></a>Blinky</STRONG> (Thumb, 64 bytes, Stack size 0 bytes, blinky.o(.text.Blinky))
<BR><BR>[Stack]<UL><LI>Max Depth = 48<LI>Call Chain = Blinky &rArr; puts &rArr; fputc &rArr; __flsbuf_byte
</UL>
<BR>[Calls]<UL><LI><a href="#[9b]">&gt;&gt;</a>&nbsp;&nbsp;&nbsp;puts
<LI><a href="#[cb]">&gt;&gt;</a>&nbsp;&nbsp;&nbsp;timeout_init
<LI><a href="#[ca]">&gt;&gt;</a>&nbsp;&nbsp;&nbsp;led_port_init
<LI><a href="#[c9]">&gt;&gt;</a>&nbsp;&nbsp;&nbsp;stdout_init
<LI><a href="#[c8]">&gt;&gt;</a>&nbsp;&nbsp;&nbsp;get_led_port_bit_length
<LI><a href="#[cd]">&gt;&gt;</a>&nbsp;&nbsp;&nbsp;led_blink
<LI><a href="#[cc]">&gt;&gt;</a>&nbsp;&nbsp;&nbsp;led_runner
</UL>
<BR>[Called By]<UL><LI><a href="#[95]">&gt;&gt;</a>&nbsp;&nbsp;&nbsp;main
</UL>

<P><STRONG><a name="[4]"></a>BusFault_Handler</STRONG> (Thumb, 2 bytes, Stack size 0 bytes, startup_sse310mps3.o(.text.BusFault_Handler))
<BR><BR>[Calls]<UL><LI><a href="#[4]">&gt;&gt;</a>&nbsp;&nbsp;&nbsp;BusFault_Handler
</UL>
<BR>[Called By]<UL><LI><a href="#[4]">&gt;&gt;</a>&nbsp;&nbsp;&nbsp;BusFault_Handler
</UL>
<BR>[Address Reference Count : 1]<UL><LI> startup_sse310mps3.o(RESET)
</UL>
<P><STRONG><a name="[15]"></a>COMBINED_PPU_Handler</STRONG> (Thumb, 2 bytes, Stack size 0 bytes, startup_sse310mps3.o(.text.COMBINED_PPU_Handler))
<BR><BR>[Calls]<UL><LI><a href="#[15]">&gt;&gt;</a>&nbsp;&nbsp;&nbsp;COMBINED_PPU_Handler
</UL>
<BR>[Called By]<UL><LI><a href="#[15]">&gt;&gt;</a>&nbsp;&nbsp;&nbsp;COMBINED_PPU_Handler
</UL>
<BR>[Address Reference Count : 1]<UL><LI> startup_sse310mps3.o(RESET)
</UL>
<P><STRONG><a name="[18]"></a>CPU0_CTI_0_Handler</STRONG> (Thumb, 2 bytes, Stack size 0 bytes, startup_sse310mps3.o(.text.CPU0_CTI_0_Handler))
<BR><BR>[Calls]<UL><LI><a href="#[18]">&gt;&gt;</a>&nbsp;&nbsp;&nbsp;CPU0_CTI_0_Handler
</UL>
<BR>[Called By]<UL><LI><a href="#[18]">&gt;&gt;</a>&nbsp;&nbsp;&nbsp;CPU0_CTI_0_Handler
</UL>
<BR>[Address Reference Count : 1]<UL><LI> startup_sse310mps3.o(RESET)
</UL>
<P><STRONG><a name="[19]"></a>CPU0_CTI_1_Handler</STRONG> (Thumb, 2 bytes, Stack size 0 bytes, startup_sse310mps3.o(.text.CPU0_CTI_1_Handler))
<BR><BR>[Calls]<UL><LI><a href="#[19]">&gt;&gt;</a>&nbsp;&nbsp;&nbsp;CPU0_CTI_1_Handler
</UL>
<BR>[Called By]<UL><LI><a href="#[19]">&gt;&gt;</a>&nbsp;&nbsp;&nbsp;CPU0_CTI_1_Handler
</UL>
<BR>[Address Reference Count : 1]<UL><LI> startup_sse310mps3.o(RESET)
</UL>
<P><STRONG><a name="[32]"></a>DMA_Channel_0_Handler</STRONG> (Thumb, 2 bytes, Stack size 0 bytes, startup_sse310mps3.o(.text.DMA_Channel_0_Handler))
<BR><BR>[Calls]<UL><LI><a href="#[32]">&gt;&gt;</a>&nbsp;&nbsp;&nbsp;DMA_Channel_0_Handler
</UL>
<BR>[Called By]<UL><LI><a href="#[32]">&gt;&gt;</a>&nbsp;&nbsp;&nbsp;DMA_Channel_0_Handler
</UL>
<BR>[Address Reference Count : 1]<UL><LI> startup_sse310mps3.o(RESET)
</UL>
<P><STRONG><a name="[33]"></a>DMA_Channel_1_Handler</STRONG> (Thumb, 2 bytes, Stack size 0 bytes, startup_sse310mps3.o(.text.DMA_Channel_1_Handler))
<BR><BR>[Calls]<UL><LI><a href="#[33]">&gt;&gt;</a>&nbsp;&nbsp;&nbsp;DMA_Channel_1_Handler
</UL>
<BR>[Called By]<UL><LI><a href="#[33]">&gt;&gt;</a>&nbsp;&nbsp;&nbsp;DMA_Channel_1_Handler
</UL>
<BR>[Address Reference Count : 1]<UL><LI> startup_sse310mps3.o(RESET)
</UL>
<P><STRONG><a name="[8]"></a>DebugMon_Handler</STRONG> (Thumb, 2 bytes, Stack size 0 bytes, startup_sse310mps3.o(.text.DebugMon_Handler))
<BR><BR>[Calls]<UL><LI><a href="#[8]">&gt;&gt;</a>&nbsp;&nbsp;&nbsp;DebugMon_Handler
</UL>
<BR>[Called By]<UL><LI><a href="#[8]">&gt;&gt;</a>&nbsp;&nbsp;&nbsp;DebugMon_Handler
</UL>
<BR>[Address Reference Count : 1]<UL><LI> startup_sse310mps3.o(RESET)
</UL>
<P><STRONG><a name="[2b]"></a>ETHERNET_Handler</STRONG> (Thumb, 2 bytes, Stack size 0 bytes, startup_sse310mps3.o(.text.ETHERNET_Handler))
<BR><BR>[Calls]<UL><LI><a href="#[2b]">&gt;&gt;</a>&nbsp;&nbsp;&nbsp;ETHERNET_Handler
</UL>
<BR>[Called By]<UL><LI><a href="#[2b]">&gt;&gt;</a>&nbsp;&nbsp;&nbsp;ETHERNET_Handler
</UL>
<BR>[Address Reference Count : 1]<UL><LI> startup_sse310mps3.o(RESET)
</UL>
<P><STRONG><a name="[16]"></a>ETHOS_U55_Handler</STRONG> (Thumb, 2 bytes, Stack size 0 bytes, startup_sse310mps3.o(.text.ETHOS_U55_Handler))
<BR><BR>[Calls]<UL><LI><a href="#[16]">&gt;&gt;</a>&nbsp;&nbsp;&nbsp;ETHOS_U55_Handler
</UL>
<BR>[Called By]<UL><LI><a href="#[16]">&gt;&gt;</a>&nbsp;&nbsp;&nbsp;ETHOS_U55_Handler
</UL>
<BR>[Address Reference Count : 1]<UL><LI> startup_sse310mps3.o(RESET)
</UL>
<P><STRONG><a name="[38]"></a>GPIO0_0_Handler</STRONG> (Thumb, 2 bytes, Stack size 0 bytes, startup_sse310mps3.o(.text.GPIO0_0_Handler))
<BR><BR>[Calls]<UL><LI><a href="#[38]">&gt;&gt;</a>&nbsp;&nbsp;&nbsp;GPIO0_0_Handler
</UL>
<BR>[Called By]<UL><LI><a href="#[38]">&gt;&gt;</a>&nbsp;&nbsp;&nbsp;GPIO0_0_Handler
</UL>
<BR>[Address Reference Count : 1]<UL><LI> startup_sse310mps3.o(RESET)
</UL>
<P><STRONG><a name="[42]"></a>GPIO0_10_Handler</STRONG> (Thumb, 2 bytes, Stack size 0 bytes, startup_sse310mps3.o(.text.GPIO0_10_Handler))
<BR><BR>[Calls]<UL><LI><a href="#[42]">&gt;&gt;</a>&nbsp;&nbsp;&nbsp;GPIO0_10_Handler
</UL>
<BR>[Called By]<UL><LI><a href="#[42]">&gt;&gt;</a>&nbsp;&nbsp;&nbsp;GPIO0_10_Handler
</UL>
<BR>[Address Reference Count : 1]<UL><LI> startup_sse310mps3.o(RESET)
</UL>
<P><STRONG><a name="[43]"></a>GPIO0_11_Handler</STRONG> (Thumb, 2 bytes, Stack size 0 bytes, startup_sse310mps3.o(.text.GPIO0_11_Handler))
<BR><BR>[Calls]<UL><LI><a href="#[43]">&gt;&gt;</a>&nbsp;&nbsp;&nbsp;GPIO0_11_Handler
</UL>
<BR>[Called By]<UL><LI><a href="#[43]">&gt;&gt;</a>&nbsp;&nbsp;&nbsp;GPIO0_11_Handler
</UL>
<BR>[Address Reference Count : 1]<UL><LI> startup_sse310mps3.o(RESET)
</UL>
<P><STRONG><a name="[44]"></a>GPIO0_12_Handler</STRONG> (Thumb, 2 bytes, Stack size 0 bytes, startup_sse310mps3.o(.text.GPIO0_12_Handler))
<BR><BR>[Calls]<UL><LI><a href="#[44]">&gt;&gt;</a>&nbsp;&nbsp;&nbsp;GPIO0_12_Handler
</UL>
<BR>[Called By]<UL><LI><a href="#[44]">&gt;&gt;</a>&nbsp;&nbsp;&nbsp;GPIO0_12_Handler
</UL>
<BR>[Address Reference Count : 1]<UL><LI> startup_sse310mps3.o(RESET)
</UL>
<P><STRONG><a name="[45]"></a>GPIO0_13_Handler</STRONG> (Thumb, 2 bytes, Stack size 0 bytes, startup_sse310mps3.o(.text.GPIO0_13_Handler))
<BR><BR>[Calls]<UL><LI><a href="#[45]">&gt;&gt;</a>&nbsp;&nbsp;&nbsp;GPIO0_13_Handler
</UL>
<BR>[Called By]<UL><LI><a href="#[45]">&gt;&gt;</a>&nbsp;&nbsp;&nbsp;GPIO0_13_Handler
</UL>
<BR>[Address Reference Count : 1]<UL><LI> startup_sse310mps3.o(RESET)
</UL>
<P><STRONG><a name="[46]"></a>GPIO0_14_Handler</STRONG> (Thumb, 2 bytes, Stack size 0 bytes, startup_sse310mps3.o(.text.GPIO0_14_Handler))
<BR><BR>[Calls]<UL><LI><a href="#[46]">&gt;&gt;</a>&nbsp;&nbsp;&nbsp;GPIO0_14_Handler
</UL>
<BR>[Called By]<UL><LI><a href="#[46]">&gt;&gt;</a>&nbsp;&nbsp;&nbsp;GPIO0_14_Handler
</UL>
<BR>[Address Reference Count : 1]<UL><LI> startup_sse310mps3.o(RESET)
</UL>
<P><STRONG><a name="[47]"></a>GPIO0_15_Handler</STRONG> (Thumb, 2 bytes, Stack size 0 bytes, startup_sse310mps3.o(.text.GPIO0_15_Handler))
<BR><BR>[Calls]<UL><LI><a href="#[47]">&gt;&gt;</a>&nbsp;&nbsp;&nbsp;GPIO0_15_Handler
</UL>
<BR>[Called By]<UL><LI><a href="#[47]">&gt;&gt;</a>&nbsp;&nbsp;&nbsp;GPIO0_15_Handler
</UL>
<BR>[Address Reference Count : 1]<UL><LI> startup_sse310mps3.o(RESET)
</UL>
<P><STRONG><a name="[39]"></a>GPIO0_1_Handler</STRONG> (Thumb, 2 bytes, Stack size 0 bytes, startup_sse310mps3.o(.text.GPIO0_1_Handler))
<BR><BR>[Calls]<UL><LI><a href="#[39]">&gt;&gt;</a>&nbsp;&nbsp;&nbsp;GPIO0_1_Handler
</UL>
<BR>[Called By]<UL><LI><a href="#[39]">&gt;&gt;</a>&nbsp;&nbsp;&nbsp;GPIO0_1_Handler
</UL>
<BR>[Address Reference Count : 1]<UL><LI> startup_sse310mps3.o(RESET)
</UL>
<P><STRONG><a name="[3a]"></a>GPIO0_2_Handler</STRONG> (Thumb, 2 bytes, Stack size 0 bytes, startup_sse310mps3.o(.text.GPIO0_2_Handler))
<BR><BR>[Calls]<UL><LI><a href="#[3a]">&gt;&gt;</a>&nbsp;&nbsp;&nbsp;GPIO0_2_Handler
</UL>
<BR>[Called By]<UL><LI><a href="#[3a]">&gt;&gt;</a>&nbsp;&nbsp;&nbsp;GPIO0_2_Handler
</UL>
<BR>[Address Reference Count : 1]<UL><LI> startup_sse310mps3.o(RESET)
</UL>
<P><STRONG><a name="[3b]"></a>GPIO0_3_Handler</STRONG> (Thumb, 2 bytes, Stack size 0 bytes, startup_sse310mps3.o(.text.GPIO0_3_Handler))
<BR><BR>[Calls]<UL><LI><a href="#[3b]">&gt;&gt;</a>&nbsp;&nbsp;&nbsp;GPIO0_3_Handler
</UL>
<BR>[Called By]<UL><LI><a href="#[3b]">&gt;&gt;</a>&nbsp;&nbsp;&nbsp;GPIO0_3_Handler
</UL>
<BR>[Address Reference Count : 1]<UL><LI> startup_sse310mps3.o(RESET)
</UL>
<P><STRONG><a name="[3c]"></a>GPIO0_4_Handler</STRONG> (Thumb, 2 bytes, Stack size 0 bytes, startup_sse310mps3.o(.text.GPIO0_4_Handler))
<BR><BR>[Calls]<UL><LI><a href="#[3c]">&gt;&gt;</a>&nbsp;&nbsp;&nbsp;GPIO0_4_Handler
</UL>
<BR>[Called By]<UL><LI><a href="#[3c]">&gt;&gt;</a>&nbsp;&nbsp;&nbsp;GPIO0_4_Handler
</UL>
<BR>[Address Reference Count : 1]<UL><LI> startup_sse310mps3.o(RESET)
</UL>
<P><STRONG><a name="[3d]"></a>GPIO0_5_Handler</STRONG> (Thumb, 2 bytes, Stack size 0 bytes, startup_sse310mps3.o(.text.GPIO0_5_Handler))
<BR><BR>[Calls]<UL><LI><a href="#[3d]">&gt;&gt;</a>&nbsp;&nbsp;&nbsp;GPIO0_5_Handler
</UL>
<BR>[Called By]<UL><LI><a href="#[3d]">&gt;&gt;</a>&nbsp;&nbsp;&nbsp;GPIO0_5_Handler
</UL>
<BR>[Address Reference Count : 1]<UL><LI> startup_sse310mps3.o(RESET)
</UL>
<P><STRONG><a name="[3e]"></a>GPIO0_6_Handler</STRONG> (Thumb, 2 bytes, Stack size 0 bytes, startup_sse310mps3.o(.text.GPIO0_6_Handler))
<BR><BR>[Calls]<UL><LI><a href="#[3e]">&gt;&gt;</a>&nbsp;&nbsp;&nbsp;GPIO0_6_Handler
</UL>
<BR>[Called By]<UL><LI><a href="#[3e]">&gt;&gt;</a>&nbsp;&nbsp;&nbsp;GPIO0_6_Handler
</UL>
<BR>[Address Reference Count : 1]<UL><LI> startup_sse310mps3.o(RESET)
</UL>
<P><STRONG><a name="[3f]"></a>GPIO0_7_Handler</STRONG> (Thumb, 2 bytes, Stack size 0 bytes, startup_sse310mps3.o(.text.GPIO0_7_Handler))
<BR><BR>[Calls]<UL><LI><a href="#[3f]">&gt;&gt;</a>&nbsp;&nbsp;&nbsp;GPIO0_7_Handler
</UL>
<BR>[Called By]<UL><LI><a href="#[3f]">&gt;&gt;</a>&nbsp;&nbsp;&nbsp;GPIO0_7_Handler
</UL>
<BR>[Address Reference Count : 1]<UL><LI> startup_sse310mps3.o(RESET)
</UL>
<P><STRONG><a name="[40]"></a>GPIO0_8_Handler</STRONG> (Thumb, 2 bytes, Stack size 0 bytes, startup_sse310mps3.o(.text.GPIO0_8_Handler))
<BR><BR>[Calls]<UL><LI><a href="#[40]">&gt;&gt;</a>&nbsp;&nbsp;&nbsp;GPIO0_8_Handler
</UL>
<BR>[Called By]<UL><LI><a href="#[40]">&gt;&gt;</a>&nbsp;&nbsp;&nbsp;GPIO0_8_Handler
</UL>
<BR>[Address Reference Count : 1]<UL><LI> startup_sse310mps3.o(RESET)
</UL>
<P><STRONG><a name="[41]"></a>GPIO0_9_Handler</STRONG> (Thumb, 2 bytes, Stack size 0 bytes, startup_sse310mps3.o(.text.GPIO0_9_Handler))
<BR><BR>[Calls]<UL><LI><a href="#[41]">&gt;&gt;</a>&nbsp;&nbsp;&nbsp;GPIO0_9_Handler
</UL>
<BR>[Called By]<UL><LI><a href="#[41]">&gt;&gt;</a>&nbsp;&nbsp;&nbsp;GPIO0_9_Handler
</UL>
<BR>[Address Reference Count : 1]<UL><LI> startup_sse310mps3.o(RESET)
</UL>
<P><STRONG><a name="[34]"></a>GPIO0_Combined_Handler</STRONG> (Thumb, 2 bytes, Stack size 0 bytes, startup_sse310mps3.o(.text.GPIO0_Combined_Handler))
<BR><BR>[Calls]<UL><LI><a href="#[34]">&gt;&gt;</a>&nbsp;&nbsp;&nbsp;GPIO0_Combined_Handler
</UL>
<BR>[Called By]<UL><LI><a href="#[34]">&gt;&gt;</a>&nbsp;&nbsp;&nbsp;GPIO0_Combined_Handler
</UL>
<BR>[Address Reference Count : 1]<UL><LI> startup_sse310mps3.o(RESET)
</UL>
<P><STRONG><a name="[48]"></a>GPIO1_0_Handler</STRONG> (Thumb, 2 bytes, Stack size 0 bytes, startup_sse310mps3.o(.text.GPIO1_0_Handler))
<BR><BR>[Calls]<UL><LI><a href="#[48]">&gt;&gt;</a>&nbsp;&nbsp;&nbsp;GPIO1_0_Handler
</UL>
<BR>[Called By]<UL><LI><a href="#[48]">&gt;&gt;</a>&nbsp;&nbsp;&nbsp;GPIO1_0_Handler
</UL>
<BR>[Address Reference Count : 1]<UL><LI> startup_sse310mps3.o(RESET)
</UL>
<P><STRONG><a name="[52]"></a>GPIO1_10_Handler</STRONG> (Thumb, 2 bytes, Stack size 0 bytes, startup_sse310mps3.o(.text.GPIO1_10_Handler))
<BR><BR>[Calls]<UL><LI><a href="#[52]">&gt;&gt;</a>&nbsp;&nbsp;&nbsp;GPIO1_10_Handler
</UL>
<BR>[Called By]<UL><LI><a href="#[52]">&gt;&gt;</a>&nbsp;&nbsp;&nbsp;GPIO1_10_Handler
</UL>
<BR>[Address Reference Count : 1]<UL><LI> startup_sse310mps3.o(RESET)
</UL>
<P><STRONG><a name="[53]"></a>GPIO1_11_Handler</STRONG> (Thumb, 2 bytes, Stack size 0 bytes, startup_sse310mps3.o(.text.GPIO1_11_Handler))
<BR><BR>[Calls]<UL><LI><a href="#[53]">&gt;&gt;</a>&nbsp;&nbsp;&nbsp;GPIO1_11_Handler
</UL>
<BR>[Called By]<UL><LI><a href="#[53]">&gt;&gt;</a>&nbsp;&nbsp;&nbsp;GPIO1_11_Handler
</UL>
<BR>[Address Reference Count : 1]<UL><LI> startup_sse310mps3.o(RESET)
</UL>
<P><STRONG><a name="[54]"></a>GPIO1_12_Handler</STRONG> (Thumb, 2 bytes, Stack size 0 bytes, startup_sse310mps3.o(.text.GPIO1_12_Handler))
<BR><BR>[Calls]<UL><LI><a href="#[54]">&gt;&gt;</a>&nbsp;&nbsp;&nbsp;GPIO1_12_Handler
</UL>
<BR>[Called By]<UL><LI><a href="#[54]">&gt;&gt;</a>&nbsp;&nbsp;&nbsp;GPIO1_12_Handler
</UL>
<BR>[Address Reference Count : 1]<UL><LI> startup_sse310mps3.o(RESET)
</UL>
<P><STRONG><a name="[55]"></a>GPIO1_13_Handler</STRONG> (Thumb, 2 bytes, Stack size 0 bytes, startup_sse310mps3.o(.text.GPIO1_13_Handler))
<BR><BR>[Calls]<UL><LI><a href="#[55]">&gt;&gt;</a>&nbsp;&nbsp;&nbsp;GPIO1_13_Handler
</UL>
<BR>[Called By]<UL><LI><a href="#[55]">&gt;&gt;</a>&nbsp;&nbsp;&nbsp;GPIO1_13_Handler
</UL>
<BR>[Address Reference Count : 1]<UL><LI> startup_sse310mps3.o(RESET)
</UL>
<P><STRONG><a name="[56]"></a>GPIO1_14_Handler</STRONG> (Thumb, 2 bytes, Stack size 0 bytes, startup_sse310mps3.o(.text.GPIO1_14_Handler))
<BR><BR>[Calls]<UL><LI><a href="#[56]">&gt;&gt;</a>&nbsp;&nbsp;&nbsp;GPIO1_14_Handler
</UL>
<BR>[Called By]<UL><LI><a href="#[56]">&gt;&gt;</a>&nbsp;&nbsp;&nbsp;GPIO1_14_Handler
</UL>
<BR>[Address Reference Count : 1]<UL><LI> startup_sse310mps3.o(RESET)
</UL>
<P><STRONG><a name="[57]"></a>GPIO1_15_Handler</STRONG> (Thumb, 2 bytes, Stack size 0 bytes, startup_sse310mps3.o(.text.GPIO1_15_Handler))
<BR><BR>[Calls]<UL><LI><a href="#[57]">&gt;&gt;</a>&nbsp;&nbsp;&nbsp;GPIO1_15_Handler
</UL>
<BR>[Called By]<UL><LI><a href="#[57]">&gt;&gt;</a>&nbsp;&nbsp;&nbsp;GPIO1_15_Handler
</UL>
<BR>[Address Reference Count : 1]<UL><LI> startup_sse310mps3.o(RESET)
</UL>
<P><STRONG><a name="[49]"></a>GPIO1_1_Handler</STRONG> (Thumb, 2 bytes, Stack size 0 bytes, startup_sse310mps3.o(.text.GPIO1_1_Handler))
<BR><BR>[Calls]<UL><LI><a href="#[49]">&gt;&gt;</a>&nbsp;&nbsp;&nbsp;GPIO1_1_Handler
</UL>
<BR>[Called By]<UL><LI><a href="#[49]">&gt;&gt;</a>&nbsp;&nbsp;&nbsp;GPIO1_1_Handler
</UL>
<BR>[Address Reference Count : 1]<UL><LI> startup_sse310mps3.o(RESET)
</UL>
<P><STRONG><a name="[4a]"></a>GPIO1_2_Handler</STRONG> (Thumb, 2 bytes, Stack size 0 bytes, startup_sse310mps3.o(.text.GPIO1_2_Handler))
<BR><BR>[Calls]<UL><LI><a href="#[4a]">&gt;&gt;</a>&nbsp;&nbsp;&nbsp;GPIO1_2_Handler
</UL>
<BR>[Called By]<UL><LI><a href="#[4a]">&gt;&gt;</a>&nbsp;&nbsp;&nbsp;GPIO1_2_Handler
</UL>
<BR>[Address Reference Count : 1]<UL><LI> startup_sse310mps3.o(RESET)
</UL>
<P><STRONG><a name="[4b]"></a>GPIO1_3_Handler</STRONG> (Thumb, 2 bytes, Stack size 0 bytes, startup_sse310mps3.o(.text.GPIO1_3_Handler))
<BR><BR>[Calls]<UL><LI><a href="#[4b]">&gt;&gt;</a>&nbsp;&nbsp;&nbsp;GPIO1_3_Handler
</UL>
<BR>[Called By]<UL><LI><a href="#[4b]">&gt;&gt;</a>&nbsp;&nbsp;&nbsp;GPIO1_3_Handler
</UL>
<BR>[Address Reference Count : 1]<UL><LI> startup_sse310mps3.o(RESET)
</UL>
<P><STRONG><a name="[4c]"></a>GPIO1_4_Handler</STRONG> (Thumb, 2 bytes, Stack size 0 bytes, startup_sse310mps3.o(.text.GPIO1_4_Handler))
<BR><BR>[Calls]<UL><LI><a href="#[4c]">&gt;&gt;</a>&nbsp;&nbsp;&nbsp;GPIO1_4_Handler
</UL>
<BR>[Called By]<UL><LI><a href="#[4c]">&gt;&gt;</a>&nbsp;&nbsp;&nbsp;GPIO1_4_Handler
</UL>
<BR>[Address Reference Count : 1]<UL><LI> startup_sse310mps3.o(RESET)
</UL>
<P><STRONG><a name="[4d]"></a>GPIO1_5_Handler</STRONG> (Thumb, 2 bytes, Stack size 0 bytes, startup_sse310mps3.o(.text.GPIO1_5_Handler))
<BR><BR>[Calls]<UL><LI><a href="#[4d]">&gt;&gt;</a>&nbsp;&nbsp;&nbsp;GPIO1_5_Handler
</UL>
<BR>[Called By]<UL><LI><a href="#[4d]">&gt;&gt;</a>&nbsp;&nbsp;&nbsp;GPIO1_5_Handler
</UL>
<BR>[Address Reference Count : 1]<UL><LI> startup_sse310mps3.o(RESET)
</UL>
<P><STRONG><a name="[4e]"></a>GPIO1_6_Handler</STRONG> (Thumb, 2 bytes, Stack size 0 bytes, startup_sse310mps3.o(.text.GPIO1_6_Handler))
<BR><BR>[Calls]<UL><LI><a href="#[4e]">&gt;&gt;</a>&nbsp;&nbsp;&nbsp;GPIO1_6_Handler
</UL>
<BR>[Called By]<UL><LI><a href="#[4e]">&gt;&gt;</a>&nbsp;&nbsp;&nbsp;GPIO1_6_Handler
</UL>
<BR>[Address Reference Count : 1]<UL><LI> startup_sse310mps3.o(RESET)
</UL>
<P><STRONG><a name="[4f]"></a>GPIO1_7_Handler</STRONG> (Thumb, 2 bytes, Stack size 0 bytes, startup_sse310mps3.o(.text.GPIO1_7_Handler))
<BR><BR>[Calls]<UL><LI><a href="#[4f]">&gt;&gt;</a>&nbsp;&nbsp;&nbsp;GPIO1_7_Handler
</UL>
<BR>[Called By]<UL><LI><a href="#[4f]">&gt;&gt;</a>&nbsp;&nbsp;&nbsp;GPIO1_7_Handler
</UL>
<BR>[Address Reference Count : 1]<UL><LI> startup_sse310mps3.o(RESET)
</UL>
<P><STRONG><a name="[50]"></a>GPIO1_8_Handler</STRONG> (Thumb, 2 bytes, Stack size 0 bytes, startup_sse310mps3.o(.text.GPIO1_8_Handler))
<BR><BR>[Calls]<UL><LI><a href="#[50]">&gt;&gt;</a>&nbsp;&nbsp;&nbsp;GPIO1_8_Handler
</UL>
<BR>[Called By]<UL><LI><a href="#[50]">&gt;&gt;</a>&nbsp;&nbsp;&nbsp;GPIO1_8_Handler
</UL>
<BR>[Address Reference Count : 1]<UL><LI> startup_sse310mps3.o(RESET)
</UL>
<P><STRONG><a name="[51]"></a>GPIO1_9_Handler</STRONG> (Thumb, 2 bytes, Stack size 0 bytes, startup_sse310mps3.o(.text.GPIO1_9_Handler))
<BR><BR>[Calls]<UL><LI><a href="#[51]">&gt;&gt;</a>&nbsp;&nbsp;&nbsp;GPIO1_9_Handler
</UL>
<BR>[Called By]<UL><LI><a href="#[51]">&gt;&gt;</a>&nbsp;&nbsp;&nbsp;GPIO1_9_Handler
</UL>
<BR>[Address Reference Count : 1]<UL><LI> startup_sse310mps3.o(RESET)
</UL>
<P><STRONG><a name="[35]"></a>GPIO1_Combined_Handler</STRONG> (Thumb, 2 bytes, Stack size 0 bytes, startup_sse310mps3.o(.text.GPIO1_Combined_Handler))
<BR><BR>[Calls]<UL><LI><a href="#[35]">&gt;&gt;</a>&nbsp;&nbsp;&nbsp;GPIO1_Combined_Handler
</UL>
<BR>[Called By]<UL><LI><a href="#[35]">&gt;&gt;</a>&nbsp;&nbsp;&nbsp;GPIO1_Combined_Handler
</UL>
<BR>[Address Reference Count : 1]<UL><LI> startup_sse310mps3.o(RESET)
</UL>
<P><STRONG><a name="[58]"></a>GPIO2_0_Handler</STRONG> (Thumb, 2 bytes, Stack size 0 bytes, startup_sse310mps3.o(.text.GPIO2_0_Handler))
<BR><BR>[Calls]<UL><LI><a href="#[58]">&gt;&gt;</a>&nbsp;&nbsp;&nbsp;GPIO2_0_Handler
</UL>
<BR>[Called By]<UL><LI><a href="#[58]">&gt;&gt;</a>&nbsp;&nbsp;&nbsp;GPIO2_0_Handler
</UL>
<BR>[Address Reference Count : 1]<UL><LI> startup_sse310mps3.o(RESET)
</UL>
<P><STRONG><a name="[62]"></a>GPIO2_10_Handler</STRONG> (Thumb, 2 bytes, Stack size 0 bytes, startup_sse310mps3.o(.text.GPIO2_10_Handler))
<BR><BR>[Calls]<UL><LI><a href="#[62]">&gt;&gt;</a>&nbsp;&nbsp;&nbsp;GPIO2_10_Handler
</UL>
<BR>[Called By]<UL><LI><a href="#[62]">&gt;&gt;</a>&nbsp;&nbsp;&nbsp;GPIO2_10_Handler
</UL>
<BR>[Address Reference Count : 1]<UL><LI> startup_sse310mps3.o(RESET)
</UL>
<P><STRONG><a name="[63]"></a>GPIO2_11_Handler</STRONG> (Thumb, 2 bytes, Stack size 0 bytes, startup_sse310mps3.o(.text.GPIO2_11_Handler))
<BR><BR>[Calls]<UL><LI><a href="#[63]">&gt;&gt;</a>&nbsp;&nbsp;&nbsp;GPIO2_11_Handler
</UL>
<BR>[Called By]<UL><LI><a href="#[63]">&gt;&gt;</a>&nbsp;&nbsp;&nbsp;GPIO2_11_Handler
</UL>
<BR>[Address Reference Count : 1]<UL><LI> startup_sse310mps3.o(RESET)
</UL>
[...]
<BR><BR>[Calls]<UL><LI><a href="#[72]">&gt;&gt;</a>&nbsp;&nbsp;&nbsp;VSI3_Handler
</UL>
<BR>[Called By]<UL><LI><a href="#[72]">&gt;&gt;</a>&nbsp;&nbsp;&nbsp;VSI3_Handler
</UL>
<BR>[Address Reference Count : 1]<UL><LI> startup_sse310mps3.o(RESET)
</UL>
<P><STRONG><a name="[73]"></a>VSI4_Handler</STRONG> (Thumb, 2 bytes, Stack size 0 bytes, startup_sse310mps3.o(.text.VSI4_Handler))
<BR><BR>[Calls]<UL><LI><a href="#[73]">&gt;&gt;</a>&nbsp;&nbsp;&nbsp;VSI4_Handler
</UL>
<BR>[Called By]<UL><LI><a href="#[73]">&gt;&gt;</a>&nbsp;&nbsp;&nbsp;VSI4_Handler
</UL>
<BR>[Address Reference Count : 1]<UL><LI> startup_sse310mps3.o(RESET)
</UL>
<P><STRONG><a name="[74]"></a>VSI5_Handler</STRONG> (Thumb, 2 bytes, Stack size 0 bytes, startup_sse310mps3.o(.text.VSI5_Handler))
<BR><BR>[Calls]<UL><LI><a href="#[74]">&gt;&gt;</a>&nbsp;&nbsp;&nbsp;VSI5_Handler
</UL>
<BR>[Called By]<UL><LI><a href="#[74]">&gt;&gt;</a>&nbsp;&nbsp;&nbsp;VSI5_Handler
</UL>
<BR>[Address Reference Count : 1]<UL><LI> startup_sse310mps3.o(RESET)
</UL>
<P><STRONG><a name="[75]"></a>VSI6_Handler</STRONG> (Thumb, 2 bytes, Stack size 0 bytes, startup_sse310mps3.o(.text.VSI6_Handler))
<BR><BR>[Calls]<UL><LI><a href="#[75]">&gt;&gt;</a>&nbsp;&nbsp;&nbsp;VSI6_Handler
</UL>
<BR>[Called By]<UL><LI><a href="#[75]">&gt;&gt;</a>&nbsp;&nbsp;&nbsp;VSI6_Handler
</UL>
<BR>[Address Reference Count : 1]<UL><LI> startup_sse310mps3.o(RESET)
</UL>
<P><STRONG><a name="[76]"></a>VSI7_Handler</STRONG> (Thumb, 2 bytes, Stack size 0 bytes, startup_sse310mps3.o(.text.VSI7_Handler))
<BR><BR>[Calls]<UL><LI><a href="#[76]">&gt;&gt;</a>&nbsp;&nbsp;&nbsp;VSI7_Handler
</UL>
<BR>[Called By]<UL><LI><a href="#[76]">&gt;&gt;</a>&nbsp;&nbsp;&nbsp;VSI7_Handler
</UL>
<BR>[Address Reference Count : 1]<UL><LI> startup_sse310mps3.o(RESET)
</UL>
<P><STRONG><a name="[b2]"></a>_sys_close</STRONG> (Thumb, 16 bytes, Stack size 0 bytes, retarget_io.o(.text._sys_close))
<BR><BR>[Called By]<UL><LI><a href="#[a8]">&gt;&gt;</a>&nbsp;&nbsp;&nbsp;_fclose_internal
</UL>

<P><STRONG><a name="[a0]"></a>_sys_flen</STRONG> (Thumb, 4 bytes, Stack size 0 bytes, retarget_io.o(.text._sys_flen))
<BR><BR>[Called By]<UL><LI><a href="#[9d]">&gt;&gt;</a>&nbsp;&nbsp;&nbsp;__flsbuf
<LI><a href="#[b0]">&gt;&gt;</a>&nbsp;&nbsp;&nbsp;_fseek
</UL>

<P><STRONG><a name="[a1]"></a>_sys_istty</STRONG> (Thumb, 14 bytes, Stack size 0 bytes, retarget_io.o(.text._sys_istty))
<BR><BR>[Called By]<UL><LI><a href="#[9d]">&gt;&gt;</a>&nbsp;&nbsp;&nbsp;__flsbuf
<LI><a href="#[b0]">&gt;&gt;</a>&nbsp;&nbsp;&nbsp;_fseek
</UL>

<P><STRONG><a name="[af]"></a>_sys_open</STRONG> (Thumb, 92 bytes, Stack size 8 bytes, retarget_io.o(.text._sys_open))
<BR><BR>[Stack]<UL><LI>Max Depth = 16<LI>Call Chain = _sys_open &rArr; strcmp
</UL>
<BR>[Calls]<UL><LI><a href="#[d6]">&gt;&gt;</a>&nbsp;&nbsp;&nbsp;strcmp
</UL>
<BR>[Called By]<UL><LI><a href="#[a5]">&gt;&gt;</a>&nbsp;&nbsp;&nbsp;freopen
</UL>

<P><STRONG><a name="[ac]"></a>_sys_seek</STRONG> (Thumb, 6 bytes, Stack size 0 bytes, retarget_io.o(.text._sys_seek))
<BR><BR>[Called By]<UL><LI><a href="#[a3]">&gt;&gt;</a>&nbsp;&nbsp;&nbsp;_writebuf
</UL>

<P><STRONG><a name="[ad]"></a>_sys_write</STRONG> (Thumb, 46 bytes, Stack size 16 bytes, retarget_io.o(.text._sys_write))
<BR><BR>[Stack]<UL><LI>Max Depth = 40<LI>Call Chain = _sys_write &rArr; stdout_putchar
</UL>
<BR>[Calls]<UL><LI><a href="#[d7]">&gt;&gt;</a>&nbsp;&nbsp;&nbsp;stdout_putchar
</UL>
<BR>[Called By]<UL><LI><a href="#[a3]">&gt;&gt;</a>&nbsp;&nbsp;&nbsp;_writebuf
</UL>

<P><STRONG><a name="[da]"></a>arm_mps3_io_write_leds</STRONG> (Thumb, 54 bytes, Stack size 0 bytes, arm_mps3_io_drv.o(.text.arm_mps3_io_write_leds))
<BR><BR>[Called By]<UL><LI><a href="#[d9]">&gt;&gt;</a>&nbsp;&nbsp;&nbsp;set_led_port
<LI><a href="#[ca]">&gt;&gt;</a>&nbsp;&nbsp;&nbsp;led_port_init
</UL>

<P><STRONG><a name="[c8]"></a>get_led_port_bit_length</STRONG> (Thumb, 4 bytes, Stack size 0 bytes, led_port.o(.text.get_led_port_bit_length))
<BR><BR>[Called By]<UL><LI><a href="#[c7]">&gt;&gt;</a>&nbsp;&nbsp;&nbsp;Blinky
</UL>

<P><STRONG><a name="[ca]"></a>led_port_init</STRONG> (Thumb, 34 bytes, Stack size 8 bytes, led_port.o(.text.led_port_init))
<BR><BR>[Stack]<UL><LI>Max Depth = 8<LI>Call Chain = led_port_init
</UL>
<BR>[Calls]<UL><LI><a href="#[da]">&gt;&gt;</a>&nbsp;&nbsp;&nbsp;arm_mps3_io_write_leds
</UL>
<BR>[Called By]<UL><LI><a href="#[c7]">&gt;&gt;</a>&nbsp;&nbsp;&nbsp;Blinky
</UL>

<P><STRONG><a name="[95]"></a>main</STRONG> (Thumb, 8 bytes, Stack size 0 bytes, main.o(.text.main))
<BR><BR>[Stack]<UL><LI>Max Depth = 48<LI>Call Chain = main &rArr; Blinky &rArr; puts &rArr; fputc &rArr; __flsbuf_byte
</UL>
<BR>[Calls]<UL><LI><a href="#[c7]">&gt;&gt;</a>&nbsp;&nbsp;&nbsp;Blinky
</UL>
<BR>[Called By]<UL><LI><a href="#[94]">&gt;&gt;</a>&nbsp;&nbsp;&nbsp;__rt_entry_main
</UL>

<P><STRONG><a name="[d9]"></a>set_led_port</STRONG> (Thumb, 86 bytes, Stack size 24 bytes, led_port.o(.text.set_led_port))
<BR><BR>[Stack]<UL><LI>Max Depth = 24<LI>Call Chain = set_led_port
</UL>
<BR>[Calls]<UL><LI><a href="#[da]">&gt;&gt;</a>&nbsp;&nbsp;&nbsp;arm_mps3_io_write_leds
</UL>
<BR>[Called By]<UL><LI><a href="#[cd]">&gt;&gt;</a>&nbsp;&nbsp;&nbsp;led_blink
<LI><a href="#[cc]">&gt;&gt;</a>&nbsp;&nbsp;&nbsp;led_runner
</UL>

<P><STRONG><a name="[c9]"></a>stdout_init</STRONG> (Thumb, 58 bytes, Stack size 8 bytes, stdout_usart.o(.text.stdout_init))
<BR><BR>[Stack]<UL><LI>Max Depth = 8<LI>Call Chain = stdout_init
</UL>
<BR>[Called By]<UL><LI><a href="#[c7]">&gt;&gt;</a>&nbsp;&nbsp;&nbsp;Blinky
</UL>

<P><STRONG><a name="[d7]"></a>stdout_putchar</STRONG> (Thumb, 52 bytes, Stack size 24 bytes, stdout_usart.o(.text.stdout_putchar))
<BR><BR>[Stack]<UL><LI>Max Depth = 24<LI>Call Chain = stdout_putchar
</UL>
<BR>[Called By]<UL><LI><a href="#[ad]">&gt;&gt;</a>&nbsp;&nbsp;&nbsp;_sys_write
</UL>

<P><STRONG><a name="[dd]"></a>syscounter_armv8_m_cntrl_init</STRONG> (Thumb, 164 bytes, Stack size 8 bytes, syscounter_armv8-m_cntrl_drv.o(.text.syscounter_armv8_m_cntrl_init))
<BR><BR>[Stack]<UL><LI>Max Depth = 8<LI>Call Chain = syscounter_armv8_m_cntrl_init
</UL>
<BR>[Called By]<UL><LI><a href="#[cb]">&gt;&gt;</a>&nbsp;&nbsp;&nbsp;timeout_init
</UL>

<P><STRONG><a name="[de]"></a>systimer_armv8_m_init</STRONG> (Thumb, 48 bytes, Stack size 0 bytes, systimer_armv8-m_drv.o(.text.systimer_armv8_m_init))
<BR><BR>[Called By]<UL><LI><a href="#[cb]">&gt;&gt;</a>&nbsp;&nbsp;&nbsp;timeout_init
</UL>

<P><STRONG><a name="[db]"></a>systimer_armv8_m_is_interrupt_asserted</STRONG> (Thumb, 12 bytes, Stack size 0 bytes, systimer_armv8-m_drv.o(.text.systimer_armv8_m_is_interrupt_asserted))
<BR><BR>[Called By]<UL><LI><a href="#[d8]">&gt;&gt;</a>&nbsp;&nbsp;&nbsp;timeout_delay_is_elapsed
</UL>

<P><STRONG><a name="[dc]"></a>systimer_armv8_m_set_timer_value</STRONG> (Thumb, 8 bytes, Stack size 0 bytes, systimer_armv8-m_drv.o(.text.systimer_armv8_m_set_timer_value))
<BR><BR>[Called By]<UL><LI><a href="#[d8]">&gt;&gt;</a>&nbsp;&nbsp;&nbsp;timeout_delay_is_elapsed
<LI><a href="#[cb]">&gt;&gt;</a>&nbsp;&nbsp;&nbsp;timeout_init
</UL>

<P><STRONG><a name="[d8]"></a>timeout_delay_is_elapsed</STRONG> (Thumb, 42 bytes, Stack size 8 bytes, systimer_armv8-m_timeout.o(.text.timeout_delay_is_elapsed))
<BR><BR>[Stack]<UL><LI>Max Depth = 8<LI>Call Chain = timeout_delay_is_elapsed
</UL>
<BR>[Calls]<UL><LI><a href="#[db]">&gt;&gt;</a>&nbsp;&nbsp;&nbsp;systimer_armv8_m_is_interrupt_asserted
<LI><a href="#[dc]">&gt;&gt;</a>&nbsp;&nbsp;&nbsp;systimer_armv8_m_set_timer_value
</UL>
<BR>[Called By]<UL><LI><a href="#[cd]">&gt;&gt;</a>&nbsp;&nbsp;&nbsp;led_blink
<LI><a href="#[cc]">&gt;&gt;</a>&nbsp;&nbsp;&nbsp;led_runner
</UL>

<P><STRONG><a name="[cb]"></a>timeout_init</STRONG> (Thumb, 116 bytes, Stack size 24 bytes, systimer_armv8-m_timeout.o(.text.timeout_init))
<BR><BR>[Stack]<UL><LI>Max Depth = 32<LI>Call Chain = timeout_init &rArr; syscounter_armv8_m_cntrl_init
</UL>
<BR>[Calls]<UL><LI><a href="#[dc]">&gt;&gt;</a>&nbsp;&nbsp;&nbsp;systimer_armv8_m_set_timer_value
<LI><a href="#[de]">&gt;&gt;</a>&nbsp;&nbsp;&nbsp;systimer_armv8_m_init
<LI><a href="#[dd]">&gt;&gt;</a>&nbsp;&nbsp;&nbsp;syscounter_armv8_m_cntrl_init
</UL>
<BR>[Called By]<UL><LI><a href="#[c7]">&gt;&gt;</a>&nbsp;&nbsp;&nbsp;Blinky
</UL>

<P><STRONG><a name="[d5]"></a>uart_cmsdk_clear_interrupt</STRONG> (Thumb, 32 bytes, Stack size 0 bytes, uart_cmsdk_drv.o(.text.uart_cmsdk_clear_interrupt))
<BR><BR>[Called By]<UL><LI><a href="#[1c]">&gt;&gt;</a>&nbsp;&nbsp;&nbsp;UARTTX0_Handler
<LI><a href="#[1b]">&gt;&gt;</a>&nbsp;&nbsp;&nbsp;UARTRX0_Handler
</UL>

<P><STRONG><a name="[c4]"></a>uart_cmsdk_init</STRONG> (Thumb, 60 bytes, Stack size 8 bytes, uart_cmsdk_drv.o(.text.uart_cmsdk_init))
<BR><BR>[Stack]<UL><LI>Max Depth = 8<LI>Call Chain = uart_cmsdk_init
</UL>
<BR>[Called By]<UL><LI><a href="#[bf]">&gt;&gt;</a>&nbsp;&nbsp;&nbsp;ARM_USARTx_PowerControl
</UL>

<P><STRONG><a name="[c0]"></a>uart_cmsdk_irq_rx_disable</STRONG> (Thumb, 24 bytes, Stack size 0 bytes, uart_cmsdk_drv.o(.text.uart_cmsdk_irq_rx_disable))
<BR><BR>[Called By]<UL><LI><a href="#[bf]">&gt;&gt;</a>&nbsp;&nbsp;&nbsp;ARM_USARTx_PowerControl
<LI><a href="#[7a]">&gt;&gt;</a>&nbsp;&nbsp;&nbsp;Driver_USART0_Uninitialize
</UL>

<P><STRONG><a name="[c5]"></a>uart_cmsdk_irq_rx_enable</STRONG> (Thumb, 28 bytes, Stack size 0 bytes, uart_cmsdk_drv.o(.text.uart_cmsdk_irq_rx_enable))
<BR><BR>[Called By]<UL><LI><a href="#[bf]">&gt;&gt;</a>&nbsp;&nbsp;&nbsp;ARM_USARTx_PowerControl
</UL>

<P><STRONG><a name="[c1]"></a>uart_cmsdk_irq_tx_disable</STRONG> (Thumb, 24 bytes, Stack size 0 bytes, uart_cmsdk_drv.o(.text.uart_cmsdk_irq_tx_disable))
<BR><BR>[Called By]<UL><LI><a href="#[bf]">&gt;&gt;</a>&nbsp;&nbsp;&nbsp;ARM_USARTx_PowerControl
<LI><a href="#[7a]">&gt;&gt;</a>&nbsp;&nbsp;&nbsp;Driver_USART0_Uninitialize
</UL>

<P><STRONG><a name="[c6]"></a>uart_cmsdk_irq_tx_enable</STRONG> (Thumb, 28 bytes, Stack size 0 bytes, uart_cmsdk_drv.o(.text.uart_cmsdk_irq_tx_enable))
<BR><BR>[Called By]<UL><LI><a href="#[bf]">&gt;&gt;</a>&nbsp;&nbsp;&nbsp;ARM_USARTx_PowerControl
</UL>

<P><STRONG><a name="[d2]"></a>uart_cmsdk_read</STRONG> (Thumb, 22 bytes, Stack size 0 bytes, uart_cmsdk_drv.o(.text.uart_cmsdk_read))
<BR><BR>[Called By]<UL><LI><a href="#[1b]">&gt;&gt;</a>&nbsp;&nbsp;&nbsp;UARTRX0_Handler
<LI><a href="#[7d]">&gt;&gt;</a>&nbsp;&nbsp;&nbsp;Driver_USART0_Receive
</UL>

<P><STRONG><a name="[c2]"></a>uart_cmsdk_rx_disable</STRONG> (Thumb, 24 bytes, Stack size 0 bytes, uart_cmsdk_drv.o(.text.uart_cmsdk_rx_disable))
<BR><BR>[Called By]<UL><LI><a href="#[81]">&gt;&gt;</a>&nbsp;&nbsp;&nbsp;Driver_USART0_Control
<LI><a href="#[bf]">&gt;&gt;</a>&nbsp;&nbsp;&nbsp;ARM_USARTx_PowerControl
<LI><a href="#[7a]">&gt;&gt;</a>&nbsp;&nbsp;&nbsp;Driver_USART0_Uninitialize
</UL>

<P><STRONG><a name="[cf]"></a>uart_cmsdk_rx_enable</STRONG> (Thumb, 28 bytes, Stack size 0 bytes, uart_cmsdk_drv.o(.text.uart_cmsdk_rx_enable))
<BR><BR>[Called By]<UL><LI><a href="#[81]">&gt;&gt;</a>&nbsp;&nbsp;&nbsp;Driver_USART0_Control
</UL>

<P><STRONG><a name="[d1]"></a>uart_cmsdk_rx_ready</STRONG> (Thumb, 24 bytes, Stack size 0 bytes, uart_cmsdk_drv.o(.text.uart_cmsdk_rx_ready))
<BR><BR>[Called By]<UL><LI><a href="#[7d]">&gt;&gt;</a>&nbsp;&nbsp;&nbsp;Driver_USART0_Receive
</UL>

<P><STRONG><a name="[ce]"></a>uart_cmsdk_set_baudrate</STRONG> (Thumb, 40 bytes, Stack size 0 bytes, uart_cmsdk_drv.o(.text.uart_cmsdk_set_baudrate))
<BR><BR>[Called By]<UL><LI><a href="#[81]">&gt;&gt;</a>&nbsp;&nbsp;&nbsp;Driver_USART0_Control
</UL>

<P><STRONG><a name="[c3]"></a>uart_cmsdk_tx_disable</STRONG> (Thumb, 24 bytes, Stack size 0 bytes, uart_cmsdk_drv.o(.text.uart_cmsdk_tx_disable))
<BR><BR>[Called By]<UL><LI><a href="#[81]">&gt;&gt;</a>&nbsp;&nbsp;&nbsp;Driver_USART0_Control
<LI><a href="#[bf]">&gt;&gt;</a>&nbsp;&nbsp;&nbsp;ARM_USARTx_PowerControl
<LI><a href="#[7a]">&gt;&gt;</a>&nbsp;&nbsp;&nbsp;Driver_USART0_Uninitialize
</UL>

<P><STRONG><a name="[d0]"></a>uart_cmsdk_tx_enable</STRONG> (Thumb, 28 bytes, Stack size 0 bytes, uart_cmsdk_drv.o(.text.uart_cmsdk_tx_enable))
<BR><BR>[Called By]<UL><LI><a href="#[81]">&gt;&gt;</a>&nbsp;&nbsp;&nbsp;Driver_USART0_Control
</UL>

<P><STRONG><a name="[d3]"></a>uart_cmsdk_write</STRONG> (Thumb, 20 bytes, Stack size 0 bytes, uart_cmsdk_drv.o(.text.uart_cmsdk_write))
<BR><BR>[Called By]<UL><LI><a href="#[1c]">&gt;&gt;</a>&nbsp;&nbsp;&nbsp;UARTTX0_Handler
<LI><a href="#[7c]">&gt;&gt;</a>&nbsp;&nbsp;&nbsp;Driver_USART0_Send
</UL>

<P><STRONG><a name="[9c]"></a>fputc</STRONG> (Thumb, 28 bytes, Stack size 0 bytes, fputc.o(i.fputc))
<BR><BR>[Stack]<UL><LI>Max Depth = 40<LI>Call Chain = fputc &rArr; __flsbuf_byte
</UL>
<BR>[Calls]<UL><LI><a href="#[df]">&gt;&gt;</a>&nbsp;&nbsp;&nbsp;__flsbuf_byte
</UL>
<BR>[Called By]<UL><LI><a href="#[9b]">&gt;&gt;</a>&nbsp;&nbsp;&nbsp;puts
</UL>

<P><STRONG><a name="[8b]"></a>_fp_init</STRONG> (Thumb, 30 bytes, Stack size 0 bytes, fpinit_81m.o(x$fpl$fpinit))
<BR><BR>[Called By]<UL><LI><a href="#[8a]">&gt;&gt;</a>&nbsp;&nbsp;&nbsp;__rt_lib_init_fp_1
</UL>

<P><STRONG><a name="[116]"></a>__fplib_config_fpu_vfp</STRONG> (Thumb, 0 bytes, Stack size unknown bytes, fpinit_81m.o(x$fpl$fpinit), UNUSED)

<P><STRONG><a name="[117]"></a>__fplib_config_pureend_doubles</STRONG> (Thumb, 0 bytes, Stack size unknown bytes, fpinit_81m.o(x$fpl$fpinit), UNUSED)
<P>
<H3>
Local Symbols
</H3>
<P><STRONG><a name="[cc]"></a>led_runner</STRONG> (Thumb, 60 bytes, Stack size 0 bytes, blinky.o(.text.led_runner))
<BR><BR>[Stack]<UL><LI>Max Depth = 24<LI>Call Chain = led_runner &rArr; set_led_port
</UL>
<BR>[Calls]<UL><LI><a href="#[d9]">&gt;&gt;</a>&nbsp;&nbsp;&nbsp;set_led_port
<LI><a href="#[d8]">&gt;&gt;</a>&nbsp;&nbsp;&nbsp;timeout_delay_is_elapsed
</UL>
<BR>[Called By]<UL><LI><a href="#[c7]">&gt;&gt;</a>&nbsp;&nbsp;&nbsp;Blinky
</UL>

<P><STRONG><a name="[cd]"></a>led_blink</STRONG> (Thumb, 36 bytes, Stack size 0 bytes, blinky.o(.text.led_blink))
<BR><BR>[Stack]<UL><LI>Max Depth = 24<LI>Call Chain = led_blink &rArr; set_led_port
</UL>
<BR>[Calls]<UL><LI><a href="#[d9]">&gt;&gt;</a>&nbsp;&nbsp;&nbsp;set_led_port
<LI><a href="#[d8]">&gt;&gt;</a>&nbsp;&nbsp;&nbsp;timeout_delay_is_elapsed
</UL>
<BR>[Called By]<UL><LI><a href="#[c7]">&gt;&gt;</a>&nbsp;&nbsp;&nbsp;Blinky
</UL>

<P><STRONG><a name="[77]"></a>ARM_USART_GetVersion</STRONG> (Thumb, 10 bytes, Stack size 0 bytes, driver_usart.o(.text.ARM_USART_GetVersion))
<BR>[Address Reference Count : 1]<UL><LI> driver_usart.o(.rodata.Driver_USART0)
</UL>
<P><STRONG><a name="[78]"></a>ARM_USART_GetCapabilities</STRONG> (Thumb, 4 bytes, Stack size 0 bytes, driver_usart.o(.text.ARM_USART_GetCapabilities))
<BR>[Address Reference Count : 1]<UL><LI> driver_usart.o(.rodata.Driver_USART0)
</UL>
<P><STRONG><a name="[79]"></a>Driver_USART0_Initialize</STRONG> (Thumb, 26 bytes, Stack size 0 bytes, driver_usart.o(.text.Driver_USART0_Initialize))
<BR>[Address Reference Count : 1]<UL><LI> driver_usart.o(.rodata.Driver_USART0)
</UL>
<P><STRONG><a name="[7a]"></a>Driver_USART0_Uninitialize</STRONG> (Thumb, 110 bytes, Stack size 16 bytes, driver_usart.o(.text.Driver_USART0_Uninitialize))
<BR><BR>[Stack]<UL><LI>Max Depth = 16<LI>Call Chain = Driver_USART0_Uninitialize
</UL>
<BR>[Calls]<UL><LI><a href="#[c3]">&gt;&gt;</a>&nbsp;&nbsp;&nbsp;uart_cmsdk_tx_disable
<LI><a href="#[c2]">&gt;&gt;</a>&nbsp;&nbsp;&nbsp;uart_cmsdk_rx_disable
<LI><a href="#[c1]">&gt;&gt;</a>&nbsp;&nbsp;&nbsp;uart_cmsdk_irq_tx_disable
<LI><a href="#[c0]">&gt;&gt;</a>&nbsp;&nbsp;&nbsp;uart_cmsdk_irq_rx_disable
</UL>
<BR>[Address Reference Count : 1]<UL><LI> driver_usart.o(.rodata.Driver_USART0)
</UL>
<P><STRONG><a name="[7b]"></a>Driver_USART0_PowerControl</STRONG> (Thumb, 4 bytes, Stack size 0 bytes, driver_usart.o(.text.Driver_USART0_PowerControl))
<BR><BR>[Stack]<UL><LI>Max Depth = 24<LI>Call Chain = Driver_USART0_PowerControl &rArr; ARM_USARTx_PowerControl &rArr; uart_cmsdk_init
</UL>
<BR>[Calls]<UL><LI><a href="#[bf]">&gt;&gt;</a>&nbsp;&nbsp;&nbsp;ARM_USARTx_PowerControl
</UL>
<BR>[Address Reference Count : 1]<UL><LI> driver_usart.o(.rodata.Driver_USART0)
</UL>
<P><STRONG><a name="[bf]"></a>ARM_USARTx_PowerControl</STRONG> (Thumb, 204 bytes, Stack size 16 bytes, driver_usart.o(.text.ARM_USARTx_PowerControl))
<BR><BR>[Stack]<UL><LI>Max Depth = 24<LI>Call Chain = ARM_USARTx_PowerControl &rArr; uart_cmsdk_init
</UL>
<BR>[Calls]<UL><LI><a href="#[c6]">&gt;&gt;</a>&nbsp;&nbsp;&nbsp;uart_cmsdk_irq_tx_enable
<LI><a href="#[c5]">&gt;&gt;</a>&nbsp;&nbsp;&nbsp;uart_cmsdk_irq_rx_enable
<LI><a href="#[c4]">&gt;&gt;</a>&nbsp;&nbsp;&nbsp;uart_cmsdk_init
<LI><a href="#[c3]">&gt;&gt;</a>&nbsp;&nbsp;&nbsp;uart_cmsdk_tx_disable
<LI><a href="#[c2]">&gt;&gt;</a>&nbsp;&nbsp;&nbsp;uart_cmsdk_rx_disable
<LI><a href="#[c1]">&gt;&gt;</a>&nbsp;&nbsp;&nbsp;uart_cmsdk_irq_tx_disable
<LI><a href="#[c0]">&gt;&gt;</a>&nbsp;&nbsp;&nbsp;uart_cmsdk_irq_rx_disable
</UL>
<BR>[Called By]<UL><LI><a href="#[7b]">&gt;&gt;</a>&nbsp;&nbsp;&nbsp;Driver_USART0_PowerControl
</UL>

<P><STRONG><a name="[7c]"></a>Driver_USART0_Send</STRONG> (Thumb, 104 bytes, Stack size 8 bytes, driver_usart.o(.text.Driver_USART0_Send))
<BR><BR>[Stack]<UL><LI>Max Depth = 8<LI>Call Chain = Driver_USART0_Send
</UL>
<BR>[Calls]<UL><LI><a href="#[d3]">&gt;&gt;</a>&nbsp;&nbsp;&nbsp;uart_cmsdk_write
</UL>
<BR>[Address Reference Count : 1]<UL><LI> driver_usart.o(.rodata.Driver_USART0)
</UL>
<P><STRONG><a name="[7d]"></a>Driver_USART0_Receive</STRONG> (Thumb, 142 bytes, Stack size 32 bytes, driver_usart.o(.text.Driver_USART0_Receive))
<BR><BR>[Stack]<UL><LI>Max Depth = 32<LI>Call Chain = Driver_USART0_Receive
</UL>
<BR>[Calls]<UL><LI><a href="#[d1]">&gt;&gt;</a>&nbsp;&nbsp;&nbsp;uart_cmsdk_rx_ready
<LI><a href="#[d2]">&gt;&gt;</a>&nbsp;&nbsp;&nbsp;uart_cmsdk_read
</UL>
<BR>[Address Reference Count : 1]<UL><LI> driver_usart.o(.rodata.Driver_USART0)
</UL>
<P><STRONG><a name="[7e]"></a>Driver_USART0_Transfer</STRONG> (Thumb, 44 bytes, Stack size 0 bytes, driver_usart.o(.text.Driver_USART0_Transfer))
<BR>[Address Reference Count : 1]<UL><LI> driver_usart.o(.rodata.Driver_USART0)
</UL>
<P><STRONG><a name="[7f]"></a>Driver_USART0_GetTxCount</STRONG> (Thumb, 12 bytes, Stack size 0 bytes, driver_usart.o(.text.Driver_USART0_GetTxCount))
<BR>[Address Reference Count : 1]<UL><LI> driver_usart.o(.rodata.Driver_USART0)
</UL>
<P><STRONG><a name="[80]"></a>Driver_USART0_GetRxCount</STRONG> (Thumb, 12 bytes, Stack size 0 bytes, driver_usart.o(.text.Driver_USART0_GetRxCount))
<BR>[Address Reference Count : 1]<UL><LI> driver_usart.o(.rodata.Driver_USART0)
</UL>
<P><STRONG><a name="[81]"></a>Driver_USART0_Control</STRONG> (Thumb, 306 bytes, Stack size 8 bytes, driver_usart.o(.text.Driver_USART0_Control))
<BR><BR>[Stack]<UL><LI>Max Depth = 8<LI>Call Chain = Driver_USART0_Control
</UL>
<BR>[Calls]<UL><LI><a href="#[d0]">&gt;&gt;</a>&nbsp;&nbsp;&nbsp;uart_cmsdk_tx_enable
<LI><a href="#[cf]">&gt;&gt;</a>&nbsp;&nbsp;&nbsp;uart_cmsdk_rx_enable
<LI><a href="#[ce]">&gt;&gt;</a>&nbsp;&nbsp;&nbsp;uart_cmsdk_set_baudrate
<LI><a href="#[c3]">&gt;&gt;</a>&nbsp;&nbsp;&nbsp;uart_cmsdk_tx_disable
<LI><a href="#[c2]">&gt;&gt;</a>&nbsp;&nbsp;&nbsp;uart_cmsdk_rx_disable
</UL>
<BR>[Address Reference Count : 1]<UL><LI> driver_usart.o(.rodata.Driver_USART0)
</UL>
<P><STRONG><a name="[82]"></a>Driver_USART0_GetStatus</STRONG> (Thumb, 34 bytes, Stack size 0 bytes, driver_usart.o(.text.Driver_USART0_GetStatus))
<BR>[Address Reference Count : 1]<UL><LI> driver_usart.o(.rodata.Driver_USART0)
</UL>
<P><STRONG><a name="[83]"></a>Driver_USART0_SetModemControl</STRONG> (Thumb, 6 bytes, Stack size 0 bytes, driver_usart.o(.text.Driver_USART0_SetModemControl))
<BR>[Address Reference Count : 1]<UL><LI> driver_usart.o(.rodata.Driver_USART0)
</UL>
<P><STRONG><a name="[84]"></a>Driver_USART0_GetModemStatus</STRONG> (Thumb, 4 bytes, Stack size 0 bytes, driver_usart.o(.text.Driver_USART0_GetModemStatus))
<BR>[Address Reference Count : 1]<UL><LI> driver_usart.o(.rodata.Driver_USART0)
</UL><P>
<H3>
Undefined Global Symbols
</H3><HR></body></html>
