<html>
<body>
<pre>
<h1>µVision Build Log</h1>
<h2>Tool Versions:</h2>
IDE-Version: µVision V5.37.0.0
Copyright (C) 2022 ARM Ltd and ARM Germany GmbH. All rights reserved.
License Information: MD Armanuzzaman, University at Buffalo, LIC=BL20Y-2AVGN-09RPY-1JKP6-EABNQ-K7D06
 
Tool Versions:
Toolchain:       MDK-ARM Professional  Version: 5.37.0.0
Toolchain Path:  C:\Keil_v5\ARM\ARMCLANG\Bin
C Compiler:      ArmClang.exe V6.18
Assembler:       Armasm.exe V6.18
Linker/Locator:  ArmLink.exe V6.18
Library Manager: ArmAr.exe V6.18
Hex Converter:   FromElf.exe V6.18
CPU DLL:         
Dialog DLL:      
Target DLL:      DbgFMv8M.DLL V1.3.34.0
Dialog DLL:      TCM.DLL V1.56.1.0
 
<h2>Project:</h2>
C:\Users\dakum\OneDrive\Desktop\projects\pac-cfa\Projects\Examples\CMSIS\RTOS2\RTX\Examples\TrustZoneV8M\NoRTOS\CM33_ns\CM33_ns.uvprojx
Project File Date:  07/24/2023

<h2>Output:</h2>
*** Using Compiler 'V6.18', folder: 'C:\Keil_v5\ARM\ARMCLANG\Bin'
Build Project 'CM33_ns' - Target 'FVP Simulation Model'
linking...
.\Objects\CM33_ns.axf: warning: Your license for feature Keil will expire in 4 days [-Wlicense-management]
Program Size: Code=268 RO-data=2016 RW-data=4 ZI-data=2056  
".\Objects\CM33_ns.axf" - 0 Error(s), 1 Warning(s).

<h2>Software Packages used:</h2>

Package Vendor: ARM
                http://www.keil.com/pack/ARM.CMSIS.5.9.0.pack
                ARM.CMSIS.5.9.0
                CMSIS (Common Microcontroller Software Interface Standard)
   * Component: CORE Version: 5.6.0
   * Component: Startup Variant: C Startup Version: 2.1.0

<h2>Collection of Component include folders:</h2>
  ./RTE/_FVP_Simulation_Model
  C:/Users/dakum/AppData/Local/Arm/Packs/ARM/CMSIS/5.9.0/CMSIS/Core/Include
  C:/Users/dakum/AppData/Local/Arm/Packs/ARM/CMSIS/5.9.0/Device/ARM/ARMCM33/Include

<h2>Collection of Component Files used:</h2>

   * Component: ARM::CMSIS:CORE:5.6.0
      Include file:  CMSIS/Core/Include/tz_context.h

   * Component: ARM::Device:Startup:C Startup:2.1.0
      Source file:   Device/ARM/ARMCM33/Source/system_ARMCM33.c
      Source file:   Device/ARM/ARMCM33/Source/startup_ARMCM33.c
Build Time Elapsed:  00:00:00
</pre>
</body>
</html>
