<html>
<body>
<pre>
<h1>µVision Build Log</h1>
<h2>Tool Versions:</h2>
IDE-Version: µVision V5.37.0.0
Copyright (C) 2022 ARM Ltd and ARM Germany GmbH. All rights reserved.
License Information: MD Armanuzzaman, University at Buffalo, LIC=W961Z-3VIQK-BQ0RI-B9VEP-8KHDN-E6BA0
 
Tool Versions:
Toolchain:       MDK-ARM Professional  Version: 5.37.0.0
Toolchain Path:  C:\Keil_v5\ARM\ARMCLANG\Bin
C Compiler:      ArmClang.exe V6.18
Assembler:       Armasm.exe V6.18
Linker/Locator:  ArmLink.exe V6.18
Library Manager: ArmAr.exe V6.18
Hex Converter:   FromElf.exe V6.18
CPU DLL:         
Dialog DLL:      
Target DLL:      CMSIS_AGDI_V8M.DLL V1.7.17.0
Dialog DLL:      TCM.DLL V1.56.1.0
 
<h2>Project:</h2>
C:\Users\dakum\OneDrive\Desktop\projects\code-CFA-with-pac\Test_tz\test_ns\test_ns.uvprojx
Project File Date:  04/03/2023

<h2>Output:</h2>
*** Using Compiler 'V6.18', folder: 'C:\Keil_v5\ARM\ARMCLANG\Bin'
Build Project 'test_ns' - Target 'Target 1'
linking...
.\Objects\test_ns.axf: warning: Your license for feature Keil will expire in 4 days [-Wlicense-management]
Program Size: Code=1436 RO-data=592 RW-data=8 ZI-data=2048  
".\Objects\test_ns.axf" - 0 Error(s), 1 Warning(s).

<h2>Software Packages used:</h2>

Package Vendor: ARM
                http://www.keil.com/pack/ARM.CMSIS.5.9.0.pack
                ARM.CMSIS.5.9.0
                CMSIS (Common Microcontroller Software Interface Standard)
   * Component: I2C Version: 2.4.0
   * Component: USART Version: 2.4.0
   * Component: Custom Version: 1.0.0
   * Component: Custom Version: 1.0.0
   * Component: CORE Version: 5.6.0

Package Vendor: ARM
                http://www.keil.com/pack/ARM.V2M_MPS3_SSE_310_BSP.1.2.0.pack
                ARM.V2M_MPS3_SSE_310_BSP.1.2.0
                ARM V2M-MPS3 Board Support PACK for CoreLink SSE-310 - TrustZone enabled subsystem for embedded.
   * Component: Definition Version: 1.2.0
   * Component: Startup Variant: Baremetal Version: 1.2.0
   * Component: MPC Version: 1.1.0
   * Component: PPC Version: 1.1.0
   * Component: UART Version: 1.1.0

<h2>Collection of Component include folders:</h2>
  ./RTE/Device/SSE-310-MPS3_AN555
  ./RTE/_Target_1
  C:/Users/dakum/AppData/Local/Arm/Packs/ARM/CMSIS/5.9.0/CMSIS/Core/Include
  C:/Users/dakum/AppData/Local/Arm/Packs/ARM/CMSIS/5.9.0/CMSIS/Driver/Include
  C:/Users/dakum/AppData/Local/Arm/Packs/ARM/V2M_MPS3_SSE_310_BSP/1.2.0/Board/Device_Definition
  C:/Users/dakum/AppData/Local/Arm/Packs/ARM/V2M_MPS3_SSE_310_BSP/1.2.0/Board/Platform
  C:/Users/dakum/AppData/Local/Arm/Packs/ARM/V2M_MPS3_SSE_310_BSP/1.2.0/Device/Include
  C:/Users/dakum/AppData/Local/Arm/Packs/ARM/V2M_MPS3_SSE_310_BSP/1.2.0/Native_Driver

<h2>Collection of Component Files used:</h2>

   * Component: ::CMSIS Driver:I2C:2.4.0 (API)
      Include file:  CMSIS/Driver/Include/Driver_I2C.h

   * Component: ::CMSIS Driver:USART:2.4.0 (API)
      Include file:  CMSIS/Driver/Include/Driver_USART.h

   * Component: ARM::CMSIS Driver:I2C:Custom:1.0.0
      Source file:   CMSIS/Driver/DriverTemplates/Driver_I2C.c
      Include file:  CMSIS/Driver/Include/Driver_I2C.h

   * Component: ARM::CMSIS Driver:USART:Custom:1.0.0
      Include file:  CMSIS/Driver/Include/Driver_USART.h
      Source file:   CMSIS/Driver/DriverTemplates/Driver_USART.c

   * Component: ARM::CMSIS:CORE:5.6.0
      Include file:  CMSIS/Core/Include/tz_context.h

   * Component: ARM::Device:Definition:1.2.0
      Source file:   Board/Device_Definition/device_definition.c
      Include file:  Board/Device_Definition/device_definition.h
      Include file:  Board/Platform/platform_description.h
      Include file:  Board/Platform/platform_base_address.h

   * Component: ARM::Device:Startup:Baremetal:1.2.0
      Include file:  Device/Include/region_defs.h
      Include file:  Device/Include/region_limits.h
      Include file:  CMSIS_Driver/Config/Baremetal/cmsis_driver_config.h
      Include file:  Device/Config/Baremetal/device_cfg.h
      Include file:  Device/Include/system_SSE310MPS3.h
      Source file:   Device/Source/startup_SSE310MPS3.c
      Source file:   Device/Source/system_SSE310MPS3.c

   * Component: ARM::Native Driver:MPC:1.1.0
      Include file:  Native_Driver/mpc_sie_reg_map.h
      Include file:  Native_Driver/mpc_sie_drv.h
      Source file:   Native_Driver/mpc_sie_drv.c

   * Component: ARM::Native Driver:PPC:1.1.0
      Include file:  Native_Driver/ppc_corstone310_drv.h
      Include file:  Native_Driver/ppc_corstone310_reg_map.h
      Source file:   Native_Driver/ppc_corstone310_drv.c

   * Component: ARM::Native Driver:UART:1.1.0
      Include file:  Native_Driver/uart_cmsdk_reg_map.h
      Include file:  Native_Driver/uart_cmsdk_drv.h
      Source file:   Native_Driver/uart_cmsdk_drv.c
Build Time Elapsed:  00:00:00
</pre>
</body>
</html>
