<html>
<body>
<pre>
<h1>µVision Build Log</h1>
<h2>Tool Versions:</h2>
IDE-Version: µVision V5.37.0.0
Copyright (C) 2022 ARM Ltd and ARM Germany GmbH. All rights reserved.
License Information: MD Armanuzzaman, University at Buffalo, LIC=BL20Y-2AVGN-09RPY-1JKP6-EABNQ-K7D06
 
Tool Versions:
Toolchain:       MDK-ARM Professional  Version: 5.37.0.0
Toolchain Path:  C:\Keil_v5\ARM\ARMCLANG\Bin
C Compiler:      ArmClang.exe V6.18
Assembler:       Armasm.exe V6.18
Linker/Locator:  ArmLink.exe V6.18
Library Manager: ArmAr.exe V6.18
Hex Converter:   FromElf.exe V6.18
CPU DLL:         
Dialog DLL:      
Target DLL:      CMSIS_AGDI_V8M.DLL V1.7.17.0
Dialog DLL:      TCM.DLL V1.56.1.0
 
<h2>Project:</h2>
C:\Users\dakum\OneDrive\Desktop\projects\pac-cfa\Projects\Examples\CMSIS\RTOS2\RTX\Examples\TrustZoneV8M\NoRTOS\CM33_s\CM33_s.uvprojx
Project File Date:  07/24/2023

<h2>Output:</h2>
*** Using Compiler 'V6.18', folder: 'C:\Keil_v5\ARM\ARMCLANG\Bin'
Build Project 'CM33_s' - Target 'FVP Simulation Model'
linking...
.\Objects\CM33_s.axf: warning: Your license for feature Keil will expire in 4 days [-Wlicense-management]
Program Size: Code=2480 RO-data=608 RW-data=8 ZI-data=2056  
".\Objects\CM33_s.axf" - 0 Error(s), 1 Warning(s).

<h2>Software Packages used:</h2>

Package Vendor: ARM
                http://www.keil.com/pack/ARM.CMSIS.5.9.0.pack
                ARM.CMSIS.5.9.0
                CMSIS (Common Microcontroller Software Interface Standard)
   * Component: CORE Version: 5.6.0

Package Vendor: ARM
                http://www.keil.com/pack/ARM.V2M_MPS3_SSE_310_BSP.1.2.0.pack
                ARM.V2M_MPS3_SSE_310_BSP.1.2.0
                ARM V2M-MPS3 Board Support PACK for CoreLink SSE-310 - TrustZone enabled subsystem for embedded.
   * Component: MPC Version: 1.1.0
   * Component: Definition Version: 1.2.0
   * Component: Startup Variant: Baremetal Version: 1.2.0
   * Component: MPC Version: 1.1.0
   * Component: SysCounter Version: 1.0.1
   * Component: SysTimer Version: 1.0.0
   * Component: Timeout Version: 1.0.1

<h2>Collection of Component include folders:</h2>
  ./RTE/Device/SSE-310-MPS3_AN555
  ./RTE/_FVP_Simulation_Model
  C:/Users/dakum/AppData/Local/Arm/Packs/ARM/CMSIS/5.9.0/CMSIS/Core/Include
  C:/Users/dakum/AppData/Local/Arm/Packs/ARM/V2M_MPS3_SSE_310_BSP/1.2.0/Board/Device_Definition
  C:/Users/dakum/AppData/Local/Arm/Packs/ARM/V2M_MPS3_SSE_310_BSP/1.2.0/Board/Platform
  C:/Users/dakum/AppData/Local/Arm/Packs/ARM/V2M_MPS3_SSE_310_BSP/1.2.0/CMSIS_Driver
  C:/Users/dakum/AppData/Local/Arm/Packs/ARM/V2M_MPS3_SSE_310_BSP/1.2.0/CMSIS_Driver/Config
  C:/Users/dakum/AppData/Local/Arm/Packs/ARM/V2M_MPS3_SSE_310_BSP/1.2.0/CMSIS_Driver/Include
  C:/Users/dakum/AppData/Local/Arm/Packs/ARM/V2M_MPS3_SSE_310_BSP/1.2.0/Device/Include
  C:/Users/dakum/AppData/Local/Arm/Packs/ARM/V2M_MPS3_SSE_310_BSP/1.2.0/Native_Driver

<h2>Collection of Component Files used:</h2>

   * Component: ARM::CMSIS Driver:MPC:1.1.0
      Source file:   CMSIS_Driver/Driver_MPC.c
      Include file:  CMSIS_Driver/Driver_MPC.h

   * Component: ARM::CMSIS:CORE:5.6.0
      Include file:  CMSIS/Core/Include/tz_context.h
      Source file:   CMSIS/Core/Template/ARMv8-M/tz_context.c
      Source file:   CMSIS/Core/Template/ARMv8-M/main_s.c

   * Component: ARM::Device:Definition:1.2.0
      Source file:   Board/Device_Definition/device_definition.c
      Include file:  Board/Platform/platform_base_address.h
      Include file:  Board/Platform/platform_description.h
      Include file:  Board/Device_Definition/device_definition.h

   * Component: ARM::Device:Startup:Baremetal:1.2.0
      Include file:  Device/Include/region_defs.h
      Include file:  Device/Include/region_limits.h
      Include file:  Device/Include/system_SSE310MPS3.h
      Include file:  Device/Config/Baremetal/device_cfg.h
      Source file:   Device/Source/startup_SSE310MPS3.c
      Source file:   Device/Source/system_SSE310MPS3.c
      Include file:  CMSIS_Driver/Config/Baremetal/cmsis_driver_config.h

   * Component: ARM::Native Driver:MPC:1.1.0
      Include file:  Native_Driver/mpc_sie_reg_map.h
      Source file:   Native_Driver/mpc_sie_drv.c
      Include file:  Native_Driver/mpc_sie_drv.h

   * Component: ARM::Native Driver:SysCounter:1.0.1
      Source file:   Native_Driver/syscounter_armv8-m_cntrl_drv.c
      Include file:  Native_Driver/syscounter_armv8-m_cntrl_drv.h
      Include file:  Native_Driver/syscounter_armv8-m_cntrl_reg_map.h
      Source file:   Native_Driver/syscounter_armv8-m_read_drv.c
      Include file:  Native_Driver/syscounter_armv8-m_read_drv.h
      Include file:  Native_Driver/syscounter_armv8-m_read_reg_map.h

   * Component: ARM::Native Driver:SysTimer:1.0.0
      Source file:   Native_Driver/systimer_armv8-m_drv.c
      Include file:  Native_Driver/systimer_armv8-m_drv.h
      Include file:  Native_Driver/systimer_armv8-m_reg_map.h

   * Component: ARM::Native Driver:Timeout:1.0.1
      Source file:   Native_Driver/systimer_armv8-m_timeout.c
      Include file:  Native_Driver/timeout.h
Build Time Elapsed:  00:00:00
</pre>
</body>
</html>
