<html>
<body>
<pre>
<h1>µVision Build Log</h1>
<h2>Tool Versions:</h2>
IDE-Version: µVision V5.37.0.0
Copyright (C) 2022 ARM Ltd and ARM Germany GmbH. All rights reserved.
License Information: MD Armanuzzaman, University at Buffalo, LIC=UB40X-1FZUK-UN3QX-0G01W-UGX93-RV7MT
 
Tool Versions:
Toolchain:       MDK-ARM Professional  Version: 5.37.0.0
Toolchain Path:  C:\Keil_v5\ARM\ARMCLANG\Bin
C Compiler:      ArmClang.exe V6.18
Assembler:       Armasm.exe V6.18
Linker/Locator:  ArmLink.exe V6.18
Library Manager: ArmAr.exe V6.18
Hex Converter:   FromElf.exe V6.18
CPU DLL:         
Dialog DLL:      
Target DLL:      CMSIS_AGDI_V8M.DLL V1.7.17.0
Dialog DLL:      TCM.DLL V1.56.1.0
 
<h2>Project:</h2>
C:\Users\dakum\OneDrive\Desktop\projects\code-CFA-with-pac\Evaluation\TrustZoneV8m\Boards\ARM\V2M-MPS2\IOTKit_CM23\IOTKit_CM23_S_NS\IOTKit_CM23_s\IOTKit_CM23_s.uvprojx
Project File Date:  08/20/2024

<h2>Output:</h2>
*** Using Compiler 'V6.18', folder: 'C:\Keil_v5\ARM\ARMCLANG\Bin'
Rebuild Project 'IOTKit_CM23_s' - Target 'FVP'
compiling GLCD_Fonts.c...
creating list file for GLCD_Fonts.c...
compiling LED_V2M-MPS2.c...
compiling stdout_USART.c...
creating list file for stdout_USART.c...
creating list file for LED_V2M-MPS2.c...
compiling USART_V2M-MPS2.c...
compiling main_s.c...
creating list file for retarget_io.c...
compiling retarget_io.c...
creating list file for startup_IOTKit_CM23.c...
compiling startup_IOTKit_CM23.c...
creating list file for main_s.c...
creating list file for USART_V2M-MPS2.c...
creating list file for system_IOTKit_CM23.c...
compiling system_IOTKit_CM23.c...
compiling GLCD_V2M-MPS2.c...
creating list file for GLCD_V2M-MPS2.c...
linking...
Program Size: Code=12604 RO-data=6532 RW-data=44 ZI-data=4516  
".\Objects\IOTKit_CM23_s.axf" - 0 Error(s), 0 Warning(s).

<h2>Software Packages used:</h2>

Package Vendor: ARM
                https://www.keil.com/pack/ARM.CMSIS.6.0.0.pack
                ARM.CMSIS.6.0.0
                CMSIS (Common Microcontroller Software Interface Standard)
   * Component: USART Version: 2.4.0
   * Component: CORE Version: 6.0.0

Package Vendor: Keil
                https://www.keil.com/pack/Keil.ARM_Compiler.1.7.2.pack
                Keil.ARM_Compiler.1.7.2
                Keil ARM Compiler extensions for ARM Compiler 5 and ARM Compiler 6
   * Component: STDOUT Variant: User Version: 1.2.0

Package Vendor: Keil
                https://www.keil.com/pack/Keil.MDK-Middleware.7.15.0.pack
                Keil.MDK-Middleware.7.15.0
                Middleware for Keil MDK-Professional and MDK-Plus
   * Component: Graphic LCD Version: 1.0.0
   * Component: LED Version: 1.0.0

Package Vendor: Keil
                https://www.keil.com/pack/Keil.V2M-MPS2_IOTKit_BSP.1.5.1.pack
                Keil.V2M-MPS2_IOTKit_BSP.1.5.1
                ARM V2M-MPS2 Device Family Pack for IOT-Kit devices
   * Component: Graphic LCD Version: 2.0.0
   * Component: LED Version: 2.0.0
   * Component: USART Version: 1.0.0
   * Component: Startup Variant: C Startup Version: 1.2.0

<h2>Collection of Component include folders:</h2>
  ./RTE/Device/IOTKit_CM23
  ./RTE/_FVP
  C:/Users/dakum/AppData/Local/Arm/Packs/ARM/CMSIS/6.0.0/CMSIS/Core/Include
  C:/Users/dakum/AppData/Local/Arm/Packs/ARM/CMSIS/6.0.0/CMSIS/Driver/Include
  C:/Users/dakum/AppData/Local/Arm/Packs/Keil/MDK-Middleware/7.15.0/Board
  C:/Users/dakum/AppData/Local/Arm/Packs/Keil/V2M-MPS2_IOTKit_BSP/1.5.1/Boards/ARM/V2M-MPS2/Common
  C:/Users/dakum/AppData/Local/Arm/Packs/Keil/V2M-MPS2_IOTKit_BSP/1.5.1/Device/IOTKit_CM23/Include

<h2>Collection of Component Files used:</h2>

   * Component: ::Board Support:Graphic LCD:1.0.0 (API)
      Include file:  Board/Board_GLCD.h

   * Component: ::Board Support:LED:1.0.0 (API)
      Include file:  Board/Board_LED.h

   * Component: ::CMSIS Driver:USART:2.4.0 (API)
      Include file:  CMSIS/Driver/Include/Driver_USART.h

   * Component: ARM::CMSIS:CORE:6.0.0
      Include file:  CMSIS/Core/Include/tz_context.h
      Source file:   CMSIS/Core/Template/ARMv8-M/main_s.c
      Source file:   CMSIS/Core/Template/ARMv8-M/tz_context.c

   * Component: Keil.ARM Compiler::Compiler:I/O:STDOUT:User:1.2.0
      Source file:   Template/stdout_USART.c
      Source file:   Source/retarget_io.c
      Source file:   Template/stdout_user.c
      Source file:   Template/stdout_display.c

   * Component: Keil.V2M-MPS2 IOT-Kit::Board Support:Graphic LCD:2.0.0
      Include file:  Boards/ARM/V2M-MPS2/Common/GLCD_Config.h
      Source file:   Boards/ARM/V2M-MPS2/Common/GLCD_V2M-MPS2.c
      Source file:   Boards/ARM/V2M-MPS2/Common/GLCD_Fonts.c

   * Component: Keil.V2M-MPS2 IOT-Kit::Board Support:LED:2.0.0
      Source file:   Boards/ARM/V2M-MPS2/Common/LED_V2M-MPS2.c

   * Component: Keil::CMSIS Driver:USART:1.0.0
      Source file:   CMSIS/Driver/USART_V2M-MPS2.c

   * Component: Keil::Device:Startup:C Startup:1.2.0
      Source file:   Device/IOTKit_CM23/Source/system_IOTKit_CM23.c
      Include file:  Device/IOTKit_CM23/Include/Template/partition_IOTKit_CM23.h
      Include file:  CMSIS/Config/RTE_Device.h
      Source file:   Device/IOTKit_CM23/Source/startup_IOTKit_CM23.c
Build Time Elapsed:  00:00:01
</pre>
</body>
</html>
