<html>
<body>
<pre>
<h1>µVision Build Log</h1>
<h2>Tool Versions:</h2>
IDE-Version: µVision V5.37.0.0
Copyright (C) 2022 ARM Ltd and ARM Germany GmbH. All rights reserved.
License Information: MD Armanuzzaman, University at Buffalo, LIC=3UUP8-MGP5K-MMM6G-DDDY2-62JWP-CFLZ1
 
Tool Versions:
Toolchain:       MDK-ARM Professional  Version: 5.37.0.0
Toolchain Path:  C:\Keil_v5\ARM\ARMCLANG\Bin
C Compiler:      ArmClang.exe V6.18
Assembler:       Armasm.exe V6.18
Linker/Locator:  ArmLink.exe V6.18
Library Manager: ArmAr.exe V6.18
Hex Converter:   FromElf.exe V6.18
CPU DLL:         
Dialog DLL:      
Target DLL:      CMSIS_AGDI_V8M.DLL V1.7.17.0
Dialog DLL:      TCM.DLL V1.56.1.0
 
<h2>Project:</h2>
C:\Users\dakum\OneDrive\Desktop\projects\code-CFA-with-pac\Running\Simple\Examples\Blinky\ARM\Blinky.uvprojx
Project File Date:  01/04/2024

<h2>Output:</h2>
*** Using Compiler 'V6.18', folder: 'C:\Keil_v5\ARM\ARMCLANG\Bin'
Rebuild target 'ARMCLANG'
compiling uart_cmsdk_drv.c...
compiling main.c...
compiling device_definition.c...
compiling retarget_io.c...
compiling stdout_USART.c...
compiling system_SSE310MPS3.c...
compiling Driver_USART.c...
compiling startup_SSE310MPS3.c...
linking...
.\Objects\Blinky.axf: warning: Your license for feature Keil will expire in 30 days [-Wlicense-management]
Program Size: Code=6088 RO-data=1112 RW-data=28 ZI-data=2444  
FromELF: creating hex file...
.\Objects\Blinky.hex: Warning: Q9931W: Your license for feature Keil will expire in 30 days
Finished: 0 information, 1 warning and 0 error messages.
".\Objects\Blinky.axf" - 0 Error(s), 1 Warning(s).

<h2>Software Packages used:</h2>

Package Vendor: ARM
                http://www.keil.com/pack/ARM.CMSIS.5.9.0.pack
                ARM.CMSIS.5.9.0
                CMSIS (Common Microcontroller Software Interface Standard)
   * Component: USART Version: 2.4.0
   * Component: CORE Version: 5.6.0

Package Vendor: ARM
                http://www.keil.com/pack/ARM.V2M_MPS3_SSE_310_BSP.1.3.0.pack
                ARM.V2M_MPS3_SSE_310_BSP.1.3.0
                ARM V2M-MPS3 Board Support PACK for CoreLink SSE-310 - TrustZone enabled subsystem for embedded.
   * Component: USART Version: 1.1.0
   * Component: Definition Version: 2.0.0
   * Component: UART Version: 1.1.0
   * Component: Startup Variant: C Startup Version: 2.0.0
   * Component: UART STDOUT Version: 1.0.0

Package Vendor: Keil
                https://www.keil.com/pack/Keil.ARM_Compiler.1.7.2.pack
                Keil.ARM_Compiler.1.7.2
                Keil ARM Compiler extensions for ARM Compiler 5 and ARM Compiler 6
   * Component: STDOUT Variant: User Version: 1.2.0

<h2>Collection of Component include folders:</h2>
  ./RTE/Device/SSE-310-MPS3_FVP
  ./RTE/_ARMCLANG
  C:/Users/dakum/AppData/Local/Arm/Packs/ARM/CMSIS/5.9.0/CMSIS/Core/Include
  C:/Users/dakum/AppData/Local/Arm/Packs/ARM/CMSIS/5.9.0/CMSIS/Driver/Include
  C:/Users/dakum/AppData/Local/Arm/Packs/ARM/V2M_MPS3_SSE_310_BSP/1.3.0/Board/Device_Definition
  C:/Users/dakum/AppData/Local/Arm/Packs/ARM/V2M_MPS3_SSE_310_BSP/1.3.0/Board/Platform
  C:/Users/dakum/AppData/Local/Arm/Packs/ARM/V2M_MPS3_SSE_310_BSP/1.3.0/CMSIS_Driver
  C:/Users/dakum/AppData/Local/Arm/Packs/ARM/V2M_MPS3_SSE_310_BSP/1.3.0/Device/Include

<h2>Collection of Component Files used:</h2>

   * Component: ::CMSIS Driver:USART:2.4.0 (API)
      Include file:  CMSIS/Driver/Include/Driver_USART.h

   * Component: ARM::CMSIS Driver:USART:1.1.0
      Include file:  CMSIS_Driver/Driver_USART_Common.h
      Include file:  CMSIS_Driver/Driver_USART_CMSDK.h
      Source file:   CMSIS_Driver/Driver_USART.c

   * Component: ARM::CMSIS:CORE:5.6.0
      Include file:  CMSIS/Core/Include/tz_context.h

   * Component: ARM::Device:Definition:2.0.0
      Source file:   Board/Device_Definition/device_definition.c
      Include file:  Device/Config/device_cfg.h
      Include file:  Board/Platform/platform_base_address.h
      Include file:  CMSIS_Driver/Config/cmsis_driver_config.h
      Include file:  Board/Device_Definition/device_definition.h

   * Component: ARM::Device:Native Driver:UART:1.1.0
      Source file:   Device/Source/uart_cmsdk_drv.c
      Include file:  Device/Include/uart_cmsdk_drv.h

   * Component: ARM::Device:Startup:C Startup:2.0.0
      Source file:   Device/Source/system_SSE310MPS3.c
      Source file:   Device/Source/startup_SSE310MPS3.c
      Include file:  Device/Include/system_SSE310MPS3.h
      Include file:  Device/Include/region_defs.h
      Include file:  Device/Include/region_limits.h
      Source file:   Examples/templates/empty_main.c

   * Component: ARM::Device:UART STDOUT:1.0.0
      Include file:  Device/Include/stdout_USART.h
      Source file:   Device/Source/stdout_USART.c

   * Component: Keil.ARM Compiler::Compiler:I/O:STDOUT:User:1.2.0
      Source file:   Template/stdout_display.c
      Source file:   Source/retarget_io.c
      Source file:   Template/stdout_USART.c
      Source file:   Template/stdout_user.c
Build Time Elapsed:  00:00:01
</pre>
</body>
</html>
