Component: Arm Compiler for Embedded 6.18 Tool: armlink [5e4cc100]

==============================================================================

Section Cross References

    main.o(.text.main) refers to stdout_usart.o(.text.stdout_init) for stdout_init
    main.o(.text.main) refers to puts.o(.text) for puts
    main.o(.ARM.exidx.text.main) refers to main.o(.text.main) for [Anonymous Symbol]
    main.o(.data.__stdio) refers to stdout_usart.o(.text.stdout_putchar) for stdout_putchar
    main.o(.rodata.stdin) refers to main.o(.data.__stdio) for [Anonymous Symbol]
    driver_usart.o(.text.UARTRX0_Handler) refers to device_definition.o(.data.UART0_CMSDK_DEV_S) for UART0_CMSDK_DEV_S
    driver_usart.o(.text.UARTRX0_Handler) refers to uart_cmsdk_drv.o(.text.uart_cmsdk_clear_interrupt) for uart_cmsdk_clear_interrupt
    driver_usart.o(.text.UARTRX0_Handler) refers to driver_usart.o(.bss.Driver_USART0_DEV.9) for Driver_USART0_DEV.9
    driver_usart.o(.text.UARTRX0_Handler) refers to driver_usart.o(.bss.Driver_USART0_DEV.11) for Driver_USART0_DEV.11
    driver_usart.o(.text.UARTRX0_Handler) refers to uart_cmsdk_drv.o(.text.uart_cmsdk_read) for uart_cmsdk_read
    driver_usart.o(.text.UARTRX0_Handler) refers to driver_usart.o(.bss.Driver_USART0_DEV.10) for Driver_USART0_DEV.10
    driver_usart.o(.text.UARTRX0_Handler) refers to driver_usart.o(.bss.Driver_USART0_DEV.1) for Driver_USART0_DEV.1
    driver_usart.o(.ARM.exidx.text.UARTRX0_Handler) refers to driver_usart.o(.text.UARTRX0_Handler) for [Anonymous Symbol]
    driver_usart.o(.text.UARTTX0_Handler) refers to device_definition.o(.data.UART0_CMSDK_DEV_S) for UART0_CMSDK_DEV_S
    driver_usart.o(.text.UARTTX0_Handler) refers to uart_cmsdk_drv.o(.text.uart_cmsdk_clear_interrupt) for uart_cmsdk_clear_interrupt
    driver_usart.o(.text.UARTTX0_Handler) refers to driver_usart.o(.bss.Driver_USART0_DEV.6) for Driver_USART0_DEV.6
    driver_usart.o(.text.UARTTX0_Handler) refers to driver_usart.o(.bss.Driver_USART0_DEV.8) for Driver_USART0_DEV.8
    driver_usart.o(.text.UARTTX0_Handler) refers to driver_usart.o(.bss.Driver_USART0_DEV.7) for Driver_USART0_DEV.7
    driver_usart.o(.text.UARTTX0_Handler) refers to driver_usart.o(.bss.Driver_USART0_DEV.1) for Driver_USART0_DEV.1
    driver_usart.o(.text.UARTTX0_Handler) refers to uart_cmsdk_drv.o(.text.uart_cmsdk_write) for uart_cmsdk_write
    driver_usart.o(.ARM.exidx.text.UARTTX0_Handler) refers to driver_usart.o(.text.UARTTX0_Handler) for [Anonymous Symbol]
    driver_usart.o(.ARM.exidx.text.ARM_USART_GetVersion) refers to driver_usart.o(.text.ARM_USART_GetVersion) for [Anonymous Symbol]
    driver_usart.o(.ARM.exidx.text.ARM_USART_GetCapabilities) refers to driver_usart.o(.text.ARM_USART_GetCapabilities) for [Anonymous Symbol]
    driver_usart.o(.text.Driver_USART0_Initialize) refers to driver_usart.o(.bss.Driver_USART0_DEV.1) for Driver_USART0_DEV.1
    driver_usart.o(.text.Driver_USART0_Initialize) refers to driver_usart.o(.bss.Driver_USART0_DEV.5) for Driver_USART0_DEV.5
    driver_usart.o(.ARM.exidx.text.Driver_USART0_Initialize) refers to driver_usart.o(.text.Driver_USART0_Initialize) for [Anonymous Symbol]
    driver_usart.o(.text.Driver_USART0_Uninitialize) refers to driver_usart.o(.bss.Driver_USART0_DEV.5) for Driver_USART0_DEV.5
    driver_usart.o(.text.Driver_USART0_Uninitialize) refers to device_definition.o(.data.UART0_CMSDK_DEV_S) for UART0_CMSDK_DEV_S
    driver_usart.o(.text.Driver_USART0_Uninitialize) refers to uart_cmsdk_drv.o(.text.uart_cmsdk_irq_rx_disable) for uart_cmsdk_irq_rx_disable
    driver_usart.o(.text.Driver_USART0_Uninitialize) refers to uart_cmsdk_drv.o(.text.uart_cmsdk_irq_tx_disable) for uart_cmsdk_irq_tx_disable
    driver_usart.o(.text.Driver_USART0_Uninitialize) refers to uart_cmsdk_drv.o(.text.uart_cmsdk_rx_disable) for uart_cmsdk_rx_disable
    driver_usart.o(.text.Driver_USART0_Uninitialize) refers to uart_cmsdk_drv.o(.text.uart_cmsdk_tx_disable) for uart_cmsdk_tx_disable
    driver_usart.o(.text.Driver_USART0_Uninitialize) refers to driver_usart.o(.bss.Driver_USART0_DEV.4) for Driver_USART0_DEV.4
    driver_usart.o(.text.Driver_USART0_Uninitialize) refers to driver_usart.o(.bss.Driver_USART0_DEV.1) for Driver_USART0_DEV.1
    driver_usart.o(.ARM.exidx.text.Driver_USART0_Uninitialize) refers to driver_usart.o(.text.Driver_USART0_Uninitialize) for [Anonymous Symbol]
    driver_usart.o(.text.Driver_USART0_PowerControl) refers to driver_usart.o(.text.ARM_USARTx_PowerControl) for ARM_USARTx_PowerControl
    driver_usart.o(.ARM.exidx.text.Driver_USART0_PowerControl) refers to driver_usart.o(.text.Driver_USART0_PowerControl) for [Anonymous Symbol]
    driver_usart.o(.text.Driver_USART0_Send) refers to driver_usart.o(.bss.Driver_USART0_DEV.5) for Driver_USART0_DEV.5
    driver_usart.o(.text.Driver_USART0_Send) refers to driver_usart.o(.bss.Driver_USART0_DEV.4) for Driver_USART0_DEV.4
[...]
    [Anonymous Symbol]                       0x110014f0   Section        0  startup_sse310mps3.o(.text.GPIO2_6_Handler)
    [Anonymous Symbol]                       0x110014f8   Section        0  startup_sse310mps3.o(.text.GPIO2_7_Handler)
    [Anonymous Symbol]                       0x11001500   Section        0  startup_sse310mps3.o(.text.GPIO2_8_Handler)
    [Anonymous Symbol]                       0x11001508   Section        0  startup_sse310mps3.o(.text.GPIO2_9_Handler)
    [Anonymous Symbol]                       0x11001510   Section        0  startup_sse310mps3.o(.text.GPIO2_Combined_Handler)
    [Anonymous Symbol]                       0x11001518   Section        0  startup_sse310mps3.o(.text.GPIO3_0_Handler)
    [Anonymous Symbol]                       0x11001520   Section        0  startup_sse310mps3.o(.text.GPIO3_1_Handler)
    [Anonymous Symbol]                       0x11001528   Section        0  startup_sse310mps3.o(.text.GPIO3_2_Handler)
    [Anonymous Symbol]                       0x11001530   Section        0  startup_sse310mps3.o(.text.GPIO3_3_Handler)
    [Anonymous Symbol]                       0x11001538   Section        0  startup_sse310mps3.o(.text.GPIO3_Combined_Handler)
    [Anonymous Symbol]                       0x11001540   Section        0  startup_sse310mps3.o(.text.HardFault_Handler)
    [Anonymous Symbol]                       0x11001548   Section        0  startup_sse310mps3.o(.text.I2S_Handler)
    [Anonymous Symbol]                       0x11001550   Section        0  startup_sse310mps3.o(.text.MPC_Handler)
    [Anonymous Symbol]                       0x11001558   Section        0  startup_sse310mps3.o(.text.MSC_Handler)
    [Anonymous Symbol]                       0x11001560   Section        0  startup_sse310mps3.o(.text.MemManage_Handler)
    [Anonymous Symbol]                       0x11001568   Section        0  startup_sse310mps3.o(.text.NMI_Handler)
    [Anonymous Symbol]                       0x11001570   Section        0  startup_sse310mps3.o(.text.NONSEC_WATCHDOG_Handler)
    [Anonymous Symbol]                       0x11001578   Section        0  startup_sse310mps3.o(.text.NONSEC_WATCHDOG_RESET_REQ_Handler)
    [Anonymous Symbol]                       0x11001580   Section        0  startup_sse310mps3.o(.text.PPC_Handler)
    [Anonymous Symbol]                       0x11001588   Section        0  startup_sse310mps3.o(.text.PendSV_Handler)
    [Anonymous Symbol]                       0x11001590   Section        0  startup_sse310mps3.o(.text.Reset_Handler)
    [Anonymous Symbol]                       0x110015b8   Section        0  startup_sse310mps3.o(.text.SLOWCLK_Timer_Handler)
    [Anonymous Symbol]                       0x110015c0   Section        0  startup_sse310mps3.o(.text.SPI_ADC_Handler)
    [Anonymous Symbol]                       0x110015c8   Section        0  startup_sse310mps3.o(.text.SPI_SHIELD0_Handler)
    [Anonymous Symbol]                       0x110015d0   Section        0  startup_sse310mps3.o(.text.SPI_SHIELD1_Handler)
    [Anonymous Symbol]                       0x110015d8   Section        0  startup_sse310mps3.o(.text.SVC_Handler)
    [Anonymous Symbol]                       0x110015e0   Section        0  startup_sse310mps3.o(.text.SecureFault_Handler)
    [Anonymous Symbol]                       0x110015e8   Section        0  startup_sse310mps3.o(.text.SysTick_Handler)
    [Anonymous Symbol]                       0x110015f0   Section        0  system_sse310mps3.o(.text.SystemInit)
    [Anonymous Symbol]                       0x11001660   Section        0  startup_sse310mps3.o(.text.System_Timestamp_Counter_Handler)
    [Anonymous Symbol]                       0x11001668   Section        0  startup_sse310mps3.o(.text.TFM_TIMER0_IRQ_Handler)
    [Anonymous Symbol]                       0x11001670   Section        0  startup_sse310mps3.o(.text.TIMER1_Handler)
    [Anonymous Symbol]                       0x11001678   Section        0  startup_sse310mps3.o(.text.TIMER2_Handler)
    [Anonymous Symbol]                       0x11001680   Section        0  startup_sse310mps3.o(.text.TIMER3_AON_Handler)
    [Anonymous Symbol]                       0x11001688   Section        0  startup_sse310mps3.o(.text.TOUCH_SCREEN_Handler)
    [Anonymous Symbol]                       0x11001690   Section        0  startup_sse310mps3.o(.text.UART0_Combined_Handler)
    [Anonymous Symbol]                       0x11001698   Section        0  startup_sse310mps3.o(.text.UART1_Combined_Handler)
    [Anonymous Symbol]                       0x110016a0   Section        0  startup_sse310mps3.o(.text.UART2_Combined_Handler)
    [Anonymous Symbol]                       0x110016a8   Section        0  startup_sse310mps3.o(.text.UART3_Combined_Handler)
    [Anonymous Symbol]                       0x110016b0   Section        0  startup_sse310mps3.o(.text.UART4_Combined_Handler)
    [Anonymous Symbol]                       0x110016b8   Section        0  startup_sse310mps3.o(.text.UART5_Combined_Handler)
    [Anonymous Symbol]                       0x110016c0   Section        0  startup_sse310mps3.o(.text.UARTOVF_Handler)
    [Anonymous Symbol]                       0x110016c8   Section        0  driver_usart.o(.text.UARTRX0_Handler)
    [Anonymous Symbol]                       0x11001740   Section        0  startup_sse310mps3.o(.text.UARTRX1_Handler)
    [Anonymous Symbol]                       0x11001748   Section        0  startup_sse310mps3.o(.text.UARTRX2_Handler)
    [Anonymous Symbol]                       0x11001750   Section        0  startup_sse310mps3.o(.text.UARTRX3_Handler)
    [Anonymous Symbol]                       0x11001758   Section        0  startup_sse310mps3.o(.text.UARTRX4_Handler)
    [Anonymous Symbol]                       0x11001760   Section        0  startup_sse310mps3.o(.text.UARTRX5_Handler)
    [Anonymous Symbol]                       0x11001768   Section        0  driver_usart.o(.text.UARTTX0_Handler)
    [Anonymous Symbol]                       0x110017d8   Section        0  startup_sse310mps3.o(.text.UARTTX1_Handler)
    [Anonymous Symbol]                       0x110017e0   Section        0  startup_sse310mps3.o(.text.UARTTX2_Handler)
    [Anonymous Symbol]                       0x110017e8   Section        0  startup_sse310mps3.o(.text.UARTTX3_Handler)
    [Anonymous Symbol]                       0x110017f0   Section        0  startup_sse310mps3.o(.text.UARTTX4_Handler)
    [Anonymous Symbol]                       0x110017f8   Section        0  startup_sse310mps3.o(.text.UARTTX5_Handler)
    [Anonymous Symbol]                       0x11001800   Section        0  startup_sse310mps3.o(.text.USB_Handler)
    [Anonymous Symbol]                       0x11001808   Section        0  startup_sse310mps3.o(.text.UsageFault_Handler)
    [Anonymous Symbol]                       0x11001810   Section        0  startup_sse310mps3.o(.text.VSI0_Handler)
    [Anonymous Symbol]                       0x11001818   Section        0  startup_sse310mps3.o(.text.VSI1_Handler)
    [Anonymous Symbol]                       0x11001820   Section        0  startup_sse310mps3.o(.text.VSI2_Handler)
    [Anonymous Symbol]                       0x11001828   Section        0  startup_sse310mps3.o(.text.VSI3_Handler)
    [Anonymous Symbol]                       0x11001830   Section        0  startup_sse310mps3.o(.text.VSI4_Handler)
    [Anonymous Symbol]                       0x11001838   Section        0  startup_sse310mps3.o(.text.VSI5_Handler)
    [Anonymous Symbol]                       0x11001840   Section        0  startup_sse310mps3.o(.text.VSI6_Handler)
    [Anonymous Symbol]                       0x11001848   Section        0  startup_sse310mps3.o(.text.VSI7_Handler)
    [Anonymous Symbol]                       0x11001850   Section        0  retarget_io.o(.text._sys_close)
    [Anonymous Symbol]                       0x11001860   Section        0  retarget_io.o(.text._sys_flen)
    [Anonymous Symbol]                       0x11001868   Section        0  retarget_io.o(.text._sys_istty)
    [Anonymous Symbol]                       0x11001878   Section        0  retarget_io.o(.text._sys_open)
    [Anonymous Symbol]                       0x110018d8   Section        0  retarget_io.o(.text._sys_seek)
    [Anonymous Symbol]                       0x110018e0   Section        0  retarget_io.o(.text._sys_write)
    [Anonymous Symbol]                       0x11001910   Section        0  main.o(.text.main)
    [Anonymous Symbol]                       0x11001938   Section        0  stdout_usart.o(.text.stdout_init)
    [Anonymous Symbol]                       0x11001978   Section        0  stdout_usart.o(.text.stdout_putchar)
    [Anonymous Symbol]                       0x110019b0   Section        0  uart_cmsdk_drv.o(.text.uart_cmsdk_clear_interrupt)
    [Anonymous Symbol]                       0x110019e0   Section        0  uart_cmsdk_drv.o(.text.uart_cmsdk_init)
    [Anonymous Symbol]                       0x11001a20   Section        0  uart_cmsdk_drv.o(.text.uart_cmsdk_irq_rx_disable)
    [Anonymous Symbol]                       0x11001a38   Section        0  uart_cmsdk_drv.o(.text.uart_cmsdk_irq_rx_enable)
    [Anonymous Symbol]                       0x11001a58   Section        0  uart_cmsdk_drv.o(.text.uart_cmsdk_irq_tx_disable)
    [Anonymous Symbol]                       0x11001a70   Section        0  uart_cmsdk_drv.o(.text.uart_cmsdk_irq_tx_enable)
    [Anonymous Symbol]                       0x11001a90   Section        0  uart_cmsdk_drv.o(.text.uart_cmsdk_read)
    [Anonymous Symbol]                       0x11001aa8   Section        0  uart_cmsdk_drv.o(.text.uart_cmsdk_rx_disable)
    [Anonymous Symbol]                       0x11001ac0   Section        0  uart_cmsdk_drv.o(.text.uart_cmsdk_rx_enable)
    [Anonymous Symbol]                       0x11001ae0   Section        0  uart_cmsdk_drv.o(.text.uart_cmsdk_rx_ready)
    [Anonymous Symbol]                       0x11001af8   Section        0  uart_cmsdk_drv.o(.text.uart_cmsdk_set_baudrate)
    [Anonymous Symbol]                       0x11001b20   Section        0  uart_cmsdk_drv.o(.text.uart_cmsdk_tx_disable)
    [Anonymous Symbol]                       0x11001b38   Section        0  uart_cmsdk_drv.o(.text.uart_cmsdk_tx_enable)
    [Anonymous Symbol]                       0x11001b58   Section        0  uart_cmsdk_drv.o(.text.uart_cmsdk_write)
    i.fputc                                  0x11001b6c   Section        0  fputc.o(i.fputc)
    $v0                                      0x11001b88   Number         0  fpinit_81m.o(x$fpl$fpinit)
    x$fpl$fpinit                             0x11001b88   Section       30  fpinit_81m.o(x$fpl$fpinit)
    UART0_CMSDK_DEV_CFG_S                    0x11001be0   Data           8  device_definition.o(.rodata.UART0_CMSDK_DEV_CFG_S)
    [Anonymous Symbol]                       0x11001be0   Section        0  device_definition.o(.rodata.UART0_CMSDK_DEV_CFG_S)
    .data                                    0x31000000   Section        4  stdio_streams.o(.data)
    .data                                    0x31000004   Section        4  stdio_streams.o(.data)
    .data                                    0x31000008   Section        4  stdio_streams.o(.data)
    .bss                                     0x3100001c   Section       84  stdio_streams.o(.bss)
    .bss                                     0x31000070   Section       84  stdio_streams.o(.bss)
    .bss                                     0x310000c4   Section       84  stdio_streams.o(.bss)
    .bss                                     0x31000118   Section       96  libspace.o(.bss)
    Driver_USART0_DEV.1                      0x31000178   Data           4  driver_usart.o(.bss.Driver_USART0_DEV.1)
    [Anonymous Symbol]                       0x31000178   Section        0  driver_usart.o(.bss.Driver_USART0_DEV.1)
    Driver_USART0_DEV.10                     0x3100017c   Data           4  driver_usart.o(.bss.Driver_USART0_DEV.10)
    [Anonymous Symbol]                       0x3100017c   Section        0  driver_usart.o(.bss.Driver_USART0_DEV.10)
    Driver_USART0_DEV.11                     0x31000180   Data           4  driver_usart.o(.bss.Driver_USART0_DEV.11)
    [Anonymous Symbol]                       0x31000180   Section        0  driver_usart.o(.bss.Driver_USART0_DEV.11)
    Driver_USART0_DEV.4                      0x31000184   Data           1  driver_usart.o(.bss.Driver_USART0_DEV.4)
    [Anonymous Symbol]                       0x31000184   Section        0  driver_usart.o(.bss.Driver_USART0_DEV.4)
    Driver_USART0_DEV.5                      0x31000188   Data           1  driver_usart.o(.bss.Driver_USART0_DEV.5)
    [Anonymous Symbol]                       0x31000188   Section        0  driver_usart.o(.bss.Driver_USART0_DEV.5)
    Driver_USART0_DEV.6                      0x3100018c   Data           4  driver_usart.o(.bss.Driver_USART0_DEV.6)
    [Anonymous Symbol]                       0x3100018c   Section        0  driver_usart.o(.bss.Driver_USART0_DEV.6)
    Driver_USART0_DEV.7                      0x31000190   Data           4  driver_usart.o(.bss.Driver_USART0_DEV.7)
    [Anonymous Symbol]                       0x31000190   Section        0  driver_usart.o(.bss.Driver_USART0_DEV.7)
    Driver_USART0_DEV.8                      0x31000194   Data           4  driver_usart.o(.bss.Driver_USART0_DEV.8)
    [Anonymous Symbol]                       0x31000194   Section        0  driver_usart.o(.bss.Driver_USART0_DEV.8)
    Driver_USART0_DEV.9                      0x31000198   Data           4  driver_usart.o(.bss.Driver_USART0_DEV.9)
    [Anonymous Symbol]                       0x31000198   Section        0  driver_usart.o(.bss.Driver_USART0_DEV.9)
    UART0_CMSDK_DEV_DATA_S                   0x3100019c   Data          12  device_definition.o(.bss.UART0_CMSDK_DEV_DATA_S)
    [Anonymous Symbol]                       0x3100019c   Section        0  device_definition.o(.bss.UART0_CMSDK_DEV_DATA_S)

    Global Symbols

    Symbol Name                              Value     Ov Type        Size  Object(Section)

    BuildAttributes$$THM_ISAv4$E$P$D$K$B$S$7EM$v8.1M$VFPv5_D16$PE$MVEf$A:L22UL41UL21$X:L11$S22US41US21$IEEE1$IW$USESV6$~STKCKD$USESV7$~SHL$OTIME$ROPI$UX$STANDARDLIB$REQ8$PRES8$EABIv2 0x00000000   Number         0  anon$$obj.o ABSOLUTE
    Image$$ZI$$Limit                          - Undefined Weak Reference
    __ARM_exceptions_init                     - Undefined Weak Reference
    __alloca_initialize                       - Undefined Weak Reference
    __arm_preinit_                            - Undefined Weak Reference
    __arm_relocate_pie_                       - Undefined Weak Reference
    __cpp_initialize__aeabi_                  - Undefined Weak Reference
    __cxa_finalize                            - Undefined Weak Reference
    __rt_locale                               - Undefined Weak Reference
    __sigvec_lookup                           - Undefined Weak Reference
    __user_heap_extent                        - Undefined Weak Reference
    _atexit_init                              - Undefined Weak Reference
    _call_atexit_fns                          - Undefined Weak Reference
    _clock_init                               - Undefined Weak Reference
    _fp_trap_init                             - Undefined Weak Reference
    _fp_trap_shutdown                         - Undefined Weak Reference
    _get_lc_collate                           - Undefined Weak Reference
    _get_lc_ctype                             - Undefined Weak Reference
    _get_lc_monetary                          - Undefined Weak Reference
    _get_lc_numeric                           - Undefined Weak Reference
    _get_lc_time                              - Undefined Weak Reference
    _getenv_init                              - Undefined Weak Reference
    _handle_redirection                       - Undefined Weak Reference
    _mutex_acquire                            - Undefined Weak Reference
    _mutex_free                               - Undefined Weak Reference
    _mutex_release                            - Undefined Weak Reference
    _rand_init                                - Undefined Weak Reference
    _signal_finish                            - Undefined Weak Reference
    _signal_init                              - Undefined Weak Reference
    __Vectors                                0x11000000   Data         992  startup_sse310mps3.o(RESET)
    __main                                   0x110003e1   Thumb Code     8  __main.o(!!!main)
    __scatterload                            0x110003e9   Thumb Code     0  __scatter.o(!!!scatter)
    __scatterload_rt2                        0x110003e9   Thumb Code    44  __scatter.o(!!!scatter)
    __scatterload_rt2_thumb_only             0x110003e9   Thumb Code     0  __scatter.o(!!!scatter)
    __scatterload_null                       0x110003f7   Thumb Code     0  __scatter.o(!!!scatter)
    __scatterload_copy                       0x1100041d   Thumb Code    26  __scatter_copy.o(!!handler_copy)
    __scatterload_zeroinit                   0x11000439   Thumb Code    28  __scatter_zi.o(!!handler_zi)
    __rt_lib_init                            0x11000455   Thumb Code     0  libinit.o(.ARM.Collect$$libinit$$00000000)
    __rt_lib_init_fp_1                       0x11000457   Thumb Code     0  libinit2.o(.ARM.Collect$$libinit$$00000001)
    __rt_lib_init_heap_2                     0x1100045b   Thumb Code     0  libinit5.o(.ARM.Collect$$libinit$$0000000A)
    __rt_lib_init_preinit_1                  0x1100045b   Thumb Code     0  libinit2.o(.ARM.Collect$$libinit$$00000006)
    __rt_lib_init_relocate_pie_1             0x1100045b   Thumb Code     0  libinit2.o(.ARM.Collect$$libinit$$00000004)
    __rt_lib_init_atexit_1                   0x11000463   Thumb Code     0  libinit2.o(.ARM.Collect$$libinit$$0000001D)
    __rt_lib_init_clock_1                    0x11000463   Thumb Code     0  libinit2.o(.ARM.Collect$$libinit$$00000023)
    __rt_lib_init_fp_trap_1                  0x11000463   Thumb Code     0  libinit2.o(.ARM.Collect$$libinit$$00000021)
    __rt_lib_init_getenv_1                   0x11000463   Thumb Code     0  libinit2.o(.ARM.Collect$$libinit$$00000025)
    __rt_lib_init_heap_1                     0x11000463   Thumb Code     0  libinit2.o(.ARM.Collect$$libinit$$0000000C)
    __rt_lib_init_lc_collate_1               0x11000463   Thumb Code     0  libinit2.o(.ARM.Collect$$libinit$$00000013)
    __rt_lib_init_lc_ctype_1                 0x11000463   Thumb Code     0  libinit2.o(.ARM.Collect$$libinit$$00000015)
    __rt_lib_init_lc_monetary_1              0x11000463   Thumb Code     0  libinit2.o(.ARM.Collect$$libinit$$00000017)
    __rt_lib_init_lc_numeric_1               0x11000463   Thumb Code     0  libinit2.o(.ARM.Collect$$libinit$$00000019)
    __rt_lib_init_lc_time_1                  0x11000463   Thumb Code     0  libinit2.o(.ARM.Collect$$libinit$$0000001B)
    __rt_lib_init_rand_1                     0x11000463   Thumb Code     0  libinit2.o(.ARM.Collect$$libinit$$00000010)
    __rt_lib_init_signal_1                   0x11000463   Thumb Code     0  libinit2.o(.ARM.Collect$$libinit$$0000001F)
    __rt_lib_init_stdio_2                    0x11000463   Thumb Code     0  libinit2.o(.ARM.Collect$$libinit$$00000026)
    __rt_lib_init_user_alloc_1               0x11000463   Thumb Code     0  libinit2.o(.ARM.Collect$$libinit$$0000000E)
    __rt_lib_init_alloca_1                   0x11000467   Thumb Code     0  libinit2.o(.ARM.Collect$$libinit$$00000030)
    __rt_lib_init_argv_1                     0x11000467   Thumb Code     0  libinit2.o(.ARM.Collect$$libinit$$0000002E)
    __rt_lib_init_cpp_1                      0x11000467   Thumb Code     0  libinit2.o(.ARM.Collect$$libinit$$00000034)
    __rt_lib_init_exceptions_1               0x11000467   Thumb Code     0  libinit2.o(.ARM.Collect$$libinit$$00000032)
    __rt_lib_init_return                     0x11000467   Thumb Code     0  libinit2.o(.ARM.Collect$$libinit$$00000035)
    __rt_lib_init_stdio_1                    0x11000467   Thumb Code     0  libinit2.o(.ARM.Collect$$libinit$$00000027)
    __rt_lib_shutdown                        0x11000471   Thumb Code     0  libshutdown.o(.ARM.Collect$$libshutdown$$00000000)
    __rt_lib_shutdown_cpp_1                  0x11000473   Thumb Code     0  libshutdown2.o(.ARM.Collect$$libshutdown$$00000002)
    __rt_lib_shutdown_stdio_2                0x11000473   Thumb Code     0  libshutdown2.o(.ARM.Collect$$libshutdown$$00000003)
    __rt_lib_shutdown_fp_trap_1              0x11000477   Thumb Code     0  libshutdown2.o(.ARM.Collect$$libshutdown$$00000007)
    __rt_lib_shutdown_heap_1                 0x11000477   Thumb Code     0  libshutdown2.o(.ARM.Collect$$libshutdown$$0000000F)
    __rt_lib_shutdown_return                 0x11000477   Thumb Code     0  libshutdown2.o(.ARM.Collect$$libshutdown$$00000010)
    __rt_lib_shutdown_signal_1               0x11000477   Thumb Code     0  libshutdown2.o(.ARM.Collect$$libshutdown$$0000000A)
    __rt_lib_shutdown_stdio_1                0x11000477   Thumb Code     0  libshutdown2.o(.ARM.Collect$$libshutdown$$00000004)
    __rt_lib_shutdown_user_alloc_1           0x11000477   Thumb Code     0  libshutdown2.o(.ARM.Collect$$libshutdown$$0000000C)
    __rt_entry                               0x11000479   Thumb Code     0  __rtentry.o(.ARM.Collect$$rtentry$$00000000)
    __rt_entry_presh_1                       0x11000479   Thumb Code     0  __rtentry2.o(.ARM.Collect$$rtentry$$00000002)
    __rt_entry_sh                            0x11000479   Thumb Code     0  __rtentry7.o(.ARM.Collect$$rtentry$$00000007)
    __rt_entry_li                            0x1100047d   Thumb Code     0  __rtentry2.o(.ARM.Collect$$rtentry$$0000000A)
    __rt_entry_postsh_1                      0x1100047d   Thumb Code     0  __rtentry2.o(.ARM.Collect$$rtentry$$00000009)
    __rt_entry_main                          0x11000481   Thumb Code     0  __rtentry2.o(.ARM.Collect$$rtentry$$0000000D)
    __rt_entry_postli_1                      0x11000481   Thumb Code     0  __rtentry2.o(.ARM.Collect$$rtentry$$0000000C)
    __rt_exit                                0x1100048d   Thumb Code     0  rtexit.o(.ARM.Collect$$rtexit$$00000000)
    __rt_exit_ls                             0x1100048f   Thumb Code     0  rtexit2.o(.ARM.Collect$$rtexit$$00000003)
    __rt_exit_prels_1                        0x1100048f   Thumb Code     0  rtexit2.o(.ARM.Collect$$rtexit$$00000002)
    __rt_exit_exit                           0x11000493   Thumb Code     0  rtexit2.o(.ARM.Collect$$rtexit$$00000004)
    puts                                     0x11000499   Thumb Code    40  puts.o(.text)
    strcmp                                   0x110004c9   Thumb Code   124  strcmpv8m_maindsp.o(.text)
    __flsbuf                                 0x11000545   Thumb Code   482  flsbuf.o(.text)
    __flsbuf_byte                            0x11000545   Thumb Code     0  flsbuf.o(.text)
    __flsbuf_wide                            0x11000545   Thumb Code     0  flsbuf.o(.text)
    _initio                                  0x11000729   Thumb Code   210  initio.o(.text)
    _terminateio                             0x110007fb   Thumb Code    56  initio.o(.text)
    malloc                                   0x11000861   Thumb Code    94  h1_alloc.o(.text)
    free                                     0x110008bf   Thumb Code    78  h1_free.o(.text)
    setvbuf                                  0x1100090d   Thumb Code    70  setvbuf.o(.text)
    _seterr                                  0x11000955   Thumb Code    20  stdio.o(.text)
    _writebuf                                0x11000969   Thumb Code    84  stdio.o(.text)
    _fflush                                  0x110009bd   Thumb Code    70  stdio.o(.text)
    _deferredlazyseek                        0x11000a03   Thumb Code    60  stdio.o(.text)
    freopen                                  0x11000a45   Thumb Code   160  fopen.o(.text)
    fopen                                    0x11000ae5   Thumb Code    74  fopen.o(.text)
    _fclose_internal                         0x11000b35   Thumb Code    76  fclose.o(.text)
    fclose                                   0x11000b35   Thumb Code     0  fclose.o(.text)
    exit                                     0x11000b81   Thumb Code    18  exit.o(.text)
    __rt_SIGRTRED                            0x11000b93   Thumb Code    14  defsig_rtred_outer.o(.text)
    __aeabi_memclr4                          0x11000ba1   Thumb Code     0  rt_memclr_w.o(.text)
    __aeabi_memclr8                          0x11000ba1   Thumb Code     0  rt_memclr_w.o(.text)
    __rt_memclr_w                            0x11000ba1   Thumb Code     0  rt_memclr_w.o(.text)
    _memset_w                                0x11000ba5   Thumb Code    74  rt_memclr_w.o(.text)
    __rt_heap_descriptor                     0x11000bf1   Thumb Code     8  rt_heap_descriptor_intlibspace.o(.text)
    __use_no_heap                            0x11000bf9   Thumb Code     2  hguard.o(.text)
    __heap$guard                             0x11000bfb   Thumb Code     2  hguard.o(.text)
    _terminate_user_alloc                    0x11000bfd   Thumb Code     2  init_alloc.o(.text)
    _init_user_alloc                         0x11000bff   Thumb Code     2  init_alloc.o(.text)
    __Heap_Full                              0x11000c01   Thumb Code    34  init_alloc.o(.text)
    __Heap_Broken                            0x11000c23   Thumb Code     6  init_alloc.o(.text)
    _init_alloc                              0x11000c29   Thumb Code    94  init_alloc.o(.text)
    __Heap_Initialize                        0x11000c87   Thumb Code    10  h1_init.o(.text)
    __Heap_DescSize                          0x11000c91   Thumb Code     4  h1_init.o(.text)
    _fseek                                   0x11000c95   Thumb Code   242  fseek.o(.text)
    fseek                                    0x11000c95   Thumb Code     0  fseek.o(.text)
    __sig_exit                               0x11000d8d   Thumb Code    10  defsig_exit.o(.text)
    __rt_SIGRTRED_inner                      0x11000d99   Thumb Code    14  defsig_rtred_inner.o(.text)
    _sys_exit                                0x11000dcd   Thumb Code     8  sys_exit.o(.text)
    __I$use$semihosting                      0x11000dd9   Thumb Code     0  use_no_semi.o(.text)
    __use_no_semihosting_swi                 0x11000dd9   Thumb Code     2  use_no_semi.o(.text)
    __Heap_ProvideMemory                     0x11000ddb   Thumb Code    52  h1_extend.o(.text)
    __semihosting_library_function           0x11000ddb   Thumb Code     0  indicate_semi.o(.text)
    _maybe_terminate_alloc                   0x11000ddb   Thumb Code     0  maybetermalloc1.o(.text)
    _ftell_internal                          0x11000e0f   Thumb Code    66  ftell.o(.text)
    ftell                                    0x11000e0f   Thumb Code     0  ftell.o(.text)
    __default_signal_display                 0x11000e51   Thumb Code    50  defsig_general.o(.text)
    __rt_SIGRTMEM                            0x11000e83   Thumb Code    14  defsig_rtmem_outer.o(.text)
    _ttywrch                                 0x11000e91   Thumb Code    14  sys_wrch.o(.text)
    __aeabi_errno_addr                       0x11000ea1   Thumb Code     8  rt_errno_addr_intlibspace.o(.text)
    __errno$intlibspace                      0x11000ea1   Thumb Code     0  rt_errno_addr_intlibspace.o(.text)
    __rt_errno_addr$intlibspace              0x11000ea1   Thumb Code     0  rt_errno_addr_intlibspace.o(.text)
    __rt_SIGRTMEM_inner                      0x11000ea9   Thumb Code    22  defsig_rtmem_inner.o(.text)
    BRIDGE_ERROR_Handler                     0x11000fe1   Thumb Code     2  startup_sse310mps3.o(.text.BRIDGE_ERROR_Handler)
    BusFault_Handler                         0x11000fe9   Thumb Code     2  startup_sse310mps3.o(.text.BusFault_Handler)
    COMBINED_PPU_Handler                     0x11000ff1   Thumb Code     2  startup_sse310mps3.o(.text.COMBINED_PPU_Handler)
    CPU0_CTI_0_Handler                       0x11000ff9   Thumb Code     2  startup_sse310mps3.o(.text.CPU0_CTI_0_Handler)
    CPU0_CTI_1_Handler                       0x11001001   Thumb Code     2  startup_sse310mps3.o(.text.CPU0_CTI_1_Handler)
    DMA_Channel_0_Handler                    0x11001009   Thumb Code     2  startup_sse310mps3.o(.text.DMA_Channel_0_Handler)
    DMA_Channel_1_Handler                    0x11001011   Thumb Code     2  startup_sse310mps3.o(.text.DMA_Channel_1_Handler)
    DebugMon_Handler                         0x11001019   Thumb Code     2  startup_sse310mps3.o(.text.DebugMon_Handler)
    ETHERNET_Handler                         0x11001371   Thumb Code     2  startup_sse310mps3.o(.text.ETHERNET_Handler)
    ETHOS_U55_Handler                        0x11001379   Thumb Code     2  startup_sse310mps3.o(.text.ETHOS_U55_Handler)
    GPIO0_0_Handler                          0x11001381   Thumb Code     2  startup_sse310mps3.o(.text.GPIO0_0_Handler)
    GPIO0_10_Handler                         0x11001389   Thumb Code     2  startup_sse310mps3.o(.text.GPIO0_10_Handler)
    GPIO0_11_Handler                         0x11001391   Thumb Code     2  startup_sse310mps3.o(.text.GPIO0_11_Handler)
    GPIO0_12_Handler                         0x11001399   Thumb Code     2  startup_sse310mps3.o(.text.GPIO0_12_Handler)
    GPIO0_13_Handler                         0x110013a1   Thumb Code     2  startup_sse310mps3.o(.text.GPIO0_13_Handler)
    GPIO0_14_Handler                         0x110013a9   Thumb Code     2  startup_sse310mps3.o(.text.GPIO0_14_Handler)
    GPIO0_15_Handler                         0x110013b1   Thumb Code     2  startup_sse310mps3.o(.text.GPIO0_15_Handler)
    GPIO0_1_Handler                          0x110013b9   Thumb Code     2  startup_sse310mps3.o(.text.GPIO0_1_Handler)
    GPIO0_2_Handler                          0x110013c1   Thumb Code     2  startup_sse310mps3.o(.text.GPIO0_2_Handler)
    GPIO0_3_Handler                          0x110013c9   Thumb Code     2  startup_sse310mps3.o(.text.GPIO0_3_Handler)
    GPIO0_4_Handler                          0x110013d1   Thumb Code     2  startup_sse310mps3.o(.text.GPIO0_4_Handler)
    GPIO0_5_Handler                          0x110013d9   Thumb Code     2  startup_sse310mps3.o(.text.GPIO0_5_Handler)
    GPIO0_6_Handler                          0x110013e1   Thumb Code     2  startup_sse310mps3.o(.text.GPIO0_6_Handler)
    GPIO0_7_Handler                          0x110013e9   Thumb Code     2  startup_sse310mps3.o(.text.GPIO0_7_Handler)
    GPIO0_8_Handler                          0x110013f1   Thumb Code     2  startup_sse310mps3.o(.text.GPIO0_8_Handler)
    GPIO0_9_Handler                          0x110013f9   Thumb Code     2  startup_sse310mps3.o(.text.GPIO0_9_Handler)
    GPIO0_Combined_Handler                   0x11001401   Thumb Code     2  startup_sse310mps3.o(.text.GPIO0_Combined_Handler)
    GPIO1_0_Handler                          0x11001409   Thumb Code     2  startup_sse310mps3.o(.text.GPIO1_0_Handler)
    GPIO1_10_Handler                         0x11001411   Thumb Code     2  startup_sse310mps3.o(.text.GPIO1_10_Handler)
    GPIO1_11_Handler                         0x11001419   Thumb Code     2  startup_sse310mps3.o(.text.GPIO1_11_Handler)
    GPIO1_12_Handler                         0x11001421   Thumb Code     2  startup_sse310mps3.o(.text.GPIO1_12_Handler)
    GPIO1_13_Handler                         0x11001429   Thumb Code     2  startup_sse310mps3.o(.text.GPIO1_13_Handler)
    GPIO1_14_Handler                         0x11001431   Thumb Code     2  startup_sse310mps3.o(.text.GPIO1_14_Handler)
    GPIO1_15_Handler                         0x11001439   Thumb Code     2  startup_sse310mps3.o(.text.GPIO1_15_Handler)
    GPIO1_1_Handler                          0x11001441   Thumb Code     2  startup_sse310mps3.o(.text.GPIO1_1_Handler)
    GPIO1_2_Handler                          0x11001449   Thumb Code     2  startup_sse310mps3.o(.text.GPIO1_2_Handler)
    GPIO1_3_Handler                          0x11001451   Thumb Code     2  startup_sse310mps3.o(.text.GPIO1_3_Handler)
    GPIO1_4_Handler                          0x11001459   Thumb Code     2  startup_sse310mps3.o(.text.GPIO1_4_Handler)
    GPIO1_5_Handler                          0x11001461   Thumb Code     2  startup_sse310mps3.o(.text.GPIO1_5_Handler)
    GPIO1_6_Handler                          0x11001469   Thumb Code     2  startup_sse310mps3.o(.text.GPIO1_6_Handler)
    GPIO1_7_Handler                          0x11001471   Thumb Code     2  startup_sse310mps3.o(.text.GPIO1_7_Handler)
    GPIO1_8_Handler                          0x11001479   Thumb Code     2  startup_sse310mps3.o(.text.GPIO1_8_Handler)
    GPIO1_9_Handler                          0x11001481   Thumb Code     2  startup_sse310mps3.o(.text.GPIO1_9_Handler)
    GPIO1_Combined_Handler                   0x11001489   Thumb Code     2  startup_sse310mps3.o(.text.GPIO1_Combined_Handler)
    GPIO2_0_Handler                          0x11001491   Thumb Code     2  startup_sse310mps3.o(.text.GPIO2_0_Handler)
    GPIO2_10_Handler                         0x11001499   Thumb Code     2  startup_sse310mps3.o(.text.GPIO2_10_Handler)
    GPIO2_11_Handler                         0x110014a1   Thumb Code     2  startup_sse310mps3.o(.text.GPIO2_11_Handler)
    GPIO2_12_Handler                         0x110014a9   Thumb Code     2  startup_sse310mps3.o(.text.GPIO2_12_Handler)
    GPIO2_13_Handler                         0x110014b1   Thumb Code     2  startup_sse310mps3.o(.text.GPIO2_13_Handler)
    GPIO2_14_Handler                         0x110014b9   Thumb Code     2  startup_sse310mps3.o(.text.GPIO2_14_Handler)
    GPIO2_15_Handler                         0x110014c1   Thumb Code     2  startup_sse310mps3.o(.text.GPIO2_15_Handler)
    GPIO2_1_Handler                          0x110014c9   Thumb Code     2  startup_sse310mps3.o(.text.GPIO2_1_Handler)
    GPIO2_2_Handler                          0x110014d1   Thumb Code     2  startup_sse310mps3.o(.text.GPIO2_2_Handler)
    GPIO2_3_Handler                          0x110014d9   Thumb Code     2  startup_sse310mps3.o(.text.GPIO2_3_Handler)
    GPIO2_4_Handler                          0x110014e1   Thumb Code     2  startup_sse310mps3.o(.text.GPIO2_4_Handler)
    GPIO2_5_Handler                          0x110014e9   Thumb Code     2  startup_sse310mps3.o(.text.GPIO2_5_Handler)
    GPIO2_6_Handler                          0x110014f1   Thumb Code     2  startup_sse310mps3.o(.text.GPIO2_6_Handler)
    GPIO2_7_Handler                          0x110014f9   Thumb Code     2  startup_sse310mps3.o(.text.GPIO2_7_Handler)
    GPIO2_8_Handler                          0x11001501   Thumb Code     2  startup_sse310mps3.o(.text.GPIO2_8_Handler)
    GPIO2_9_Handler                          0x11001509   Thumb Code     2  startup_sse310mps3.o(.text.GPIO2_9_Handler)
    GPIO2_Combined_Handler                   0x11001511   Thumb Code     2  startup_sse310mps3.o(.text.GPIO2_Combined_Handler)
    GPIO3_0_Handler                          0x11001519   Thumb Code     2  startup_sse310mps3.o(.text.GPIO3_0_Handler)
    GPIO3_1_Handler                          0x11001521   Thumb Code     2  startup_sse310mps3.o(.text.GPIO3_1_Handler)
    GPIO3_2_Handler                          0x11001529   Thumb Code     2  startup_sse310mps3.o(.text.GPIO3_2_Handler)
    GPIO3_3_Handler                          0x11001531   Thumb Code     2  startup_sse310mps3.o(.text.GPIO3_3_Handler)
    GPIO3_Combined_Handler                   0x11001539   Thumb Code     2  startup_sse310mps3.o(.text.GPIO3_Combined_Handler)
    HardFault_Handler                        0x11001541   Thumb Code     2  startup_sse310mps3.o(.text.HardFault_Handler)
    I2S_Handler                              0x11001549   Thumb Code     2  startup_sse310mps3.o(.text.I2S_Handler)
    MPC_Handler                              0x11001551   Thumb Code     2  startup_sse310mps3.o(.text.MPC_Handler)
    MSC_Handler                              0x11001559   Thumb Code     2  startup_sse310mps3.o(.text.MSC_Handler)
    MemManage_Handler                        0x11001561   Thumb Code     2  startup_sse310mps3.o(.text.MemManage_Handler)
    NMI_Handler                              0x11001569   Thumb Code     2  startup_sse310mps3.o(.text.NMI_Handler)
    NONSEC_WATCHDOG_Handler                  0x11001571   Thumb Code     2  startup_sse310mps3.o(.text.NONSEC_WATCHDOG_Handler)
    NONSEC_WATCHDOG_RESET_REQ_Handler        0x11001579   Thumb Code     2  startup_sse310mps3.o(.text.NONSEC_WATCHDOG_RESET_REQ_Handler)
    PPC_Handler                              0x11001581   Thumb Code     2  startup_sse310mps3.o(.text.PPC_Handler)
    PendSV_Handler                           0x11001589   Thumb Code     2  startup_sse310mps3.o(.text.PendSV_Handler)
    Reset_Handler                            0x11001591   Thumb Code    36  startup_sse310mps3.o(.text.Reset_Handler)
    SLOWCLK_Timer_Handler                    0x110015b9   Thumb Code     2  startup_sse310mps3.o(.text.SLOWCLK_Timer_Handler)
    SPI_ADC_Handler                          0x110015c1   Thumb Code     2  startup_sse310mps3.o(.text.SPI_ADC_Handler)
    SPI_SHIELD0_Handler                      0x110015c9   Thumb Code     2  startup_sse310mps3.o(.text.SPI_SHIELD0_Handler)
    SPI_SHIELD1_Handler                      0x110015d1   Thumb Code     2  startup_sse310mps3.o(.text.SPI_SHIELD1_Handler)
    SVC_Handler                              0x110015d9   Thumb Code     2  startup_sse310mps3.o(.text.SVC_Handler)
    SecureFault_Handler                      0x110015e1   Thumb Code     2  startup_sse310mps3.o(.text.SecureFault_Handler)
    SysTick_Handler                          0x110015e9   Thumb Code     2  startup_sse310mps3.o(.text.SysTick_Handler)
    SystemInit                               0x110015f1   Thumb Code   110  system_sse310mps3.o(.text.SystemInit)
    System_Timestamp_Counter_Handler         0x11001661   Thumb Code     2  startup_sse310mps3.o(.text.System_Timestamp_Counter_Handler)
    TFM_TIMER0_IRQ_Handler                   0x11001669   Thumb Code     2  startup_sse310mps3.o(.text.TFM_TIMER0_IRQ_Handler)
    TIMER1_Handler                           0x11001671   Thumb Code     2  startup_sse310mps3.o(.text.TIMER1_Handler)
    TIMER2_Handler                           0x11001679   Thumb Code     2  startup_sse310mps3.o(.text.TIMER2_Handler)
    TIMER3_AON_Handler                       0x11001681   Thumb Code     2  startup_sse310mps3.o(.text.TIMER3_AON_Handler)
    TOUCH_SCREEN_Handler                     0x11001689   Thumb Code     2  startup_sse310mps3.o(.text.TOUCH_SCREEN_Handler)
    UART0_Combined_Handler                   0x11001691   Thumb Code     2  startup_sse310mps3.o(.text.UART0_Combined_Handler)
    UART1_Combined_Handler                   0x11001699   Thumb Code     2  startup_sse310mps3.o(.text.UART1_Combined_Handler)
    UART2_Combined_Handler                   0x110016a1   Thumb Code     2  startup_sse310mps3.o(.text.UART2_Combined_Handler)
    UART3_Combined_Handler                   0x110016a9   Thumb Code     2  startup_sse310mps3.o(.text.UART3_Combined_Handler)
    UART4_Combined_Handler                   0x110016b1   Thumb Code     2  startup_sse310mps3.o(.text.UART4_Combined_Handler)
    UART5_Combined_Handler                   0x110016b9   Thumb Code     2  startup_sse310mps3.o(.text.UART5_Combined_Handler)
    UARTOVF_Handler                          0x110016c1   Thumb Code     2  startup_sse310mps3.o(.text.UARTOVF_Handler)
    UARTRX0_Handler                          0x110016c9   Thumb Code   120  driver_usart.o(.text.UARTRX0_Handler)
    UARTRX1_Handler                          0x11001741   Thumb Code     2  startup_sse310mps3.o(.text.UARTRX1_Handler)
    UARTRX2_Handler                          0x11001749   Thumb Code     2  startup_sse310mps3.o(.text.UARTRX2_Handler)
    UARTRX3_Handler                          0x11001751   Thumb Code     2  startup_sse310mps3.o(.text.UARTRX3_Handler)
    UARTRX4_Handler                          0x11001759   Thumb Code     2  startup_sse310mps3.o(.text.UARTRX4_Handler)
    UARTRX5_Handler                          0x11001761   Thumb Code     2  startup_sse310mps3.o(.text.UARTRX5_Handler)
    UARTTX0_Handler                          0x11001769   Thumb Code   110  driver_usart.o(.text.UARTTX0_Handler)
    UARTTX1_Handler                          0x110017d9   Thumb Code     2  startup_sse310mps3.o(.text.UARTTX1_Handler)
    UARTTX2_Handler                          0x110017e1   Thumb Code     2  startup_sse310mps3.o(.text.UARTTX2_Handler)
    UARTTX3_Handler                          0x110017e9   Thumb Code     2  startup_sse310mps3.o(.text.UARTTX3_Handler)
    UARTTX4_Handler                          0x110017f1   Thumb Code     2  startup_sse310mps3.o(.text.UARTTX4_Handler)
    UARTTX5_Handler                          0x110017f9   Thumb Code     2  startup_sse310mps3.o(.text.UARTTX5_Handler)
    USB_Handler                              0x11001801   Thumb Code     2  startup_sse310mps3.o(.text.USB_Handler)
    UsageFault_Handler                       0x11001809   Thumb Code     2  startup_sse310mps3.o(.text.UsageFault_Handler)
    VSI0_Handler                             0x11001811   Thumb Code     2  startup_sse310mps3.o(.text.VSI0_Handler)
    VSI1_Handler                             0x11001819   Thumb Code     2  startup_sse310mps3.o(.text.VSI1_Handler)
    VSI2_Handler                             0x11001821   Thumb Code     2  startup_sse310mps3.o(.text.VSI2_Handler)
    VSI3_Handler                             0x11001829   Thumb Code     2  startup_sse310mps3.o(.text.VSI3_Handler)
    VSI4_Handler                             0x11001831   Thumb Code     2  startup_sse310mps3.o(.text.VSI4_Handler)
    VSI5_Handler                             0x11001839   Thumb Code     2  startup_sse310mps3.o(.text.VSI5_Handler)
    VSI6_Handler                             0x11001841   Thumb Code     2  startup_sse310mps3.o(.text.VSI6_Handler)
    VSI7_Handler                             0x11001849   Thumb Code     2  startup_sse310mps3.o(.text.VSI7_Handler)
    _sys_close                               0x11001851   Thumb Code    16  retarget_io.o(.text._sys_close)
    _sys_flen                                0x11001861   Thumb Code     4  retarget_io.o(.text._sys_flen)
    _sys_istty                               0x11001869   Thumb Code    14  retarget_io.o(.text._sys_istty)
    _sys_open                                0x11001879   Thumb Code    92  retarget_io.o(.text._sys_open)
    _sys_seek                                0x110018d9   Thumb Code     6  retarget_io.o(.text._sys_seek)
    _sys_write                               0x110018e1   Thumb Code    46  retarget_io.o(.text._sys_write)
    main                                     0x11001911   Thumb Code    16  main.o(.text.main)
    stdout_init                              0x11001939   Thumb Code    58  stdout_usart.o(.text.stdout_init)
    stdout_putchar                           0x11001979   Thumb Code    52  stdout_usart.o(.text.stdout_putchar)
    uart_cmsdk_clear_interrupt               0x110019b1   Thumb Code    32  uart_cmsdk_drv.o(.text.uart_cmsdk_clear_interrupt)
    uart_cmsdk_init                          0x110019e1   Thumb Code    60  uart_cmsdk_drv.o(.text.uart_cmsdk_init)
    uart_cmsdk_irq_rx_disable                0x11001a21   Thumb Code    24  uart_cmsdk_drv.o(.text.uart_cmsdk_irq_rx_disable)
    uart_cmsdk_irq_rx_enable                 0x11001a39   Thumb Code    28  uart_cmsdk_drv.o(.text.uart_cmsdk_irq_rx_enable)
    uart_cmsdk_irq_tx_disable                0x11001a59   Thumb Code    24  uart_cmsdk_drv.o(.text.uart_cmsdk_irq_tx_disable)
    uart_cmsdk_irq_tx_enable                 0x11001a71   Thumb Code    28  uart_cmsdk_drv.o(.text.uart_cmsdk_irq_tx_enable)
    uart_cmsdk_read                          0x11001a91   Thumb Code    22  uart_cmsdk_drv.o(.text.uart_cmsdk_read)
    uart_cmsdk_rx_disable                    0x11001aa9   Thumb Code    24  uart_cmsdk_drv.o(.text.uart_cmsdk_rx_disable)
    uart_cmsdk_rx_enable                     0x11001ac1   Thumb Code    28  uart_cmsdk_drv.o(.text.uart_cmsdk_rx_enable)
    uart_cmsdk_rx_ready                      0x11001ae1   Thumb Code    24  uart_cmsdk_drv.o(.text.uart_cmsdk_rx_ready)
    uart_cmsdk_set_baudrate                  0x11001af9   Thumb Code    40  uart_cmsdk_drv.o(.text.uart_cmsdk_set_baudrate)
    uart_cmsdk_tx_disable                    0x11001b21   Thumb Code    24  uart_cmsdk_drv.o(.text.uart_cmsdk_tx_disable)
    uart_cmsdk_tx_enable                     0x11001b39   Thumb Code    28  uart_cmsdk_drv.o(.text.uart_cmsdk_tx_enable)
    uart_cmsdk_write                         0x11001b59   Thumb Code    20  uart_cmsdk_drv.o(.text.uart_cmsdk_write)
    fputc                                    0x11001b6d   Thumb Code    28  fputc.o(i.fputc)
    _fp_init                                 0x11001b89   Thumb Code    30  fpinit_81m.o(x$fpl$fpinit)
    __fplib_config_fpu_vfp                   0x11001ba5   Thumb Code     0  fpinit_81m.o(x$fpl$fpinit)
    __fplib_config_pureend_doubles           0x11001ba5   Thumb Code     0  fpinit_81m.o(x$fpl$fpinit)
    Driver_USART0                            0x11001ba8   Data          56  driver_usart.o(.rodata.Driver_USART0)
    __stderr_name                            0x11001be8   Data           8  retarget_io.o(.rodata.__stderr_name)
    __stdin_name                             0x11001bf0   Data           7  retarget_io.o(.rodata.__stdin_name)
    __stdout_name                            0x11001bf7   Data           8  retarget_io.o(.rodata.__stdout_name)
    Region$$Table$$Base                      0x11001c00   Number         0  anon$$obj.o(Region$$Table)
    Region$$Table$$Limit                     0x11001c20   Number         0  anon$$obj.o(Region$$Table)
    __aeabi_stdin                            0x31000000   Data           4  stdio_streams.o(.data)
    __aeabi_stdout                           0x31000004   Data           4  stdio_streams.o(.data)
    __aeabi_stderr                           0x31000008   Data           4  stdio_streams.o(.data)
    PeripheralClock                          0x3100000c   Data           4  system_sse310mps3.o(.data.PeripheralClock)
    SystemCoreClock                          0x31000010   Data           4  system_sse310mps3.o(.data.SystemCoreClock)
    UART0_CMSDK_DEV_S                        0x31000014   Data           8  device_definition.o(.data.UART0_CMSDK_DEV_S)
    __stdin                                  0x3100001c   Data          84  stdio_streams.o(.bss)
    __stdout                                 0x31000070   Data          84  stdio_streams.o(.bss)
    __stderr                                 0x310000c4   Data          84  stdio_streams.o(.bss)
    __libspace_start                         0x31000118   Data          96  libspace.o(.bss)
    __temporary_stack_top$libspace           0x31000178   Data           0  libspace.o(.bss)
    Image$$ARM_LIB_HEAP$$ZI$$Base            0x310001a8   Number         0  anon$$obj.o ABSOLUTE
    Image$$ARM_LIB_HEAP$$ZI$$Limit           0x310005a8   Number         0  anon$$obj.o ABSOLUTE
    Image$$ARM_LIB_STACK$$ZI$$Base           0x310005c0   Number         0  anon$$obj.o ABSOLUTE
    Image$$ARM_LIB_STACK$$ZI$$Limit          0x310009b8   Number         0  anon$$obj.o ABSOLUTE



==============================================================================

Memory Map of the image

  Image Entry point : 0x110003e1

  Load Region LR_CODE (Base: 0x11000000, Size: 0x00001c40, Max: 0xffffffff, ABSOLUTE)

    Execution Region ER_CODE (Exec base: 0x11000000, Load base: 0x11000000, Size: 0x00001c20, Max: 0xffffffff, ABSOLUTE)

    Exec Addr    Load Addr    Size         Type   Attr      Idx    E Section Name        Object

    0x11000000   0x11000000   0x000003e0   Data   RO          401    RESET               startup_sse310mps3.o
    0x110003e0   0x110003e0   0x00000008   Code   RO          428  * !!!main             c_w.l(__main.o)
    0x110003e8   0x110003e8   0x00000034   Code   RO          780    !!!scatter          c_w.l(__scatter.o)
    0x1100041c   0x1100041c   0x0000001a   Code   RO          782    !!handler_copy      c_w.l(__scatter_copy.o)
    0x11000436   0x11000436   0x00000002   PAD
    0x11000438   0x11000438   0x0000001c   Code   RO          784    !!handler_zi        c_w.l(__scatter_zi.o)
    0x11000454   0x11000454   0x00000002   Code   RO          571    .ARM.Collect$$libinit$$00000000  c_w.l(libinit.o)
    0x11000456   0x11000456   0x00000004   Code   RO          572    .ARM.Collect$$libinit$$00000001  c_w.l(libinit2.o)
    0x1100045a   0x1100045a   0x00000000   Code   RO          575    .ARM.Collect$$libinit$$00000004  c_w.l(libinit2.o)
    0x1100045a   0x1100045a   0x00000000   Code   RO          577    .ARM.Collect$$libinit$$00000006  c_w.l(libinit2.o)
    0x1100045a   0x1100045a   0x00000008   Code   RO          691    .ARM.Collect$$libinit$$0000000A  c_w.l(libinit5.o)
    0x11000462   0x11000462   0x00000000   Code   RO          580    .ARM.Collect$$libinit$$0000000C  c_w.l(libinit2.o)
    0x11000462   0x11000462   0x00000000   Code   RO          582    .ARM.Collect$$libinit$$0000000E  c_w.l(libinit2.o)
    0x11000462   0x11000462   0x00000000   Code   RO          584    .ARM.Collect$$libinit$$00000010  c_w.l(libinit2.o)
    0x11000462   0x11000462   0x00000000   Code   RO          587    .ARM.Collect$$libinit$$00000013  c_w.l(libinit2.o)
    0x11000462   0x11000462   0x00000000   Code   RO          589    .ARM.Collect$$libinit$$00000015  c_w.l(libinit2.o)
    0x11000462   0x11000462   0x00000000   Code   RO          591    .ARM.Collect$$libinit$$00000017  c_w.l(libinit2.o)
    0x11000462   0x11000462   0x00000000   Code   RO          593    .ARM.Collect$$libinit$$00000019  c_w.l(libinit2.o)
    0x11000462   0x11000462   0x00000000   Code   RO          595    .ARM.Collect$$libinit$$0000001B  c_w.l(libinit2.o)
    0x11000462   0x11000462   0x00000000   Code   RO          597    .ARM.Collect$$libinit$$0000001D  c_w.l(libinit2.o)
    0x11000462   0x11000462   0x00000000   Code   RO          599    .ARM.Collect$$libinit$$0000001F  c_w.l(libinit2.o)
    0x11000462   0x11000462   0x00000000   Code   RO          601    .ARM.Collect$$libinit$$00000021  c_w.l(libinit2.o)
    0x11000462   0x11000462   0x00000000   Code   RO          603    .ARM.Collect$$libinit$$00000023  c_w.l(libinit2.o)
    0x11000462   0x11000462   0x00000000   Code   RO          605    .ARM.Collect$$libinit$$00000025  c_w.l(libinit2.o)
    0x11000462   0x11000462   0x00000004   Code   RO          606    .ARM.Collect$$libinit$$00000026  c_w.l(libinit2.o)
    0x11000466   0x11000466   0x00000000   Code   RO          607    .ARM.Collect$$libinit$$00000027  c_w.l(libinit2.o)
    0x11000466   0x11000466   0x00000000   Code   RO          611    .ARM.Collect$$libinit$$0000002E  c_w.l(libinit2.o)
    0x11000466   0x11000466   0x00000000   Code   RO          613    .ARM.Collect$$libinit$$00000030  c_w.l(libinit2.o)
    0x11000466   0x11000466   0x00000000   Code   RO          615    .ARM.Collect$$libinit$$00000032  c_w.l(libinit2.o)
    0x11000466   0x11000466   0x00000000   Code   RO          617    .ARM.Collect$$libinit$$00000034  c_w.l(libinit2.o)
    0x11000466   0x11000466   0x00000002   Code   RO          618    .ARM.Collect$$libinit$$00000035  c_w.l(libinit2.o)
    0x11000468   0x11000468   0x00000008   Code   RO          692    .ARM.Collect$$libinit$$0000271B  c_w.l(libinit5.o)
    0x11000470   0x11000470   0x00000002   Code   RO          759    .ARM.Collect$$libshutdown$$00000000  c_w.l(libshutdown.o)
    0x11000472   0x11000472   0x00000000   Code   RO          620    .ARM.Collect$$libshutdown$$00000002  c_w.l(libshutdown2.o)
    0x11000472   0x11000472   0x00000004   Code   RO          621    .ARM.Collect$$libshutdown$$00000003  c_w.l(libshutdown2.o)
    0x11000476   0x11000476   0x00000000   Code   RO          622    .ARM.Collect$$libshutdown$$00000004  c_w.l(libshutdown2.o)
    0x11000476   0x11000476   0x00000000   Code   RO          625    .ARM.Collect$$libshutdown$$00000007  c_w.l(libshutdown2.o)
    0x11000476   0x11000476   0x00000000   Code   RO          628    .ARM.Collect$$libshutdown$$0000000A  c_w.l(libshutdown2.o)
    0x11000476   0x11000476   0x00000000   Code   RO          630    .ARM.Collect$$libshutdown$$0000000C  c_w.l(libshutdown2.o)
    0x11000476   0x11000476   0x00000000   Code   RO          633    .ARM.Collect$$libshutdown$$0000000F  c_w.l(libshutdown2.o)
    0x11000476   0x11000476   0x00000002   Code   RO          634    .ARM.Collect$$libshutdown$$00000010  c_w.l(libshutdown2.o)
    0x11000478   0x11000478   0x00000000   Code   RO          430    .ARM.Collect$$rtentry$$00000000  c_w.l(__rtentry.o)
    0x11000478   0x11000478   0x00000000   Code   RO          444    .ARM.Collect$$rtentry$$00000002  c_w.l(__rtentry2.o)
    0x11000478   0x11000478   0x00000004   Code   RO          458    .ARM.Collect$$rtentry$$00000007  c_w.l(__rtentry7.o)
    0x1100047c   0x1100047c   0x00000000   Code   RO          446    .ARM.Collect$$rtentry$$00000009  c_w.l(__rtentry2.o)
    0x1100047c   0x1100047c   0x00000004   Code   RO          447    .ARM.Collect$$rtentry$$0000000A  c_w.l(__rtentry2.o)
    0x11000480   0x11000480   0x00000000   Code   RO          449    .ARM.Collect$$rtentry$$0000000C  c_w.l(__rtentry2.o)
    0x11000480   0x11000480   0x00000008   Code   RO          450    .ARM.Collect$$rtentry$$0000000D  c_w.l(__rtentry2.o)
    0x11000488   0x11000488   0x00000004   Code   RO          459    .ARM.Collect$$rtentry$$00002718  c_w.l(__rtentry7.o)
    0x1100048c   0x1100048c   0x00000002   Code   RO          642    .ARM.Collect$$rtexit$$00000000  c_w.l(rtexit.o)
    0x1100048e   0x1100048e   0x00000000   Code   RO          709    .ARM.Collect$$rtexit$$00000002  c_w.l(rtexit2.o)
    0x1100048e   0x1100048e   0x00000004   Code   RO          710    .ARM.Collect$$rtexit$$00000003  c_w.l(rtexit2.o)
    0x11000492   0x11000492   0x00000006   Code   RO          711    .ARM.Collect$$rtexit$$00000004  c_w.l(rtexit2.o)
    0x11000498   0x11000498   0x0000002c   Code   RO          424    .text               c_w.l(puts.o)
    0x110004c4   0x110004c4   0x00000004   PAD
    0x110004c8   0x110004c8   0x0000007c   Code   RO          426    .text               c_w.l(strcmpv8m_maindsp.o)
    0x11000544   0x11000544   0x000001e2   Code   RO          463    .text               c_w.l(flsbuf.o)
    0x11000726   0x11000726   0x00000002   PAD
    0x11000728   0x11000728   0x00000138   Code   RO          465    .text               c_w.l(initio.o)
    0x11000860   0x11000860   0x0000005e   Code   RO          479    .text               c_w.l(h1_alloc.o)
    0x110008be   0x110008be   0x0000004e   Code   RO          481    .text               c_w.l(h1_free.o)
    0x1100090c   0x1100090c   0x00000046   Code   RO          537    .text               c_w.l(setvbuf.o)
    0x11000952   0x11000952   0x00000002   PAD
    0x11000954   0x11000954   0x000000f0   Code   RO          539    .text               c_w.l(stdio.o)
    0x11000a44   0x11000a44   0x000000f0   Code   RO          544    .text               c_w.l(fopen.o)
    0x11000b34   0x11000b34   0x0000004c   Code   RO          546    .text               c_w.l(fclose.o)
    0x11000b80   0x11000b80   0x00000012   Code   RO          556    .text               c_w.l(exit.o)
    0x11000b92   0x11000b92   0x0000000e   Code   RO          558    .text               c_w.l(defsig_rtred_outer.o)
    0x11000ba0   0x11000ba0   0x0000004e   Code   RO          564    .text               c_w.l(rt_memclr_w.o)
    0x11000bee   0x11000bee   0x00000002   PAD
    0x11000bf0   0x11000bf0   0x00000008   Code   RO          649    .text               c_w.l(rt_heap_descriptor_intlibspace.o)
    0x11000bf8   0x11000bf8   0x00000004   Code   RO          651    .text               c_w.l(hguard.o)
    0x11000bfc   0x11000bfc   0x0000008a   Code   RO          653    .text               c_w.l(init_alloc.o)
    0x11000c86   0x11000c86   0x0000000e   Code   RO          657    .text               c_w.l(h1_init.o)
    0x11000c94   0x11000c94   0x000000f8   Code   RO          673    .text               c_w.l(fseek.o)
    0x11000d8c   0x11000d8c   0x0000000a   Code   RO          679    .text               c_w.l(defsig_exit.o)
    0x11000d96   0x11000d96   0x00000002   PAD
    0x11000d98   0x11000d98   0x00000034   Code   RO          681    .text               c_w.l(defsig_rtred_inner.o)
    0x11000dcc   0x11000dcc   0x0000000c   Code   RO          699    .text               c_w.l(sys_exit.o)
    0x11000dd8   0x11000dd8   0x00000002   Code   RO          705    .text               c_w.l(use_no_semi.o)
    0x11000dda   0x11000dda   0x00000000   Code   RO          707    .text               c_w.l(indicate_semi.o)
    0x11000dda   0x11000dda   0x00000000   Code   RO          717    .text               c_w.l(maybetermalloc1.o)
    0x11000dda   0x11000dda   0x00000034   Code   RO          719    .text               c_w.l(h1_extend.o)
    0x11000e0e   0x11000e0e   0x00000042   Code   RO          723    .text               c_w.l(ftell.o)
    0x11000e50   0x11000e50   0x00000032   Code   RO          727    .text               c_w.l(defsig_general.o)
    0x11000e82   0x11000e82   0x0000000e   Code   RO          729    .text               c_w.l(defsig_rtmem_outer.o)
    0x11000e90   0x11000e90   0x0000000e   Code   RO          742    .text               c_w.l(sys_wrch.o)
    0x11000e9e   0x11000e9e   0x00000002   PAD
    0x11000ea0   0x11000ea0   0x00000008   Code   RO          749    .text               c_w.l(rt_errno_addr_intlibspace.o)
    0x11000ea8   0x11000ea8   0x00000050   Code   RO          753    .text               c_w.l(defsig_rtmem_inner.o)
    0x11000ef8   0x11000ef8   0x00000004   Code   RO           24    .text.ARM_USART_GetCapabilities  driver_usart.o
    0x11000efc   0x11000efc   0x00000004   PAD
    0x11000f00   0x11000f00   0x0000000a   Code   RO           22    .text.ARM_USART_GetVersion  driver_usart.o
    0x11000f0a   0x11000f0a   0x00000006   PAD
    0x11000f10   0x11000f10   0x000000cc   Code   RO           50    .text.ARM_USARTx_PowerControl  driver_usart.o
    0x11000fdc   0x11000fdc   0x00000004   PAD
    0x11000fe0   0x11000fe0   0x00000002   Code   RO          199    .text.BRIDGE_ERROR_Handler  startup_sse310mps3.o
    0x11000fe2   0x11000fe2   0x00000006   PAD
    0x11000fe8   0x11000fe8   0x00000002   Code   RO          167    .text.BusFault_Handler  startup_sse310mps3.o
    0x11000fea   0x11000fea   0x00000006   PAD
    0x11000ff0   0x11000ff0   0x00000002   Code   RO          201    .text.COMBINED_PPU_Handler  startup_sse310mps3.o
    0x11000ff2   0x11000ff2   0x00000006   PAD
    0x11000ff8   0x11000ff8   0x00000002   Code   RO          207    .text.CPU0_CTI_0_Handler  startup_sse310mps3.o
    0x11000ffa   0x11000ffa   0x00000006   PAD
    0x11001000   0x11001000   0x00000002   Code   RO          209    .text.CPU0_CTI_1_Handler  startup_sse310mps3.o
    0x11001002   0x11001002   0x00000006   PAD
    0x11001008   0x11001008   0x00000002   Code   RO          259    .text.DMA_Channel_0_Handler  startup_sse310mps3.o
    0x1100100a   0x1100100a   0x00000006   PAD
    0x11001010   0x11001010   0x00000002   Code   RO          261    .text.DMA_Channel_1_Handler  startup_sse310mps3.o
    0x11001012   0x11001012   0x00000006   PAD
    0x11001018   0x11001018   0x00000002   Code   RO          175    .text.DebugMon_Handler  startup_sse310mps3.o
    0x1100101a   0x1100101a   0x00000006   PAD
    0x11001020   0x11001020   0x00000132   Code   RO           42    .text.Driver_USART0_Control  driver_usart.o
    0x11001152   0x11001152   0x00000006   PAD
    0x11001158   0x11001158   0x00000004   Code   RO           48    .text.Driver_USART0_GetModemStatus  driver_usart.o
    0x1100115c   0x1100115c   0x00000004   PAD
    0x11001160   0x11001160   0x0000000c   Code   RO           40    .text.Driver_USART0_GetRxCount  driver_usart.o
    0x1100116c   0x1100116c   0x00000004   PAD
    0x11001170   0x11001170   0x00000022   Code   RO           44    .text.Driver_USART0_GetStatus  driver_usart.o
    0x11001192   0x11001192   0x00000006   PAD
    0x11001198   0x11001198   0x0000000c   Code   RO           38    .text.Driver_USART0_GetTxCount  driver_usart.o
    0x110011a4   0x110011a4   0x00000004   PAD
    0x110011a8   0x110011a8   0x0000001a   Code   RO           26    .text.Driver_USART0_Initialize  driver_usart.o
    0x110011c2   0x110011c2   0x00000006   PAD
    0x110011c8   0x110011c8   0x00000004   Code   RO           30    .text.Driver_USART0_PowerControl  driver_usart.o
    0x110011cc   0x110011cc   0x00000004   PAD
    0x110011d0   0x110011d0   0x0000008e   Code   RO           34    .text.Driver_USART0_Receive  driver_usart.o
    0x1100125e   0x1100125e   0x00000002   PAD
    0x11001260   0x11001260   0x00000068   Code   RO           32    .text.Driver_USART0_Send  driver_usart.o
    0x110012c8   0x110012c8   0x00000006   Code   RO           46    .text.Driver_USART0_SetModemControl  driver_usart.o
    0x110012ce   0x110012ce   0x00000002   PAD
    0x110012d0   0x110012d0   0x0000002c   Code   RO           36    .text.Driver_USART0_Transfer  driver_usart.o
    0x110012fc   0x110012fc   0x00000004   PAD
    0x11001300   0x11001300   0x0000006e   Code   RO           28    .text.Driver_USART0_Uninitialize  driver_usart.o
    0x1100136e   0x1100136e   0x00000002   PAD
    0x11001370   0x11001370   0x00000002   Code   RO          245    .text.ETHERNET_Handler  startup_sse310mps3.o
    0x11001372   0x11001372   0x00000006   PAD
    0x11001378   0x11001378   0x00000002   Code   RO          263    .text.ETHOS_U55_Handler  startup_sse310mps3.o
    0x1100137a   0x1100137a   0x00000006   PAD
    0x11001380   0x11001380   0x00000002   Code   RO          273    .text.GPIO0_0_Handler  startup_sse310mps3.o
    0x11001382   0x11001382   0x00000006   PAD
    0x11001388   0x11001388   0x00000002   Code   RO          293    .text.GPIO0_10_Handler  startup_sse310mps3.o
    0x1100138a   0x1100138a   0x00000006   PAD
    0x11001390   0x11001390   0x00000002   Code   RO          295    .text.GPIO0_11_Handler  startup_sse310mps3.o
    0x11001392   0x11001392   0x00000006   PAD
    0x11001398   0x11001398   0x00000002   Code   RO          297    .text.GPIO0_12_Handler  startup_sse310mps3.o
    0x1100139a   0x1100139a   0x00000006   PAD
    0x110013a0   0x110013a0   0x00000002   Code   RO          299    .text.GPIO0_13_Handler  startup_sse310mps3.o
    0x110013a2   0x110013a2   0x00000006   PAD
    0x110013a8   0x110013a8   0x00000002   Code   RO          301    .text.GPIO0_14_Handler  startup_sse310mps3.o
    0x110013aa   0x110013aa   0x00000006   PAD
    0x110013b0   0x110013b0   0x00000002   Code   RO          303    .text.GPIO0_15_Handler  startup_sse310mps3.o
    0x110013b2   0x110013b2   0x00000006   PAD
    0x110013b8   0x110013b8   0x00000002   Code   RO          275    .text.GPIO0_1_Handler  startup_sse310mps3.o
    0x110013ba   0x110013ba   0x00000006   PAD
    0x110013c0   0x110013c0   0x00000002   Code   RO          277    .text.GPIO0_2_Handler  startup_sse310mps3.o
    0x110013c2   0x110013c2   0x00000006   PAD
    0x110013c8   0x110013c8   0x00000002   Code   RO          279    .text.GPIO0_3_Handler  startup_sse310mps3.o
    0x110013ca   0x110013ca   0x00000006   PAD
    0x110013d0   0x110013d0   0x00000002   Code   RO          281    .text.GPIO0_4_Handler  startup_sse310mps3.o
    0x110013d2   0x110013d2   0x00000006   PAD
    0x110013d8   0x110013d8   0x00000002   Code   RO          283    .text.GPIO0_5_Handler  startup_sse310mps3.o
    0x110013da   0x110013da   0x00000006   PAD
    0x110013e0   0x110013e0   0x00000002   Code   RO          285    .text.GPIO0_6_Handler  startup_sse310mps3.o
    0x110013e2   0x110013e2   0x00000006   PAD
    0x110013e8   0x110013e8   0x00000002   Code   RO          287    .text.GPIO0_7_Handler  startup_sse310mps3.o
    0x110013ea   0x110013ea   0x00000006   PAD
    0x110013f0   0x110013f0   0x00000002   Code   RO          289    .text.GPIO0_8_Handler  startup_sse310mps3.o
    0x110013f2   0x110013f2   0x00000006   PAD
    0x110013f8   0x110013f8   0x00000002   Code   RO          291    .text.GPIO0_9_Handler  startup_sse310mps3.o
    0x110013fa   0x110013fa   0x00000006   PAD
    0x11001400   0x11001400   0x00000002   Code   RO          265    .text.GPIO0_Combined_Handler  startup_sse310mps3.o
    0x11001402   0x11001402   0x00000006   PAD
    0x11001408   0x11001408   0x00000002   Code   RO          305    .text.GPIO1_0_Handler  startup_sse310mps3.o
    0x1100140a   0x1100140a   0x00000006   PAD
    0x11001410   0x11001410   0x00000002   Code   RO          325    .text.GPIO1_10_Handler  startup_sse310mps3.o
    0x11001412   0x11001412   0x00000006   PAD
    0x11001418   0x11001418   0x00000002   Code   RO          327    .text.GPIO1_11_Handler  startup_sse310mps3.o
    0x1100141a   0x1100141a   0x00000006   PAD
    0x11001420   0x11001420   0x00000002   Code   RO          329    .text.GPIO1_12_Handler  startup_sse310mps3.o
    0x11001422   0x11001422   0x00000006   PAD
    0x11001428   0x11001428   0x00000002   Code   RO          331    .text.GPIO1_13_Handler  startup_sse310mps3.o
    0x1100142a   0x1100142a   0x00000006   PAD
    0x11001430   0x11001430   0x00000002   Code   RO          333    .text.GPIO1_14_Handler  startup_sse310mps3.o
    0x11001432   0x11001432   0x00000006   PAD
    0x11001438   0x11001438   0x00000002   Code   RO          335    .text.GPIO1_15_Handler  startup_sse310mps3.o
    0x1100143a   0x1100143a   0x00000006   PAD
    0x11001440   0x11001440   0x00000002   Code   RO          307    .text.GPIO1_1_Handler  startup_sse310mps3.o
    0x11001442   0x11001442   0x00000006   PAD
    0x11001448   0x11001448   0x00000002   Code   RO          309    .text.GPIO1_2_Handler  startup_sse310mps3.o
    0x1100144a   0x1100144a   0x00000006   PAD
    0x11001450   0x11001450   0x00000002   Code   RO          311    .text.GPIO1_3_Handler  startup_sse310mps3.o
    0x11001452   0x11001452   0x00000006   PAD
    0x11001458   0x11001458   0x00000002   Code   RO          313    .text.GPIO1_4_Handler  startup_sse310mps3.o
    0x1100145a   0x1100145a   0x00000006   PAD
    0x11001460   0x11001460   0x00000002   Code   RO          315    .text.GPIO1_5_Handler  startup_sse310mps3.o
    0x11001462   0x11001462   0x00000006   PAD
    0x11001468   0x11001468   0x00000002   Code   RO          317    .text.GPIO1_6_Handler  startup_sse310mps3.o
    0x1100146a   0x1100146a   0x00000006   PAD
    0x11001470   0x11001470   0x00000002   Code   RO          319    .text.GPIO1_7_Handler  startup_sse310mps3.o
    0x11001472   0x11001472   0x00000006   PAD
    0x11001478   0x11001478   0x00000002   Code   RO          321    .text.GPIO1_8_Handler  startup_sse310mps3.o
    0x1100147a   0x1100147a   0x00000006   PAD
    0x11001480   0x11001480   0x00000002   Code   RO          323    .text.GPIO1_9_Handler  startup_sse310mps3.o
    0x11001482   0x11001482   0x00000006   PAD
    0x11001488   0x11001488   0x00000002   Code   RO          267    .text.GPIO1_Combined_Handler  startup_sse310mps3.o
    0x1100148a   0x1100148a   0x00000006   PAD
    0x11001490   0x11001490   0x00000002   Code   RO          337    .text.GPIO2_0_Handler  startup_sse310mps3.o
    0x11001492   0x11001492   0x00000006   PAD
    0x11001498   0x11001498   0x00000002   Code   RO          357    .text.GPIO2_10_Handler  startup_sse310mps3.o
    0x1100149a   0x1100149a   0x00000006   PAD
    0x110014a0   0x110014a0   0x00000002   Code   RO          359    .text.GPIO2_11_Handler  startup_sse310mps3.o
    0x110014a2   0x110014a2   0x00000006   PAD
    0x110014a8   0x110014a8   0x00000002   Code   RO          361    .text.GPIO2_12_Handler  startup_sse310mps3.o
    0x110014aa   0x110014aa   0x00000006   PAD
    0x110014b0   0x110014b0   0x00000002   Code   RO          363    .text.GPIO2_13_Handler  startup_sse310mps3.o
    0x110014b2   0x110014b2   0x00000006   PAD
    0x110014b8   0x110014b8   0x00000002   Code   RO          365    .text.GPIO2_14_Handler  startup_sse310mps3.o
    0x110014ba   0x110014ba   0x00000006   PAD
    0x110014c0   0x110014c0   0x00000002   Code   RO          367    .text.GPIO2_15_Handler  startup_sse310mps3.o
    0x110014c2   0x110014c2   0x00000006   PAD
    0x110014c8   0x110014c8   0x00000002   Code   RO          339    .text.GPIO2_1_Handler  startup_sse310mps3.o
    0x110014ca   0x110014ca   0x00000006   PAD
    0x110014d0   0x110014d0   0x00000002   Code   RO          341    .text.GPIO2_2_Handler  startup_sse310mps3.o
    0x110014d2   0x110014d2   0x00000006   PAD
    0x110014d8   0x110014d8   0x00000002   Code   RO          343    .text.GPIO2_3_Handler  startup_sse310mps3.o
    0x110014da   0x110014da   0x00000006   PAD
    0x110014e0   0x110014e0   0x00000002   Code   RO          345    .text.GPIO2_4_Handler  startup_sse310mps3.o
    0x110014e2   0x110014e2   0x00000006   PAD
    0x110014e8   0x110014e8   0x00000002   Code   RO          347    .text.GPIO2_5_Handler  startup_sse310mps3.o
    0x110014ea   0x110014ea   0x00000006   PAD
    0x110014f0   0x110014f0   0x00000002   Code   RO          349    .text.GPIO2_6_Handler  startup_sse310mps3.o
    0x110014f2   0x110014f2   0x00000006   PAD
    0x110014f8   0x110014f8   0x00000002   Code   RO          351    .text.GPIO2_7_Handler  startup_sse310mps3.o
    0x110014fa   0x110014fa   0x00000006   PAD
    0x11001500   0x11001500   0x00000002   Code   RO          353    .text.GPIO2_8_Handler  startup_sse310mps3.o
    0x11001502   0x11001502   0x00000006   PAD
    0x11001508   0x11001508   0x00000002   Code   RO          355    .text.GPIO2_9_Handler  startup_sse310mps3.o
    0x1100150a   0x1100150a   0x00000006   PAD
    0x11001510   0x11001510   0x00000002   Code   RO          269    .text.GPIO2_Combined_Handler  startup_sse310mps3.o
    0x11001512   0x11001512   0x00000006   PAD
    0x11001518   0x11001518   0x00000002   Code   RO          369    .text.GPIO3_0_Handler  startup_sse310mps3.o
    0x1100151a   0x1100151a   0x00000006   PAD
    0x11001520   0x11001520   0x00000002   Code   RO          371    .text.GPIO3_1_Handler  startup_sse310mps3.o
    0x11001522   0x11001522   0x00000006   PAD
    0x11001528   0x11001528   0x00000002   Code   RO          373    .text.GPIO3_2_Handler  startup_sse310mps3.o
    0x1100152a   0x1100152a   0x00000006   PAD
    0x11001530   0x11001530   0x00000002   Code   RO          375    .text.GPIO3_3_Handler  startup_sse310mps3.o
    0x11001532   0x11001532   0x00000006   PAD
    0x11001538   0x11001538   0x00000002   Code   RO          271    .text.GPIO3_Combined_Handler  startup_sse310mps3.o
    0x1100153a   0x1100153a   0x00000006   PAD
    0x11001540   0x11001540   0x00000002   Code   RO          163    .text.HardFault_Handler  startup_sse310mps3.o
    0x11001542   0x11001542   0x00000006   PAD
    0x11001548   0x11001548   0x00000002   Code   RO          247    .text.I2S_Handler   startup_sse310mps3.o
    0x1100154a   0x1100154a   0x00000006   PAD
    0x11001550   0x11001550   0x00000002   Code   RO          193    .text.MPC_Handler   startup_sse310mps3.o
    0x11001552   0x11001552   0x00000006   PAD
    0x11001558   0x11001558   0x00000002   Code   RO          197    .text.MSC_Handler   startup_sse310mps3.o
    0x1100155a   0x1100155a   0x00000006   PAD
    0x11001560   0x11001560   0x00000002   Code   RO          165    .text.MemManage_Handler  startup_sse310mps3.o
    0x11001562   0x11001562   0x00000006   PAD
    0x11001568   0x11001568   0x00000002   Code   RO          161    .text.NMI_Handler   startup_sse310mps3.o
    0x1100156a   0x1100156a   0x00000006   PAD
    0x11001570   0x11001570   0x00000002   Code   RO          183    .text.NONSEC_WATCHDOG_Handler  startup_sse310mps3.o
    0x11001572   0x11001572   0x00000006   PAD
    0x11001578   0x11001578   0x00000002   Code   RO          181    .text.NONSEC_WATCHDOG_RESET_REQ_Handler  startup_sse310mps3.o
    0x1100157a   0x1100157a   0x00000006   PAD
    0x11001580   0x11001580   0x00000002   Code   RO          195    .text.PPC_Handler   startup_sse310mps3.o
    0x11001582   0x11001582   0x00000006   PAD
    0x11001588   0x11001588   0x00000002   Code   RO          177    .text.PendSV_Handler  startup_sse310mps3.o
    0x1100158a   0x1100158a   0x00000006   PAD
    0x11001590   0x11001590   0x00000024   Code   RO          399    .text.Reset_Handler  startup_sse310mps3.o
    0x110015b4   0x110015b4   0x00000004   PAD
    0x110015b8   0x110015b8   0x00000002   Code   RO          185    .text.SLOWCLK_Timer_Handler  startup_sse310mps3.o
    0x110015ba   0x110015ba   0x00000006   PAD
    0x110015c0   0x110015c0   0x00000002   Code   RO          253    .text.SPI_ADC_Handler  startup_sse310mps3.o
    0x110015c2   0x110015c2   0x00000006   PAD
    0x110015c8   0x110015c8   0x00000002   Code   RO          255    .text.SPI_SHIELD0_Handler  startup_sse310mps3.o
    0x110015ca   0x110015ca   0x00000006   PAD
    0x110015d0   0x110015d0   0x00000002   Code   RO          257    .text.SPI_SHIELD1_Handler  startup_sse310mps3.o
    0x110015d2   0x110015d2   0x00000006   PAD
    0x110015d8   0x110015d8   0x00000002   Code   RO          173    .text.SVC_Handler   startup_sse310mps3.o
    0x110015da   0x110015da   0x00000006   PAD
    0x110015e0   0x110015e0   0x00000002   Code   RO          171    .text.SecureFault_Handler  startup_sse310mps3.o
    0x110015e2   0x110015e2   0x00000006   PAD
    0x110015e8   0x110015e8   0x00000002   Code   RO          179    .text.SysTick_Handler  startup_sse310mps3.o
    0x110015ea   0x110015ea   0x00000006   PAD
    0x110015f0   0x110015f0   0x0000006e   Code   RO          412    .text.SystemInit    system_sse310mps3.o
    0x1100165e   0x1100165e   0x00000002   PAD
    0x11001660   0x11001660   0x00000002   Code   RO          211    .text.System_Timestamp_Counter_Handler  startup_sse310mps3.o
    0x11001662   0x11001662   0x00000006   PAD
    0x11001668   0x11001668   0x00000002   Code   RO          187    .text.TFM_TIMER0_IRQ_Handler  startup_sse310mps3.o
    0x1100166a   0x1100166a   0x00000006   PAD
    0x11001670   0x11001670   0x00000002   Code   RO          189    .text.TIMER1_Handler  startup_sse310mps3.o
    0x11001672   0x11001672   0x00000006   PAD
    0x11001678   0x11001678   0x00000002   Code   RO          191    .text.TIMER2_Handler  startup_sse310mps3.o
    0x1100167a   0x1100167a   0x00000006   PAD
    0x11001680   0x11001680   0x00000002   Code   RO          205    .text.TIMER3_AON_Handler  startup_sse310mps3.o
    0x11001682   0x11001682   0x00000006   PAD
    0x11001688   0x11001688   0x00000002   Code   RO          249    .text.TOUCH_SCREEN_Handler  startup_sse310mps3.o
    0x1100168a   0x1100168a   0x00000006   PAD
    0x11001690   0x11001690   0x00000002   Code   RO          233    .text.UART0_Combined_Handler  startup_sse310mps3.o
    0x11001692   0x11001692   0x00000006   PAD
    0x11001698   0x11001698   0x00000002   Code   RO          235    .text.UART1_Combined_Handler  startup_sse310mps3.o
    0x1100169a   0x1100169a   0x00000006   PAD
    0x110016a0   0x110016a0   0x00000002   Code   RO          237    .text.UART2_Combined_Handler  startup_sse310mps3.o
    0x110016a2   0x110016a2   0x00000006   PAD
    0x110016a8   0x110016a8   0x00000002   Code   RO          239    .text.UART3_Combined_Handler  startup_sse310mps3.o
    0x110016aa   0x110016aa   0x00000006   PAD
    0x110016b0   0x110016b0   0x00000002   Code   RO          241    .text.UART4_Combined_Handler  startup_sse310mps3.o
    0x110016b2   0x110016b2   0x00000006   PAD
    0x110016b8   0x110016b8   0x00000002   Code   RO          381    .text.UART5_Combined_Handler  startup_sse310mps3.o
    0x110016ba   0x110016ba   0x00000006   PAD
    0x110016c0   0x110016c0   0x00000002   Code   RO          243    .text.UARTOVF_Handler  startup_sse310mps3.o
    0x110016c2   0x110016c2   0x00000006   PAD
    0x110016c8   0x110016c8   0x00000078   Code   RO           18    .text.UARTRX0_Handler  driver_usart.o
    0x11001740   0x11001740   0x00000002   Code   RO          217    .text.UARTRX1_Handler  startup_sse310mps3.o
    0x11001742   0x11001742   0x00000006   PAD
    0x11001748   0x11001748   0x00000002   Code   RO          221    .text.UARTRX2_Handler  startup_sse310mps3.o
    0x1100174a   0x1100174a   0x00000006   PAD
    0x11001750   0x11001750   0x00000002   Code   RO          225    .text.UARTRX3_Handler  startup_sse310mps3.o
    0x11001752   0x11001752   0x00000006   PAD
    0x11001758   0x11001758   0x00000002   Code   RO          229    .text.UARTRX4_Handler  startup_sse310mps3.o
    0x1100175a   0x1100175a   0x00000006   PAD
    0x11001760   0x11001760   0x00000002   Code   RO          377    .text.UARTRX5_Handler  startup_sse310mps3.o
    0x11001762   0x11001762   0x00000006   PAD
    0x11001768   0x11001768   0x0000006e   Code   RO           20    .text.UARTTX0_Handler  driver_usart.o
    0x110017d6   0x110017d6   0x00000002   PAD
    0x110017d8   0x110017d8   0x00000002   Code   RO          219    .text.UARTTX1_Handler  startup_sse310mps3.o
    0x110017da   0x110017da   0x00000006   PAD
    0x110017e0   0x110017e0   0x00000002   Code   RO          223    .text.UARTTX2_Handler  startup_sse310mps3.o
    0x110017e2   0x110017e2   0x00000006   PAD
    0x110017e8   0x110017e8   0x00000002   Code   RO          227    .text.UARTTX3_Handler  startup_sse310mps3.o
    0x110017ea   0x110017ea   0x00000006   PAD
    0x110017f0   0x110017f0   0x00000002   Code   RO          231    .text.UARTTX4_Handler  startup_sse310mps3.o
    0x110017f2   0x110017f2   0x00000006   PAD
    0x110017f8   0x110017f8   0x00000002   Code   RO          379    .text.UARTTX5_Handler  startup_sse310mps3.o
    0x110017fa   0x110017fa   0x00000006   PAD
    0x11001800   0x11001800   0x00000002   Code   RO          251    .text.USB_Handler   startup_sse310mps3.o
    0x11001802   0x11001802   0x00000006   PAD
    0x11001808   0x11001808   0x00000002   Code   RO          169    .text.UsageFault_Handler  startup_sse310mps3.o
    0x1100180a   0x1100180a   0x00000006   PAD
    0x11001810   0x11001810   0x00000002   Code   RO          383    .text.VSI0_Handler  startup_sse310mps3.o
    0x11001812   0x11001812   0x00000006   PAD
    0x11001818   0x11001818   0x00000002   Code   RO          385    .text.VSI1_Handler  startup_sse310mps3.o
    0x1100181a   0x1100181a   0x00000006   PAD
    0x11001820   0x11001820   0x00000002   Code   RO          387    .text.VSI2_Handler  startup_sse310mps3.o
    0x11001822   0x11001822   0x00000006   PAD
    0x11001828   0x11001828   0x00000002   Code   RO          389    .text.VSI3_Handler  startup_sse310mps3.o
    0x1100182a   0x1100182a   0x00000006   PAD
    0x11001830   0x11001830   0x00000002   Code   RO          391    .text.VSI4_Handler  startup_sse310mps3.o
    0x11001832   0x11001832   0x00000006   PAD
    0x11001838   0x11001838   0x00000002   Code   RO          393    .text.VSI5_Handler  startup_sse310mps3.o
    0x1100183a   0x1100183a   0x00000006   PAD
    0x11001840   0x11001840   0x00000002   Code   RO          395    .text.VSI6_Handler  startup_sse310mps3.o
    0x11001842   0x11001842   0x00000006   PAD
    0x11001848   0x11001848   0x00000002   Code   RO          397    .text.VSI7_Handler  startup_sse310mps3.o
    0x1100184a   0x1100184a   0x00000006   PAD
    0x11001850   0x11001850   0x00000010   Code   RO           72    .text._sys_close    retarget_io.o
    0x11001860   0x11001860   0x00000004   Code   RO           82    .text._sys_flen     retarget_io.o
    0x11001864   0x11001864   0x00000004   PAD
    0x11001868   0x11001868   0x0000000e   Code   RO           78    .text._sys_istty    retarget_io.o
    0x11001876   0x11001876   0x00000002   PAD
    0x11001878   0x11001878   0x0000005c   Code   RO           70    .text._sys_open     retarget_io.o
    0x110018d4   0x110018d4   0x00000004   PAD
    0x110018d8   0x110018d8   0x00000006   Code   RO           80    .text._sys_seek     retarget_io.o
    0x110018de   0x110018de   0x00000002   PAD
    0x110018e0   0x110018e0   0x0000002e   Code   RO           74    .text._sys_write    retarget_io.o
    0x1100190e   0x1100190e   0x00000002   PAD
    0x11001910   0x11001910   0x00000024   Code   RO            7    .text.main          main.o
    0x11001934   0x11001934   0x00000004   PAD
    0x11001938   0x11001938   0x0000003a   Code   RO          103    .text.stdout_init   stdout_usart.o
    0x11001972   0x11001972   0x00000006   PAD
    0x11001978   0x11001978   0x00000034   Code   RO          105    .text.stdout_putchar  stdout_usart.o
    0x110019ac   0x110019ac   0x00000004   PAD
    0x110019b0   0x110019b0   0x0000002c   Code   RO          141    .text.uart_cmsdk_clear_interrupt  uart_cmsdk_drv.o
    0x110019dc   0x110019dc   0x00000004   PAD
    0x110019e0   0x110019e0   0x0000003c   Code   RO          115    .text.uart_cmsdk_init  uart_cmsdk_drv.o
    0x11001a1c   0x11001a1c   0x00000004   PAD
    0x11001a20   0x11001a20   0x00000018   Code   RO          119    .text.uart_cmsdk_irq_rx_disable  uart_cmsdk_drv.o
    0x11001a38   0x11001a38   0x0000001c   Code   RO          137    .text.uart_cmsdk_irq_rx_enable  uart_cmsdk_drv.o
    0x11001a54   0x11001a54   0x00000004   PAD
    0x11001a58   0x11001a58   0x00000018   Code   RO          121    .text.uart_cmsdk_irq_tx_disable  uart_cmsdk_drv.o
    0x11001a70   0x11001a70   0x0000001c   Code   RO          133    .text.uart_cmsdk_irq_tx_enable  uart_cmsdk_drv.o
    0x11001a8c   0x11001a8c   0x00000004   PAD
    0x11001a90   0x11001a90   0x00000016   Code   RO          129    .text.uart_cmsdk_read  uart_cmsdk_drv.o
    0x11001aa6   0x11001aa6   0x00000002   PAD
    0x11001aa8   0x11001aa8   0x00000018   Code   RO          149    .text.uart_cmsdk_rx_disable  uart_cmsdk_drv.o
    0x11001ac0   0x11001ac0   0x0000001c   Code   RO          147    .text.uart_cmsdk_rx_enable  uart_cmsdk_drv.o
    0x11001adc   0x11001adc   0x00000004   PAD
    0x11001ae0   0x11001ae0   0x00000018   Code   RO          139    .text.uart_cmsdk_rx_ready  uart_cmsdk_drv.o
    0x11001af8   0x11001af8   0x00000028   Code   RO          123    .text.uart_cmsdk_set_baudrate  uart_cmsdk_drv.o
    0x11001b20   0x11001b20   0x00000018   Code   RO          145    .text.uart_cmsdk_tx_disable  uart_cmsdk_drv.o
    0x11001b38   0x11001b38   0x0000001c   Code   RO          143    .text.uart_cmsdk_tx_enable  uart_cmsdk_drv.o
    0x11001b54   0x11001b54   0x00000004   PAD
    0x11001b58   0x11001b58   0x00000014   Code   RO          131    .text.uart_cmsdk_write  uart_cmsdk_drv.o
    0x11001b6c   0x11001b6c   0x0000001c   Code   RO          432    i.fputc             c_w.l(fputc.o)
    0x11001b88   0x11001b88   0x0000001e   Code   RO          695    x$fpl$fpinit        fz_wv.l(fpinit_81m.o)
    0x11001ba6   0x11001ba6   0x00000002   PAD
    0x11001ba8   0x11001ba8   0x00000038   Data   RO           61    .rodata.Driver_USART0  driver_usart.o
    0x11001be0   0x11001be0   0x00000008   Data   RO           95    .rodata.UART0_CMSDK_DEV_CFG_S  device_definition.o
    0x11001be8   0x11001be8   0x00000008   Data   RO           86    .rodata.__stderr_name  retarget_io.o
    0x11001bf0   0x11001bf0   0x00000007   Data   RO           84    .rodata.__stdin_name  retarget_io.o
    0x11001bf7   0x11001bf7   0x00000008   Data   RO           85    .rodata.__stdout_name  retarget_io.o
    0x11001bff   0x11001bff   0x00000001   PAD
    0x11001c00   0x11001c00   0x00000020   Data   RO          779    Region$$Table       anon$$obj.o


    Execution Region CODE_WATERMARK (Exec base: 0x11001c20, Load base: 0x11001c20, Size: 0x00000000, Max: 0x00000000, ABSOLUTE)

    Exec Addr    Load Addr    Size         Type   Attr      Idx    E Section Name        Object

    0x11001c20        -       0x00000000   Zero   RW            1    CODE_WATERMARK.bss  anon$$obj.o


    Execution Region ER_DATA (Exec base: 0x31000000, Load base: 0x11001c20, Size: 0x000001a8, Max: 0xffffffff, ABSOLUTE)

    Exec Addr    Load Addr    Size         Type   Attr      Idx    E Section Name        Object

    0x31000000   0x11001c20   0x00000004   Data   RW          438    .data               c_w.l(stdio_streams.o)
    0x31000004   0x11001c24   0x00000004   Data   RW          439    .data               c_w.l(stdio_streams.o)
    0x31000008   0x11001c28   0x00000004   Data   RW          440    .data               c_w.l(stdio_streams.o)
    0x3100000c   0x11001c2c   0x00000004   Data   RW          415    .data.PeripheralClock  system_sse310mps3.o
    0x31000010   0x11001c30   0x00000004   Data   RW          414    .data.SystemCoreClock  system_sse310mps3.o
    0x31000014   0x11001c34   0x00000008   Data   RW           97    .data.UART0_CMSDK_DEV_S  device_definition.o
    0x3100001c        -       0x00000054   Zero   RW          435    .bss                c_w.l(stdio_streams.o)
    0x31000070        -       0x00000054   Zero   RW          436    .bss                c_w.l(stdio_streams.o)
    0x310000c4        -       0x00000054   Zero   RW          437    .bss                c_w.l(stdio_streams.o)
    0x31000118        -       0x00000060   Zero   RW          636    .bss                c_w.l(libspace.o)
    0x31000178        -       0x00000004   Zero   RW           52    .bss.Driver_USART0_DEV.1  driver_usart.o
    0x3100017c        -       0x00000004   Zero   RW           59    .bss.Driver_USART0_DEV.10  driver_usart.o
    0x31000180        -       0x00000004   Zero   RW           60    .bss.Driver_USART0_DEV.11  driver_usart.o
    0x31000184        -       0x00000001   Zero   RW           53    .bss.Driver_USART0_DEV.4  driver_usart.o
    0x31000185   0x11001c3c   0x00000003   PAD
    0x31000188        -       0x00000001   Zero   RW           54    .bss.Driver_USART0_DEV.5  driver_usart.o
    0x31000189   0x11001c3c   0x00000003   PAD
    0x3100018c        -       0x00000004   Zero   RW           55    .bss.Driver_USART0_DEV.6  driver_usart.o
    0x31000190        -       0x00000004   Zero   RW           56    .bss.Driver_USART0_DEV.7  driver_usart.o
    0x31000194        -       0x00000004   Zero   RW           57    .bss.Driver_USART0_DEV.8  driver_usart.o
    0x31000198        -       0x00000004   Zero   RW           58    .bss.Driver_USART0_DEV.9  driver_usart.o
    0x3100019c        -       0x0000000c   Zero   RW           96    .bss.UART0_CMSDK_DEV_DATA_S  device_definition.o


    Execution Region ARM_LIB_HEAP (Exec base: 0x310001a8, Load base: 0x11001c40, Size: 0x00000400, Max: 0x00000400, ABSOLUTE)

    Exec Addr    Load Addr    Size         Type   Attr      Idx    E Section Name        Object

    0x310001a8        -       0x00000400   Zero   RW            2    ARM_LIB_HEAP.bss    anon$$obj.o


    Execution Region ARM_LIB_STACK (Exec base: 0x310005c0, Load base: 0x11001c40, Size: 0x000003f8, Max: 0x000003f8, ABSOLUTE)

    Exec Addr    Load Addr    Size         Type   Attr      Idx    E Section Name        Object

    0x310005c0        -       0x000003f8   Zero   RW            3    ARM_LIB_STACK.bss   anon$$obj.o


    Execution Region STACKSEAL (Exec base: 0x310009b8, Load base: 0x11001c40, Size: 0x00000008, Max: 0x00000008, ABSOLUTE)

    Exec Addr    Load Addr    Size         Type   Attr      Idx    E Section Name        Object

    0x310009b8        -       0x00000008   Zero   RW            4    STACKSEAL.bss       anon$$obj.o


    Execution Region SRAM_WATERMARK (Exec base: 0x310009c0, Load base: 0x11001c40, Size: 0x00000000, Max: 0x00000000, ABSOLUTE)

    Exec Addr    Load Addr    Size         Type   Attr      Idx    E Section Name        Object

    0x310009c0        -       0x00000000   Zero   RW            5    SRAM_WATERMARK.bss  anon$$obj.o


==============================================================================

Image component sizes


      Code (inc. data)   RO Data    RW Data    ZI Data      Debug   Object Name

         0          0          8          8         12       1389   device_definition.o
      1252         26         56          0         30      13318   driver_usart.o
        36         20          0          0          0       1332   main.o
       178          0         23          0          0       2924   retarget_io.o
       268          0        992          0          0      10966   startup_sse310mps3.o
       110          0          0          0          0       1733   stdout_usart.o
       110          0          0          8          0       2524   system_sse310mps3.o
       418         12          0          0          0       6988   uart_cmsdk_drv.o

    ----------------------------------------------------------------------
      3188         66       1112         16       2096      41174   Object Totals
         0          0         32          0       2048          0   (incl. Generated)
       816          8          1          0          6          0   (incl. Padding)

    ----------------------------------------------------------------------

      Code (inc. data)   RO Data    RW Data    ZI Data      Debug   Library Member Name

         8          0          0          0          0         68   __main.o
         0          0          0          0          0          0   __rtentry.o
        12          0          0          0          0          0   __rtentry2.o
         8          4          0          0          0          0   __rtentry7.o
        52          8          0          0          0          0   __scatter.o
        26          0          0          0          0          0   __scatter_copy.o
        28          0          0          0          0          0   __scatter_zi.o
        10          0          0          0          0         68   defsig_exit.o
        50          0          0          0          0         88   defsig_general.o
        80         58          0          0          0         76   defsig_rtmem_inner.o
        14          0          0          0          0         80   defsig_rtmem_outer.o
        52         38          0          0          0         76   defsig_rtred_inner.o
        14          0          0          0          0         80   defsig_rtred_outer.o
        18          0          0          0          0         80   exit.o
        76          0          0          0          0         88   fclose.o
       482          0          0          0          0         92   flsbuf.o
       240          6          0          0          0        128   fopen.o
        28          0          0          0          0         68   fputc.o
       248          6          0          0          0         84   fseek.o
        66          0          0          0          0         76   ftell.o
        94          0          0          0          0         80   h1_alloc.o
        52          0          0          0          0         68   h1_extend.o
        78          0          0          0          0         80   h1_free.o
        14          0          0          0          0         84   h1_init.o
         4          0          0          0          0        136   hguard.o
         0          0          0          0          0          0   indicate_semi.o
       138          0          0          0          0        168   init_alloc.o
       312         46          0          0          0        112   initio.o
         2          0          0          0          0          0   libinit.o
        10          0          0          0          0          0   libinit2.o
        16          8          0          0          0          0   libinit5.o
         2          0          0          0          0          0   libshutdown.o
         6          0          0          0          0          0   libshutdown2.o
         0          0          0          0         96          0   libspace.o
         0          0          0          0          0          0   maybetermalloc1.o
        44          4          0          0          0         84   puts.o
         8          4          0          0          0         68   rt_errno_addr_intlibspace.o
         8          4          0          0          0         68   rt_heap_descriptor_intlibspace.o
        78          0          0          0          0         80   rt_memclr_w.o
         2          0          0          0          0          0   rtexit.o
        10          0          0          0          0          0   rtexit2.o
        70          0          0          0          0         80   setvbuf.o
       240          6          0          0          0        156   stdio.o
         0          0          0         12        252          0   stdio_streams.o
       124          0          0          0          0         88   strcmpv8m_maindsp.o
        12          4          0          0          0         68   sys_exit.o
        14          0          0          0          0         76   sys_wrch.o
         2          0          0          0          0         68   use_no_semi.o
        30          0          0          0          0        164   fpinit_81m.o

    ----------------------------------------------------------------------
      2900        200          0         12        348       2880   Library Totals
        18          4          0          0          0          0   (incl. Padding)

    ----------------------------------------------------------------------

      Code (inc. data)   RO Data    RW Data    ZI Data      Debug   Library Name

      2852        196          0         12        348       2716   c_w.l
        30          0          0          0          0        164   fz_wv.l

    ----------------------------------------------------------------------
      2900        200          0         12        348       2880   Library Totals

    ----------------------------------------------------------------------

==============================================================================


      Code (inc. data)   RO Data    RW Data    ZI Data      Debug   

      6088        266       1112         28       2444      42630   Grand Totals
      6088        266       1112         28       2444      42630   ELF Image Totals
      6088        266       1112         28          0          0   ROM Totals

==============================================================================

    Total RO  Size (Code + RO Data)                 7200 (   7.03kB)
    Total RW  Size (RW Data + ZI Data)              2472 (   2.41kB)
    Total ROM Size (Code + RO Data + RW Data)       7228 (   7.06kB)

==============================================================================

