<html>
<body>
<pre>
<h1>µVision Build Log</h1>
<h2>Tool Versions:</h2>
IDE-Version: ¦ÌVision V5.38.0.0
Copyright (C) 2022 ARM Ltd and ARM Germany GmbH. All rights reserved.
License Information: JunZhe Li, University at Buffalo, LIC=----
 
Tool Versions:
Toolchain:       MDK-Lite  Version: 5.38.0.0
Toolchain Path:  D:\Keil_v5\ARM\ARMCLANG\Bin
C Compiler:      ArmClang.exe V6.19
Assembler:       Armasm.exe V6.19
Linker/Locator:  ArmLink.exe V6.19
Library Manager: ArmAr.exe V6.19
Hex Converter:   FromElf.exe V6.19
CPU DLL:         
Dialog DLL:      
Target DLL:      CMSIS_AGDI_V8M.DLL V1.7.20.0
Dialog DLL:      TCM.DLL V1.56.4.0
 
<h2>Project:</h2>
D:\Mbed project\mps2-blinky\Boards\ARM\V2M-MPS2\IOTKit_CM33\Blinky\Blinky.uvprojx
Project File Date:  10/24/2023

<h2>Output:</h2>
*** Using Compiler 'V6.19', folder: 'D:\Keil_v5\ARM\ARMCLANG\Bin'
Rebuild target 'V2M-MPS2+'
compiling system_IOTKit_CM33.c...
compiling stdout_USART.c...
compiling GLCD_Fonts.c...
compiling Buttons_V2M-MPS2.c...
compiling LED_V2M-MPS2.c...
D:/Keil_v5/Packs/Keil/ARM_Compiler/1.7.2/Source/retarget_io.c(409): warning: invalid UTF-8 in comment [-Winvalid-utf8]
  \return    The return value is <96>1 if an error occurs.
                                 ^
1 warning generated.
compiling retarget_io.c...
compiling startup_IOTKit_CM33.c...
compiling Blinky.c...
compiling Touch_V2M-MPS2.c...
compiling USART_V2M-MPS2.c...
compiling GLCD_V2M-MPS2.c...
linking...
.\RTE\Device\IOTKit_CM33_FP\ac6_arm.sct(42): warning: L6314W: No section matches pattern *(Veneer$$CMSE).
.\RTE\Device\IOTKit_CM33_FP\ac6_arm.sct: Warning: L6848E: No CMSE symbols written in import library .\Out\Blinky_CMSE_Lib.o.
Program Size: Code=8284 RO-data=6556 RW-data=20 ZI-data=4520  
Finished: 0 information, 2 warning and 0 error messages.
".\Out\Blinky.axf" - 0 Error(s), 3 Warning(s).

<h2>Software Packages used:</h2>

Package Vendor: ARM
                http://www.keil.com/pack/ARM.CMSIS.5.9.0.pack
                ARM.CMSIS.5.9.0
                CMSIS (Common Microcontroller Software Interface Standard)
   * Component: USART Version: 2.4.0
   * Component: CORE Version: 5.6.0

Package Vendor: Keil
                https://www.keil.com/pack/Keil.ARM_Compiler.1.7.2.pack
                Keil.ARM_Compiler.1.7.2
                Keil ARM Compiler extensions for ARM Compiler 5 and ARM Compiler 6
   * Component: STDOUT Variant: User Version: 1.2.0

Package Vendor: Keil
                https://www.keil.com/pack/Keil.MDK-Middleware.7.16.0.pack
                Keil.MDK-Middleware.7.16.0
                Middleware for Keil MDK-Professional and MDK-Plus
   * Component: Buttons Version: 1.0.0
   * Component: Graphic LCD Version: 1.0.0
   * Component: LED Version: 1.0.0
   * Component: Touchscreen Version: 1.0.1

Package Vendor: Keil
                https://www.keil.com/pack/Keil.V2M-MPS2_IOTKit_BSP.1.5.1.pack
                Keil.V2M-MPS2_IOTKit_BSP.1.5.1
                ARM V2M-MPS2 Device Family Pack for IOT-Kit devices
   * Component: Buttons Version: 2.0.0
   * Component: Graphic LCD Version: 2.0.0
   * Component: LED Version: 2.0.0
   * Component: Touchscreen Version: 2.0.0
   * Component: USART Version: 1.0.0
   * Component: Startup Variant: C Startup Version: 1.2.0

<h2>Collection of Component include folders:</h2>
  ./RTE/Device/IOTKit_CM33_FP
  ./RTE/_V2M-MPS2_
  D:/Keil_v5/Packs/ARM/CMSIS/5.9.0/CMSIS/Core/Include
  D:/Keil_v5/Packs/ARM/CMSIS/5.9.0/CMSIS/Driver/Include
  D:/Keil_v5/Packs/Keil/MDK-Middleware/7.16.0/Board
  D:/Keil_v5/Packs/Keil/V2M-MPS2_IOTKit_BSP/1.5.1/Boards/ARM/V2M-MPS2/Common
  D:/Keil_v5/Packs/Keil/V2M-MPS2_IOTKit_BSP/1.5.1/Device/IOTKit_CM33/Include

<h2>Collection of Component Files used:</h2>

   * Component: ::Board Support:Buttons:1.0.0 (API)
      Include file:  Board/Board_Buttons.h

   * Component: ::Board Support:Graphic LCD:1.0.0 (API)
      Include file:  Board/Board_GLCD.h

   * Component: ::Board Support:LED:1.0.0 (API)
      Include file:  Board/Board_LED.h

   * Component: ::Board Support:Touchscreen:1.0.1 (API)
      Include file:  Board/Board_Touch.h

   * Component: ::CMSIS Driver:USART:2.4.0 (API)
      Include file:  CMSIS/Driver/Include/Driver_USART.h

   * Component: ARM::CMSIS:CORE:5.6.0
      Include file:  CMSIS/Core/Include/tz_context.h
      Source file:   CMSIS/Core/Template/ARMv8-M/main_s.c
      Source file:   CMSIS/Core/Template/ARMv8-M/tz_context.c

   * Component: Keil.ARM Compiler::Compiler:I/O:STDOUT:User:1.2.0
      Source file:   Source/retarget_io.c
      Source file:   Template/stdout_user.c
      Source file:   Template/stdout_display.c
      Source file:   Template/stdout_USART.c

   * Component: Keil.V2M-MPS2 IOT-Kit::Board Support:Buttons:2.0.0
      Source file:   Boards/ARM/V2M-MPS2/Common/Buttons_V2M-MPS2.c

   * Component: Keil.V2M-MPS2 IOT-Kit::Board Support:Graphic LCD:2.0.0
      Include file:  Boards/ARM/V2M-MPS2/Common/GLCD_Config.h
      Source file:   Boards/ARM/V2M-MPS2/Common/GLCD_V2M-MPS2.c
      Source file:   Boards/ARM/V2M-MPS2/Common/GLCD_Fonts.c

   * Component: Keil.V2M-MPS2 IOT-Kit::Board Support:LED:2.0.0
      Source file:   Boards/ARM/V2M-MPS2/Common/LED_V2M-MPS2.c

   * Component: Keil.V2M-MPS2 IOT-Kit::Board Support:Touchscreen:2.0.0
      Source file:   Boards/ARM/V2M-MPS2/Common/Touch_V2M-MPS2.c

   * Component: Keil::CMSIS Driver:USART:1.0.0
      Source file:   CMSIS/Driver/USART_V2M-MPS2.c

   * Component: Keil::Device:Startup:C Startup:1.2.0
      Source file:   Device/IOTKit_CM33/Source/startup_IOTKit_CM33.c
      Include file:  Device/IOTKit_CM33/Include/Template/partition_IOTKit_CM33.h
      Include file:  CMSIS/Config/RTE_Device.h
      Source file:   Device/IOTKit_CM33/Source/system_IOTKit_CM33.c
Build Time Elapsed:  00:00:01
</pre>
</body>
</html>
