Component: Arm Compiler for Embedded 6.18 Tool: armlink [5e4cc100]

==============================================================================

Section Cross References

    main_ns.o(.ARM.exidx.text.main) refers to main_ns.o(.text.main) for [Anonymous Symbol]
    driver_mpc.o(.ARM.exidx.text.ARM_MPC_GetVersion) refers to driver_mpc.o(.text.ARM_MPC_GetVersion) for [Anonymous Symbol]
    driver_mpc.o(.text.Driver_SRAM_MPC_Initialize) refers to device_definition.o(.data.MPC_SRAM_DEV_S) for MPC_SRAM_DEV_S
    driver_mpc.o(.text.Driver_SRAM_MPC_Initialize) refers to mpc_sie_drv.o(.text.mpc_sie_init) for mpc_sie_init
    driver_mpc.o(.text.Driver_SRAM_MPC_Initialize) refers to driver_mpc.o(.rodata..Lswitch.table.Driver_QSPI_MPC_EnableInterrupt) for .Lswitch.table.Driver_QSPI_MPC_EnableInterrupt
    driver_mpc.o(.ARM.exidx.text.Driver_SRAM_MPC_Initialize) refers to driver_mpc.o(.text.Driver_SRAM_MPC_Initialize) for [Anonymous Symbol]
    driver_mpc.o(.ARM.exidx.text.Driver_SRAM_MPC_Uninitialize) refers to driver_mpc.o(.text.Driver_SRAM_MPC_Uninitialize) for [Anonymous Symbol]
    driver_mpc.o(.text.Driver_SRAM_MPC_GetBlockSize) refers to device_definition.o(.data.MPC_SRAM_DEV_S) for MPC_SRAM_DEV_S
    driver_mpc.o(.text.Driver_SRAM_MPC_GetBlockSize) refers to mpc_sie_drv.o(.text.mpc_sie_get_block_size) for mpc_sie_get_block_size
    driver_mpc.o(.text.Driver_SRAM_MPC_GetBlockSize) refers to driver_mpc.o(.rodata..Lswitch.table.Driver_QSPI_MPC_EnableInterrupt) for .Lswitch.table.Driver_QSPI_MPC_EnableInterrupt
    driver_mpc.o(.ARM.exidx.text.Driver_SRAM_MPC_GetBlockSize) refers to driver_mpc.o(.text.Driver_SRAM_MPC_GetBlockSize) for [Anonymous Symbol]
    driver_mpc.o(.text.Driver_SRAM_MPC_GetCtrlConfig) refers to device_definition.o(.data.MPC_SRAM_DEV_S) for MPC_SRAM_DEV_S
    driver_mpc.o(.text.Driver_SRAM_MPC_GetCtrlConfig) refers to mpc_sie_drv.o(.text.mpc_sie_get_ctrl) for mpc_sie_get_ctrl
    driver_mpc.o(.text.Driver_SRAM_MPC_GetCtrlConfig) refers to driver_mpc.o(.rodata..Lswitch.table.Driver_QSPI_MPC_EnableInterrupt) for .Lswitch.table.Driver_QSPI_MPC_EnableInterrupt
    driver_mpc.o(.ARM.exidx.text.Driver_SRAM_MPC_GetCtrlConfig) refers to driver_mpc.o(.text.Driver_SRAM_MPC_GetCtrlConfig) for [Anonymous Symbol]
    driver_mpc.o(.text.Driver_SRAM_MPC_SetCtrlConfig) refers to device_definition.o(.data.MPC_SRAM_DEV_S) for MPC_SRAM_DEV_S
    driver_mpc.o(.text.Driver_SRAM_MPC_SetCtrlConfig) refers to mpc_sie_drv.o(.text.mpc_sie_set_ctrl) for mpc_sie_set_ctrl
    driver_mpc.o(.text.Driver_SRAM_MPC_SetCtrlConfig) refers to driver_mpc.o(.rodata..Lswitch.table.Driver_QSPI_MPC_EnableInterrupt) for .Lswitch.table.Driver_QSPI_MPC_EnableInterrupt
    driver_mpc.o(.ARM.exidx.text.Driver_SRAM_MPC_SetCtrlConfig) refers to driver_mpc.o(.text.Driver_SRAM_MPC_SetCtrlConfig) for [Anonymous Symbol]
    driver_mpc.o(.text.Driver_SRAM_MPC_ConfigRegion) refers to device_definition.o(.data.MPC_SRAM_DEV_S) for MPC_SRAM_DEV_S
    driver_mpc.o(.text.Driver_SRAM_MPC_ConfigRegion) refers to mpc_sie_drv.o(.text.mpc_sie_config_region) for mpc_sie_config_region
    driver_mpc.o(.text.Driver_SRAM_MPC_ConfigRegion) refers to driver_mpc.o(.rodata..Lswitch.table.Driver_QSPI_MPC_EnableInterrupt) for .Lswitch.table.Driver_QSPI_MPC_EnableInterrupt
    driver_mpc.o(.ARM.exidx.text.Driver_SRAM_MPC_ConfigRegion) refers to driver_mpc.o(.text.Driver_SRAM_MPC_ConfigRegion) for [Anonymous Symbol]
    driver_mpc.o(.text.Driver_SRAM_MPC_GetRegionConfig) refers to device_definition.o(.data.MPC_SRAM_DEV_S) for MPC_SRAM_DEV_S
    driver_mpc.o(.text.Driver_SRAM_MPC_GetRegionConfig) refers to mpc_sie_drv.o(.text.mpc_sie_get_region_config) for mpc_sie_get_region_config
    driver_mpc.o(.text.Driver_SRAM_MPC_GetRegionConfig) refers to driver_mpc.o(.rodata..Lswitch.table.Driver_QSPI_MPC_EnableInterrupt) for .Lswitch.table.Driver_QSPI_MPC_EnableInterrupt
    driver_mpc.o(.ARM.exidx.text.Driver_SRAM_MPC_GetRegionConfig) refers to driver_mpc.o(.text.Driver_SRAM_MPC_GetRegionConfig) for [Anonymous Symbol]
    driver_mpc.o(.text.Driver_SRAM_MPC_EnableInterrupt) refers to device_definition.o(.data.MPC_SRAM_DEV_S) for MPC_SRAM_DEV_S
    driver_mpc.o(.text.Driver_SRAM_MPC_EnableInterrupt) refers to mpc_sie_drv.o(.text.mpc_sie_irq_enable) for mpc_sie_irq_enable
    driver_mpc.o(.text.Driver_SRAM_MPC_EnableInterrupt) refers to driver_mpc.o(.rodata..Lswitch.table.Driver_QSPI_MPC_EnableInterrupt) for .Lswitch.table.Driver_QSPI_MPC_EnableInterrupt
    driver_mpc.o(.ARM.exidx.text.Driver_SRAM_MPC_EnableInterrupt) refers to driver_mpc.o(.text.Driver_SRAM_MPC_EnableInterrupt) for [Anonymous Symbol]
    driver_mpc.o(.text.Driver_SRAM_MPC_DisableInterrupt) refers to device_definition.o(.data.MPC_SRAM_DEV_S) for MPC_SRAM_DEV_S
    driver_mpc.o(.text.Driver_SRAM_MPC_DisableInterrupt) refers to mpc_sie_drv.o(.text.mpc_sie_irq_disable) for mpc_sie_irq_disable
[...]
    Removing syscounter_armv8-m_cntrl_drv.o(.ARM.exidx.text.syscounter_armv8_m_cntrl_enable_scale), (8 bytes).
    Removing syscounter_armv8-m_cntrl_drv.o(.text.syscounter_armv8_m_cntrl_is_scale_enabled), (12 bytes).
    Removing syscounter_armv8-m_cntrl_drv.o(.ARM.exidx.text.syscounter_armv8_m_cntrl_is_scale_enabled), (8 bytes).
    Removing syscounter_armv8-m_cntrl_drv.o(.text.syscounter_armv8_m_cntrl_enable_interrupt), (14 bytes).
    Removing syscounter_armv8-m_cntrl_drv.o(.ARM.exidx.text.syscounter_armv8_m_cntrl_enable_interrupt), (8 bytes).
    Removing syscounter_armv8-m_cntrl_drv.o(.text.syscounter_armv8_m_cntrl_is_interrupt_enabled), (12 bytes).
    Removing syscounter_armv8-m_cntrl_drv.o(.ARM.exidx.text.syscounter_armv8_m_cntrl_is_interrupt_enabled), (8 bytes).
    Removing syscounter_armv8-m_cntrl_drv.o(.text.syscounter_armv8_m_cntrl_enable_pslverr), (14 bytes).
    Removing syscounter_armv8-m_cntrl_drv.o(.ARM.exidx.text.syscounter_armv8_m_cntrl_enable_pslverr), (8 bytes).
    Removing syscounter_armv8-m_cntrl_drv.o(.text.syscounter_armv8_m_cntrl_disable_pslverr), (14 bytes).
    Removing syscounter_armv8-m_cntrl_drv.o(.ARM.exidx.text.syscounter_armv8_m_cntrl_disable_pslverr), (8 bytes).
    Removing syscounter_armv8-m_cntrl_drv.o(.text.syscounter_armv8_m_cntrl_is_pslverr_enabled), (12 bytes).
    Removing syscounter_armv8-m_cntrl_drv.o(.ARM.exidx.text.syscounter_armv8_m_cntrl_is_pslverr_enabled), (8 bytes).
    Removing syscounter_armv8-m_cntrl_drv.o(.text.syscounter_armv8_m_cntrl_clear_interrupt), (14 bytes).
    Removing syscounter_armv8-m_cntrl_drv.o(.ARM.exidx.text.syscounter_armv8_m_cntrl_clear_interrupt), (8 bytes).
    Removing syscounter_armv8-m_cntrl_drv.o(.text.syscounter_armv8_m_cntrl_is_counter_halted_on_debug), (12 bytes).
    Removing syscounter_armv8-m_cntrl_drv.o(.ARM.exidx.text.syscounter_armv8_m_cntrl_is_counter_halted_on_debug), (8 bytes).
    Removing syscounter_armv8-m_cntrl_drv.o(.text.syscounter_armv8_m_cntrl_get_counter_value), (20 bytes).
    Removing syscounter_armv8-m_cntrl_drv.o(.ARM.exidx.text.syscounter_armv8_m_cntrl_get_counter_value), (8 bytes).
    Removing syscounter_armv8-m_cntrl_drv.o(.text.syscounter_armv8_m_cntrl_is_clock_switching_implemented), (12 bytes).
    Removing syscounter_armv8-m_cntrl_drv.o(.ARM.exidx.text.syscounter_armv8_m_cntrl_is_clock_switching_implemented), (8 bytes).
    Removing syscounter_armv8-m_cntrl_drv.o(.text.syscounter_armv8_m_cntrl_get_clock_source), (12 bytes).
    Removing syscounter_armv8-m_cntrl_drv.o(.ARM.exidx.text.syscounter_armv8_m_cntrl_get_clock_source), (8 bytes).
    Removing syscounter_armv8-m_cntrl_drv.o(.text.syscounter_armv8_m_cntrl_get_override_cntscr), (12 bytes).
    Removing syscounter_armv8-m_cntrl_drv.o(.ARM.exidx.text.syscounter_armv8_m_cntrl_get_override_cntscr), (8 bytes).
    Removing syscounter_armv8-m_cntrl_drv.o(.text.syscounter_armv8_m_cntrl_get_counter_scale_value), (56 bytes).
    Removing syscounter_armv8-m_cntrl_drv.o(.ARM.exidx.text.syscounter_armv8_m_cntrl_get_counter_scale_value), (8 bytes).
    Removing syscounter_armv8-m_read_drv.o(.text), (0 bytes).
    Removing syscounter_armv8-m_read_drv.o(.text.syscounter_armv8_m_read_get_counter_value), (20 bytes).
    Removing syscounter_armv8-m_read_drv.o(.ARM.exidx.text.syscounter_armv8_m_read_get_counter_value), (8 bytes).
    Removing systimer_armv8-m_drv.o(.text), (0 bytes).
    Removing systimer_armv8-m_drv.o(.text.systimer_armv8_m_init), (48 bytes).
    Removing systimer_armv8-m_drv.o(.ARM.exidx.text.systimer_armv8_m_init), (8 bytes).
    Removing systimer_armv8-m_drv.o(.text.systimer_armv8_m_disable_interrupt), (14 bytes).
    Removing systimer_armv8-m_drv.o(.ARM.exidx.text.systimer_armv8_m_disable_interrupt), (8 bytes).
    Removing systimer_armv8-m_drv.o(.text.systimer_armv8_m_disable_autoinc), (14 bytes).
    Removing systimer_armv8-m_drv.o(.ARM.exidx.text.systimer_armv8_m_disable_autoinc), (8 bytes).
    Removing systimer_armv8-m_drv.o(.text.systimer_armv8_m_set_counter_freq), (8 bytes).
    Removing systimer_armv8-m_drv.o(.ARM.exidx.text.systimer_armv8_m_set_counter_freq), (8 bytes).
    Removing systimer_armv8-m_drv.o(.text.systimer_armv8_m_enable_timer), (14 bytes).
    Removing systimer_armv8-m_drv.o(.ARM.exidx.text.systimer_armv8_m_enable_timer), (8 bytes).
    Removing systimer_armv8-m_drv.o(.text.systimer_armv8_m_uninit), (44 bytes).
    Removing systimer_armv8-m_drv.o(.ARM.exidx.text.systimer_armv8_m_uninit), (8 bytes).
    Removing systimer_armv8-m_drv.o(.text.systimer_armv8_m_disable_timer), (14 bytes).
    Removing systimer_armv8-m_drv.o(.ARM.exidx.text.systimer_armv8_m_disable_timer), (8 bytes).
    Removing systimer_armv8-m_drv.o(.text.systimer_armv8_m_get_counter_value), (20 bytes).
    Removing systimer_armv8-m_drv.o(.ARM.exidx.text.systimer_armv8_m_get_counter_value), (8 bytes).
    Removing systimer_armv8-m_drv.o(.text.systimer_armv8_m_set_compare_value), (10 bytes).
    Removing systimer_armv8-m_drv.o(.ARM.exidx.text.systimer_armv8_m_set_compare_value), (8 bytes).
    Removing systimer_armv8-m_drv.o(.text.systimer_armv8_m_get_compare_value), (10 bytes).
    Removing systimer_armv8-m_drv.o(.ARM.exidx.text.systimer_armv8_m_get_compare_value), (8 bytes).
    Removing systimer_armv8-m_drv.o(.text.systimer_armv8_m_get_counter_freq), (8 bytes).
    Removing systimer_armv8-m_drv.o(.ARM.exidx.text.systimer_armv8_m_get_counter_freq), (8 bytes).
    Removing systimer_armv8-m_drv.o(.text.systimer_armv8_m_set_timer_value), (8 bytes).
    Removing systimer_armv8-m_drv.o(.ARM.exidx.text.systimer_armv8_m_set_timer_value), (8 bytes).
    Removing systimer_armv8-m_drv.o(.text.systimer_armv8_m_get_timer_value), (8 bytes).
    Removing systimer_armv8-m_drv.o(.ARM.exidx.text.systimer_armv8_m_get_timer_value), (8 bytes).
    Removing systimer_armv8-m_drv.o(.text.systimer_armv8_m_is_timer_enabled), (12 bytes).
    Removing systimer_armv8-m_drv.o(.ARM.exidx.text.systimer_armv8_m_is_timer_enabled), (8 bytes).
    Removing systimer_armv8-m_drv.o(.text.systimer_armv8_m_enable_interrupt), (14 bytes).
    Removing systimer_armv8-m_drv.o(.ARM.exidx.text.systimer_armv8_m_enable_interrupt), (8 bytes).
    Removing systimer_armv8-m_drv.o(.text.systimer_armv8_m_is_interrupt_enabled), (16 bytes).
    Removing systimer_armv8-m_drv.o(.ARM.exidx.text.systimer_armv8_m_is_interrupt_enabled), (8 bytes).
    Removing systimer_armv8-m_drv.o(.text.systimer_armv8_m_is_interrupt_asserted), (12 bytes).
    Removing systimer_armv8-m_drv.o(.ARM.exidx.text.systimer_armv8_m_is_interrupt_asserted), (8 bytes).
    Removing systimer_armv8-m_drv.o(.text.systimer_armv8_m_get_autoinc_value), (10 bytes).
    Removing systimer_armv8-m_drv.o(.ARM.exidx.text.systimer_armv8_m_get_autoinc_value), (8 bytes).
    Removing systimer_armv8-m_drv.o(.text.systimer_armv8_m_set_autoinc_reload), (8 bytes).
    Removing systimer_armv8-m_drv.o(.ARM.exidx.text.systimer_armv8_m_set_autoinc_reload), (8 bytes).
    Removing systimer_armv8-m_drv.o(.text.systimer_armv8_m_get_autoinc_reload), (8 bytes).
    Removing systimer_armv8-m_drv.o(.ARM.exidx.text.systimer_armv8_m_get_autoinc_reload), (8 bytes).
    Removing systimer_armv8-m_drv.o(.text.systimer_armv8_m_enable_autoinc), (14 bytes).
    Removing systimer_armv8-m_drv.o(.ARM.exidx.text.systimer_armv8_m_enable_autoinc), (8 bytes).
    Removing systimer_armv8-m_drv.o(.text.systimer_armv8_m_is_autoinc_enabled), (12 bytes).
    Removing systimer_armv8-m_drv.o(.ARM.exidx.text.systimer_armv8_m_is_autoinc_enabled), (8 bytes).
    Removing systimer_armv8-m_drv.o(.text.systimer_armv8_m_clear_autoinc_interrupt), (14 bytes).
    Removing systimer_armv8-m_drv.o(.ARM.exidx.text.systimer_armv8_m_clear_autoinc_interrupt), (8 bytes).
    Removing systimer_armv8-m_drv.o(.text.systimer_armv8_m_is_autoinc_implemented), (12 bytes).
    Removing systimer_armv8-m_drv.o(.ARM.exidx.text.systimer_armv8_m_is_autoinc_implemented), (8 bytes).
    Removing systimer_armv8-m_timeout.o(.text), (0 bytes).
    Removing systimer_armv8-m_timeout.o(.text.timeout_init), (116 bytes).
    Removing systimer_armv8-m_timeout.o(.ARM.exidx.text.timeout_init), (8 bytes).
    Removing systimer_armv8-m_timeout.o(.text.timeout_init_us), (114 bytes).
    Removing systimer_armv8-m_timeout.o(.ARM.exidx.text.timeout_init_us), (8 bytes).
    Removing systimer_armv8-m_timeout.o(.text.timeout_delay_is_elapsed), (42 bytes).
    Removing systimer_armv8-m_timeout.o(.ARM.exidx.text.timeout_delay_is_elapsed), (8 bytes).
    Removing systimer_armv8-m_timeout.o(.text.wait_us), (150 bytes).
    Removing systimer_armv8-m_timeout.o(.ARM.exidx.text.wait_us), (8 bytes).
    Removing systimer_armv8-m_timeout.o(.text.wait_ms), (154 bytes).
    Removing systimer_armv8-m_timeout.o(.ARM.exidx.text.wait_ms), (8 bytes).
    Removing systimer_armv8-m_timeout.o(.bss.delay_in_tick), (4 bytes).
    Removing systimer_armv8-m_timeout.o(.bss.wait_us.timeout), (8 bytes).
    Removing systimer_armv8-m_timeout.o(.bss.wait_ms.timeout), (8 bytes).

499 unused section(s) (total 8487 bytes) removed from the image.

==============================================================================

Image Symbol Table

    Local Symbols

    Symbol Name                              Value     Ov Type        Size  Object(Section)

    ../clib/angel/boardlib.s                 0x00000000   Number         0  boardinit1.o ABSOLUTE
    ../clib/angel/boardlib.s                 0x00000000   Number         0  boardinit2.o ABSOLUTE
    ../clib/angel/boardlib.s                 0x00000000   Number         0  boardinit3.o ABSOLUTE
    ../clib/angel/boardlib.s                 0x00000000   Number         0  boardshut.o ABSOLUTE
    ../clib/angel/handlers.s                 0x00000000   Number         0  __scatter_copy.o ABSOLUTE
    ../clib/angel/kernel.s                   0x00000000   Number         0  __rtentry.o ABSOLUTE
    ../clib/angel/kernel.s                   0x00000000   Number         0  __rtentry2.o ABSOLUTE
    ../clib/angel/kernel.s                   0x00000000   Number         0  __rtentry4.o ABSOLUTE
    ../clib/angel/kernel.s                   0x00000000   Number         0  __rtentry7.o ABSOLUTE
    ../clib/angel/kernel.s                   0x00000000   Number         0  rtexit.o ABSOLUTE
    ../clib/angel/kernel.s                   0x00000000   Number         0  rtexit2.o ABSOLUTE
    ../clib/angel/rt.s                       0x00000000   Number         0  rt_raise.o ABSOLUTE
    ../clib/angel/scatter.s                  0x00000000   Number         0  __scatter.o ABSOLUTE
    ../clib/angel/startup.s                  0x00000000   Number         0  __main.o ABSOLUTE
    ../clib/angel/sys.s                      0x00000000   Number         0  sys_stackheap_outer.o ABSOLUTE
    ../clib/angel/sys.s                      0x00000000   Number         0  libspace.o ABSOLUTE
    ../clib/angel/sys.s                      0x00000000   Number         0  sys_stackheap.o ABSOLUTE
    ../clib/angel/sys.s                      0x00000000   Number         0  sys_stackheap_hlt.o ABSOLUTE
    ../clib/angel/sys.s                      0x00000000   Number         0  use_no_semi.o ABSOLUTE
    ../clib/angel/sys.s                      0x00000000   Number         0  indicate_semi.o ABSOLUTE
    ../clib/angel/sysapp.c                   0x00000000   Number         0  sys_exit.o ABSOLUTE
    ../clib/angel/sysapp.c                   0x00000000   Number         0  sys_exit_hlt.o ABSOLUTE
    ../clib/angel/sysapp.c                   0x00000000   Number         0  sys_command.o ABSOLUTE
    ../clib/angel/sysapp.c                   0x00000000   Number         0  sys_command_hlt.o ABSOLUTE
    ../clib/angel/sysapp.c                   0x00000000   Number         0  sys_wrch.o ABSOLUTE
    ../clib/angel/sysapp.c                   0x00000000   Number         0  sys_wrch_hlt.o ABSOLUTE
    ../clib/armsys.c                         0x00000000   Number         0  argv_veneer.o ABSOLUTE
    ../clib/armsys.c                         0x00000000   Number         0  argv_veneer.o ABSOLUTE
    ../clib/armsys.c                         0x00000000   Number         0  _get_argv_nomalloc.o ABSOLUTE
    ../clib/armsys.c                         0x00000000   Number         0  no_argv.o ABSOLUTE
    ../clib/heapalloc.c                      0x00000000   Number         0  hrguard.o ABSOLUTE
    ../clib/libinit.s                        0x00000000   Number         0  libinit.o ABSOLUTE
    ../clib/libinit.s                        0x00000000   Number         0  libinit2.o ABSOLUTE
    ../clib/libinit.s                        0x00000000   Number         0  libinit5.o ABSOLUTE
    ../clib/libinit.s                        0x00000000   Number         0  libshutdown.o ABSOLUTE
    ../clib/libinit.s                        0x00000000   Number         0  libshutdown2.o ABSOLUTE
    ../clib/signal.c                         0x00000000   Number         0  defsig_rtmem_outer.o ABSOLUTE
    ../clib/signal.c                         0x00000000   Number         0  defsig_rtmem_formal.o ABSOLUTE
    ../clib/signal.c                         0x00000000   Number         0  defsig_exit.o ABSOLUTE
    ../clib/signal.c                         0x00000000   Number         0  defsig_rtmem_inner.o ABSOLUTE
    ../clib/signal.c                         0x00000000   Number         0  __raise.o ABSOLUTE
    ../clib/signal.c                         0x00000000   Number         0  defsig_general.o ABSOLUTE
    ../clib/signal.c                         0x00000000   Number         0  defsig_abrt_inner.o ABSOLUTE
    ../clib/signal.c                         0x00000000   Number         0  defsig_fpe_inner.o ABSOLUTE
    ../clib/signal.c                         0x00000000   Number         0  defsig_rtred_inner.o ABSOLUTE
    ../clib/signal.c                         0x00000000   Number         0  defsig_stak_inner.o ABSOLUTE
    ../clib/signal.c                         0x00000000   Number         0  defsig_pvfn_inner.o ABSOLUTE
    ../clib/signal.c                         0x00000000   Number         0  defsig_cppl_inner.o ABSOLUTE
    ../clib/signal.c                         0x00000000   Number         0  defsig_segv_inner.o ABSOLUTE
    ../clib/signal.c                         0x00000000   Number         0  defsig_other.o ABSOLUTE
    ../clib/signal.s                         0x00000000   Number         0  defsig.o ABSOLUTE
    ../clib/stdlib.c                         0x00000000   Number         0  exit.o ABSOLUTE
    ../fplib/fpinit.s                        0x00000000   Number         0  fpinit.o ABSOLUTE
    Driver_MPC.c                             0x00000000   Number         0  driver_mpc.o ABSOLUTE
    Driver_SPI.c                             0x00000000   Number         0  driver_spi.o ABSOLUTE
    dc.s                                     0x00000000   Number         0  dc.o ABSOLUTE
    device_definition.c                      0x00000000   Number         0  device_definition.o ABSOLUTE
    main_ns.c                                0x00000000   Number         0  main_ns.o ABSOLUTE
    mpc_sie_drv.c                            0x00000000   Number         0  mpc_sie_drv.o ABSOLUTE
    spi_pl022_drv.c                          0x00000000   Number         0  spi_pl022_drv.o ABSOLUTE
    startup_SSE310MPS3.c                     0x00000000   Number         0  startup_sse310mps3.o ABSOLUTE
    syscounter_armv8-m_cntrl_drv.c           0x00000000   Number         0  syscounter_armv8-m_cntrl_drv.o ABSOLUTE
    syscounter_armv8-m_read_drv.c            0x00000000   Number         0  syscounter_armv8-m_read_drv.o ABSOLUTE
    system_SSE310MPS3.c                      0x00000000   Number         0  system_sse310mps3.o ABSOLUTE
    systimer_armv8-m_drv.c                   0x00000000   Number         0  systimer_armv8-m_drv.o ABSOLUTE
    systimer_armv8-m_timeout.c               0x00000000   Number         0  systimer_armv8-m_timeout.o ABSOLUTE
    __tagsym$$used.0                         0x01020000   Number         0  startup_sse310mps3.o(RESET)
    !!!main                                  0x01020240   Section        8  __main.o(!!!main)
    !!!scatter                               0x01020248   Section       52  __scatter.o(!!!scatter)
    !!handler_copy                           0x0102027c   Section       26  __scatter_copy.o(!!handler_copy)
    .ARM.Collect$$libinit$$00000000          0x01020296   Section        2  libinit.o(.ARM.Collect$$libinit$$00000000)
    .ARM.Collect$$libinit$$00000001          0x01020298   Section        4  libinit2.o(.ARM.Collect$$libinit$$00000001)
    .ARM.Collect$$libinit$$00000004          0x0102029c   Section        0  libinit2.o(.ARM.Collect$$libinit$$00000004)
    .ARM.Collect$$libinit$$00000006          0x0102029c   Section        0  libinit2.o(.ARM.Collect$$libinit$$00000006)
    .ARM.Collect$$libinit$$0000000C          0x0102029c   Section        0  libinit2.o(.ARM.Collect$$libinit$$0000000C)
    .ARM.Collect$$libinit$$0000000E          0x0102029c   Section        0  libinit2.o(.ARM.Collect$$libinit$$0000000E)
    .ARM.Collect$$libinit$$00000010          0x0102029c   Section        0  libinit2.o(.ARM.Collect$$libinit$$00000010)
    .ARM.Collect$$libinit$$00000013          0x0102029c   Section        0  libinit2.o(.ARM.Collect$$libinit$$00000013)
    .ARM.Collect$$libinit$$00000015          0x0102029c   Section        0  libinit2.o(.ARM.Collect$$libinit$$00000015)
    .ARM.Collect$$libinit$$00000017          0x0102029c   Section        0  libinit2.o(.ARM.Collect$$libinit$$00000017)
    .ARM.Collect$$libinit$$00000019          0x0102029c   Section        0  libinit2.o(.ARM.Collect$$libinit$$00000019)
    .ARM.Collect$$libinit$$0000001B          0x0102029c   Section        0  libinit2.o(.ARM.Collect$$libinit$$0000001B)
    .ARM.Collect$$libinit$$0000001D          0x0102029c   Section        0  libinit2.o(.ARM.Collect$$libinit$$0000001D)
    .ARM.Collect$$libinit$$0000001F          0x0102029c   Section        0  libinit2.o(.ARM.Collect$$libinit$$0000001F)
    .ARM.Collect$$libinit$$00000021          0x0102029c   Section        0  libinit2.o(.ARM.Collect$$libinit$$00000021)
    .ARM.Collect$$libinit$$00000023          0x0102029c   Section        0  libinit2.o(.ARM.Collect$$libinit$$00000023)
    .ARM.Collect$$libinit$$00000025          0x0102029c   Section        0  libinit2.o(.ARM.Collect$$libinit$$00000025)
    .ARM.Collect$$libinit$$00000027          0x0102029c   Section        0  libinit2.o(.ARM.Collect$$libinit$$00000027)
    .ARM.Collect$$libinit$$0000002E          0x0102029c   Section        0  libinit2.o(.ARM.Collect$$libinit$$0000002E)
    .ARM.Collect$$libinit$$00000030          0x0102029c   Section        0  libinit2.o(.ARM.Collect$$libinit$$00000030)
    .ARM.Collect$$libinit$$00000032          0x0102029c   Section        0  libinit2.o(.ARM.Collect$$libinit$$00000032)
    .ARM.Collect$$libinit$$00000034          0x0102029c   Section        0  libinit2.o(.ARM.Collect$$libinit$$00000034)
    .ARM.Collect$$libinit$$00000035          0x0102029c   Section        2  libinit2.o(.ARM.Collect$$libinit$$00000035)
    .ARM.Collect$$libshutdown$$00000000      0x0102029e   Section        2  libshutdown.o(.ARM.Collect$$libshutdown$$00000000)
    .ARM.Collect$$libshutdown$$00000002      0x010202a0   Section        0  libshutdown2.o(.ARM.Collect$$libshutdown$$00000002)
    .ARM.Collect$$libshutdown$$00000004      0x010202a0   Section        0  libshutdown2.o(.ARM.Collect$$libshutdown$$00000004)
    .ARM.Collect$$libshutdown$$00000007      0x010202a0   Section        0  libshutdown2.o(.ARM.Collect$$libshutdown$$00000007)
    .ARM.Collect$$libshutdown$$0000000A      0x010202a0   Section        0  libshutdown2.o(.ARM.Collect$$libshutdown$$0000000A)
    .ARM.Collect$$libshutdown$$0000000C      0x010202a0   Section        0  libshutdown2.o(.ARM.Collect$$libshutdown$$0000000C)
    .ARM.Collect$$libshutdown$$0000000F      0x010202a0   Section        0  libshutdown2.o(.ARM.Collect$$libshutdown$$0000000F)
    .ARM.Collect$$libshutdown$$00000010      0x010202a0   Section        2  libshutdown2.o(.ARM.Collect$$libshutdown$$00000010)
    .ARM.Collect$$rtentry$$00000000          0x010202a2   Section        0  __rtentry.o(.ARM.Collect$$rtentry$$00000000)
    .ARM.Collect$$rtentry$$00000002          0x010202a2   Section        0  __rtentry2.o(.ARM.Collect$$rtentry$$00000002)
    .ARM.Collect$$rtentry$$00000007          0x010202a2   Section        4  __rtentry7.o(.ARM.Collect$$rtentry$$00000007)
    .ARM.Collect$$rtentry$$00000009          0x010202a6   Section        0  __rtentry2.o(.ARM.Collect$$rtentry$$00000009)
    .ARM.Collect$$rtentry$$0000000A          0x010202a6   Section        4  __rtentry2.o(.ARM.Collect$$rtentry$$0000000A)
    .ARM.Collect$$rtentry$$0000000C          0x010202aa   Section        0  __rtentry2.o(.ARM.Collect$$rtentry$$0000000C)
    .ARM.Collect$$rtentry$$0000000D          0x010202aa   Section        8  __rtentry2.o(.ARM.Collect$$rtentry$$0000000D)
    __lit__00000000                          0x010202b4   Data           4  __rtentry7.o(.ARM.Collect$$rtentry$$00002718)
    .ARM.Collect$$rtentry$$00002718          0x010202b4   Section        4  __rtentry7.o(.ARM.Collect$$rtentry$$00002718)
    .ARM.Collect$$rtexit$$00000000           0x010202b8   Section        2  rtexit.o(.ARM.Collect$$rtexit$$00000000)
    .ARM.Collect$$rtexit$$00000002           0x010202ba   Section        0  rtexit2.o(.ARM.Collect$$rtexit$$00000002)
    .ARM.Collect$$rtexit$$00000003           0x010202ba   Section        4  rtexit2.o(.ARM.Collect$$rtexit$$00000003)
    .ARM.Collect$$rtexit$$00000004           0x010202be   Section        6  rtexit2.o(.ARM.Collect$$rtexit$$00000004)
    .text                                    0x010202c4   Section        0  exit.o(.text)
    .text                                    0x010202d6   Section        2  use_no_semi.o(.text)
    .text                                    0x010202d8   Section        0  indicate_semi.o(.text)
    .text                                    0x010202d8   Section        0  sys_exit.o(.text)
    [Anonymous Symbol]                       0x010202e8   Section        0  startup_sse310mps3.o(.text.BRIDGE_ERROR_Handler)
    [Anonymous Symbol]                       0x010202f0   Section        0  startup_sse310mps3.o(.text.BusFault_Handler)
    [Anonymous Symbol]                       0x010202f8   Section        0  startup_sse310mps3.o(.text.COMBINED_PPU_Handler)
    [Anonymous Symbol]                       0x01020300   Section        0  startup_sse310mps3.o(.text.CPU0_CTI_0_Handler)
    [Anonymous Symbol]                       0x01020308   Section        0  startup_sse310mps3.o(.text.CPU0_CTI_1_Handler)
    [Anonymous Symbol]                       0x01020310   Section        0  startup_sse310mps3.o(.text.DMA_Ch_0_Combined_Handler)
    [Anonymous Symbol]                       0x01020318   Section        0  startup_sse310mps3.o(.text.DMA_Ch_0_Error_Handler)
    [Anonymous Symbol]                       0x01020320   Section        0  startup_sse310mps3.o(.text.DMA_Ch_0_Terminal_Count_Handler)
    [Anonymous Symbol]                       0x01020328   Section        0  startup_sse310mps3.o(.text.DMA_Ch_1_Combined_Handler)
    [Anonymous Symbol]                       0x01020330   Section        0  startup_sse310mps3.o(.text.DMA_Ch_1_Error_Handler)
    [Anonymous Symbol]                       0x01020338   Section        0  startup_sse310mps3.o(.text.DMA_Ch_1_Terminal_Count_Handler)
    [Anonymous Symbol]                       0x01020340   Section        0  startup_sse310mps3.o(.text.DMA_Ch_2_Combined_Handler)
    [Anonymous Symbol]                       0x01020348   Section        0  startup_sse310mps3.o(.text.DMA_Ch_2_Error_Handler)
    [Anonymous Symbol]                       0x01020350   Section        0  startup_sse310mps3.o(.text.DMA_Ch_2_Terminal_Count_Handler)
    [Anonymous Symbol]                       0x01020358   Section        0  startup_sse310mps3.o(.text.DMA_Ch_3_Combined_Handler)
    [Anonymous Symbol]                       0x01020360   Section        0  startup_sse310mps3.o(.text.DMA_Ch_3_Error_Handler)
    [Anonymous Symbol]                       0x01020368   Section        0  startup_sse310mps3.o(.text.DMA_Ch_3_Terminal_Count_Handler)
    [Anonymous Symbol]                       0x01020370   Section        0  startup_sse310mps3.o(.text.DebugMon_Handler)
    [Anonymous Symbol]                       0x01020378   Section        0  startup_sse310mps3.o(.text.ETHERNET_Handler)
    [Anonymous Symbol]                       0x01020380   Section        0  startup_sse310mps3.o(.text.ETHOS_U55_Handler)
    [Anonymous Symbol]                       0x01020388   Section        0  startup_sse310mps3.o(.text.GPIO0_0_Handler)
    [Anonymous Symbol]                       0x01020390   Section        0  startup_sse310mps3.o(.text.GPIO0_10_Handler)
    [Anonymous Symbol]                       0x01020398   Section        0  startup_sse310mps3.o(.text.GPIO0_11_Handler)
    [Anonymous Symbol]                       0x010203a0   Section        0  startup_sse310mps3.o(.text.GPIO0_12_Handler)
    [Anonymous Symbol]                       0x010203a8   Section        0  startup_sse310mps3.o(.text.GPIO0_13_Handler)
    [Anonymous Symbol]                       0x010203b0   Section        0  startup_sse310mps3.o(.text.GPIO0_14_Handler)
    [Anonymous Symbol]                       0x010203b8   Section        0  startup_sse310mps3.o(.text.GPIO0_15_Handler)
    [Anonymous Symbol]                       0x010203c0   Section        0  startup_sse310mps3.o(.text.GPIO0_1_Handler)
    [Anonymous Symbol]                       0x010203c8   Section        0  startup_sse310mps3.o(.text.GPIO0_2_Handler)
    [Anonymous Symbol]                       0x010203d0   Section        0  startup_sse310mps3.o(.text.GPIO0_3_Handler)
    [Anonymous Symbol]                       0x010203d8   Section        0  startup_sse310mps3.o(.text.GPIO0_4_Handler)
    [Anonymous Symbol]                       0x010203e0   Section        0  startup_sse310mps3.o(.text.GPIO0_5_Handler)
    [Anonymous Symbol]                       0x010203e8   Section        0  startup_sse310mps3.o(.text.GPIO0_6_Handler)
    [Anonymous Symbol]                       0x010203f0   Section        0  startup_sse310mps3.o(.text.GPIO0_7_Handler)
    [Anonymous Symbol]                       0x010203f8   Section        0  startup_sse310mps3.o(.text.GPIO0_8_Handler)
    [Anonymous Symbol]                       0x01020400   Section        0  startup_sse310mps3.o(.text.GPIO0_9_Handler)
    [Anonymous Symbol]                       0x01020408   Section        0  startup_sse310mps3.o(.text.GPIO0_Combined_Handler)
    [Anonymous Symbol]                       0x01020410   Section        0  startup_sse310mps3.o(.text.GPIO1_0_Handler)
    [Anonymous Symbol]                       0x01020418   Section        0  startup_sse310mps3.o(.text.GPIO1_10_Handler)
    [Anonymous Symbol]                       0x01020420   Section        0  startup_sse310mps3.o(.text.GPIO1_11_Handler)
    [Anonymous Symbol]                       0x01020428   Section        0  startup_sse310mps3.o(.text.GPIO1_12_Handler)
    [Anonymous Symbol]                       0x01020430   Section        0  startup_sse310mps3.o(.text.GPIO1_13_Handler)
    [Anonymous Symbol]                       0x01020438   Section        0  startup_sse310mps3.o(.text.GPIO1_14_Handler)
    [Anonymous Symbol]                       0x01020440   Section        0  startup_sse310mps3.o(.text.GPIO1_15_Handler)
    [Anonymous Symbol]                       0x01020448   Section        0  startup_sse310mps3.o(.text.GPIO1_1_Handler)
    [Anonymous Symbol]                       0x01020450   Section        0  startup_sse310mps3.o(.text.GPIO1_2_Handler)
    [Anonymous Symbol]                       0x01020458   Section        0  startup_sse310mps3.o(.text.GPIO1_3_Handler)
    [Anonymous Symbol]                       0x01020460   Section        0  startup_sse310mps3.o(.text.GPIO1_4_Handler)
    [Anonymous Symbol]                       0x01020468   Section        0  startup_sse310mps3.o(.text.GPIO1_5_Handler)
    [Anonymous Symbol]                       0x01020470   Section        0  startup_sse310mps3.o(.text.GPIO1_6_Handler)
    [Anonymous Symbol]                       0x01020478   Section        0  startup_sse310mps3.o(.text.GPIO1_7_Handler)
    [Anonymous Symbol]                       0x01020480   Section        0  startup_sse310mps3.o(.text.GPIO1_8_Handler)
    [Anonymous Symbol]                       0x01020488   Section        0  startup_sse310mps3.o(.text.GPIO1_9_Handler)
    [Anonymous Symbol]                       0x01020490   Section        0  startup_sse310mps3.o(.text.GPIO1_Combined_Handler)
    [Anonymous Symbol]                       0x01020498   Section        0  startup_sse310mps3.o(.text.GPIO2_0_Handler)
    [Anonymous Symbol]                       0x010204a0   Section        0  startup_sse310mps3.o(.text.GPIO2_10_Handler)
    [Anonymous Symbol]                       0x010204a8   Section        0  startup_sse310mps3.o(.text.GPIO2_11_Handler)
    [Anonymous Symbol]                       0x010204b0   Section        0  startup_sse310mps3.o(.text.GPIO2_12_Handler)
    [Anonymous Symbol]                       0x010204b8   Section        0  startup_sse310mps3.o(.text.GPIO2_13_Handler)
    [Anonymous Symbol]                       0x010204c0   Section        0  startup_sse310mps3.o(.text.GPIO2_14_Handler)
    [Anonymous Symbol]                       0x010204c8   Section        0  startup_sse310mps3.o(.text.GPIO2_15_Handler)
    [Anonymous Symbol]                       0x010204d0   Section        0  startup_sse310mps3.o(.text.GPIO2_1_Handler)
    [Anonymous Symbol]                       0x010204d8   Section        0  startup_sse310mps3.o(.text.GPIO2_2_Handler)
    [Anonymous Symbol]                       0x010204e0   Section        0  startup_sse310mps3.o(.text.GPIO2_3_Handler)
    [Anonymous Symbol]                       0x010204e8   Section        0  startup_sse310mps3.o(.text.GPIO2_4_Handler)
    [Anonymous Symbol]                       0x010204f0   Section        0  startup_sse310mps3.o(.text.GPIO2_5_Handler)
    [Anonymous Symbol]                       0x010204f8   Section        0  startup_sse310mps3.o(.text.GPIO2_6_Handler)
    [Anonymous Symbol]                       0x01020500   Section        0  startup_sse310mps3.o(.text.GPIO2_7_Handler)
    [Anonymous Symbol]                       0x01020508   Section        0  startup_sse310mps3.o(.text.GPIO2_8_Handler)
    [Anonymous Symbol]                       0x01020510   Section        0  startup_sse310mps3.o(.text.GPIO2_9_Handler)
    [Anonymous Symbol]                       0x01020518   Section        0  startup_sse310mps3.o(.text.GPIO2_Combined_Handler)
    [Anonymous Symbol]                       0x01020520   Section        0  startup_sse310mps3.o(.text.GPIO3_0_Handler)
    [Anonymous Symbol]                       0x01020528   Section        0  startup_sse310mps3.o(.text.GPIO3_1_Handler)
    [Anonymous Symbol]                       0x01020530   Section        0  startup_sse310mps3.o(.text.GPIO3_2_Handler)
    [Anonymous Symbol]                       0x01020538   Section        0  startup_sse310mps3.o(.text.GPIO3_3_Handler)
    [Anonymous Symbol]                       0x01020540   Section        0  startup_sse310mps3.o(.text.GPIO3_Combined_Handler)
    [Anonymous Symbol]                       0x01020548   Section        0  startup_sse310mps3.o(.text.HardFault_Handler)
    [Anonymous Symbol]                       0x01020550   Section        0  startup_sse310mps3.o(.text.I2S_Handler)
    [Anonymous Symbol]                       0x01020558   Section        0  startup_sse310mps3.o(.text.MPC_Handler)
    [Anonymous Symbol]                       0x01020560   Section        0  startup_sse310mps3.o(.text.MSC_Handler)
    [Anonymous Symbol]                       0x01020568   Section        0  startup_sse310mps3.o(.text.MemManage_Handler)
    [Anonymous Symbol]                       0x01020570   Section        0  startup_sse310mps3.o(.text.NMI_Handler)
    [Anonymous Symbol]                       0x01020578   Section        0  startup_sse310mps3.o(.text.NONSEC_WATCHDOG_Handler)
    [Anonymous Symbol]                       0x01020580   Section        0  startup_sse310mps3.o(.text.NONSEC_WATCHDOG_RESET_REQ_Handler)
    [Anonymous Symbol]                       0x01020588   Section        0  startup_sse310mps3.o(.text.PPC_Handler)
    [Anonymous Symbol]                       0x01020590   Section        0  startup_sse310mps3.o(.text.PendSV_Handler)
    [Anonymous Symbol]                       0x01020598   Section        0  startup_sse310mps3.o(.text.Reset_Handler)
    [Anonymous Symbol]                       0x010205c0   Section        0  startup_sse310mps3.o(.text.SLOWCLK_Timer_Handler)
    [Anonymous Symbol]                       0x010205c8   Section        0  startup_sse310mps3.o(.text.SPI_ADC_Handler)
    [Anonymous Symbol]                       0x010205d0   Section        0  startup_sse310mps3.o(.text.SPI_SHIELD0_Handler)
    [Anonymous Symbol]                       0x010205d8   Section        0  startup_sse310mps3.o(.text.SPI_SHIELD1_Handler)
    [Anonymous Symbol]                       0x010205e0   Section        0  startup_sse310mps3.o(.text.SVC_Handler)
    [Anonymous Symbol]                       0x010205e8   Section        0  startup_sse310mps3.o(.text.SecureFault_Handler)
    [Anonymous Symbol]                       0x010205f0   Section        0  startup_sse310mps3.o(.text.SysTick_Handler)
    [Anonymous Symbol]                       0x010205f8   Section        0  system_sse310mps3.o(.text.SystemInit)
    [Anonymous Symbol]                       0x01020668   Section        0  startup_sse310mps3.o(.text.System_Timestamp_Counter_Handler)
    [Anonymous Symbol]                       0x01020670   Section        0  startup_sse310mps3.o(.text.TFM_TIMER0_IRQ_Handler)
    [Anonymous Symbol]                       0x01020678   Section        0  startup_sse310mps3.o(.text.TIMER1_Handler)
    [Anonymous Symbol]                       0x01020680   Section        0  startup_sse310mps3.o(.text.TIMER2_Handler)
    [Anonymous Symbol]                       0x01020688   Section        0  startup_sse310mps3.o(.text.TIMER3_AON_Handler)
    [Anonymous Symbol]                       0x01020690   Section        0  startup_sse310mps3.o(.text.TOUCH_SCREEN_Handler)
    [Anonymous Symbol]                       0x01020698   Section        0  startup_sse310mps3.o(.text.UART0_Combined_Handler)
    [Anonymous Symbol]                       0x010206a0   Section        0  startup_sse310mps3.o(.text.UART1_Combined_Handler)
    [Anonymous Symbol]                       0x010206a8   Section        0  startup_sse310mps3.o(.text.UART2_Combined_Handler)
    [Anonymous Symbol]                       0x010206b0   Section        0  startup_sse310mps3.o(.text.UART3_Combined_Handler)
    [Anonymous Symbol]                       0x010206b8   Section        0  startup_sse310mps3.o(.text.UART4_Combined_Handler)
    [Anonymous Symbol]                       0x010206c0   Section        0  startup_sse310mps3.o(.text.UART5_Combined_Handler)
    [Anonymous Symbol]                       0x010206c8   Section        0  startup_sse310mps3.o(.text.UARTOVF_Handler)
    [Anonymous Symbol]                       0x010206d0   Section        0  startup_sse310mps3.o(.text.UARTRX0_Handler)
    [Anonymous Symbol]                       0x010206d8   Section        0  startup_sse310mps3.o(.text.UARTRX1_Handler)
    [Anonymous Symbol]                       0x010206e0   Section        0  startup_sse310mps3.o(.text.UARTRX2_Handler)
    [Anonymous Symbol]                       0x010206e8   Section        0  startup_sse310mps3.o(.text.UARTRX3_Handler)
    [Anonymous Symbol]                       0x010206f0   Section        0  startup_sse310mps3.o(.text.UARTRX4_Handler)
    [Anonymous Symbol]                       0x010206f8   Section        0  startup_sse310mps3.o(.text.UARTRX5_Handler)
    [Anonymous Symbol]                       0x01020700   Section        0  startup_sse310mps3.o(.text.UARTTX0_Handler)
    [Anonymous Symbol]                       0x01020708   Section        0  startup_sse310mps3.o(.text.UARTTX1_Handler)
    [Anonymous Symbol]                       0x01020710   Section        0  startup_sse310mps3.o(.text.UARTTX2_Handler)
    [Anonymous Symbol]                       0x01020718   Section        0  startup_sse310mps3.o(.text.UARTTX3_Handler)
    [Anonymous Symbol]                       0x01020720   Section        0  startup_sse310mps3.o(.text.UARTTX4_Handler)
    [Anonymous Symbol]                       0x01020728   Section        0  startup_sse310mps3.o(.text.UARTTX5_Handler)
    [Anonymous Symbol]                       0x01020730   Section        0  startup_sse310mps3.o(.text.USB_Handler)
    [Anonymous Symbol]                       0x01020738   Section        0  startup_sse310mps3.o(.text.UsageFault_Handler)
    [Anonymous Symbol]                       0x01020740   Section        0  main_ns.o(.text.main)
    $v0                                      0x01020744   Number         0  fpinit.o(x$fpl$fpinit)
    x$fpl$fpinit                             0x01020744   Section       26  fpinit.o(x$fpl$fpinit)

    Global Symbols

    Symbol Name                              Value     Ov Type        Size  Object(Section)

    BuildAttributes$$THM_ISAv4$E$P$D$K$B$S$7EM$v8.1M$VFPi5$EXTD16$VFPS$VFMA$PE$A:L22UL41UL21$X:L11$S22US41US21$IEEE1$IW$USESV6$~STKCKD$USESV7$~SHL$OTIME$ROPI$UX$STANDARDLIB$REQ8$PRES8$EABIv2 0x00000000   Number         0  anon$$obj.o ABSOLUTE
    Image$$ZI$$Limit                          - Undefined Weak Reference
    __ARM_exceptions_init                     - Undefined Weak Reference
    __alloca_initialize                       - Undefined Weak Reference
    __arm_preinit_                            - Undefined Weak Reference
    __arm_relocate_pie_                       - Undefined Weak Reference
    __cpp_initialize__aeabi_                  - Undefined Weak Reference
    __cxa_finalize                            - Undefined Weak Reference
    __rt_locale                               - Undefined Weak Reference
    __sigvec_lookup                           - Undefined Weak Reference
    _atexit_init                              - Undefined Weak Reference
    _call_atexit_fns                          - Undefined Weak Reference
    _clock_init                               - Undefined Weak Reference
    _fp_trap_init                             - Undefined Weak Reference
    _fp_trap_shutdown                         - Undefined Weak Reference
    _get_lc_collate                           - Undefined Weak Reference
    _get_lc_ctype                             - Undefined Weak Reference
    _get_lc_monetary                          - Undefined Weak Reference
    _get_lc_numeric                           - Undefined Weak Reference
    _get_lc_time                              - Undefined Weak Reference
    _getenv_init                              - Undefined Weak Reference
    _handle_redirection                       - Undefined Weak Reference
    _init_alloc                               - Undefined Weak Reference
    _init_user_alloc                          - Undefined Weak Reference
    _initio                                   - Undefined Weak Reference
    _rand_init                                - Undefined Weak Reference
    _signal_finish                            - Undefined Weak Reference
    _signal_init                              - Undefined Weak Reference
    _terminate_alloc                          - Undefined Weak Reference
    _terminate_user_alloc                     - Undefined Weak Reference
    _terminateio                              - Undefined Weak Reference
    __Vectors                                0x01020000   Data         576  startup_sse310mps3.o(RESET)
    __main                                   0x01020241   Thumb Code     8  __main.o(!!!main)
    __scatterload                            0x01020249   Thumb Code     0  __scatter.o(!!!scatter)
    __scatterload_rt2                        0x01020249   Thumb Code    44  __scatter.o(!!!scatter)
    __scatterload_rt2_thumb_only             0x01020249   Thumb Code     0  __scatter.o(!!!scatter)
    __scatterload_null                       0x01020257   Thumb Code     0  __scatter.o(!!!scatter)
    __scatterload_copy                       0x0102027d   Thumb Code    26  __scatter_copy.o(!!handler_copy)
    __rt_lib_init                            0x01020297   Thumb Code     0  libinit.o(.ARM.Collect$$libinit$$00000000)
    __rt_lib_init_fp_1                       0x01020299   Thumb Code     0  libinit2.o(.ARM.Collect$$libinit$$00000001)
    __rt_lib_init_alloca_1                   0x0102029d   Thumb Code     0  libinit2.o(.ARM.Collect$$libinit$$00000030)
    __rt_lib_init_argv_1                     0x0102029d   Thumb Code     0  libinit2.o(.ARM.Collect$$libinit$$0000002E)
    __rt_lib_init_atexit_1                   0x0102029d   Thumb Code     0  libinit2.o(.ARM.Collect$$libinit$$0000001D)
    __rt_lib_init_clock_1                    0x0102029d   Thumb Code     0  libinit2.o(.ARM.Collect$$libinit$$00000023)
    __rt_lib_init_cpp_1                      0x0102029d   Thumb Code     0  libinit2.o(.ARM.Collect$$libinit$$00000034)
    __rt_lib_init_exceptions_1               0x0102029d   Thumb Code     0  libinit2.o(.ARM.Collect$$libinit$$00000032)
    __rt_lib_init_fp_trap_1                  0x0102029d   Thumb Code     0  libinit2.o(.ARM.Collect$$libinit$$00000021)
    __rt_lib_init_getenv_1                   0x0102029d   Thumb Code     0  libinit2.o(.ARM.Collect$$libinit$$00000025)
    __rt_lib_init_heap_1                     0x0102029d   Thumb Code     0  libinit2.o(.ARM.Collect$$libinit$$0000000C)
    __rt_lib_init_lc_collate_1               0x0102029d   Thumb Code     0  libinit2.o(.ARM.Collect$$libinit$$00000013)
    __rt_lib_init_lc_ctype_1                 0x0102029d   Thumb Code     0  libinit2.o(.ARM.Collect$$libinit$$00000015)
    __rt_lib_init_lc_monetary_1              0x0102029d   Thumb Code     0  libinit2.o(.ARM.Collect$$libinit$$00000017)
    __rt_lib_init_lc_numeric_1               0x0102029d   Thumb Code     0  libinit2.o(.ARM.Collect$$libinit$$00000019)
    __rt_lib_init_lc_time_1                  0x0102029d   Thumb Code     0  libinit2.o(.ARM.Collect$$libinit$$0000001B)
    __rt_lib_init_preinit_1                  0x0102029d   Thumb Code     0  libinit2.o(.ARM.Collect$$libinit$$00000006)
    __rt_lib_init_rand_1                     0x0102029d   Thumb Code     0  libinit2.o(.ARM.Collect$$libinit$$00000010)
    __rt_lib_init_relocate_pie_1             0x0102029d   Thumb Code     0  libinit2.o(.ARM.Collect$$libinit$$00000004)
    __rt_lib_init_return                     0x0102029d   Thumb Code     0  libinit2.o(.ARM.Collect$$libinit$$00000035)
    __rt_lib_init_signal_1                   0x0102029d   Thumb Code     0  libinit2.o(.ARM.Collect$$libinit$$0000001F)
    __rt_lib_init_stdio_1                    0x0102029d   Thumb Code     0  libinit2.o(.ARM.Collect$$libinit$$00000027)
    __rt_lib_init_user_alloc_1               0x0102029d   Thumb Code     0  libinit2.o(.ARM.Collect$$libinit$$0000000E)
    __rt_lib_shutdown                        0x0102029f   Thumb Code     0  libshutdown.o(.ARM.Collect$$libshutdown$$00000000)
    __rt_lib_shutdown_cpp_1                  0x010202a1   Thumb Code     0  libshutdown2.o(.ARM.Collect$$libshutdown$$00000002)
    __rt_lib_shutdown_fp_trap_1              0x010202a1   Thumb Code     0  libshutdown2.o(.ARM.Collect$$libshutdown$$00000007)
    __rt_lib_shutdown_heap_1                 0x010202a1   Thumb Code     0  libshutdown2.o(.ARM.Collect$$libshutdown$$0000000F)
    __rt_lib_shutdown_return                 0x010202a1   Thumb Code     0  libshutdown2.o(.ARM.Collect$$libshutdown$$00000010)
    __rt_lib_shutdown_signal_1               0x010202a1   Thumb Code     0  libshutdown2.o(.ARM.Collect$$libshutdown$$0000000A)
    __rt_lib_shutdown_stdio_1                0x010202a1   Thumb Code     0  libshutdown2.o(.ARM.Collect$$libshutdown$$00000004)
    __rt_lib_shutdown_user_alloc_1           0x010202a1   Thumb Code     0  libshutdown2.o(.ARM.Collect$$libshutdown$$0000000C)
    __rt_entry                               0x010202a3   Thumb Code     0  __rtentry.o(.ARM.Collect$$rtentry$$00000000)
    __rt_entry_presh_1                       0x010202a3   Thumb Code     0  __rtentry2.o(.ARM.Collect$$rtentry$$00000002)
    __rt_entry_sh                            0x010202a3   Thumb Code     0  __rtentry7.o(.ARM.Collect$$rtentry$$00000007)
    __rt_entry_li                            0x010202a7   Thumb Code     0  __rtentry2.o(.ARM.Collect$$rtentry$$0000000A)
    __rt_entry_postsh_1                      0x010202a7   Thumb Code     0  __rtentry2.o(.ARM.Collect$$rtentry$$00000009)
    __rt_entry_main                          0x010202ab   Thumb Code     0  __rtentry2.o(.ARM.Collect$$rtentry$$0000000D)
    __rt_entry_postli_1                      0x010202ab   Thumb Code     0  __rtentry2.o(.ARM.Collect$$rtentry$$0000000C)
    __rt_exit                                0x010202b9   Thumb Code     0  rtexit.o(.ARM.Collect$$rtexit$$00000000)
    __rt_exit_ls                             0x010202bb   Thumb Code     0  rtexit2.o(.ARM.Collect$$rtexit$$00000003)
    __rt_exit_prels_1                        0x010202bb   Thumb Code     0  rtexit2.o(.ARM.Collect$$rtexit$$00000002)
    __rt_exit_exit                           0x010202bf   Thumb Code     0  rtexit2.o(.ARM.Collect$$rtexit$$00000004)
    exit                                     0x010202c5   Thumb Code    18  exit.o(.text)
    __I$use$semihosting                      0x010202d7   Thumb Code     0  use_no_semi.o(.text)
    __use_no_semihosting_swi                 0x010202d7   Thumb Code     2  use_no_semi.o(.text)
    __semihosting_library_function           0x010202d9   Thumb Code     0  indicate_semi.o(.text)
    _sys_exit                                0x010202d9   Thumb Code     8  sys_exit.o(.text)
    BRIDGE_ERROR_Handler                     0x010202e9   Thumb Code     2  startup_sse310mps3.o(.text.BRIDGE_ERROR_Handler)
    BusFault_Handler                         0x010202f1   Thumb Code     2  startup_sse310mps3.o(.text.BusFault_Handler)
    COMBINED_PPU_Handler                     0x010202f9   Thumb Code     2  startup_sse310mps3.o(.text.COMBINED_PPU_Handler)
    CPU0_CTI_0_Handler                       0x01020301   Thumb Code     2  startup_sse310mps3.o(.text.CPU0_CTI_0_Handler)
    CPU0_CTI_1_Handler                       0x01020309   Thumb Code     2  startup_sse310mps3.o(.text.CPU0_CTI_1_Handler)
    DMA_Ch_0_Combined_Handler                0x01020311   Thumb Code     2  startup_sse310mps3.o(.text.DMA_Ch_0_Combined_Handler)
    DMA_Ch_0_Error_Handler                   0x01020319   Thumb Code     2  startup_sse310mps3.o(.text.DMA_Ch_0_Error_Handler)
    DMA_Ch_0_Terminal_Count_Handler          0x01020321   Thumb Code     2  startup_sse310mps3.o(.text.DMA_Ch_0_Terminal_Count_Handler)
    DMA_Ch_1_Combined_Handler                0x01020329   Thumb Code     2  startup_sse310mps3.o(.text.DMA_Ch_1_Combined_Handler)
    DMA_Ch_1_Error_Handler                   0x01020331   Thumb Code     2  startup_sse310mps3.o(.text.DMA_Ch_1_Error_Handler)
    DMA_Ch_1_Terminal_Count_Handler          0x01020339   Thumb Code     2  startup_sse310mps3.o(.text.DMA_Ch_1_Terminal_Count_Handler)
    DMA_Ch_2_Combined_Handler                0x01020341   Thumb Code     2  startup_sse310mps3.o(.text.DMA_Ch_2_Combined_Handler)
    DMA_Ch_2_Error_Handler                   0x01020349   Thumb Code     2  startup_sse310mps3.o(.text.DMA_Ch_2_Error_Handler)
    DMA_Ch_2_Terminal_Count_Handler          0x01020351   Thumb Code     2  startup_sse310mps3.o(.text.DMA_Ch_2_Terminal_Count_Handler)
    DMA_Ch_3_Combined_Handler                0x01020359   Thumb Code     2  startup_sse310mps3.o(.text.DMA_Ch_3_Combined_Handler)
    DMA_Ch_3_Error_Handler                   0x01020361   Thumb Code     2  startup_sse310mps3.o(.text.DMA_Ch_3_Error_Handler)
    DMA_Ch_3_Terminal_Count_Handler          0x01020369   Thumb Code     2  startup_sse310mps3.o(.text.DMA_Ch_3_Terminal_Count_Handler)
    DebugMon_Handler                         0x01020371   Thumb Code     2  startup_sse310mps3.o(.text.DebugMon_Handler)
    ETHERNET_Handler                         0x01020379   Thumb Code     2  startup_sse310mps3.o(.text.ETHERNET_Handler)
    ETHOS_U55_Handler                        0x01020381   Thumb Code     2  startup_sse310mps3.o(.text.ETHOS_U55_Handler)
    GPIO0_0_Handler                          0x01020389   Thumb Code     2  startup_sse310mps3.o(.text.GPIO0_0_Handler)
    GPIO0_10_Handler                         0x01020391   Thumb Code     2  startup_sse310mps3.o(.text.GPIO0_10_Handler)
    GPIO0_11_Handler                         0x01020399   Thumb Code     2  startup_sse310mps3.o(.text.GPIO0_11_Handler)
    GPIO0_12_Handler                         0x010203a1   Thumb Code     2  startup_sse310mps3.o(.text.GPIO0_12_Handler)
    GPIO0_13_Handler                         0x010203a9   Thumb Code     2  startup_sse310mps3.o(.text.GPIO0_13_Handler)
    GPIO0_14_Handler                         0x010203b1   Thumb Code     2  startup_sse310mps3.o(.text.GPIO0_14_Handler)
    GPIO0_15_Handler                         0x010203b9   Thumb Code     2  startup_sse310mps3.o(.text.GPIO0_15_Handler)
    GPIO0_1_Handler                          0x010203c1   Thumb Code     2  startup_sse310mps3.o(.text.GPIO0_1_Handler)
    GPIO0_2_Handler                          0x010203c9   Thumb Code     2  startup_sse310mps3.o(.text.GPIO0_2_Handler)
    GPIO0_3_Handler                          0x010203d1   Thumb Code     2  startup_sse310mps3.o(.text.GPIO0_3_Handler)
    GPIO0_4_Handler                          0x010203d9   Thumb Code     2  startup_sse310mps3.o(.text.GPIO0_4_Handler)
    GPIO0_5_Handler                          0x010203e1   Thumb Code     2  startup_sse310mps3.o(.text.GPIO0_5_Handler)
    GPIO0_6_Handler                          0x010203e9   Thumb Code     2  startup_sse310mps3.o(.text.GPIO0_6_Handler)
    GPIO0_7_Handler                          0x010203f1   Thumb Code     2  startup_sse310mps3.o(.text.GPIO0_7_Handler)
    GPIO0_8_Handler                          0x010203f9   Thumb Code     2  startup_sse310mps3.o(.text.GPIO0_8_Handler)
    GPIO0_9_Handler                          0x01020401   Thumb Code     2  startup_sse310mps3.o(.text.GPIO0_9_Handler)
    GPIO0_Combined_Handler                   0x01020409   Thumb Code     2  startup_sse310mps3.o(.text.GPIO0_Combined_Handler)
    GPIO1_0_Handler                          0x01020411   Thumb Code     2  startup_sse310mps3.o(.text.GPIO1_0_Handler)
    GPIO1_10_Handler                         0x01020419   Thumb Code     2  startup_sse310mps3.o(.text.GPIO1_10_Handler)
    GPIO1_11_Handler                         0x01020421   Thumb Code     2  startup_sse310mps3.o(.text.GPIO1_11_Handler)
    GPIO1_12_Handler                         0x01020429   Thumb Code     2  startup_sse310mps3.o(.text.GPIO1_12_Handler)
    GPIO1_13_Handler                         0x01020431   Thumb Code     2  startup_sse310mps3.o(.text.GPIO1_13_Handler)
    GPIO1_14_Handler                         0x01020439   Thumb Code     2  startup_sse310mps3.o(.text.GPIO1_14_Handler)
    GPIO1_15_Handler                         0x01020441   Thumb Code     2  startup_sse310mps3.o(.text.GPIO1_15_Handler)
    GPIO1_1_Handler                          0x01020449   Thumb Code     2  startup_sse310mps3.o(.text.GPIO1_1_Handler)
    GPIO1_2_Handler                          0x01020451   Thumb Code     2  startup_sse310mps3.o(.text.GPIO1_2_Handler)
    GPIO1_3_Handler                          0x01020459   Thumb Code     2  startup_sse310mps3.o(.text.GPIO1_3_Handler)
    GPIO1_4_Handler                          0x01020461   Thumb Code     2  startup_sse310mps3.o(.text.GPIO1_4_Handler)
    GPIO1_5_Handler                          0x01020469   Thumb Code     2  startup_sse310mps3.o(.text.GPIO1_5_Handler)
    GPIO1_6_Handler                          0x01020471   Thumb Code     2  startup_sse310mps3.o(.text.GPIO1_6_Handler)
    GPIO1_7_Handler                          0x01020479   Thumb Code     2  startup_sse310mps3.o(.text.GPIO1_7_Handler)
    GPIO1_8_Handler                          0x01020481   Thumb Code     2  startup_sse310mps3.o(.text.GPIO1_8_Handler)
    GPIO1_9_Handler                          0x01020489   Thumb Code     2  startup_sse310mps3.o(.text.GPIO1_9_Handler)
    GPIO1_Combined_Handler                   0x01020491   Thumb Code     2  startup_sse310mps3.o(.text.GPIO1_Combined_Handler)
    GPIO2_0_Handler                          0x01020499   Thumb Code     2  startup_sse310mps3.o(.text.GPIO2_0_Handler)
    GPIO2_10_Handler                         0x010204a1   Thumb Code     2  startup_sse310mps3.o(.text.GPIO2_10_Handler)
    GPIO2_11_Handler                         0x010204a9   Thumb Code     2  startup_sse310mps3.o(.text.GPIO2_11_Handler)
    GPIO2_12_Handler                         0x010204b1   Thumb Code     2  startup_sse310mps3.o(.text.GPIO2_12_Handler)
    GPIO2_13_Handler                         0x010204b9   Thumb Code     2  startup_sse310mps3.o(.text.GPIO2_13_Handler)
    GPIO2_14_Handler                         0x010204c1   Thumb Code     2  startup_sse310mps3.o(.text.GPIO2_14_Handler)
    GPIO2_15_Handler                         0x010204c9   Thumb Code     2  startup_sse310mps3.o(.text.GPIO2_15_Handler)
    GPIO2_1_Handler                          0x010204d1   Thumb Code     2  startup_sse310mps3.o(.text.GPIO2_1_Handler)
    GPIO2_2_Handler                          0x010204d9   Thumb Code     2  startup_sse310mps3.o(.text.GPIO2_2_Handler)
    GPIO2_3_Handler                          0x010204e1   Thumb Code     2  startup_sse310mps3.o(.text.GPIO2_3_Handler)
    GPIO2_4_Handler                          0x010204e9   Thumb Code     2  startup_sse310mps3.o(.text.GPIO2_4_Handler)
    GPIO2_5_Handler                          0x010204f1   Thumb Code     2  startup_sse310mps3.o(.text.GPIO2_5_Handler)
    GPIO2_6_Handler                          0x010204f9   Thumb Code     2  startup_sse310mps3.o(.text.GPIO2_6_Handler)
    GPIO2_7_Handler                          0x01020501   Thumb Code     2  startup_sse310mps3.o(.text.GPIO2_7_Handler)
    GPIO2_8_Handler                          0x01020509   Thumb Code     2  startup_sse310mps3.o(.text.GPIO2_8_Handler)
    GPIO2_9_Handler                          0x01020511   Thumb Code     2  startup_sse310mps3.o(.text.GPIO2_9_Handler)
    GPIO2_Combined_Handler                   0x01020519   Thumb Code     2  startup_sse310mps3.o(.text.GPIO2_Combined_Handler)
    GPIO3_0_Handler                          0x01020521   Thumb Code     2  startup_sse310mps3.o(.text.GPIO3_0_Handler)
    GPIO3_1_Handler                          0x01020529   Thumb Code     2  startup_sse310mps3.o(.text.GPIO3_1_Handler)
    GPIO3_2_Handler                          0x01020531   Thumb Code     2  startup_sse310mps3.o(.text.GPIO3_2_Handler)
    GPIO3_3_Handler                          0x01020539   Thumb Code     2  startup_sse310mps3.o(.text.GPIO3_3_Handler)
    GPIO3_Combined_Handler                   0x01020541   Thumb Code     2  startup_sse310mps3.o(.text.GPIO3_Combined_Handler)
    HardFault_Handler                        0x01020549   Thumb Code     2  startup_sse310mps3.o(.text.HardFault_Handler)
    I2S_Handler                              0x01020551   Thumb Code     2  startup_sse310mps3.o(.text.I2S_Handler)
    MPC_Handler                              0x01020559   Thumb Code     2  startup_sse310mps3.o(.text.MPC_Handler)
    MSC_Handler                              0x01020561   Thumb Code     2  startup_sse310mps3.o(.text.MSC_Handler)
    MemManage_Handler                        0x01020569   Thumb Code     2  startup_sse310mps3.o(.text.MemManage_Handler)
    NMI_Handler                              0x01020571   Thumb Code     2  startup_sse310mps3.o(.text.NMI_Handler)
    NONSEC_WATCHDOG_Handler                  0x01020579   Thumb Code     2  startup_sse310mps3.o(.text.NONSEC_WATCHDOG_Handler)
    NONSEC_WATCHDOG_RESET_REQ_Handler        0x01020581   Thumb Code     2  startup_sse310mps3.o(.text.NONSEC_WATCHDOG_RESET_REQ_Handler)
    PPC_Handler                              0x01020589   Thumb Code     2  startup_sse310mps3.o(.text.PPC_Handler)
    PendSV_Handler                           0x01020591   Thumb Code     2  startup_sse310mps3.o(.text.PendSV_Handler)
    Reset_Handler                            0x01020599   Thumb Code    36  startup_sse310mps3.o(.text.Reset_Handler)
    SLOWCLK_Timer_Handler                    0x010205c1   Thumb Code     2  startup_sse310mps3.o(.text.SLOWCLK_Timer_Handler)
    SPI_ADC_Handler                          0x010205c9   Thumb Code     2  startup_sse310mps3.o(.text.SPI_ADC_Handler)
    SPI_SHIELD0_Handler                      0x010205d1   Thumb Code     2  startup_sse310mps3.o(.text.SPI_SHIELD0_Handler)
    SPI_SHIELD1_Handler                      0x010205d9   Thumb Code     2  startup_sse310mps3.o(.text.SPI_SHIELD1_Handler)
    SVC_Handler                              0x010205e1   Thumb Code     2  startup_sse310mps3.o(.text.SVC_Handler)
    SecureFault_Handler                      0x010205e9   Thumb Code     2  startup_sse310mps3.o(.text.SecureFault_Handler)
    SysTick_Handler                          0x010205f1   Thumb Code     2  startup_sse310mps3.o(.text.SysTick_Handler)
    SystemInit                               0x010205f9   Thumb Code   110  system_sse310mps3.o(.text.SystemInit)
    System_Timestamp_Counter_Handler         0x01020669   Thumb Code     2  startup_sse310mps3.o(.text.System_Timestamp_Counter_Handler)
    TFM_TIMER0_IRQ_Handler                   0x01020671   Thumb Code     2  startup_sse310mps3.o(.text.TFM_TIMER0_IRQ_Handler)
    TIMER1_Handler                           0x01020679   Thumb Code     2  startup_sse310mps3.o(.text.TIMER1_Handler)
    TIMER2_Handler                           0x01020681   Thumb Code     2  startup_sse310mps3.o(.text.TIMER2_Handler)
    TIMER3_AON_Handler                       0x01020689   Thumb Code     2  startup_sse310mps3.o(.text.TIMER3_AON_Handler)
    TOUCH_SCREEN_Handler                     0x01020691   Thumb Code     2  startup_sse310mps3.o(.text.TOUCH_SCREEN_Handler)
    UART0_Combined_Handler                   0x01020699   Thumb Code     2  startup_sse310mps3.o(.text.UART0_Combined_Handler)
    UART1_Combined_Handler                   0x010206a1   Thumb Code     2  startup_sse310mps3.o(.text.UART1_Combined_Handler)
    UART2_Combined_Handler                   0x010206a9   Thumb Code     2  startup_sse310mps3.o(.text.UART2_Combined_Handler)
    UART3_Combined_Handler                   0x010206b1   Thumb Code     2  startup_sse310mps3.o(.text.UART3_Combined_Handler)
    UART4_Combined_Handler                   0x010206b9   Thumb Code     2  startup_sse310mps3.o(.text.UART4_Combined_Handler)
    UART5_Combined_Handler                   0x010206c1   Thumb Code     2  startup_sse310mps3.o(.text.UART5_Combined_Handler)
    UARTOVF_Handler                          0x010206c9   Thumb Code     2  startup_sse310mps3.o(.text.UARTOVF_Handler)
    UARTRX0_Handler                          0x010206d1   Thumb Code     2  startup_sse310mps3.o(.text.UARTRX0_Handler)
    UARTRX1_Handler                          0x010206d9   Thumb Code     2  startup_sse310mps3.o(.text.UARTRX1_Handler)
    UARTRX2_Handler                          0x010206e1   Thumb Code     2  startup_sse310mps3.o(.text.UARTRX2_Handler)
    UARTRX3_Handler                          0x010206e9   Thumb Code     2  startup_sse310mps3.o(.text.UARTRX3_Handler)
    UARTRX4_Handler                          0x010206f1   Thumb Code     2  startup_sse310mps3.o(.text.UARTRX4_Handler)
    UARTRX5_Handler                          0x010206f9   Thumb Code     2  startup_sse310mps3.o(.text.UARTRX5_Handler)
    UARTTX0_Handler                          0x01020701   Thumb Code     2  startup_sse310mps3.o(.text.UARTTX0_Handler)
    UARTTX1_Handler                          0x01020709   Thumb Code     2  startup_sse310mps3.o(.text.UARTTX1_Handler)
    UARTTX2_Handler                          0x01020711   Thumb Code     2  startup_sse310mps3.o(.text.UARTTX2_Handler)
    UARTTX3_Handler                          0x01020719   Thumb Code     2  startup_sse310mps3.o(.text.UARTTX3_Handler)
    UARTTX4_Handler                          0x01020721   Thumb Code     2  startup_sse310mps3.o(.text.UARTTX4_Handler)
    UARTTX5_Handler                          0x01020729   Thumb Code     2  startup_sse310mps3.o(.text.UARTTX5_Handler)
    USB_Handler                              0x01020731   Thumb Code     2  startup_sse310mps3.o(.text.USB_Handler)
    UsageFault_Handler                       0x01020739   Thumb Code     2  startup_sse310mps3.o(.text.UsageFault_Handler)
    main                                     0x01020741   Thumb Code     4  main_ns.o(.text.main)
    _fp_init                                 0x01020745   Thumb Code    26  fpinit.o(x$fpl$fpinit)
    __fplib_config_fpu_vfp                   0x0102075d   Thumb Code     0  fpinit.o(x$fpl$fpinit)
    __fplib_config_pureend_doubles           0x0102075d   Thumb Code     0  fpinit.o(x$fpl$fpinit)
    Region$$Table$$Base                      0x01020760   Number         0  anon$$obj.o(Region$$Table)
    Region$$Table$$Limit                     0x01020770   Number         0  anon$$obj.o(Region$$Table)
    PeripheralClock                          0x21040000   Data           4  system_sse310mps3.o(.data.PeripheralClock)
    SystemCoreClock                          0x21040004   Data           4  system_sse310mps3.o(.data.SystemCoreClock)
    Image$$ARM_LIB_HEAP$$ZI$$Base            0x21040008   Number         0  anon$$obj.o ABSOLUTE
    Image$$ARM_LIB_HEAP$$ZI$$Limit           0x21040408   Number         0  anon$$obj.o ABSOLUTE
    Image$$ARM_LIB_STACK$$ZI$$Base           0x21040420   Number         0  anon$$obj.o ABSOLUTE
    Image$$ARM_LIB_STACK$$ZI$$Limit          0x21040818   Number         0  anon$$obj.o ABSOLUTE



==============================================================================

Memory Map of the image

  Image Entry point : 0x01020241

  Load Region LR_CODE (Base: 0x01020000, Size: 0x00000780, Max: 0xffffffff, ABSOLUTE)

    Execution Region ER_CODE (Exec base: 0x01020000, Load base: 0x01020000, Size: 0x00000770, Max: 0xffffffff, ABSOLUTE)

    Exec Addr    Load Addr    Size         Type   Attr      Idx    E Section Name        Object

    0x01020000   0x01020000   0x00000240   Data   RO          418    RESET               startup_sse310mps3.o
    0x01020240   0x01020240   0x00000008   Code   RO          703  * !!!main             c_w.l(__main.o)
    0x01020248   0x01020248   0x00000034   Code   RO          881    !!!scatter          c_w.l(__scatter.o)
    0x0102027c   0x0102027c   0x0000001a   Code   RO          883    !!handler_copy      c_w.l(__scatter_copy.o)
    0x01020296   0x01020296   0x00000002   Code   RO          735    .ARM.Collect$$libinit$$00000000  c_w.l(libinit.o)
    0x01020298   0x01020298   0x00000004   Code   RO          745    .ARM.Collect$$libinit$$00000001  c_w.l(libinit2.o)
    0x0102029c   0x0102029c   0x00000000   Code   RO          748    .ARM.Collect$$libinit$$00000004  c_w.l(libinit2.o)
    0x0102029c   0x0102029c   0x00000000   Code   RO          750    .ARM.Collect$$libinit$$00000006  c_w.l(libinit2.o)
    0x0102029c   0x0102029c   0x00000000   Code   RO          753    .ARM.Collect$$libinit$$0000000C  c_w.l(libinit2.o)
    0x0102029c   0x0102029c   0x00000000   Code   RO          755    .ARM.Collect$$libinit$$0000000E  c_w.l(libinit2.o)
    0x0102029c   0x0102029c   0x00000000   Code   RO          757    .ARM.Collect$$libinit$$00000010  c_w.l(libinit2.o)
    0x0102029c   0x0102029c   0x00000000   Code   RO          760    .ARM.Collect$$libinit$$00000013  c_w.l(libinit2.o)
    0x0102029c   0x0102029c   0x00000000   Code   RO          762    .ARM.Collect$$libinit$$00000015  c_w.l(libinit2.o)
    0x0102029c   0x0102029c   0x00000000   Code   RO          764    .ARM.Collect$$libinit$$00000017  c_w.l(libinit2.o)
    0x0102029c   0x0102029c   0x00000000   Code   RO          766    .ARM.Collect$$libinit$$00000019  c_w.l(libinit2.o)
    0x0102029c   0x0102029c   0x00000000   Code   RO          768    .ARM.Collect$$libinit$$0000001B  c_w.l(libinit2.o)
    0x0102029c   0x0102029c   0x00000000   Code   RO          770    .ARM.Collect$$libinit$$0000001D  c_w.l(libinit2.o)
    0x0102029c   0x0102029c   0x00000000   Code   RO          772    .ARM.Collect$$libinit$$0000001F  c_w.l(libinit2.o)
    0x0102029c   0x0102029c   0x00000000   Code   RO          774    .ARM.Collect$$libinit$$00000021  c_w.l(libinit2.o)
    0x0102029c   0x0102029c   0x00000000   Code   RO          776    .ARM.Collect$$libinit$$00000023  c_w.l(libinit2.o)
    0x0102029c   0x0102029c   0x00000000   Code   RO          778    .ARM.Collect$$libinit$$00000025  c_w.l(libinit2.o)
    0x0102029c   0x0102029c   0x00000000   Code   RO          780    .ARM.Collect$$libinit$$00000027  c_w.l(libinit2.o)
    0x0102029c   0x0102029c   0x00000000   Code   RO          784    .ARM.Collect$$libinit$$0000002E  c_w.l(libinit2.o)
    0x0102029c   0x0102029c   0x00000000   Code   RO          786    .ARM.Collect$$libinit$$00000030  c_w.l(libinit2.o)
    0x0102029c   0x0102029c   0x00000000   Code   RO          788    .ARM.Collect$$libinit$$00000032  c_w.l(libinit2.o)
    0x0102029c   0x0102029c   0x00000000   Code   RO          790    .ARM.Collect$$libinit$$00000034  c_w.l(libinit2.o)
    0x0102029c   0x0102029c   0x00000002   Code   RO          791    .ARM.Collect$$libinit$$00000035  c_w.l(libinit2.o)
    0x0102029e   0x0102029e   0x00000002   Code   RO          820    .ARM.Collect$$libshutdown$$00000000  c_w.l(libshutdown.o)
    0x010202a0   0x010202a0   0x00000000   Code   RO          832    .ARM.Collect$$libshutdown$$00000002  c_w.l(libshutdown2.o)
    0x010202a0   0x010202a0   0x00000000   Code   RO          834    .ARM.Collect$$libshutdown$$00000004  c_w.l(libshutdown2.o)
    0x010202a0   0x010202a0   0x00000000   Code   RO          837    .ARM.Collect$$libshutdown$$00000007  c_w.l(libshutdown2.o)
    0x010202a0   0x010202a0   0x00000000   Code   RO          840    .ARM.Collect$$libshutdown$$0000000A  c_w.l(libshutdown2.o)
    0x010202a0   0x010202a0   0x00000000   Code   RO          842    .ARM.Collect$$libshutdown$$0000000C  c_w.l(libshutdown2.o)
    0x010202a0   0x010202a0   0x00000000   Code   RO          845    .ARM.Collect$$libshutdown$$0000000F  c_w.l(libshutdown2.o)
    0x010202a0   0x010202a0   0x00000002   Code   RO          846    .ARM.Collect$$libshutdown$$00000010  c_w.l(libshutdown2.o)
    0x010202a2   0x010202a2   0x00000000   Code   RO          705    .ARM.Collect$$rtentry$$00000000  c_w.l(__rtentry.o)
    0x010202a2   0x010202a2   0x00000000   Code   RO          707    .ARM.Collect$$rtentry$$00000002  c_w.l(__rtentry2.o)
    0x010202a2   0x010202a2   0x00000004   Code   RO          721    .ARM.Collect$$rtentry$$00000007  c_w.l(__rtentry7.o)
    0x010202a6   0x010202a6   0x00000000   Code   RO          709    .ARM.Collect$$rtentry$$00000009  c_w.l(__rtentry2.o)
    0x010202a6   0x010202a6   0x00000004   Code   RO          710    .ARM.Collect$$rtentry$$0000000A  c_w.l(__rtentry2.o)
    0x010202aa   0x010202aa   0x00000000   Code   RO          712    .ARM.Collect$$rtentry$$0000000C  c_w.l(__rtentry2.o)
    0x010202aa   0x010202aa   0x00000008   Code   RO          713    .ARM.Collect$$rtentry$$0000000D  c_w.l(__rtentry2.o)
    0x010202b2   0x010202b2   0x00000002   PAD
    0x010202b4   0x010202b4   0x00000004   Code   RO          722    .ARM.Collect$$rtentry$$00002718  c_w.l(__rtentry7.o)
    0x010202b8   0x010202b8   0x00000002   Code   RO          743    .ARM.Collect$$rtexit$$00000000  c_w.l(rtexit.o)
    0x010202ba   0x010202ba   0x00000000   Code   RO          800    .ARM.Collect$$rtexit$$00000002  c_w.l(rtexit2.o)
    0x010202ba   0x010202ba   0x00000004   Code   RO          801    .ARM.Collect$$rtexit$$00000003  c_w.l(rtexit2.o)
    0x010202be   0x010202be   0x00000006   Code   RO          802    .ARM.Collect$$rtexit$$00000004  c_w.l(rtexit2.o)
    0x010202c4   0x010202c4   0x00000012   Code   RO          728    .text               c_w.l(exit.o)
    0x010202d6   0x010202d6   0x00000002   Code   RO          796    .text               c_w.l(use_no_semi.o)
    0x010202d8   0x010202d8   0x00000000   Code   RO          798    .text               c_w.l(indicate_semi.o)
    0x010202d8   0x010202d8   0x0000000c   Code   RO          810    .text               c_w.l(sys_exit.o)
    0x010202e4   0x010202e4   0x00000004   PAD
    0x010202e8   0x010202e8   0x00000002   Code   RO          212    .text.BRIDGE_ERROR_Handler  startup_sse310mps3.o
    0x010202ea   0x010202ea   0x00000006   PAD
    0x010202f0   0x010202f0   0x00000002   Code   RO          180    .text.BusFault_Handler  startup_sse310mps3.o
    0x010202f2   0x010202f2   0x00000006   PAD
    0x010202f8   0x010202f8   0x00000002   Code   RO          214    .text.COMBINED_PPU_Handler  startup_sse310mps3.o
    0x010202fa   0x010202fa   0x00000006   PAD
    0x01020300   0x01020300   0x00000002   Code   RO          220    .text.CPU0_CTI_0_Handler  startup_sse310mps3.o
    0x01020302   0x01020302   0x00000006   PAD
    0x01020308   0x01020308   0x00000002   Code   RO          222    .text.CPU0_CTI_1_Handler  startup_sse310mps3.o
    0x0102030a   0x0102030a   0x00000006   PAD
    0x01020310   0x01020310   0x00000002   Code   RO          276    .text.DMA_Ch_0_Combined_Handler  startup_sse310mps3.o
    0x01020312   0x01020312   0x00000006   PAD
    0x01020318   0x01020318   0x00000002   Code   RO          272    .text.DMA_Ch_0_Error_Handler  startup_sse310mps3.o
    0x0102031a   0x0102031a   0x00000006   PAD
    0x01020320   0x01020320   0x00000002   Code   RO          274    .text.DMA_Ch_0_Terminal_Count_Handler  startup_sse310mps3.o
    0x01020322   0x01020322   0x00000006   PAD
    0x01020328   0x01020328   0x00000002   Code   RO          282    .text.DMA_Ch_1_Combined_Handler  startup_sse310mps3.o
    0x0102032a   0x0102032a   0x00000006   PAD
    0x01020330   0x01020330   0x00000002   Code   RO          278    .text.DMA_Ch_1_Error_Handler  startup_sse310mps3.o
    0x01020332   0x01020332   0x00000006   PAD
    0x01020338   0x01020338   0x00000002   Code   RO          280    .text.DMA_Ch_1_Terminal_Count_Handler  startup_sse310mps3.o
    0x0102033a   0x0102033a   0x00000006   PAD
    0x01020340   0x01020340   0x00000002   Code   RO          288    .text.DMA_Ch_2_Combined_Handler  startup_sse310mps3.o
    0x01020342   0x01020342   0x00000006   PAD
    0x01020348   0x01020348   0x00000002   Code   RO          284    .text.DMA_Ch_2_Error_Handler  startup_sse310mps3.o
    0x0102034a   0x0102034a   0x00000006   PAD
    0x01020350   0x01020350   0x00000002   Code   RO          286    .text.DMA_Ch_2_Terminal_Count_Handler  startup_sse310mps3.o
    0x01020352   0x01020352   0x00000006   PAD
    0x01020358   0x01020358   0x00000002   Code   RO          294    .text.DMA_Ch_3_Combined_Handler  startup_sse310mps3.o
    0x0102035a   0x0102035a   0x00000006   PAD
    0x01020360   0x01020360   0x00000002   Code   RO          290    .text.DMA_Ch_3_Error_Handler  startup_sse310mps3.o
    0x01020362   0x01020362   0x00000006   PAD
    0x01020368   0x01020368   0x00000002   Code   RO          292    .text.DMA_Ch_3_Terminal_Count_Handler  startup_sse310mps3.o
    0x0102036a   0x0102036a   0x00000006   PAD
    0x01020370   0x01020370   0x00000002   Code   RO          188    .text.DebugMon_Handler  startup_sse310mps3.o
    0x01020372   0x01020372   0x00000006   PAD
    0x01020378   0x01020378   0x00000002   Code   RO          258    .text.ETHERNET_Handler  startup_sse310mps3.o
    0x0102037a   0x0102037a   0x00000006   PAD
    0x01020380   0x01020380   0x00000002   Code   RO          296    .text.ETHOS_U55_Handler  startup_sse310mps3.o
    0x01020382   0x01020382   0x00000006   PAD
    0x01020388   0x01020388   0x00000002   Code   RO          306    .text.GPIO0_0_Handler  startup_sse310mps3.o
    0x0102038a   0x0102038a   0x00000006   PAD
    0x01020390   0x01020390   0x00000002   Code   RO          326    .text.GPIO0_10_Handler  startup_sse310mps3.o
    0x01020392   0x01020392   0x00000006   PAD
    0x01020398   0x01020398   0x00000002   Code   RO          328    .text.GPIO0_11_Handler  startup_sse310mps3.o
    0x0102039a   0x0102039a   0x00000006   PAD
    0x010203a0   0x010203a0   0x00000002   Code   RO          330    .text.GPIO0_12_Handler  startup_sse310mps3.o
    0x010203a2   0x010203a2   0x00000006   PAD
    0x010203a8   0x010203a8   0x00000002   Code   RO          332    .text.GPIO0_13_Handler  startup_sse310mps3.o
    0x010203aa   0x010203aa   0x00000006   PAD
    0x010203b0   0x010203b0   0x00000002   Code   RO          334    .text.GPIO0_14_Handler  startup_sse310mps3.o
    0x010203b2   0x010203b2   0x00000006   PAD
    0x010203b8   0x010203b8   0x00000002   Code   RO          336    .text.GPIO0_15_Handler  startup_sse310mps3.o
    0x010203ba   0x010203ba   0x00000006   PAD
    0x010203c0   0x010203c0   0x00000002   Code   RO          308    .text.GPIO0_1_Handler  startup_sse310mps3.o
    0x010203c2   0x010203c2   0x00000006   PAD
    0x010203c8   0x010203c8   0x00000002   Code   RO          310    .text.GPIO0_2_Handler  startup_sse310mps3.o
    0x010203ca   0x010203ca   0x00000006   PAD
    0x010203d0   0x010203d0   0x00000002   Code   RO          312    .text.GPIO0_3_Handler  startup_sse310mps3.o
    0x010203d2   0x010203d2   0x00000006   PAD
    0x010203d8   0x010203d8   0x00000002   Code   RO          314    .text.GPIO0_4_Handler  startup_sse310mps3.o
    0x010203da   0x010203da   0x00000006   PAD
    0x010203e0   0x010203e0   0x00000002   Code   RO          316    .text.GPIO0_5_Handler  startup_sse310mps3.o
    0x010203e2   0x010203e2   0x00000006   PAD
    0x010203e8   0x010203e8   0x00000002   Code   RO          318    .text.GPIO0_6_Handler  startup_sse310mps3.o
    0x010203ea   0x010203ea   0x00000006   PAD
    0x010203f0   0x010203f0   0x00000002   Code   RO          320    .text.GPIO0_7_Handler  startup_sse310mps3.o
    0x010203f2   0x010203f2   0x00000006   PAD
    0x010203f8   0x010203f8   0x00000002   Code   RO          322    .text.GPIO0_8_Handler  startup_sse310mps3.o
    0x010203fa   0x010203fa   0x00000006   PAD
    0x01020400   0x01020400   0x00000002   Code   RO          324    .text.GPIO0_9_Handler  startup_sse310mps3.o
    0x01020402   0x01020402   0x00000006   PAD
    0x01020408   0x01020408   0x00000002   Code   RO          298    .text.GPIO0_Combined_Handler  startup_sse310mps3.o
    0x0102040a   0x0102040a   0x00000006   PAD
    0x01020410   0x01020410   0x00000002   Code   RO          338    .text.GPIO1_0_Handler  startup_sse310mps3.o
    0x01020412   0x01020412   0x00000006   PAD
    0x01020418   0x01020418   0x00000002   Code   RO          358    .text.GPIO1_10_Handler  startup_sse310mps3.o
    0x0102041a   0x0102041a   0x00000006   PAD
    0x01020420   0x01020420   0x00000002   Code   RO          360    .text.GPIO1_11_Handler  startup_sse310mps3.o
    0x01020422   0x01020422   0x00000006   PAD
    0x01020428   0x01020428   0x00000002   Code   RO          362    .text.GPIO1_12_Handler  startup_sse310mps3.o
    0x0102042a   0x0102042a   0x00000006   PAD
    0x01020430   0x01020430   0x00000002   Code   RO          364    .text.GPIO1_13_Handler  startup_sse310mps3.o
    0x01020432   0x01020432   0x00000006   PAD
    0x01020438   0x01020438   0x00000002   Code   RO          366    .text.GPIO1_14_Handler  startup_sse310mps3.o
    0x0102043a   0x0102043a   0x00000006   PAD
    0x01020440   0x01020440   0x00000002   Code   RO          368    .text.GPIO1_15_Handler  startup_sse310mps3.o
    0x01020442   0x01020442   0x00000006   PAD
    0x01020448   0x01020448   0x00000002   Code   RO          340    .text.GPIO1_1_Handler  startup_sse310mps3.o
    0x0102044a   0x0102044a   0x00000006   PAD
    0x01020450   0x01020450   0x00000002   Code   RO          342    .text.GPIO1_2_Handler  startup_sse310mps3.o
    0x01020452   0x01020452   0x00000006   PAD
    0x01020458   0x01020458   0x00000002   Code   RO          344    .text.GPIO1_3_Handler  startup_sse310mps3.o
    0x0102045a   0x0102045a   0x00000006   PAD
    0x01020460   0x01020460   0x00000002   Code   RO          346    .text.GPIO1_4_Handler  startup_sse310mps3.o
    0x01020462   0x01020462   0x00000006   PAD
    0x01020468   0x01020468   0x00000002   Code   RO          348    .text.GPIO1_5_Handler  startup_sse310mps3.o
    0x0102046a   0x0102046a   0x00000006   PAD
    0x01020470   0x01020470   0x00000002   Code   RO          350    .text.GPIO1_6_Handler  startup_sse310mps3.o
    0x01020472   0x01020472   0x00000006   PAD
    0x01020478   0x01020478   0x00000002   Code   RO          352    .text.GPIO1_7_Handler  startup_sse310mps3.o
    0x0102047a   0x0102047a   0x00000006   PAD
    0x01020480   0x01020480   0x00000002   Code   RO          354    .text.GPIO1_8_Handler  startup_sse310mps3.o
    0x01020482   0x01020482   0x00000006   PAD
    0x01020488   0x01020488   0x00000002   Code   RO          356    .text.GPIO1_9_Handler  startup_sse310mps3.o
    0x0102048a   0x0102048a   0x00000006   PAD
    0x01020490   0x01020490   0x00000002   Code   RO          300    .text.GPIO1_Combined_Handler  startup_sse310mps3.o
    0x01020492   0x01020492   0x00000006   PAD
    0x01020498   0x01020498   0x00000002   Code   RO          370    .text.GPIO2_0_Handler  startup_sse310mps3.o
    0x0102049a   0x0102049a   0x00000006   PAD
    0x010204a0   0x010204a0   0x00000002   Code   RO          390    .text.GPIO2_10_Handler  startup_sse310mps3.o
    0x010204a2   0x010204a2   0x00000006   PAD
    0x010204a8   0x010204a8   0x00000002   Code   RO          392    .text.GPIO2_11_Handler  startup_sse310mps3.o
    0x010204aa   0x010204aa   0x00000006   PAD
    0x010204b0   0x010204b0   0x00000002   Code   RO          394    .text.GPIO2_12_Handler  startup_sse310mps3.o
    0x010204b2   0x010204b2   0x00000006   PAD
    0x010204b8   0x010204b8   0x00000002   Code   RO          396    .text.GPIO2_13_Handler  startup_sse310mps3.o
    0x010204ba   0x010204ba   0x00000006   PAD
    0x010204c0   0x010204c0   0x00000002   Code   RO          398    .text.GPIO2_14_Handler  startup_sse310mps3.o
    0x010204c2   0x010204c2   0x00000006   PAD
    0x010204c8   0x010204c8   0x00000002   Code   RO          400    .text.GPIO2_15_Handler  startup_sse310mps3.o
    0x010204ca   0x010204ca   0x00000006   PAD
    0x010204d0   0x010204d0   0x00000002   Code   RO          372    .text.GPIO2_1_Handler  startup_sse310mps3.o
    0x010204d2   0x010204d2   0x00000006   PAD
    0x010204d8   0x010204d8   0x00000002   Code   RO          374    .text.GPIO2_2_Handler  startup_sse310mps3.o
    0x010204da   0x010204da   0x00000006   PAD
    0x010204e0   0x010204e0   0x00000002   Code   RO          376    .text.GPIO2_3_Handler  startup_sse310mps3.o
    0x010204e2   0x010204e2   0x00000006   PAD
    0x010204e8   0x010204e8   0x00000002   Code   RO          378    .text.GPIO2_4_Handler  startup_sse310mps3.o
    0x010204ea   0x010204ea   0x00000006   PAD
    0x010204f0   0x010204f0   0x00000002   Code   RO          380    .text.GPIO2_5_Handler  startup_sse310mps3.o
    0x010204f2   0x010204f2   0x00000006   PAD
    0x010204f8   0x010204f8   0x00000002   Code   RO          382    .text.GPIO2_6_Handler  startup_sse310mps3.o
    0x010204fa   0x010204fa   0x00000006   PAD
    0x01020500   0x01020500   0x00000002   Code   RO          384    .text.GPIO2_7_Handler  startup_sse310mps3.o
    0x01020502   0x01020502   0x00000006   PAD
    0x01020508   0x01020508   0x00000002   Code   RO          386    .text.GPIO2_8_Handler  startup_sse310mps3.o
    0x0102050a   0x0102050a   0x00000006   PAD
    0x01020510   0x01020510   0x00000002   Code   RO          388    .text.GPIO2_9_Handler  startup_sse310mps3.o
    0x01020512   0x01020512   0x00000006   PAD
    0x01020518   0x01020518   0x00000002   Code   RO          302    .text.GPIO2_Combined_Handler  startup_sse310mps3.o
    0x0102051a   0x0102051a   0x00000006   PAD
    0x01020520   0x01020520   0x00000002   Code   RO          402    .text.GPIO3_0_Handler  startup_sse310mps3.o
    0x01020522   0x01020522   0x00000006   PAD
    0x01020528   0x01020528   0x00000002   Code   RO          404    .text.GPIO3_1_Handler  startup_sse310mps3.o
    0x0102052a   0x0102052a   0x00000006   PAD
    0x01020530   0x01020530   0x00000002   Code   RO          406    .text.GPIO3_2_Handler  startup_sse310mps3.o
    0x01020532   0x01020532   0x00000006   PAD
    0x01020538   0x01020538   0x00000002   Code   RO          408    .text.GPIO3_3_Handler  startup_sse310mps3.o
    0x0102053a   0x0102053a   0x00000006   PAD
    0x01020540   0x01020540   0x00000002   Code   RO          304    .text.GPIO3_Combined_Handler  startup_sse310mps3.o
    0x01020542   0x01020542   0x00000006   PAD
    0x01020548   0x01020548   0x00000002   Code   RO          176    .text.HardFault_Handler  startup_sse310mps3.o
    0x0102054a   0x0102054a   0x00000006   PAD
    0x01020550   0x01020550   0x00000002   Code   RO          260    .text.I2S_Handler   startup_sse310mps3.o
    0x01020552   0x01020552   0x00000006   PAD
    0x01020558   0x01020558   0x00000002   Code   RO          206    .text.MPC_Handler   startup_sse310mps3.o
    0x0102055a   0x0102055a   0x00000006   PAD
    0x01020560   0x01020560   0x00000002   Code   RO          210    .text.MSC_Handler   startup_sse310mps3.o
    0x01020562   0x01020562   0x00000006   PAD
    0x01020568   0x01020568   0x00000002   Code   RO          178    .text.MemManage_Handler  startup_sse310mps3.o
    0x0102056a   0x0102056a   0x00000006   PAD
    0x01020570   0x01020570   0x00000002   Code   RO          174    .text.NMI_Handler   startup_sse310mps3.o
    0x01020572   0x01020572   0x00000006   PAD
    0x01020578   0x01020578   0x00000002   Code   RO          196    .text.NONSEC_WATCHDOG_Handler  startup_sse310mps3.o
    0x0102057a   0x0102057a   0x00000006   PAD
    0x01020580   0x01020580   0x00000002   Code   RO          194    .text.NONSEC_WATCHDOG_RESET_REQ_Handler  startup_sse310mps3.o
    0x01020582   0x01020582   0x00000006   PAD
    0x01020588   0x01020588   0x00000002   Code   RO          208    .text.PPC_Handler   startup_sse310mps3.o
    0x0102058a   0x0102058a   0x00000006   PAD
    0x01020590   0x01020590   0x00000002   Code   RO          190    .text.PendSV_Handler  startup_sse310mps3.o
    0x01020592   0x01020592   0x00000006   PAD
    0x01020598   0x01020598   0x00000024   Code   RO          416    .text.Reset_Handler  startup_sse310mps3.o
    0x010205bc   0x010205bc   0x00000004   PAD
    0x010205c0   0x010205c0   0x00000002   Code   RO          198    .text.SLOWCLK_Timer_Handler  startup_sse310mps3.o
    0x010205c2   0x010205c2   0x00000006   PAD
    0x010205c8   0x010205c8   0x00000002   Code   RO          266    .text.SPI_ADC_Handler  startup_sse310mps3.o
    0x010205ca   0x010205ca   0x00000006   PAD
    0x010205d0   0x010205d0   0x00000002   Code   RO          268    .text.SPI_SHIELD0_Handler  startup_sse310mps3.o
    0x010205d2   0x010205d2   0x00000006   PAD
    0x010205d8   0x010205d8   0x00000002   Code   RO          270    .text.SPI_SHIELD1_Handler  startup_sse310mps3.o
    0x010205da   0x010205da   0x00000006   PAD
    0x010205e0   0x010205e0   0x00000002   Code   RO          186    .text.SVC_Handler   startup_sse310mps3.o
    0x010205e2   0x010205e2   0x00000006   PAD
    0x010205e8   0x010205e8   0x00000002   Code   RO          184    .text.SecureFault_Handler  startup_sse310mps3.o
    0x010205ea   0x010205ea   0x00000006   PAD
    0x010205f0   0x010205f0   0x00000002   Code   RO          192    .text.SysTick_Handler  startup_sse310mps3.o
    0x010205f2   0x010205f2   0x00000006   PAD
    0x010205f8   0x010205f8   0x0000006e   Code   RO          429    .text.SystemInit    system_sse310mps3.o
    0x01020666   0x01020666   0x00000002   PAD
    0x01020668   0x01020668   0x00000002   Code   RO          224    .text.System_Timestamp_Counter_Handler  startup_sse310mps3.o
    0x0102066a   0x0102066a   0x00000006   PAD
    0x01020670   0x01020670   0x00000002   Code   RO          200    .text.TFM_TIMER0_IRQ_Handler  startup_sse310mps3.o
    0x01020672   0x01020672   0x00000006   PAD
    0x01020678   0x01020678   0x00000002   Code   RO          202    .text.TIMER1_Handler  startup_sse310mps3.o
    0x0102067a   0x0102067a   0x00000006   PAD
    0x01020680   0x01020680   0x00000002   Code   RO          204    .text.TIMER2_Handler  startup_sse310mps3.o
    0x01020682   0x01020682   0x00000006   PAD
    0x01020688   0x01020688   0x00000002   Code   RO          218    .text.TIMER3_AON_Handler  startup_sse310mps3.o
    0x0102068a   0x0102068a   0x00000006   PAD
    0x01020690   0x01020690   0x00000002   Code   RO          262    .text.TOUCH_SCREEN_Handler  startup_sse310mps3.o
    0x01020692   0x01020692   0x00000006   PAD
    0x01020698   0x01020698   0x00000002   Code   RO          246    .text.UART0_Combined_Handler  startup_sse310mps3.o
    0x0102069a   0x0102069a   0x00000006   PAD
    0x010206a0   0x010206a0   0x00000002   Code   RO          248    .text.UART1_Combined_Handler  startup_sse310mps3.o
    0x010206a2   0x010206a2   0x00000006   PAD
    0x010206a8   0x010206a8   0x00000002   Code   RO          250    .text.UART2_Combined_Handler  startup_sse310mps3.o
    0x010206aa   0x010206aa   0x00000006   PAD
    0x010206b0   0x010206b0   0x00000002   Code   RO          252    .text.UART3_Combined_Handler  startup_sse310mps3.o
    0x010206b2   0x010206b2   0x00000006   PAD
    0x010206b8   0x010206b8   0x00000002   Code   RO          254    .text.UART4_Combined_Handler  startup_sse310mps3.o
    0x010206ba   0x010206ba   0x00000006   PAD
    0x010206c0   0x010206c0   0x00000002   Code   RO          414    .text.UART5_Combined_Handler  startup_sse310mps3.o
    0x010206c2   0x010206c2   0x00000006   PAD
    0x010206c8   0x010206c8   0x00000002   Code   RO          256    .text.UARTOVF_Handler  startup_sse310mps3.o
    0x010206ca   0x010206ca   0x00000006   PAD
    0x010206d0   0x010206d0   0x00000002   Code   RO          226    .text.UARTRX0_Handler  startup_sse310mps3.o
    0x010206d2   0x010206d2   0x00000006   PAD
    0x010206d8   0x010206d8   0x00000002   Code   RO          230    .text.UARTRX1_Handler  startup_sse310mps3.o
    0x010206da   0x010206da   0x00000006   PAD
    0x010206e0   0x010206e0   0x00000002   Code   RO          234    .text.UARTRX2_Handler  startup_sse310mps3.o
    0x010206e2   0x010206e2   0x00000006   PAD
    0x010206e8   0x010206e8   0x00000002   Code   RO          238    .text.UARTRX3_Handler  startup_sse310mps3.o
    0x010206ea   0x010206ea   0x00000006   PAD
    0x010206f0   0x010206f0   0x00000002   Code   RO          242    .text.UARTRX4_Handler  startup_sse310mps3.o
    0x010206f2   0x010206f2   0x00000006   PAD
    0x010206f8   0x010206f8   0x00000002   Code   RO          410    .text.UARTRX5_Handler  startup_sse310mps3.o
    0x010206fa   0x010206fa   0x00000006   PAD
    0x01020700   0x01020700   0x00000002   Code   RO          228    .text.UARTTX0_Handler  startup_sse310mps3.o
    0x01020702   0x01020702   0x00000006   PAD
    0x01020708   0x01020708   0x00000002   Code   RO          232    .text.UARTTX1_Handler  startup_sse310mps3.o
    0x0102070a   0x0102070a   0x00000006   PAD
    0x01020710   0x01020710   0x00000002   Code   RO          236    .text.UARTTX2_Handler  startup_sse310mps3.o
    0x01020712   0x01020712   0x00000006   PAD
    0x01020718   0x01020718   0x00000002   Code   RO          240    .text.UARTTX3_Handler  startup_sse310mps3.o
    0x0102071a   0x0102071a   0x00000006   PAD
    0x01020720   0x01020720   0x00000002   Code   RO          244    .text.UARTTX4_Handler  startup_sse310mps3.o
    0x01020722   0x01020722   0x00000006   PAD
    0x01020728   0x01020728   0x00000002   Code   RO          412    .text.UARTTX5_Handler  startup_sse310mps3.o
    0x0102072a   0x0102072a   0x00000006   PAD
    0x01020730   0x01020730   0x00000002   Code   RO          264    .text.USB_Handler   startup_sse310mps3.o
    0x01020732   0x01020732   0x00000006   PAD
    0x01020738   0x01020738   0x00000002   Code   RO          182    .text.UsageFault_Handler  startup_sse310mps3.o
    0x0102073a   0x0102073a   0x00000006   PAD
    0x01020740   0x01020740   0x00000004   Code   RO            7    .text.main          main_ns.o
    0x01020744   0x01020744   0x0000001a   Code   RO          808    x$fpl$fpinit        fz_wm.l(fpinit.o)
    0x0102075e   0x0102075e   0x00000002   PAD
    0x01020760   0x01020760   0x00000010   Data   RO          880    Region$$Table       anon$$obj.o


    Execution Region CODE_WATERMARK (Exec base: 0x01020770, Load base: 0x01020770, Size: 0x00000000, Max: 0x00000000, ABSOLUTE)

    Exec Addr    Load Addr    Size         Type   Attr      Idx    E Section Name        Object

    0x01020770        -       0x00000000   Zero   RW            1    CODE_WATERMARK.bss  anon$$obj.o


    Execution Region ER_DATA (Exec base: 0x21040000, Load base: 0x01020770, Size: 0x00000008, Max: 0xffffffff, ABSOLUTE)

    Exec Addr    Load Addr    Size         Type   Attr      Idx    E Section Name        Object

    0x21040000   0x01020770   0x00000004   Data   RW          432    .data.PeripheralClock  system_sse310mps3.o
    0x21040004   0x01020774   0x00000004   Data   RW          431    .data.SystemCoreClock  system_sse310mps3.o


    Execution Region ARM_LIB_HEAP (Exec base: 0x21040008, Load base: 0x01020778, Size: 0x00000400, Max: 0x00000400, ABSOLUTE)

    Exec Addr    Load Addr    Size         Type   Attr      Idx    E Section Name        Object

    0x21040008        -       0x00000400   Zero   RW            2    ARM_LIB_HEAP.bss    anon$$obj.o


    Execution Region ARM_LIB_STACK (Exec base: 0x21040420, Load base: 0x01020780, Size: 0x000003f8, Max: 0x000003f8, ABSOLUTE)

    Exec Addr    Load Addr    Size         Type   Attr      Idx    E Section Name        Object

    0x21040420        -       0x000003f8   Zero   RW            3    ARM_LIB_STACK.bss   anon$$obj.o


    Execution Region STACKSEAL (Exec base: 0x21040818, Load base: 0x01020780, Size: 0x00000008, Max: 0x00000008, ABSOLUTE)

    Exec Addr    Load Addr    Size         Type   Attr      Idx    E Section Name        Object

    0x21040818        -       0x00000008   Zero   RW            4    STACKSEAL.bss       anon$$obj.o


    Execution Region SRAM_WATERMARK (Exec base: 0x21040820, Load base: 0x01020780, Size: 0x00000000, Max: 0x00000000, ABSOLUTE)

    Exec Addr    Load Addr    Size         Type   Attr      Idx    E Section Name        Object

    0x21040820        -       0x00000000   Zero   RW            5    SRAM_WATERMARK.bss  anon$$obj.o


==============================================================================

Image component sizes


      Code (inc. data)   RO Data    RW Data    ZI Data      Debug   Object Name

         4          0          0          0          0        438   main_ns.o
       276          0        576          0          0      11309   startup_sse310mps3.o
       110          0          0          8          0       2353   system_sse310mps3.o

    ----------------------------------------------------------------------
      1116          0        592          8       2048      14100   Object Totals
         0          0         16          0       2048          0   (incl. Generated)
       726          0          0          0          0          0   (incl. Padding)

    ----------------------------------------------------------------------

      Code (inc. data)   RO Data    RW Data    ZI Data      Debug   Library Member Name

         8          0          0          0          0         68   __main.o
         0          0          0          0          0          0   __rtentry.o
        12          0          0          0          0          0   __rtentry2.o
         8          4          0          0          0          0   __rtentry7.o
        52          8          0          0          0          0   __scatter.o
        26          0          0          0          0          0   __scatter_copy.o
        18          0          0          0          0         80   exit.o
         0          0          0          0          0          0   indicate_semi.o
         2          0          0          0          0          0   libinit.o
         6          0          0          0          0          0   libinit2.o
         2          0          0          0          0          0   libshutdown.o
         2          0          0          0          0          0   libshutdown2.o
         2          0          0          0          0          0   rtexit.o
        10          0          0          0          0          0   rtexit2.o
        12          4          0          0          0         68   sys_exit.o
         2          0          0          0          0         68   use_no_semi.o
        26          0          0          0          0        116   fpinit.o

    ----------------------------------------------------------------------
       196         20          0          0          0        400   Library Totals
         8          4          0          0          0          0   (incl. Padding)

    ----------------------------------------------------------------------

      Code (inc. data)   RO Data    RW Data    ZI Data      Debug   Library Name

       162         16          0          0          0        284   c_w.l
        26          0          0          0          0        116   fz_wm.l

    ----------------------------------------------------------------------
       196         20          0          0          0        400   Library Totals

    ----------------------------------------------------------------------

==============================================================================


      Code (inc. data)   RO Data    RW Data    ZI Data      Debug   

      1312         20        592          8       2048      14492   Grand Totals
      1312         20        592          8       2048      14492   ELF Image Totals
      1312         20        592          8          0          0   ROM Totals

==============================================================================

    Total RO  Size (Code + RO Data)                 1904 (   1.86kB)
    Total RW  Size (RW Data + ZI Data)              2056 (   2.01kB)
    Total ROM Size (Code + RO Data + RW Data)       1912 (   1.87kB)

==============================================================================

