Component: Arm Compiler for Embedded 6.18 Tool: armlink [5e4cc100]

==============================================================================

Section Cross References

    main.o(.ARM.exidx.text.main) refers to main.o(.text.main) for [Anonymous Symbol]
    driver_mpc.o(.text.ARM_MPC_GetVersion) refers to driver_mpc.o(.rodata.DriverVersion) for DriverVersion
    driver_mpc.o(.ARM.exidx.text.ARM_MPC_GetVersion) refers to driver_mpc.o(.text.ARM_MPC_GetVersion) for [Anonymous Symbol]
    driver_mpc.o(.text.Driver_SRAM_MPC_Initialize) refers to device_definition.o(.data.MPC_SRAM_DEV_S) for MPC_SRAM_DEV_S
    driver_mpc.o(.text.Driver_SRAM_MPC_Initialize) refers to mpc_sie_drv.o(.text.mpc_sie_init) for mpc_sie_init
    driver_mpc.o(.text.Driver_SRAM_MPC_Initialize) refers to driver_mpc.o(.text.mpc_sie_error_trans) for mpc_sie_error_trans
    driver_mpc.o(.ARM.exidx.text.Driver_SRAM_MPC_Initialize) refers to driver_mpc.o(.text.Driver_SRAM_MPC_Initialize) for [Anonymous Symbol]
    driver_mpc.o(.ARM.exidx.text.Driver_SRAM_MPC_Uninitialize) refers to driver_mpc.o(.text.Driver_SRAM_MPC_Uninitialize) for [Anonymous Symbol]
    driver_mpc.o(.text.Driver_SRAM_MPC_GetBlockSize) refers to device_definition.o(.data.MPC_SRAM_DEV_S) for MPC_SRAM_DEV_S
    driver_mpc.o(.text.Driver_SRAM_MPC_GetBlockSize) refers to mpc_sie_drv.o(.text.mpc_sie_get_block_size) for mpc_sie_get_block_size
    driver_mpc.o(.text.Driver_SRAM_MPC_GetBlockSize) refers to driver_mpc.o(.text.mpc_sie_error_trans) for mpc_sie_error_trans
    driver_mpc.o(.ARM.exidx.text.Driver_SRAM_MPC_GetBlockSize) refers to driver_mpc.o(.text.Driver_SRAM_MPC_GetBlockSize) for [Anonymous Symbol]
    driver_mpc.o(.text.Driver_SRAM_MPC_GetCtrlConfig) refers to device_definition.o(.data.MPC_SRAM_DEV_S) for MPC_SRAM_DEV_S
    driver_mpc.o(.text.Driver_SRAM_MPC_GetCtrlConfig) refers to mpc_sie_drv.o(.text.mpc_sie_get_ctrl) for mpc_sie_get_ctrl
    driver_mpc.o(.text.Driver_SRAM_MPC_GetCtrlConfig) refers to driver_mpc.o(.text.mpc_sie_error_trans) for mpc_sie_error_trans
    driver_mpc.o(.ARM.exidx.text.Driver_SRAM_MPC_GetCtrlConfig) refers to driver_mpc.o(.text.Driver_SRAM_MPC_GetCtrlConfig) for [Anonymous Symbol]
    driver_mpc.o(.text.Driver_SRAM_MPC_SetCtrlConfig) refers to device_definition.o(.data.MPC_SRAM_DEV_S) for MPC_SRAM_DEV_S
    driver_mpc.o(.text.Driver_SRAM_MPC_SetCtrlConfig) refers to mpc_sie_drv.o(.text.mpc_sie_set_ctrl) for mpc_sie_set_ctrl
    driver_mpc.o(.text.Driver_SRAM_MPC_SetCtrlConfig) refers to driver_mpc.o(.text.mpc_sie_error_trans) for mpc_sie_error_trans
    driver_mpc.o(.ARM.exidx.text.Driver_SRAM_MPC_SetCtrlConfig) refers to driver_mpc.o(.text.Driver_SRAM_MPC_SetCtrlConfig) for [Anonymous Symbol]
    driver_mpc.o(.text.Driver_SRAM_MPC_ConfigRegion) refers to device_definition.o(.data.MPC_SRAM_DEV_S) for MPC_SRAM_DEV_S
    driver_mpc.o(.text.Driver_SRAM_MPC_ConfigRegion) refers to mpc_sie_drv.o(.text.mpc_sie_config_region) for mpc_sie_config_region
    driver_mpc.o(.text.Driver_SRAM_MPC_ConfigRegion) refers to driver_mpc.o(.text.mpc_sie_error_trans) for mpc_sie_error_trans
    driver_mpc.o(.ARM.exidx.text.Driver_SRAM_MPC_ConfigRegion) refers to driver_mpc.o(.text.Driver_SRAM_MPC_ConfigRegion) for [Anonymous Symbol]
    driver_mpc.o(.text.Driver_SRAM_MPC_GetRegionConfig) refers to device_definition.o(.data.MPC_SRAM_DEV_S) for MPC_SRAM_DEV_S
    driver_mpc.o(.text.Driver_SRAM_MPC_GetRegionConfig) refers to mpc_sie_drv.o(.text.mpc_sie_get_region_config) for mpc_sie_get_region_config
    driver_mpc.o(.text.Driver_SRAM_MPC_GetRegionConfig) refers to driver_mpc.o(.text.mpc_sie_error_trans) for mpc_sie_error_trans
    driver_mpc.o(.ARM.exidx.text.Driver_SRAM_MPC_GetRegionConfig) refers to driver_mpc.o(.text.Driver_SRAM_MPC_GetRegionConfig) for [Anonymous Symbol]
    driver_mpc.o(.text.Driver_SRAM_MPC_EnableInterrupt) refers to device_definition.o(.data.MPC_SRAM_DEV_S) for MPC_SRAM_DEV_S
    driver_mpc.o(.text.Driver_SRAM_MPC_EnableInterrupt) refers to mpc_sie_drv.o(.text.mpc_sie_irq_enable) for mpc_sie_irq_enable
    driver_mpc.o(.text.Driver_SRAM_MPC_EnableInterrupt) refers to driver_mpc.o(.text.mpc_sie_error_trans) for mpc_sie_error_trans
    driver_mpc.o(.ARM.exidx.text.Driver_SRAM_MPC_EnableInterrupt) refers to driver_mpc.o(.text.Driver_SRAM_MPC_EnableInterrupt) for [Anonymous Symbol]
    driver_mpc.o(.text.Driver_SRAM_MPC_DisableInterrupt) refers to device_definition.o(.data.MPC_SRAM_DEV_S) for MPC_SRAM_DEV_S
    driver_mpc.o(.text.Driver_SRAM_MPC_DisableInterrupt) refers to mpc_sie_drv.o(.text.mpc_sie_irq_disable) for mpc_sie_irq_disable
    driver_mpc.o(.ARM.exidx.text.Driver_SRAM_MPC_DisableInterrupt) refers to driver_mpc.o(.text.Driver_SRAM_MPC_DisableInterrupt) for [Anonymous Symbol]
    driver_mpc.o(.text.Driver_SRAM_MPC_ClearInterrupt) refers to device_definition.o(.data.MPC_SRAM_DEV_S) for MPC_SRAM_DEV_S
    driver_mpc.o(.text.Driver_SRAM_MPC_ClearInterrupt) refers to mpc_sie_drv.o(.text.mpc_sie_clear_irq) for mpc_sie_clear_irq
[...]
    Removing startup_sse310mps3.o(.ARM.exidx.text.GPIO2_8_Handler), (8 bytes).
    Removing startup_sse310mps3.o(.ARM.exidx.text.GPIO2_9_Handler), (8 bytes).
    Removing startup_sse310mps3.o(.ARM.exidx.text.GPIO2_10_Handler), (8 bytes).
    Removing startup_sse310mps3.o(.ARM.exidx.text.GPIO2_11_Handler), (8 bytes).
    Removing startup_sse310mps3.o(.ARM.exidx.text.GPIO2_12_Handler), (8 bytes).
    Removing startup_sse310mps3.o(.ARM.exidx.text.GPIO2_13_Handler), (8 bytes).
    Removing startup_sse310mps3.o(.ARM.exidx.text.GPIO2_14_Handler), (8 bytes).
    Removing startup_sse310mps3.o(.ARM.exidx.text.GPIO2_15_Handler), (8 bytes).
    Removing startup_sse310mps3.o(.ARM.exidx.text.GPIO3_0_Handler), (8 bytes).
    Removing startup_sse310mps3.o(.ARM.exidx.text.GPIO3_1_Handler), (8 bytes).
    Removing startup_sse310mps3.o(.ARM.exidx.text.GPIO3_2_Handler), (8 bytes).
    Removing startup_sse310mps3.o(.ARM.exidx.text.GPIO3_3_Handler), (8 bytes).
    Removing startup_sse310mps3.o(.ARM.exidx.text.UARTRX5_Handler), (8 bytes).
    Removing startup_sse310mps3.o(.ARM.exidx.text.UARTTX5_Handler), (8 bytes).
    Removing startup_sse310mps3.o(.ARM.exidx.text.UART5_Combined_Handler), (8 bytes).
    Removing startup_sse310mps3.o(.ARM.exidx.text.Reset_Handler), (8 bytes).
    Removing system_sse310mps3.o(.text), (0 bytes).
    Removing system_sse310mps3.o(.text.SystemCoreClockUpdate), (34 bytes).
    Removing system_sse310mps3.o(.ARM.exidx.text.SystemCoreClockUpdate), (8 bytes).
    Removing system_sse310mps3.o(.ARM.exidx.text.SystemInit), (8 bytes).
    Removing emulated_flash_drv.o(.text), (0 bytes).
    Removing emulated_flash_drv.o(.text.emulated_flash_read_data), (146 bytes).
    Removing emulated_flash_drv.o(.ARM.exidx.text.emulated_flash_read_data), (8 bytes).
    Removing emulated_flash_drv.o(.text.is_range_valid), (54 bytes).
    Removing emulated_flash_drv.o(.ARM.exidx.text.is_range_valid), (8 bytes).
    Removing emulated_flash_drv.o(.text.is_secure_alias_needed), (24 bytes).
    Removing emulated_flash_drv.o(.ARM.exidx.text.is_secure_alias_needed), (8 bytes).
    Removing emulated_flash_drv.o(.text.emulated_flash_program_data), (204 bytes).
    Removing emulated_flash_drv.o(.ARM.exidx.text.emulated_flash_program_data), (8 bytes).
    Removing emulated_flash_drv.o(.text.is_write_aligned), (48 bytes).
    Removing emulated_flash_drv.o(.ARM.exidx.text.is_write_aligned), (8 bytes).
    Removing emulated_flash_drv.o(.text.is_flash_ready_to_write), (64 bytes).
    Removing emulated_flash_drv.o(.ARM.exidx.text.is_flash_ready_to_write), (8 bytes).
    Removing emulated_flash_drv.o(.text.emulated_flash_erase_sector), (158 bytes).
    Removing emulated_flash_drv.o(.ARM.exidx.text.emulated_flash_erase_sector), (8 bytes).
    Removing emulated_flash_drv.o(.text.is_sector_aligned), (48 bytes).
    Removing emulated_flash_drv.o(.ARM.exidx.text.is_sector_aligned), (8 bytes).
    Removing emulated_flash_drv.o(.text.emulated_flash_erase_chip), (134 bytes).
    Removing emulated_flash_drv.o(.ARM.exidx.text.emulated_flash_erase_chip), (8 bytes).
    Removing emulated_flash_drv.o(.text.emulated_flash_get_info), (16 bytes).
    Removing emulated_flash_drv.o(.ARM.exidx.text.emulated_flash_get_info), (8 bytes).
    Removing mpc_sie_drv.o(.text), (0 bytes).
    Removing mpc_sie_drv.o(.text.mpc_sie_init), (94 bytes).
    Removing mpc_sie_drv.o(.ARM.exidx.text.mpc_sie_init), (8 bytes).
    Removing mpc_sie_drv.o(.text.get_sie_version), (28 bytes).
    Removing mpc_sie_drv.o(.ARM.exidx.text.get_sie_version), (8 bytes).
    Removing mpc_sie_drv.o(.text.mpc_sie_get_block_size), (82 bytes).
    Removing mpc_sie_drv.o(.ARM.exidx.text.mpc_sie_get_block_size), (8 bytes).
    Removing mpc_sie_drv.o(.text.mpc_sie_config_region), (444 bytes).
    Removing mpc_sie_drv.o(.ARM.exidx.text.mpc_sie_config_region), (8 bytes).
    Removing mpc_sie_drv.o(.text.get_lut_masks), (406 bytes).
    Removing mpc_sie_drv.o(.ARM.exidx.text.get_lut_masks), (8 bytes).
    Removing mpc_sie_drv.o(.text.mpc_sie_get_region_config), (588 bytes).
    Removing mpc_sie_drv.o(.ARM.exidx.text.mpc_sie_get_region_config), (8 bytes).
    Removing mpc_sie_drv.o(.text.mpc_sie_get_ctrl), (76 bytes).
    Removing mpc_sie_drv.o(.ARM.exidx.text.mpc_sie_get_ctrl), (8 bytes).
    Removing mpc_sie_drv.o(.text.mpc_sie_set_ctrl), (60 bytes).
    Removing mpc_sie_drv.o(.ARM.exidx.text.mpc_sie_set_ctrl), (8 bytes).
    Removing mpc_sie_drv.o(.text.mpc_sie_get_sec_resp), (214 bytes).
    Removing mpc_sie_drv.o(.ARM.exidx.text.mpc_sie_get_sec_resp), (8 bytes).
    Removing mpc_sie_drv.o(.text.mpc_sie_is_gating_present), (86 bytes).
    Removing mpc_sie_drv.o(.ARM.exidx.text.mpc_sie_is_gating_present), (8 bytes).
    Removing mpc_sie_drv.o(.text.mpc_sie_set_sec_resp), (252 bytes).
    Removing mpc_sie_drv.o(.ARM.exidx.text.mpc_sie_set_sec_resp), (8 bytes).
    Removing mpc_sie_drv.o(.text.mpc_sie_irq_enable), (62 bytes).
    Removing mpc_sie_drv.o(.ARM.exidx.text.mpc_sie_irq_enable), (8 bytes).
    Removing mpc_sie_drv.o(.text.mpc_sie_irq_disable), (30 bytes).
    Removing mpc_sie_drv.o(.ARM.exidx.text.mpc_sie_irq_disable), (8 bytes).
    Removing mpc_sie_drv.o(.text.mpc_sie_clear_irq), (26 bytes).
    Removing mpc_sie_drv.o(.ARM.exidx.text.mpc_sie_clear_irq), (8 bytes).
    Removing mpc_sie_drv.o(.text.mpc_sie_irq_state), (28 bytes).
    Removing mpc_sie_drv.o(.ARM.exidx.text.mpc_sie_irq_state), (8 bytes).
    Removing mpc_sie_drv.o(.text.mpc_sie_lock_down), (68 bytes).
    Removing mpc_sie_drv.o(.ARM.exidx.text.mpc_sie_lock_down), (8 bytes).
    Removing mpc_sie_drv.o(.text.mpc_sie_get_gate_ack), (28 bytes).
    Removing mpc_sie_drv.o(.ARM.exidx.text.mpc_sie_get_gate_ack), (8 bytes).
    Removing mpc_sie_drv.o(.text.mpc_sie_request_gating), (30 bytes).
    Removing mpc_sie_drv.o(.ARM.exidx.text.mpc_sie_request_gating), (8 bytes).
    Removing mpc_sie_drv.o(.text.mpc_sie_release_gating), (30 bytes).
    Removing mpc_sie_drv.o(.ARM.exidx.text.mpc_sie_release_gating), (8 bytes).
    Removing mpc_sie_drv.o(.text.is_ctrl_by_range_list), (104 bytes).
    Removing mpc_sie_drv.o(.ARM.exidx.text.is_ctrl_by_range_list), (8 bytes).
    Removing ppc_corstone310_drv.o(.text), (0 bytes).
    Removing ppc_corstone310_drv.o(.text.ppc_corstone310_init), (602 bytes).
    Removing ppc_corstone310_drv.o(.ARM.exidx.text.ppc_corstone310_init), (8 bytes).
    Removing ppc_corstone310_drv.o(.text.ppc_corstone310_config_privilege), (114 bytes).
    Removing ppc_corstone310_drv.o(.ARM.exidx.text.ppc_corstone310_config_privilege), (8 bytes).
    Removing ppc_corstone310_drv.o(.text.ppc_corstone310_is_periph_priv_only), (60 bytes).
    Removing ppc_corstone310_drv.o(.ARM.exidx.text.ppc_corstone310_is_periph_priv_only), (8 bytes).
    Removing spi_pl022_drv.o(.text), (0 bytes).
    Removing spi_pl022_drv.o(.text.spi_pl022_dev_enable), (30 bytes).
    Removing spi_pl022_drv.o(.ARM.exidx.text.spi_pl022_dev_enable), (8 bytes).
    Removing spi_pl022_drv.o(.text.spi_pl022_dev_disable), (30 bytes).
    Removing spi_pl022_drv.o(.ARM.exidx.text.spi_pl022_dev_disable), (8 bytes).
    Removing spi_pl022_drv.o(.text.spi_pl022_get_status), (24 bytes).
    Removing spi_pl022_drv.o(.ARM.exidx.text.spi_pl022_get_status), (8 bytes).
    Removing spi_pl022_drv.o(.text.spi_pl022_init), (124 bytes).
    Removing spi_pl022_drv.o(.ARM.exidx.text.spi_pl022_init), (8 bytes).
    Removing spi_pl022_drv.o(.text.spi_set_configuration), (238 bytes).
    Removing spi_pl022_drv.o(.ARM.exidx.text.spi_set_configuration), (8 bytes).
    Removing spi_pl022_drv.o(.text.spi_pl022_set_ctrl_cfg), (140 bytes).
    Removing spi_pl022_drv.o(.ARM.exidx.text.spi_pl022_set_ctrl_cfg), (8 bytes).
    Removing spi_pl022_drv.o(.text.spi_pl022_get_ctrl_cfg), (78 bytes).
    Removing spi_pl022_drv.o(.ARM.exidx.text.spi_pl022_get_ctrl_cfg), (8 bytes).
    Removing spi_pl022_drv.o(.text.spi_pl022_select_mode), (74 bytes).
    Removing spi_pl022_drv.o(.ARM.exidx.text.spi_pl022_select_mode), (8 bytes).
    Removing spi_pl022_drv.o(.text.spi_pl022_set_slave_output), (44 bytes).
    Removing spi_pl022_drv.o(.ARM.exidx.text.spi_pl022_set_slave_output), (8 bytes).
    Removing spi_pl022_drv.o(.text.spi_pl022_set_loopback_mode), (42 bytes).
    Removing spi_pl022_drv.o(.ARM.exidx.text.spi_pl022_set_loopback_mode), (8 bytes).
    Removing spi_pl022_drv.o(.text.spi_pl022_enable_interrupt), (36 bytes).
    Removing spi_pl022_drv.o(.ARM.exidx.text.spi_pl022_enable_interrupt), (8 bytes).
    Removing spi_pl022_drv.o(.text.spi_pl022_disable_interrupt), (40 bytes).
    Removing spi_pl022_drv.o(.ARM.exidx.text.spi_pl022_disable_interrupt), (8 bytes).
    Removing spi_pl022_drv.o(.text.spi_pl022_get_raw_irq_status), (28 bytes).
    Removing spi_pl022_drv.o(.ARM.exidx.text.spi_pl022_get_raw_irq_status), (8 bytes).
    Removing spi_pl022_drv.o(.text.spi_pl022_get_masked_irq_status), (28 bytes).
    Removing spi_pl022_drv.o(.ARM.exidx.text.spi_pl022_get_masked_irq_status), (8 bytes).
    Removing spi_pl022_drv.o(.text.spi_pl022_clear_interrupt), (32 bytes).
    Removing spi_pl022_drv.o(.ARM.exidx.text.spi_pl022_clear_interrupt), (8 bytes).
    Removing spi_pl022_drv.o(.text.spi_pl022_dma_mode_enable), (36 bytes).
    Removing spi_pl022_drv.o(.ARM.exidx.text.spi_pl022_dma_mode_enable), (8 bytes).
    Removing spi_pl022_drv.o(.text.spi_pl022_dma_mode_disable), (40 bytes).
    Removing spi_pl022_drv.o(.ARM.exidx.text.spi_pl022_dma_mode_disable), (8 bytes).
    Removing spi_pl022_drv.o(.text.spi_pl022_get_periphID), (126 bytes).
    Removing spi_pl022_drv.o(.ARM.exidx.text.spi_pl022_get_periphID), (8 bytes).
    Removing spi_pl022_drv.o(.text.spi_pl022_get_PrimeCell_ID), (62 bytes).
    Removing spi_pl022_drv.o(.ARM.exidx.text.spi_pl022_get_PrimeCell_ID), (8 bytes).
    Removing spi_pl022_drv.o(.text.spi_pl022_set_sys_clk), (130 bytes).
    Removing spi_pl022_drv.o(.ARM.exidx.text.spi_pl022_set_sys_clk), (8 bytes).
    Removing spi_pl022_drv.o(.text.spi_calc_clock_rate), (112 bytes).
    Removing spi_pl022_drv.o(.ARM.exidx.text.spi_calc_clock_rate), (8 bytes).
    Removing spi_pl022_drv.o(.text.spi_pl022_read), (86 bytes).
    Removing spi_pl022_drv.o(.ARM.exidx.text.spi_pl022_read), (8 bytes).
    Removing spi_pl022_drv.o(.text.spi_pl022_slave_read), (54 bytes).
    Removing spi_pl022_drv.o(.ARM.exidx.text.spi_pl022_slave_read), (8 bytes).
    Removing spi_pl022_drv.o(.text.spi_pl022_write), (116 bytes).
    Removing spi_pl022_drv.o(.ARM.exidx.text.spi_pl022_write), (8 bytes).
    Removing spi_pl022_drv.o(.text.spi_pl022_txrx_blocking), (372 bytes).
    Removing spi_pl022_drv.o(.ARM.exidx.text.spi_pl022_txrx_blocking), (8 bytes).
    Removing spi_pl022_drv.o(.text.spi_pl022_test_fifo_enable), (32 bytes).
    Removing spi_pl022_drv.o(.ARM.exidx.text.spi_pl022_test_fifo_enable), (8 bytes).
    Removing spi_pl022_drv.o(.text.spi_pl022_test_fifo_disable), (32 bytes).
    Removing spi_pl022_drv.o(.ARM.exidx.text.spi_pl022_test_fifo_disable), (8 bytes).
    Removing spi_pl022_drv.o(.text.spi_pl022_integration_test_enable), (32 bytes).
    Removing spi_pl022_drv.o(.ARM.exidx.text.spi_pl022_integration_test_enable), (8 bytes).
    Removing spi_pl022_drv.o(.text.spi_pl022_integration_test_disable), (32 bytes).
    Removing spi_pl022_drv.o(.ARM.exidx.text.spi_pl022_integration_test_disable), (8 bytes).
    Removing spi_pl022_drv.o(.text.spi_pl022_write_test_data), (56 bytes).
    Removing spi_pl022_drv.o(.ARM.exidx.text.spi_pl022_write_test_data), (8 bytes).
    Removing spi_pl022_drv.o(.text.spi_pl022_read_test_output_reg), (26 bytes).
    Removing spi_pl022_drv.o(.ARM.exidx.text.spi_pl022_read_test_output_reg), (8 bytes).
    Removing uart_cmsdk_drv.o(.text), (0 bytes).
    Removing uart_cmsdk_drv.o(.text.uart_cmsdk_init), (98 bytes).
    Removing uart_cmsdk_drv.o(.ARM.exidx.text.uart_cmsdk_init), (8 bytes).
    Removing uart_cmsdk_drv.o(.text.uart_cmsdk_set_baudrate), (112 bytes).
    Removing uart_cmsdk_drv.o(.ARM.exidx.text.uart_cmsdk_set_baudrate), (8 bytes).
    Removing uart_cmsdk_drv.o(.text.uart_cmsdk_get_baudrate), (18 bytes).
    Removing uart_cmsdk_drv.o(.ARM.exidx.text.uart_cmsdk_get_baudrate), (8 bytes).
    Removing uart_cmsdk_drv.o(.text.uart_cmsdk_set_clock), (92 bytes).
    Removing uart_cmsdk_drv.o(.ARM.exidx.text.uart_cmsdk_set_clock), (8 bytes).
    Removing uart_cmsdk_drv.o(.text.uart_cmsdk_read), (62 bytes).
    Removing uart_cmsdk_drv.o(.ARM.exidx.text.uart_cmsdk_read), (8 bytes).
    Removing uart_cmsdk_drv.o(.text.uart_cmsdk_write), (62 bytes).
    Removing uart_cmsdk_drv.o(.ARM.exidx.text.uart_cmsdk_write), (8 bytes).
    Removing uart_cmsdk_drv.o(.text.uart_cmsdk_irq_tx_enable), (62 bytes).
    Removing uart_cmsdk_drv.o(.ARM.exidx.text.uart_cmsdk_irq_tx_enable), (8 bytes).
    Removing uart_cmsdk_drv.o(.text.uart_cmsdk_irq_tx_disable), (44 bytes).
    Removing uart_cmsdk_drv.o(.ARM.exidx.text.uart_cmsdk_irq_tx_disable), (8 bytes).
    Removing uart_cmsdk_drv.o(.text.uart_cmsdk_tx_ready), (56 bytes).
    Removing uart_cmsdk_drv.o(.ARM.exidx.text.uart_cmsdk_tx_ready), (8 bytes).
    Removing uart_cmsdk_drv.o(.text.uart_cmsdk_irq_rx_enable), (62 bytes).
    Removing uart_cmsdk_drv.o(.ARM.exidx.text.uart_cmsdk_irq_rx_enable), (8 bytes).
    Removing uart_cmsdk_drv.o(.text.uart_cmsdk_irq_rx_disable), (44 bytes).
    Removing uart_cmsdk_drv.o(.ARM.exidx.text.uart_cmsdk_irq_rx_disable), (8 bytes).
    Removing uart_cmsdk_drv.o(.text.uart_cmsdk_rx_ready), (52 bytes).
    Removing uart_cmsdk_drv.o(.ARM.exidx.text.uart_cmsdk_rx_ready), (8 bytes).
    Removing uart_cmsdk_drv.o(.text.uart_cmsdk_clear_interrupt), (90 bytes).
    Removing uart_cmsdk_drv.o(.ARM.exidx.text.uart_cmsdk_clear_interrupt), (8 bytes).
    Removing uart_cmsdk_drv.o(.text.uart_cmsdk_tx_enable), (62 bytes).
    Removing uart_cmsdk_drv.o(.ARM.exidx.text.uart_cmsdk_tx_enable), (8 bytes).
    Removing uart_cmsdk_drv.o(.text.uart_cmsdk_tx_disable), (44 bytes).
    Removing uart_cmsdk_drv.o(.ARM.exidx.text.uart_cmsdk_tx_disable), (8 bytes).
    Removing uart_cmsdk_drv.o(.text.uart_cmsdk_rx_enable), (62 bytes).
    Removing uart_cmsdk_drv.o(.ARM.exidx.text.uart_cmsdk_rx_enable), (8 bytes).
    Removing uart_cmsdk_drv.o(.text.uart_cmsdk_rx_disable), (44 bytes).
    Removing uart_cmsdk_drv.o(.ARM.exidx.text.uart_cmsdk_rx_disable), (8 bytes).

430 unused section(s) (total 12836 bytes) removed from the image.

==============================================================================

Image Symbol Table

    Local Symbols

    Symbol Name                              Value     Ov Type        Size  Object(Section)

    ../clib/angel/boardlib.s                 0x00000000   Number         0  boardinit1.o ABSOLUTE
    ../clib/angel/boardlib.s                 0x00000000   Number         0  boardinit2.o ABSOLUTE
    ../clib/angel/boardlib.s                 0x00000000   Number         0  boardinit3.o ABSOLUTE
    ../clib/angel/boardlib.s                 0x00000000   Number         0  boardshut.o ABSOLUTE
    ../clib/angel/handlers.s                 0x00000000   Number         0  __scatter_copy.o ABSOLUTE
    ../clib/angel/kernel.s                   0x00000000   Number         0  __rtentry.o ABSOLUTE
    ../clib/angel/kernel.s                   0x00000000   Number         0  __rtentry2.o ABSOLUTE
    ../clib/angel/kernel.s                   0x00000000   Number         0  __rtentry4.o ABSOLUTE
    ../clib/angel/kernel.s                   0x00000000   Number         0  __rtentry7.o ABSOLUTE
    ../clib/angel/kernel.s                   0x00000000   Number         0  rtexit.o ABSOLUTE
    ../clib/angel/kernel.s                   0x00000000   Number         0  rtexit2.o ABSOLUTE
    ../clib/angel/rt.s                       0x00000000   Number         0  rt_raise.o ABSOLUTE
    ../clib/angel/scatter.s                  0x00000000   Number         0  __scatter.o ABSOLUTE
    ../clib/angel/startup.s                  0x00000000   Number         0  __main.o ABSOLUTE
    ../clib/angel/sys.s                      0x00000000   Number         0  sys_stackheap_outer.o ABSOLUTE
    ../clib/angel/sys.s                      0x00000000   Number         0  libspace.o ABSOLUTE
    ../clib/angel/sys.s                      0x00000000   Number         0  sys_stackheap.o ABSOLUTE
    ../clib/angel/sys.s                      0x00000000   Number         0  sys_stackheap_hlt.o ABSOLUTE
    ../clib/angel/sys.s                      0x00000000   Number         0  use_no_semi.o ABSOLUTE
    ../clib/angel/sys.s                      0x00000000   Number         0  indicate_semi.o ABSOLUTE
    ../clib/libinit.s                        0x00000000   Number         0  libinit.o ABSOLUTE
    ../clib/libinit.s                        0x00000000   Number         0  libinit2.o ABSOLUTE
    ../clib/libinit.s                        0x00000000   Number         0  libinit5.o ABSOLUTE
    ../clib/libinit.s                        0x00000000   Number         0  libshutdown.o ABSOLUTE
    ../clib/libinit.s                        0x00000000   Number         0  libshutdown2.o ABSOLUTE
    ../clib/memcpset.s                       0x00000000   Number         0  rt_memcpy_v6.o ABSOLUTE
    ../clib/memcpset.s                       0x00000000   Number         0  aeabi_memset.o ABSOLUTE
    ../clib/memcpset.s                       0x00000000   Number         0  rt_memcpy_w.o ABSOLUTE
    ../clib/memcpset.s                       0x00000000   Number         0  rt_memclr.o ABSOLUTE
    ../clib/memcpset.s                       0x00000000   Number         0  rt_memclr_w.o ABSOLUTE
    ../clib/signal.s                         0x00000000   Number         0  defsig.o ABSOLUTE
    ../fplib/fpinit.s                        0x00000000   Number         0  fpinit_81m.o ABSOLUTE
    Driver_MPC.c                             0x00000000   Number         0  driver_mpc.o ABSOLUTE
    Driver_SPI.c                             0x00000000   Number         0  driver_spi.o ABSOLUTE
    armsys.c                                 0x00000000   Number         0  argv_veneer.o ABSOLUTE
    armsys.c                                 0x00000000   Number         0  _get_argv_nomalloc.o ABSOLUTE
    armsys.c                                 0x00000000   Number         0  no_argv.o ABSOLUTE
    dc.s                                     0x00000000   Number         0  dc.o ABSOLUTE
    device_definition.c                      0x00000000   Number         0  device_definition.o ABSOLUTE
    emulated_flash_drv.c                     0x00000000   Number         0  emulated_flash_drv.o ABSOLUTE
    heapalloc.c                              0x00000000   Number         0  hrguard.o ABSOLUTE
    main.c                                   0x00000000   Number         0  main.o ABSOLUTE
    mpc_sie_drv.c                            0x00000000   Number         0  mpc_sie_drv.o ABSOLUTE
    ppc_corstone310_drv.c                    0x00000000   Number         0  ppc_corstone310_drv.o ABSOLUTE
    signal.c                                 0x00000000   Number         0  defsig_rtmem_outer.o ABSOLUTE
    signal.c                                 0x00000000   Number         0  defsig_rtmem_formal.o ABSOLUTE
    signal.c                                 0x00000000   Number         0  defsig_exit.o ABSOLUTE
    signal.c                                 0x00000000   Number         0  defsig_rtmem_inner.o ABSOLUTE
    signal.c                                 0x00000000   Number         0  __raise.o ABSOLUTE
    signal.c                                 0x00000000   Number         0  defsig_general.o ABSOLUTE
    signal.c                                 0x00000000   Number         0  defsig_abrt_inner.o ABSOLUTE
    signal.c                                 0x00000000   Number         0  defsig_fpe_inner.o ABSOLUTE
    signal.c                                 0x00000000   Number         0  defsig_rtred_inner.o ABSOLUTE
    signal.c                                 0x00000000   Number         0  defsig_stak_inner.o ABSOLUTE
    signal.c                                 0x00000000   Number         0  defsig_pvfn_inner.o ABSOLUTE
    signal.c                                 0x00000000   Number         0  defsig_cppl_inner.o ABSOLUTE
    signal.c                                 0x00000000   Number         0  defsig_segv_inner.o ABSOLUTE
    signal.c                                 0x00000000   Number         0  defsig_other.o ABSOLUTE
    spi_pl022_drv.c                          0x00000000   Number         0  spi_pl022_drv.o ABSOLUTE
    startup_SSE310MPS3.c                     0x00000000   Number         0  startup_sse310mps3.o ABSOLUTE
    stdlib.c                                 0x00000000   Number         0  exit.o ABSOLUTE
    sysapp.c                                 0x00000000   Number         0  sys_exit.o ABSOLUTE
    sysapp.c                                 0x00000000   Number         0  sys_exit_hlt.o ABSOLUTE
    sysapp.c                                 0x00000000   Number         0  sys_command.o ABSOLUTE
    sysapp.c                                 0x00000000   Number         0  sys_command_hlt.o ABSOLUTE
    sysapp.c                                 0x00000000   Number         0  sys_wrch.o ABSOLUTE
    sysapp.c                                 0x00000000   Number         0  sys_wrch_hlt.o ABSOLUTE
    system_SSE310MPS3.c                      0x00000000   Number         0  system_sse310mps3.o ABSOLUTE
    uart_cmsdk_drv.c                         0x00000000   Number         0  uart_cmsdk_drv.o ABSOLUTE
    __tagsym$$used.0                         0x01020000   Number         0  startup_sse310mps3.o(RESET)
    !!!main                                  0x01020240   Section       12  __main.o(!!!main)
    !!!scatter                               0x0102024c   Section       60  __scatter.o(!!!scatter)
    !!handler_copy                           0x01020288   Section       30  __scatter_copy.o(!!handler_copy)
    .ARM.Collect$$libinit$$00000000          0x010202a6   Section        8  libinit.o(.ARM.Collect$$libinit$$00000000)
    .ARM.Collect$$libinit$$00000001          0x010202ae   Section        4  libinit2.o(.ARM.Collect$$libinit$$00000001)
    .ARM.Collect$$libinit$$00000004          0x010202b2   Section        0  libinit2.o(.ARM.Collect$$libinit$$00000004)
    .ARM.Collect$$libinit$$00000006          0x010202b2   Section        0  libinit2.o(.ARM.Collect$$libinit$$00000006)
    .ARM.Collect$$libinit$$0000000C          0x010202b2   Section        0  libinit2.o(.ARM.Collect$$libinit$$0000000C)
    .ARM.Collect$$libinit$$0000000E          0x010202b2   Section        0  libinit2.o(.ARM.Collect$$libinit$$0000000E)
    .ARM.Collect$$libinit$$00000010          0x010202b2   Section        0  libinit2.o(.ARM.Collect$$libinit$$00000010)
    .ARM.Collect$$libinit$$00000013          0x010202b2   Section        0  libinit2.o(.ARM.Collect$$libinit$$00000013)
    .ARM.Collect$$libinit$$00000015          0x010202b2   Section        0  libinit2.o(.ARM.Collect$$libinit$$00000015)
    .ARM.Collect$$libinit$$00000017          0x010202b2   Section        0  libinit2.o(.ARM.Collect$$libinit$$00000017)
    .ARM.Collect$$libinit$$00000019          0x010202b2   Section        0  libinit2.o(.ARM.Collect$$libinit$$00000019)
    .ARM.Collect$$libinit$$0000001B          0x010202b2   Section        0  libinit2.o(.ARM.Collect$$libinit$$0000001B)
    .ARM.Collect$$libinit$$0000001D          0x010202b2   Section        0  libinit2.o(.ARM.Collect$$libinit$$0000001D)
    .ARM.Collect$$libinit$$0000001F          0x010202b2   Section        0  libinit2.o(.ARM.Collect$$libinit$$0000001F)
    .ARM.Collect$$libinit$$00000021          0x010202b2   Section        0  libinit2.o(.ARM.Collect$$libinit$$00000021)
    .ARM.Collect$$libinit$$00000023          0x010202b2   Section        0  libinit2.o(.ARM.Collect$$libinit$$00000023)
    .ARM.Collect$$libinit$$00000025          0x010202b2   Section        0  libinit2.o(.ARM.Collect$$libinit$$00000025)
    .ARM.Collect$$libinit$$00000027          0x010202b2   Section        0  libinit2.o(.ARM.Collect$$libinit$$00000027)
    .ARM.Collect$$libinit$$0000002E          0x010202b2   Section        0  libinit2.o(.ARM.Collect$$libinit$$0000002E)
    .ARM.Collect$$libinit$$00000030          0x010202b2   Section        0  libinit2.o(.ARM.Collect$$libinit$$00000030)
    .ARM.Collect$$libinit$$00000032          0x010202b2   Section        0  libinit2.o(.ARM.Collect$$libinit$$00000032)
    .ARM.Collect$$libinit$$00000034          0x010202b2   Section        0  libinit2.o(.ARM.Collect$$libinit$$00000034)
    .ARM.Collect$$libinit$$00000035          0x010202b2   Section       10  libinit2.o(.ARM.Collect$$libinit$$00000035)
    .ARM.Collect$$libshutdown$$00000000      0x010202bc   Section        8  libshutdown.o(.ARM.Collect$$libshutdown$$00000000)
    .ARM.Collect$$libshutdown$$00000002      0x010202c4   Section        0  libshutdown2.o(.ARM.Collect$$libshutdown$$00000002)
    .ARM.Collect$$libshutdown$$00000004      0x010202c4   Section        0  libshutdown2.o(.ARM.Collect$$libshutdown$$00000004)
    .ARM.Collect$$libshutdown$$00000007      0x010202c4   Section        0  libshutdown2.o(.ARM.Collect$$libshutdown$$00000007)
    .ARM.Collect$$libshutdown$$0000000A      0x010202c4   Section        0  libshutdown2.o(.ARM.Collect$$libshutdown$$0000000A)
    .ARM.Collect$$libshutdown$$0000000C      0x010202c4   Section        0  libshutdown2.o(.ARM.Collect$$libshutdown$$0000000C)
    .ARM.Collect$$libshutdown$$0000000F      0x010202c4   Section        0  libshutdown2.o(.ARM.Collect$$libshutdown$$0000000F)
    .ARM.Collect$$libshutdown$$00000010      0x010202c4   Section       10  libshutdown2.o(.ARM.Collect$$libshutdown$$00000010)
    .ARM.Collect$$rtentry$$00000000          0x010202ce   Section        4  __rtentry.o(.ARM.Collect$$rtentry$$00000000)
    .ARM.Collect$$rtentry$$00000002          0x010202d2   Section        0  __rtentry2.o(.ARM.Collect$$rtentry$$00000002)
    .ARM.Collect$$rtentry$$00000007          0x010202d2   Section        4  __rtentry7.o(.ARM.Collect$$rtentry$$00000007)
    .ARM.Collect$$rtentry$$00000009          0x010202d6   Section        0  __rtentry2.o(.ARM.Collect$$rtentry$$00000009)
    .ARM.Collect$$rtentry$$0000000A          0x010202d6   Section        4  __rtentry2.o(.ARM.Collect$$rtentry$$0000000A)
    .ARM.Collect$$rtentry$$0000000C          0x010202da   Section        0  __rtentry2.o(.ARM.Collect$$rtentry$$0000000C)
    .ARM.Collect$$rtentry$$0000000D          0x010202da   Section        8  __rtentry2.o(.ARM.Collect$$rtentry$$0000000D)
    __lit__00000000                          0x010202e4   Data           4  __rtentry7.o(.ARM.Collect$$rtentry$$00002718)
    .ARM.Collect$$rtentry$$00002718          0x010202e4   Section        4  __rtentry7.o(.ARM.Collect$$rtentry$$00002718)
    .ARM.Collect$$rtexit$$00000000           0x010202e8   Section        6  rtexit.o(.ARM.Collect$$rtexit$$00000000)
    .ARM.Collect$$rtexit$$00000002           0x010202ee   Section        0  rtexit2.o(.ARM.Collect$$rtexit$$00000002)
    .ARM.Collect$$rtexit$$00000003           0x010202ee   Section        4  rtexit2.o(.ARM.Collect$$rtexit$$00000003)
    .ARM.Collect$$rtexit$$00000004           0x010202f2   Section        6  rtexit2.o(.ARM.Collect$$rtexit$$00000004)
    [Anonymous Symbol]                       0x010202f8   Section        0  exit.o(.text)
    .text                                    0x01020308   Section        6  use_no_semi.o(.text)
    .text                                    0x0102030e   Section        0  indicate_semi.o(.text)
    [Anonymous Symbol]                       0x01020310   Section        0  sys_exit.o(.text)
    [Anonymous Symbol]                       0x01020328   Section        0  startup_sse310mps3.o(.text.BRIDGE_ERROR_Handler)
    [Anonymous Symbol]                       0x01020330   Section        0  startup_sse310mps3.o(.text.BusFault_Handler)
    [Anonymous Symbol]                       0x01020338   Section        0  startup_sse310mps3.o(.text.COMBINED_PPU_Handler)
    [Anonymous Symbol]                       0x01020340   Section        0  startup_sse310mps3.o(.text.CPU0_CTI_0_Handler)
    [Anonymous Symbol]                       0x01020348   Section        0  startup_sse310mps3.o(.text.CPU0_CTI_1_Handler)
    [Anonymous Symbol]                       0x01020350   Section        0  startup_sse310mps3.o(.text.DMA_Ch_0_Combined_Handler)
    [Anonymous Symbol]                       0x01020358   Section        0  startup_sse310mps3.o(.text.DMA_Ch_0_Error_Handler)
    [Anonymous Symbol]                       0x01020360   Section        0  startup_sse310mps3.o(.text.DMA_Ch_0_Terminal_Count_Handler)
    [Anonymous Symbol]                       0x01020368   Section        0  startup_sse310mps3.o(.text.DMA_Ch_1_Combined_Handler)
    [Anonymous Symbol]                       0x01020370   Section        0  startup_sse310mps3.o(.text.DMA_Ch_1_Error_Handler)
    [Anonymous Symbol]                       0x01020378   Section        0  startup_sse310mps3.o(.text.DMA_Ch_1_Terminal_Count_Handler)
    [Anonymous Symbol]                       0x01020380   Section        0  startup_sse310mps3.o(.text.DMA_Ch_2_Combined_Handler)
    [Anonymous Symbol]                       0x01020388   Section        0  startup_sse310mps3.o(.text.DMA_Ch_2_Error_Handler)
    [Anonymous Symbol]                       0x01020390   Section        0  startup_sse310mps3.o(.text.DMA_Ch_2_Terminal_Count_Handler)
    [Anonymous Symbol]                       0x01020398   Section        0  startup_sse310mps3.o(.text.DMA_Ch_3_Combined_Handler)
    [Anonymous Symbol]                       0x010203a0   Section        0  startup_sse310mps3.o(.text.DMA_Ch_3_Error_Handler)
    [Anonymous Symbol]                       0x010203a8   Section        0  startup_sse310mps3.o(.text.DMA_Ch_3_Terminal_Count_Handler)
    [Anonymous Symbol]                       0x010203b0   Section        0  startup_sse310mps3.o(.text.DebugMon_Handler)
    [Anonymous Symbol]                       0x010203b8   Section        0  startup_sse310mps3.o(.text.ETHERNET_Handler)
    [Anonymous Symbol]                       0x010203c0   Section        0  startup_sse310mps3.o(.text.ETHOS_U55_Handler)
    [Anonymous Symbol]                       0x010203c8   Section        0  startup_sse310mps3.o(.text.GPIO0_0_Handler)
    [Anonymous Symbol]                       0x010203d0   Section        0  startup_sse310mps3.o(.text.GPIO0_10_Handler)
    [Anonymous Symbol]                       0x010203d8   Section        0  startup_sse310mps3.o(.text.GPIO0_11_Handler)
    [Anonymous Symbol]                       0x010203e0   Section        0  startup_sse310mps3.o(.text.GPIO0_12_Handler)
    [Anonymous Symbol]                       0x010203e8   Section        0  startup_sse310mps3.o(.text.GPIO0_13_Handler)
    [Anonymous Symbol]                       0x010203f0   Section        0  startup_sse310mps3.o(.text.GPIO0_14_Handler)
    [Anonymous Symbol]                       0x010203f8   Section        0  startup_sse310mps3.o(.text.GPIO0_15_Handler)
    [Anonymous Symbol]                       0x01020400   Section        0  startup_sse310mps3.o(.text.GPIO0_1_Handler)
    [Anonymous Symbol]                       0x01020408   Section        0  startup_sse310mps3.o(.text.GPIO0_2_Handler)
    [Anonymous Symbol]                       0x01020410   Section        0  startup_sse310mps3.o(.text.GPIO0_3_Handler)
    [Anonymous Symbol]                       0x01020418   Section        0  startup_sse310mps3.o(.text.GPIO0_4_Handler)
    [Anonymous Symbol]                       0x01020420   Section        0  startup_sse310mps3.o(.text.GPIO0_5_Handler)
    [Anonymous Symbol]                       0x01020428   Section        0  startup_sse310mps3.o(.text.GPIO0_6_Handler)
    [Anonymous Symbol]                       0x01020430   Section        0  startup_sse310mps3.o(.text.GPIO0_7_Handler)
    [Anonymous Symbol]                       0x01020438   Section        0  startup_sse310mps3.o(.text.GPIO0_8_Handler)
    [Anonymous Symbol]                       0x01020440   Section        0  startup_sse310mps3.o(.text.GPIO0_9_Handler)
    [Anonymous Symbol]                       0x01020448   Section        0  startup_sse310mps3.o(.text.GPIO0_Combined_Handler)
    [Anonymous Symbol]                       0x01020450   Section        0  startup_sse310mps3.o(.text.GPIO1_0_Handler)
    [Anonymous Symbol]                       0x01020458   Section        0  startup_sse310mps3.o(.text.GPIO1_10_Handler)
    [Anonymous Symbol]                       0x01020460   Section        0  startup_sse310mps3.o(.text.GPIO1_11_Handler)
    [Anonymous Symbol]                       0x01020468   Section        0  startup_sse310mps3.o(.text.GPIO1_12_Handler)
    [Anonymous Symbol]                       0x01020470   Section        0  startup_sse310mps3.o(.text.GPIO1_13_Handler)
    [Anonymous Symbol]                       0x01020478   Section        0  startup_sse310mps3.o(.text.GPIO1_14_Handler)
    [Anonymous Symbol]                       0x01020480   Section        0  startup_sse310mps3.o(.text.GPIO1_15_Handler)
    [Anonymous Symbol]                       0x01020488   Section        0  startup_sse310mps3.o(.text.GPIO1_1_Handler)
    [Anonymous Symbol]                       0x01020490   Section        0  startup_sse310mps3.o(.text.GPIO1_2_Handler)
    [Anonymous Symbol]                       0x01020498   Section        0  startup_sse310mps3.o(.text.GPIO1_3_Handler)
    [Anonymous Symbol]                       0x010204a0   Section        0  startup_sse310mps3.o(.text.GPIO1_4_Handler)
    [Anonymous Symbol]                       0x010204a8   Section        0  startup_sse310mps3.o(.text.GPIO1_5_Handler)
    [Anonymous Symbol]                       0x010204b0   Section        0  startup_sse310mps3.o(.text.GPIO1_6_Handler)
    [Anonymous Symbol]                       0x010204b8   Section        0  startup_sse310mps3.o(.text.GPIO1_7_Handler)
    [Anonymous Symbol]                       0x010204c0   Section        0  startup_sse310mps3.o(.text.GPIO1_8_Handler)
    [Anonymous Symbol]                       0x010204c8   Section        0  startup_sse310mps3.o(.text.GPIO1_9_Handler)
    [Anonymous Symbol]                       0x010204d0   Section        0  startup_sse310mps3.o(.text.GPIO1_Combined_Handler)
    [Anonymous Symbol]                       0x010204d8   Section        0  startup_sse310mps3.o(.text.GPIO2_0_Handler)
    [Anonymous Symbol]                       0x010204e0   Section        0  startup_sse310mps3.o(.text.GPIO2_10_Handler)
    [Anonymous Symbol]                       0x010204e8   Section        0  startup_sse310mps3.o(.text.GPIO2_11_Handler)
    [Anonymous Symbol]                       0x010204f0   Section        0  startup_sse310mps3.o(.text.GPIO2_12_Handler)
    [Anonymous Symbol]                       0x010204f8   Section        0  startup_sse310mps3.o(.text.GPIO2_13_Handler)
    [Anonymous Symbol]                       0x01020500   Section        0  startup_sse310mps3.o(.text.GPIO2_14_Handler)
    [Anonymous Symbol]                       0x01020508   Section        0  startup_sse310mps3.o(.text.GPIO2_15_Handler)
    [Anonymous Symbol]                       0x01020510   Section        0  startup_sse310mps3.o(.text.GPIO2_1_Handler)
    [Anonymous Symbol]                       0x01020518   Section        0  startup_sse310mps3.o(.text.GPIO2_2_Handler)
    [Anonymous Symbol]                       0x01020520   Section        0  startup_sse310mps3.o(.text.GPIO2_3_Handler)
    [Anonymous Symbol]                       0x01020528   Section        0  startup_sse310mps3.o(.text.GPIO2_4_Handler)
    [Anonymous Symbol]                       0x01020530   Section        0  startup_sse310mps3.o(.text.GPIO2_5_Handler)
    [Anonymous Symbol]                       0x01020538   Section        0  startup_sse310mps3.o(.text.GPIO2_6_Handler)
    [Anonymous Symbol]                       0x01020540   Section        0  startup_sse310mps3.o(.text.GPIO2_7_Handler)
    [Anonymous Symbol]                       0x01020548   Section        0  startup_sse310mps3.o(.text.GPIO2_8_Handler)
    [Anonymous Symbol]                       0x01020550   Section        0  startup_sse310mps3.o(.text.GPIO2_9_Handler)
    [Anonymous Symbol]                       0x01020558   Section        0  startup_sse310mps3.o(.text.GPIO2_Combined_Handler)
    [Anonymous Symbol]                       0x01020560   Section        0  startup_sse310mps3.o(.text.GPIO3_0_Handler)
    [Anonymous Symbol]                       0x01020568   Section        0  startup_sse310mps3.o(.text.GPIO3_1_Handler)
    [Anonymous Symbol]                       0x01020570   Section        0  startup_sse310mps3.o(.text.GPIO3_2_Handler)
    [Anonymous Symbol]                       0x01020578   Section        0  startup_sse310mps3.o(.text.GPIO3_3_Handler)
    [Anonymous Symbol]                       0x01020580   Section        0  startup_sse310mps3.o(.text.GPIO3_Combined_Handler)
    [Anonymous Symbol]                       0x01020588   Section        0  startup_sse310mps3.o(.text.HardFault_Handler)
    [Anonymous Symbol]                       0x01020590   Section        0  startup_sse310mps3.o(.text.I2S_Handler)
    [Anonymous Symbol]                       0x01020598   Section        0  startup_sse310mps3.o(.text.MPC_Handler)
    [Anonymous Symbol]                       0x010205a0   Section        0  startup_sse310mps3.o(.text.MSC_Handler)
    [Anonymous Symbol]                       0x010205a8   Section        0  startup_sse310mps3.o(.text.MemManage_Handler)
    [Anonymous Symbol]                       0x010205b0   Section        0  startup_sse310mps3.o(.text.NMI_Handler)
    [Anonymous Symbol]                       0x010205b8   Section        0  startup_sse310mps3.o(.text.NONSEC_WATCHDOG_Handler)
    [Anonymous Symbol]                       0x010205c0   Section        0  startup_sse310mps3.o(.text.NONSEC_WATCHDOG_RESET_REQ_Handler)
    [Anonymous Symbol]                       0x010205c8   Section        0  startup_sse310mps3.o(.text.PPC_Handler)
    [Anonymous Symbol]                       0x010205d0   Section        0  startup_sse310mps3.o(.text.PendSV_Handler)
    [Anonymous Symbol]                       0x010205d8   Section        0  startup_sse310mps3.o(.text.Reset_Handler)
    [Anonymous Symbol]                       0x01020610   Section        0  startup_sse310mps3.o(.text.SLOWCLK_Timer_Handler)
    [Anonymous Symbol]                       0x01020618   Section        0  startup_sse310mps3.o(.text.SPI_ADC_Handler)
    [Anonymous Symbol]                       0x01020620   Section        0  startup_sse310mps3.o(.text.SPI_SHIELD0_Handler)
    [Anonymous Symbol]                       0x01020628   Section        0  startup_sse310mps3.o(.text.SPI_SHIELD1_Handler)
    [Anonymous Symbol]                       0x01020630   Section        0  startup_sse310mps3.o(.text.SVC_Handler)
    [Anonymous Symbol]                       0x01020638   Section        0  startup_sse310mps3.o(.text.SecureFault_Handler)
    [Anonymous Symbol]                       0x01020640   Section        0  startup_sse310mps3.o(.text.SysTick_Handler)
    [Anonymous Symbol]                       0x01020648   Section        0  system_sse310mps3.o(.text.SystemInit)
    [Anonymous Symbol]                       0x010206c8   Section        0  startup_sse310mps3.o(.text.System_Timestamp_Counter_Handler)
    [Anonymous Symbol]                       0x010206d0   Section        0  startup_sse310mps3.o(.text.TFM_TIMER0_IRQ_Handler)
    [Anonymous Symbol]                       0x010206d8   Section        0  startup_sse310mps3.o(.text.TIMER1_Handler)
    [Anonymous Symbol]                       0x010206e0   Section        0  startup_sse310mps3.o(.text.TIMER2_Handler)
    [Anonymous Symbol]                       0x010206e8   Section        0  startup_sse310mps3.o(.text.TIMER3_AON_Handler)
    [Anonymous Symbol]                       0x010206f0   Section        0  startup_sse310mps3.o(.text.TOUCH_SCREEN_Handler)
    [Anonymous Symbol]                       0x010206f8   Section        0  startup_sse310mps3.o(.text.UART0_Combined_Handler)
    [Anonymous Symbol]                       0x01020700   Section        0  startup_sse310mps3.o(.text.UART1_Combined_Handler)
    [Anonymous Symbol]                       0x01020708   Section        0  startup_sse310mps3.o(.text.UART2_Combined_Handler)
    [Anonymous Symbol]                       0x01020710   Section        0  startup_sse310mps3.o(.text.UART3_Combined_Handler)
    [Anonymous Symbol]                       0x01020718   Section        0  startup_sse310mps3.o(.text.UART4_Combined_Handler)
    [Anonymous Symbol]                       0x01020720   Section        0  startup_sse310mps3.o(.text.UART5_Combined_Handler)
    [Anonymous Symbol]                       0x01020728   Section        0  startup_sse310mps3.o(.text.UARTOVF_Handler)
    [Anonymous Symbol]                       0x01020730   Section        0  startup_sse310mps3.o(.text.UARTRX0_Handler)
    [Anonymous Symbol]                       0x01020738   Section        0  startup_sse310mps3.o(.text.UARTRX1_Handler)
    [Anonymous Symbol]                       0x01020740   Section        0  startup_sse310mps3.o(.text.UARTRX2_Handler)
    [Anonymous Symbol]                       0x01020748   Section        0  startup_sse310mps3.o(.text.UARTRX3_Handler)
    [Anonymous Symbol]                       0x01020750   Section        0  startup_sse310mps3.o(.text.UARTRX4_Handler)
    [Anonymous Symbol]                       0x01020758   Section        0  startup_sse310mps3.o(.text.UARTRX5_Handler)
    [Anonymous Symbol]                       0x01020760   Section        0  startup_sse310mps3.o(.text.UARTTX0_Handler)
    [Anonymous Symbol]                       0x01020768   Section        0  startup_sse310mps3.o(.text.UARTTX1_Handler)
    [Anonymous Symbol]                       0x01020770   Section        0  startup_sse310mps3.o(.text.UARTTX2_Handler)
    [Anonymous Symbol]                       0x01020778   Section        0  startup_sse310mps3.o(.text.UARTTX3_Handler)
    [Anonymous Symbol]                       0x01020780   Section        0  startup_sse310mps3.o(.text.UARTTX4_Handler)
    [Anonymous Symbol]                       0x01020788   Section        0  startup_sse310mps3.o(.text.UARTTX5_Handler)
    [Anonymous Symbol]                       0x01020790   Section        0  startup_sse310mps3.o(.text.USB_Handler)
    [Anonymous Symbol]                       0x01020798   Section        0  startup_sse310mps3.o(.text.UsageFault_Handler)
    [Anonymous Symbol]                       0x010207a0   Section        0  main.o(.text.main)
    $v0                                      0x010207ba   Number         0  fpinit_81m.o(x$fpl$fpinit)
    x$fpl$fpinit                             0x010207ba   Section       34  fpinit_81m.o(x$fpl$fpinit)

    Global Symbols

    Symbol Name                              Value     Ov Type        Size  Object(Section)

    BuildAttributes$$THM_ISAv4$E$P$D$K$B$S$7EM$v8.1M$VFPv5_D16$PE$MVEf$A:L22UL41UL21$X:L11$S22US41US21$IEEE1$IW$USESV6$~STKCKD$USESV7$~SHL$OSPACE$ROPI$UX$STANDARDLIB$SIGN_RET_ADDR$BTI$PACBTILIB$REQ8$PRES8$EABIv2 0x00000000   Number         0  anon$$obj.o ABSOLUTE
    Image$$ZI$$Limit                          - Undefined Weak Reference
    __ARM_exceptions_init                     - Undefined Weak Reference
    __alloca_initialize                       - Undefined Weak Reference
    __arm_preinit_                            - Undefined Weak Reference
    __arm_relocate_pie_                       - Undefined Weak Reference
    __cpp_initialize__aeabi_                  - Undefined Weak Reference
    __cxa_finalize                            - Undefined Weak Reference
    __rt_locale                               - Undefined Weak Reference
    __sigvec_lookup                           - Undefined Weak Reference
    _atexit_init                              - Undefined Weak Reference
    _call_atexit_fns                          - Undefined Weak Reference
    _clock_init                               - Undefined Weak Reference
    _fp_trap_init                             - Undefined Weak Reference
    _fp_trap_shutdown                         - Undefined Weak Reference
    _get_lc_collate                           - Undefined Weak Reference
    _get_lc_ctype                             - Undefined Weak Reference
    _get_lc_monetary                          - Undefined Weak Reference
    _get_lc_numeric                           - Undefined Weak Reference
    _get_lc_time                              - Undefined Weak Reference
    _getenv_init                              - Undefined Weak Reference
    _handle_redirection                       - Undefined Weak Reference
    _init_alloc                               - Undefined Weak Reference
    _init_user_alloc                          - Undefined Weak Reference
    _initio                                   - Undefined Weak Reference
    _rand_init                                - Undefined Weak Reference
    _signal_finish                            - Undefined Weak Reference
    _signal_init                              - Undefined Weak Reference
    _terminate_alloc                          - Undefined Weak Reference
    _terminate_user_alloc                     - Undefined Weak Reference
    _terminateio                              - Undefined Weak Reference
    __Vectors                                0x01020000   Data         576  startup_sse310mps3.o(RESET)
    __main                                   0x01020241   Thumb Code    12  __main.o(!!!main)
    __scatterload                            0x0102024d   Thumb Code     0  __scatter.o(!!!scatter)
    __scatterload_rt2                        0x0102024d   Thumb Code    52  __scatter.o(!!!scatter)
    __scatterload_rt2_thumb_only             0x0102024d   Thumb Code     0  __scatter.o(!!!scatter)
    __scatterload_null                       0x0102025f   Thumb Code     0  __scatter.o(!!!scatter)
    __scatterload_copy                       0x01020289   Thumb Code    30  __scatter_copy.o(!!handler_copy)
    __rt_lib_init                            0x010202a7   Thumb Code     0  libinit.o(.ARM.Collect$$libinit$$00000000)
    __rt_lib_init_fp_1                       0x010202af   Thumb Code     0  libinit2.o(.ARM.Collect$$libinit$$00000001)
    __rt_lib_init_alloca_1                   0x010202b3   Thumb Code     0  libinit2.o(.ARM.Collect$$libinit$$00000030)
    __rt_lib_init_argv_1                     0x010202b3   Thumb Code     0  libinit2.o(.ARM.Collect$$libinit$$0000002E)
    __rt_lib_init_atexit_1                   0x010202b3   Thumb Code     0  libinit2.o(.ARM.Collect$$libinit$$0000001D)
    __rt_lib_init_clock_1                    0x010202b3   Thumb Code     0  libinit2.o(.ARM.Collect$$libinit$$00000023)
    __rt_lib_init_cpp_1                      0x010202b3   Thumb Code     0  libinit2.o(.ARM.Collect$$libinit$$00000034)
    __rt_lib_init_exceptions_1               0x010202b3   Thumb Code     0  libinit2.o(.ARM.Collect$$libinit$$00000032)
    __rt_lib_init_fp_trap_1                  0x010202b3   Thumb Code     0  libinit2.o(.ARM.Collect$$libinit$$00000021)
    __rt_lib_init_getenv_1                   0x010202b3   Thumb Code     0  libinit2.o(.ARM.Collect$$libinit$$00000025)
    __rt_lib_init_heap_1                     0x010202b3   Thumb Code     0  libinit2.o(.ARM.Collect$$libinit$$0000000C)
    __rt_lib_init_lc_collate_1               0x010202b3   Thumb Code     0  libinit2.o(.ARM.Collect$$libinit$$00000013)
    __rt_lib_init_lc_ctype_1                 0x010202b3   Thumb Code     0  libinit2.o(.ARM.Collect$$libinit$$00000015)
    __rt_lib_init_lc_monetary_1              0x010202b3   Thumb Code     0  libinit2.o(.ARM.Collect$$libinit$$00000017)
    __rt_lib_init_lc_numeric_1               0x010202b3   Thumb Code     0  libinit2.o(.ARM.Collect$$libinit$$00000019)
    __rt_lib_init_lc_time_1                  0x010202b3   Thumb Code     0  libinit2.o(.ARM.Collect$$libinit$$0000001B)
    __rt_lib_init_preinit_1                  0x010202b3   Thumb Code     0  libinit2.o(.ARM.Collect$$libinit$$00000006)
    __rt_lib_init_rand_1                     0x010202b3   Thumb Code     0  libinit2.o(.ARM.Collect$$libinit$$00000010)
    __rt_lib_init_relocate_pie_1             0x010202b3   Thumb Code     0  libinit2.o(.ARM.Collect$$libinit$$00000004)
    __rt_lib_init_return                     0x010202b3   Thumb Code     0  libinit2.o(.ARM.Collect$$libinit$$00000035)
    __rt_lib_init_signal_1                   0x010202b3   Thumb Code     0  libinit2.o(.ARM.Collect$$libinit$$0000001F)
    __rt_lib_init_stdio_1                    0x010202b3   Thumb Code     0  libinit2.o(.ARM.Collect$$libinit$$00000027)
    __rt_lib_init_user_alloc_1               0x010202b3   Thumb Code     0  libinit2.o(.ARM.Collect$$libinit$$0000000E)
    __rt_lib_shutdown                        0x010202bd   Thumb Code     0  libshutdown.o(.ARM.Collect$$libshutdown$$00000000)
    __rt_lib_shutdown_cpp_1                  0x010202c5   Thumb Code     0  libshutdown2.o(.ARM.Collect$$libshutdown$$00000002)
    __rt_lib_shutdown_fp_trap_1              0x010202c5   Thumb Code     0  libshutdown2.o(.ARM.Collect$$libshutdown$$00000007)
    __rt_lib_shutdown_heap_1                 0x010202c5   Thumb Code     0  libshutdown2.o(.ARM.Collect$$libshutdown$$0000000F)
    __rt_lib_shutdown_return                 0x010202c5   Thumb Code     0  libshutdown2.o(.ARM.Collect$$libshutdown$$00000010)
    __rt_lib_shutdown_signal_1               0x010202c5   Thumb Code     0  libshutdown2.o(.ARM.Collect$$libshutdown$$0000000A)
    __rt_lib_shutdown_stdio_1                0x010202c5   Thumb Code     0  libshutdown2.o(.ARM.Collect$$libshutdown$$00000004)
    __rt_lib_shutdown_user_alloc_1           0x010202c5   Thumb Code     0  libshutdown2.o(.ARM.Collect$$libshutdown$$0000000C)
    __rt_entry                               0x010202cf   Thumb Code     0  __rtentry.o(.ARM.Collect$$rtentry$$00000000)
    __rt_entry_presh_1                       0x010202d3   Thumb Code     0  __rtentry2.o(.ARM.Collect$$rtentry$$00000002)
    __rt_entry_sh                            0x010202d3   Thumb Code     0  __rtentry7.o(.ARM.Collect$$rtentry$$00000007)
    __rt_entry_li                            0x010202d7   Thumb Code     0  __rtentry2.o(.ARM.Collect$$rtentry$$0000000A)
    __rt_entry_postsh_1                      0x010202d7   Thumb Code     0  __rtentry2.o(.ARM.Collect$$rtentry$$00000009)
    __rt_entry_main                          0x010202db   Thumb Code     0  __rtentry2.o(.ARM.Collect$$rtentry$$0000000D)
    __rt_entry_postli_1                      0x010202db   Thumb Code     0  __rtentry2.o(.ARM.Collect$$rtentry$$0000000C)
    __rt_exit                                0x010202e9   Thumb Code     0  rtexit.o(.ARM.Collect$$rtexit$$00000000)
    __rt_exit_ls                             0x010202ef   Thumb Code     0  rtexit2.o(.ARM.Collect$$rtexit$$00000003)
    __rt_exit_prels_1                        0x010202ef   Thumb Code     0  rtexit2.o(.ARM.Collect$$rtexit$$00000002)
    __rt_exit_exit                           0x010202f3   Thumb Code     0  rtexit2.o(.ARM.Collect$$rtexit$$00000004)
    exit                                     0x010202f9   Thumb Code    16  exit.o(.text)
    __I$use$semihosting                      0x01020309   Thumb Code     0  use_no_semi.o(.text)
    __use_no_semihosting_swi                 0x01020309   Thumb Code     6  use_no_semi.o(.text)
    __semihosting_library_function           0x0102030f   Thumb Code     0  indicate_semi.o(.text)
    _sys_exit                                0x01020311   Thumb Code    18  sys_exit.o(.text)
    BRIDGE_ERROR_Handler                     0x01020329   Thumb Code     8  startup_sse310mps3.o(.text.BRIDGE_ERROR_Handler)
    BusFault_Handler                         0x01020331   Thumb Code     8  startup_sse310mps3.o(.text.BusFault_Handler)
    COMBINED_PPU_Handler                     0x01020339   Thumb Code     8  startup_sse310mps3.o(.text.COMBINED_PPU_Handler)
    CPU0_CTI_0_Handler                       0x01020341   Thumb Code     8  startup_sse310mps3.o(.text.CPU0_CTI_0_Handler)
    CPU0_CTI_1_Handler                       0x01020349   Thumb Code     8  startup_sse310mps3.o(.text.CPU0_CTI_1_Handler)
    DMA_Ch_0_Combined_Handler                0x01020351   Thumb Code     8  startup_sse310mps3.o(.text.DMA_Ch_0_Combined_Handler)
    DMA_Ch_0_Error_Handler                   0x01020359   Thumb Code     8  startup_sse310mps3.o(.text.DMA_Ch_0_Error_Handler)
    DMA_Ch_0_Terminal_Count_Handler          0x01020361   Thumb Code     8  startup_sse310mps3.o(.text.DMA_Ch_0_Terminal_Count_Handler)
    DMA_Ch_1_Combined_Handler                0x01020369   Thumb Code     8  startup_sse310mps3.o(.text.DMA_Ch_1_Combined_Handler)
    DMA_Ch_1_Error_Handler                   0x01020371   Thumb Code     8  startup_sse310mps3.o(.text.DMA_Ch_1_Error_Handler)
    DMA_Ch_1_Terminal_Count_Handler          0x01020379   Thumb Code     8  startup_sse310mps3.o(.text.DMA_Ch_1_Terminal_Count_Handler)
    DMA_Ch_2_Combined_Handler                0x01020381   Thumb Code     8  startup_sse310mps3.o(.text.DMA_Ch_2_Combined_Handler)
    DMA_Ch_2_Error_Handler                   0x01020389   Thumb Code     8  startup_sse310mps3.o(.text.DMA_Ch_2_Error_Handler)
    DMA_Ch_2_Terminal_Count_Handler          0x01020391   Thumb Code     8  startup_sse310mps3.o(.text.DMA_Ch_2_Terminal_Count_Handler)
    DMA_Ch_3_Combined_Handler                0x01020399   Thumb Code     8  startup_sse310mps3.o(.text.DMA_Ch_3_Combined_Handler)
    DMA_Ch_3_Error_Handler                   0x010203a1   Thumb Code     8  startup_sse310mps3.o(.text.DMA_Ch_3_Error_Handler)
    DMA_Ch_3_Terminal_Count_Handler          0x010203a9   Thumb Code     8  startup_sse310mps3.o(.text.DMA_Ch_3_Terminal_Count_Handler)
    DebugMon_Handler                         0x010203b1   Thumb Code     8  startup_sse310mps3.o(.text.DebugMon_Handler)
    ETHERNET_Handler                         0x010203b9   Thumb Code     8  startup_sse310mps3.o(.text.ETHERNET_Handler)
    ETHOS_U55_Handler                        0x010203c1   Thumb Code     8  startup_sse310mps3.o(.text.ETHOS_U55_Handler)
    GPIO0_0_Handler                          0x010203c9   Thumb Code     8  startup_sse310mps3.o(.text.GPIO0_0_Handler)
    GPIO0_10_Handler                         0x010203d1   Thumb Code     8  startup_sse310mps3.o(.text.GPIO0_10_Handler)
    GPIO0_11_Handler                         0x010203d9   Thumb Code     8  startup_sse310mps3.o(.text.GPIO0_11_Handler)
    GPIO0_12_Handler                         0x010203e1   Thumb Code     8  startup_sse310mps3.o(.text.GPIO0_12_Handler)
    GPIO0_13_Handler                         0x010203e9   Thumb Code     8  startup_sse310mps3.o(.text.GPIO0_13_Handler)
    GPIO0_14_Handler                         0x010203f1   Thumb Code     8  startup_sse310mps3.o(.text.GPIO0_14_Handler)
    GPIO0_15_Handler                         0x010203f9   Thumb Code     8  startup_sse310mps3.o(.text.GPIO0_15_Handler)
    GPIO0_1_Handler                          0x01020401   Thumb Code     8  startup_sse310mps3.o(.text.GPIO0_1_Handler)
    GPIO0_2_Handler                          0x01020409   Thumb Code     8  startup_sse310mps3.o(.text.GPIO0_2_Handler)
    GPIO0_3_Handler                          0x01020411   Thumb Code     8  startup_sse310mps3.o(.text.GPIO0_3_Handler)
    GPIO0_4_Handler                          0x01020419   Thumb Code     8  startup_sse310mps3.o(.text.GPIO0_4_Handler)
    GPIO0_5_Handler                          0x01020421   Thumb Code     8  startup_sse310mps3.o(.text.GPIO0_5_Handler)
    GPIO0_6_Handler                          0x01020429   Thumb Code     8  startup_sse310mps3.o(.text.GPIO0_6_Handler)
    GPIO0_7_Handler                          0x01020431   Thumb Code     8  startup_sse310mps3.o(.text.GPIO0_7_Handler)
    GPIO0_8_Handler                          0x01020439   Thumb Code     8  startup_sse310mps3.o(.text.GPIO0_8_Handler)
    GPIO0_9_Handler                          0x01020441   Thumb Code     8  startup_sse310mps3.o(.text.GPIO0_9_Handler)
    GPIO0_Combined_Handler                   0x01020449   Thumb Code     8  startup_sse310mps3.o(.text.GPIO0_Combined_Handler)
    GPIO1_0_Handler                          0x01020451   Thumb Code     8  startup_sse310mps3.o(.text.GPIO1_0_Handler)
    GPIO1_10_Handler                         0x01020459   Thumb Code     8  startup_sse310mps3.o(.text.GPIO1_10_Handler)
    GPIO1_11_Handler                         0x01020461   Thumb Code     8  startup_sse310mps3.o(.text.GPIO1_11_Handler)
    GPIO1_12_Handler                         0x01020469   Thumb Code     8  startup_sse310mps3.o(.text.GPIO1_12_Handler)
    GPIO1_13_Handler                         0x01020471   Thumb Code     8  startup_sse310mps3.o(.text.GPIO1_13_Handler)
    GPIO1_14_Handler                         0x01020479   Thumb Code     8  startup_sse310mps3.o(.text.GPIO1_14_Handler)
    GPIO1_15_Handler                         0x01020481   Thumb Code     8  startup_sse310mps3.o(.text.GPIO1_15_Handler)
    GPIO1_1_Handler                          0x01020489   Thumb Code     8  startup_sse310mps3.o(.text.GPIO1_1_Handler)
    GPIO1_2_Handler                          0x01020491   Thumb Code     8  startup_sse310mps3.o(.text.GPIO1_2_Handler)
    GPIO1_3_Handler                          0x01020499   Thumb Code     8  startup_sse310mps3.o(.text.GPIO1_3_Handler)
    GPIO1_4_Handler                          0x010204a1   Thumb Code     8  startup_sse310mps3.o(.text.GPIO1_4_Handler)
    GPIO1_5_Handler                          0x010204a9   Thumb Code     8  startup_sse310mps3.o(.text.GPIO1_5_Handler)
    GPIO1_6_Handler                          0x010204b1   Thumb Code     8  startup_sse310mps3.o(.text.GPIO1_6_Handler)
    GPIO1_7_Handler                          0x010204b9   Thumb Code     8  startup_sse310mps3.o(.text.GPIO1_7_Handler)
    GPIO1_8_Handler                          0x010204c1   Thumb Code     8  startup_sse310mps3.o(.text.GPIO1_8_Handler)
    GPIO1_9_Handler                          0x010204c9   Thumb Code     8  startup_sse310mps3.o(.text.GPIO1_9_Handler)
    GPIO1_Combined_Handler                   0x010204d1   Thumb Code     8  startup_sse310mps3.o(.text.GPIO1_Combined_Handler)
    GPIO2_0_Handler                          0x010204d9   Thumb Code     8  startup_sse310mps3.o(.text.GPIO2_0_Handler)
    GPIO2_10_Handler                         0x010204e1   Thumb Code     8  startup_sse310mps3.o(.text.GPIO2_10_Handler)
    GPIO2_11_Handler                         0x010204e9   Thumb Code     8  startup_sse310mps3.o(.text.GPIO2_11_Handler)
    GPIO2_12_Handler                         0x010204f1   Thumb Code     8  startup_sse310mps3.o(.text.GPIO2_12_Handler)
    GPIO2_13_Handler                         0x010204f9   Thumb Code     8  startup_sse310mps3.o(.text.GPIO2_13_Handler)
    GPIO2_14_Handler                         0x01020501   Thumb Code     8  startup_sse310mps3.o(.text.GPIO2_14_Handler)
    GPIO2_15_Handler                         0x01020509   Thumb Code     8  startup_sse310mps3.o(.text.GPIO2_15_Handler)
    GPIO2_1_Handler                          0x01020511   Thumb Code     8  startup_sse310mps3.o(.text.GPIO2_1_Handler)
    GPIO2_2_Handler                          0x01020519   Thumb Code     8  startup_sse310mps3.o(.text.GPIO2_2_Handler)
    GPIO2_3_Handler                          0x01020521   Thumb Code     8  startup_sse310mps3.o(.text.GPIO2_3_Handler)
    GPIO2_4_Handler                          0x01020529   Thumb Code     8  startup_sse310mps3.o(.text.GPIO2_4_Handler)
    GPIO2_5_Handler                          0x01020531   Thumb Code     8  startup_sse310mps3.o(.text.GPIO2_5_Handler)
    GPIO2_6_Handler                          0x01020539   Thumb Code     8  startup_sse310mps3.o(.text.GPIO2_6_Handler)
    GPIO2_7_Handler                          0x01020541   Thumb Code     8  startup_sse310mps3.o(.text.GPIO2_7_Handler)
    GPIO2_8_Handler                          0x01020549   Thumb Code     8  startup_sse310mps3.o(.text.GPIO2_8_Handler)
    GPIO2_9_Handler                          0x01020551   Thumb Code     8  startup_sse310mps3.o(.text.GPIO2_9_Handler)
    GPIO2_Combined_Handler                   0x01020559   Thumb Code     8  startup_sse310mps3.o(.text.GPIO2_Combined_Handler)
    GPIO3_0_Handler                          0x01020561   Thumb Code     8  startup_sse310mps3.o(.text.GPIO3_0_Handler)
    GPIO3_1_Handler                          0x01020569   Thumb Code     8  startup_sse310mps3.o(.text.GPIO3_1_Handler)
    GPIO3_2_Handler                          0x01020571   Thumb Code     8  startup_sse310mps3.o(.text.GPIO3_2_Handler)
    GPIO3_3_Handler                          0x01020579   Thumb Code     8  startup_sse310mps3.o(.text.GPIO3_3_Handler)
    GPIO3_Combined_Handler                   0x01020581   Thumb Code     8  startup_sse310mps3.o(.text.GPIO3_Combined_Handler)
    HardFault_Handler                        0x01020589   Thumb Code     8  startup_sse310mps3.o(.text.HardFault_Handler)
    I2S_Handler                              0x01020591   Thumb Code     8  startup_sse310mps3.o(.text.I2S_Handler)
    MPC_Handler                              0x01020599   Thumb Code     8  startup_sse310mps3.o(.text.MPC_Handler)
    MSC_Handler                              0x010205a1   Thumb Code     8  startup_sse310mps3.o(.text.MSC_Handler)
    MemManage_Handler                        0x010205a9   Thumb Code     8  startup_sse310mps3.o(.text.MemManage_Handler)
    NMI_Handler                              0x010205b1   Thumb Code     8  startup_sse310mps3.o(.text.NMI_Handler)
    NONSEC_WATCHDOG_Handler                  0x010205b9   Thumb Code     8  startup_sse310mps3.o(.text.NONSEC_WATCHDOG_Handler)
    NONSEC_WATCHDOG_RESET_REQ_Handler        0x010205c1   Thumb Code     8  startup_sse310mps3.o(.text.NONSEC_WATCHDOG_RESET_REQ_Handler)
    PPC_Handler                              0x010205c9   Thumb Code     8  startup_sse310mps3.o(.text.PPC_Handler)
    PendSV_Handler                           0x010205d1   Thumb Code     8  startup_sse310mps3.o(.text.PendSV_Handler)
    Reset_Handler                            0x010205d9   Thumb Code    54  startup_sse310mps3.o(.text.Reset_Handler)
    SLOWCLK_Timer_Handler                    0x01020611   Thumb Code     8  startup_sse310mps3.o(.text.SLOWCLK_Timer_Handler)
    SPI_ADC_Handler                          0x01020619   Thumb Code     8  startup_sse310mps3.o(.text.SPI_ADC_Handler)
    SPI_SHIELD0_Handler                      0x01020621   Thumb Code     8  startup_sse310mps3.o(.text.SPI_SHIELD0_Handler)
    SPI_SHIELD1_Handler                      0x01020629   Thumb Code     8  startup_sse310mps3.o(.text.SPI_SHIELD1_Handler)
    SVC_Handler                              0x01020631   Thumb Code     8  startup_sse310mps3.o(.text.SVC_Handler)
    SecureFault_Handler                      0x01020639   Thumb Code     8  startup_sse310mps3.o(.text.SecureFault_Handler)
    SysTick_Handler                          0x01020641   Thumb Code     8  startup_sse310mps3.o(.text.SysTick_Handler)
    SystemInit                               0x01020649   Thumb Code   126  system_sse310mps3.o(.text.SystemInit)
    System_Timestamp_Counter_Handler         0x010206c9   Thumb Code     8  startup_sse310mps3.o(.text.System_Timestamp_Counter_Handler)
    TFM_TIMER0_IRQ_Handler                   0x010206d1   Thumb Code     8  startup_sse310mps3.o(.text.TFM_TIMER0_IRQ_Handler)
    TIMER1_Handler                           0x010206d9   Thumb Code     8  startup_sse310mps3.o(.text.TIMER1_Handler)
    TIMER2_Handler                           0x010206e1   Thumb Code     8  startup_sse310mps3.o(.text.TIMER2_Handler)
    TIMER3_AON_Handler                       0x010206e9   Thumb Code     8  startup_sse310mps3.o(.text.TIMER3_AON_Handler)
    TOUCH_SCREEN_Handler                     0x010206f1   Thumb Code     8  startup_sse310mps3.o(.text.TOUCH_SCREEN_Handler)
    UART0_Combined_Handler                   0x010206f9   Thumb Code     8  startup_sse310mps3.o(.text.UART0_Combined_Handler)
    UART1_Combined_Handler                   0x01020701   Thumb Code     8  startup_sse310mps3.o(.text.UART1_Combined_Handler)
    UART2_Combined_Handler                   0x01020709   Thumb Code     8  startup_sse310mps3.o(.text.UART2_Combined_Handler)
    UART3_Combined_Handler                   0x01020711   Thumb Code     8  startup_sse310mps3.o(.text.UART3_Combined_Handler)
    UART4_Combined_Handler                   0x01020719   Thumb Code     8  startup_sse310mps3.o(.text.UART4_Combined_Handler)
    UART5_Combined_Handler                   0x01020721   Thumb Code     8  startup_sse310mps3.o(.text.UART5_Combined_Handler)
    UARTOVF_Handler                          0x01020729   Thumb Code     8  startup_sse310mps3.o(.text.UARTOVF_Handler)
    UARTRX0_Handler                          0x01020731   Thumb Code     8  startup_sse310mps3.o(.text.UARTRX0_Handler)
    UARTRX1_Handler                          0x01020739   Thumb Code     8  startup_sse310mps3.o(.text.UARTRX1_Handler)
    UARTRX2_Handler                          0x01020741   Thumb Code     8  startup_sse310mps3.o(.text.UARTRX2_Handler)
    UARTRX3_Handler                          0x01020749   Thumb Code     8  startup_sse310mps3.o(.text.UARTRX3_Handler)
    UARTRX4_Handler                          0x01020751   Thumb Code     8  startup_sse310mps3.o(.text.UARTRX4_Handler)
    UARTRX5_Handler                          0x01020759   Thumb Code     8  startup_sse310mps3.o(.text.UARTRX5_Handler)
    UARTTX0_Handler                          0x01020761   Thumb Code     8  startup_sse310mps3.o(.text.UARTTX0_Handler)
    UARTTX1_Handler                          0x01020769   Thumb Code     8  startup_sse310mps3.o(.text.UARTTX1_Handler)
    UARTTX2_Handler                          0x01020771   Thumb Code     8  startup_sse310mps3.o(.text.UARTTX2_Handler)
    UARTTX3_Handler                          0x01020779   Thumb Code     8  startup_sse310mps3.o(.text.UARTTX3_Handler)
    UARTTX4_Handler                          0x01020781   Thumb Code     8  startup_sse310mps3.o(.text.UARTTX4_Handler)
    UARTTX5_Handler                          0x01020789   Thumb Code     8  startup_sse310mps3.o(.text.UARTTX5_Handler)
    USB_Handler                              0x01020791   Thumb Code     8  startup_sse310mps3.o(.text.USB_Handler)
    UsageFault_Handler                       0x01020799   Thumb Code     8  startup_sse310mps3.o(.text.UsageFault_Handler)
    main                                     0x010207a1   Thumb Code    26  main.o(.text.main)
    _fp_init                                 0x010207bb   Thumb Code    34  fpinit_81m.o(x$fpl$fpinit)
    __fplib_config_fpu_vfp                   0x010207db   Thumb Code     0  fpinit_81m.o(x$fpl$fpinit)
    __fplib_config_pureend_doubles           0x010207db   Thumb Code     0  fpinit_81m.o(x$fpl$fpinit)
    Region$$Table$$Base                      0x010207dc   Number         0  anon$$obj.o(Region$$Table)
    Region$$Table$$Limit                     0x010207ec   Number         0  anon$$obj.o(Region$$Table)
    PeripheralClock                          0x21040000   Data           4  system_sse310mps3.o(.data.PeripheralClock)
    SystemCoreClock                          0x21040004   Data           4  system_sse310mps3.o(.data.SystemCoreClock)
    Image$$ARM_LIB_HEAP$$ZI$$Base            0x21040008   Number         0  anon$$obj.o ABSOLUTE
    Image$$ARM_LIB_HEAP$$ZI$$Limit           0x21040408   Number         0  anon$$obj.o ABSOLUTE
    Image$$ARM_LIB_STACK$$ZI$$Base           0x21040420   Number         0  anon$$obj.o ABSOLUTE
    Image$$ARM_LIB_STACK$$ZI$$Limit          0x21040818   Number         0  anon$$obj.o ABSOLUTE



==============================================================================

Memory Map of the image

  Image Entry point : 0x01020241

  Load Region LR_CODE (Base: 0x01020000, Size: 0x00000800, Max: 0xffffffff, ABSOLUTE)

    Execution Region ER_CODE (Exec base: 0x01020000, Load base: 0x01020000, Size: 0x000007ec, Max: 0xffffffff, ABSOLUTE)

    Exec Addr    Load Addr    Size         Type   Attr      Idx    E Section Name        Object

    0x01020000   0x01020000   0x00000240   Data   RO          402    RESET               startup_sse310mps3.o
    0x01020240   0x01020240   0x0000000c   Code   RO          625  * !!!main             c_xa.l(__main.o)
    0x0102024c   0x0102024c   0x0000003c   Code   RO          836    !!!scatter          c_xa.l(__scatter.o)
    0x01020288   0x01020288   0x0000001e   Code   RO          838    !!handler_copy      c_xa.l(__scatter_copy.o)
    0x010202a6   0x010202a6   0x00000008   Code   RO          666    .ARM.Collect$$libinit$$00000000  c_xa.l(libinit.o)
    0x010202ae   0x010202ae   0x00000004   Code   RO          676    .ARM.Collect$$libinit$$00000001  c_xa.l(libinit2.o)
    0x010202b2   0x010202b2   0x00000000   Code   RO          679    .ARM.Collect$$libinit$$00000004  c_xa.l(libinit2.o)
    0x010202b2   0x010202b2   0x00000000   Code   RO          681    .ARM.Collect$$libinit$$00000006  c_xa.l(libinit2.o)
    0x010202b2   0x010202b2   0x00000000   Code   RO          684    .ARM.Collect$$libinit$$0000000C  c_xa.l(libinit2.o)
    0x010202b2   0x010202b2   0x00000000   Code   RO          686    .ARM.Collect$$libinit$$0000000E  c_xa.l(libinit2.o)
    0x010202b2   0x010202b2   0x00000000   Code   RO          688    .ARM.Collect$$libinit$$00000010  c_xa.l(libinit2.o)
    0x010202b2   0x010202b2   0x00000000   Code   RO          691    .ARM.Collect$$libinit$$00000013  c_xa.l(libinit2.o)
    0x010202b2   0x010202b2   0x00000000   Code   RO          693    .ARM.Collect$$libinit$$00000015  c_xa.l(libinit2.o)
    0x010202b2   0x010202b2   0x00000000   Code   RO          695    .ARM.Collect$$libinit$$00000017  c_xa.l(libinit2.o)
    0x010202b2   0x010202b2   0x00000000   Code   RO          697    .ARM.Collect$$libinit$$00000019  c_xa.l(libinit2.o)
    0x010202b2   0x010202b2   0x00000000   Code   RO          699    .ARM.Collect$$libinit$$0000001B  c_xa.l(libinit2.o)
    0x010202b2   0x010202b2   0x00000000   Code   RO          701    .ARM.Collect$$libinit$$0000001D  c_xa.l(libinit2.o)
    0x010202b2   0x010202b2   0x00000000   Code   RO          703    .ARM.Collect$$libinit$$0000001F  c_xa.l(libinit2.o)
    0x010202b2   0x010202b2   0x00000000   Code   RO          705    .ARM.Collect$$libinit$$00000021  c_xa.l(libinit2.o)
    0x010202b2   0x010202b2   0x00000000   Code   RO          707    .ARM.Collect$$libinit$$00000023  c_xa.l(libinit2.o)
    0x010202b2   0x010202b2   0x00000000   Code   RO          709    .ARM.Collect$$libinit$$00000025  c_xa.l(libinit2.o)
    0x010202b2   0x010202b2   0x00000000   Code   RO          711    .ARM.Collect$$libinit$$00000027  c_xa.l(libinit2.o)
    0x010202b2   0x010202b2   0x00000000   Code   RO          715    .ARM.Collect$$libinit$$0000002E  c_xa.l(libinit2.o)
    0x010202b2   0x010202b2   0x00000000   Code   RO          717    .ARM.Collect$$libinit$$00000030  c_xa.l(libinit2.o)
    0x010202b2   0x010202b2   0x00000000   Code   RO          719    .ARM.Collect$$libinit$$00000032  c_xa.l(libinit2.o)
    0x010202b2   0x010202b2   0x00000000   Code   RO          721    .ARM.Collect$$libinit$$00000034  c_xa.l(libinit2.o)
    0x010202b2   0x010202b2   0x0000000a   Code   RO          722    .ARM.Collect$$libinit$$00000035  c_xa.l(libinit2.o)
    0x010202bc   0x010202bc   0x00000008   Code   RO          756    .ARM.Collect$$libshutdown$$00000000  c_xa.l(libshutdown.o)
    0x010202c4   0x010202c4   0x00000000   Code   RO          773    .ARM.Collect$$libshutdown$$00000002  c_xa.l(libshutdown2.o)
    0x010202c4   0x010202c4   0x00000000   Code   RO          775    .ARM.Collect$$libshutdown$$00000004  c_xa.l(libshutdown2.o)
    0x010202c4   0x010202c4   0x00000000   Code   RO          778    .ARM.Collect$$libshutdown$$00000007  c_xa.l(libshutdown2.o)
    0x010202c4   0x010202c4   0x00000000   Code   RO          781    .ARM.Collect$$libshutdown$$0000000A  c_xa.l(libshutdown2.o)
    0x010202c4   0x010202c4   0x00000000   Code   RO          783    .ARM.Collect$$libshutdown$$0000000C  c_xa.l(libshutdown2.o)
    0x010202c4   0x010202c4   0x00000000   Code   RO          786    .ARM.Collect$$libshutdown$$0000000F  c_xa.l(libshutdown2.o)
    0x010202c4   0x010202c4   0x0000000a   Code   RO          787    .ARM.Collect$$libshutdown$$00000010  c_xa.l(libshutdown2.o)
    0x010202ce   0x010202ce   0x00000004   Code   RO          627    .ARM.Collect$$rtentry$$00000000  c_xa.l(__rtentry.o)
    0x010202d2   0x010202d2   0x00000000   Code   RO          634    .ARM.Collect$$rtentry$$00000002  c_xa.l(__rtentry2.o)
    0x010202d2   0x010202d2   0x00000004   Code   RO          648    .ARM.Collect$$rtentry$$00000007  c_xa.l(__rtentry7.o)
    0x010202d6   0x010202d6   0x00000000   Code   RO          636    .ARM.Collect$$rtentry$$00000009  c_xa.l(__rtentry2.o)
    0x010202d6   0x010202d6   0x00000004   Code   RO          637    .ARM.Collect$$rtentry$$0000000A  c_xa.l(__rtentry2.o)
    0x010202da   0x010202da   0x00000000   Code   RO          639    .ARM.Collect$$rtentry$$0000000C  c_xa.l(__rtentry2.o)
    0x010202da   0x010202da   0x00000008   Code   RO          640    .ARM.Collect$$rtentry$$0000000D  c_xa.l(__rtentry2.o)
    0x010202e2   0x010202e2   0x00000002   PAD
    0x010202e4   0x010202e4   0x00000004   Code   RO          649    .ARM.Collect$$rtentry$$00002718  c_xa.l(__rtentry7.o)
    0x010202e8   0x010202e8   0x00000006   Code   RO          674    .ARM.Collect$$rtexit$$00000000  c_xa.l(rtexit.o)
    0x010202ee   0x010202ee   0x00000000   Code   RO          731    .ARM.Collect$$rtexit$$00000002  c_xa.l(rtexit2.o)
    0x010202ee   0x010202ee   0x00000004   Code   RO          732    .ARM.Collect$$rtexit$$00000003  c_xa.l(rtexit2.o)
    0x010202f2   0x010202f2   0x00000006   Code   RO          733    .ARM.Collect$$rtexit$$00000004  c_xa.l(rtexit2.o)
    0x010202f8   0x010202f8   0x00000010   Code   RO          657    .text               c_xa.l(exit.o)
    0x01020308   0x01020308   0x00000006   Code   RO          727    .text               c_xa.l(use_no_semi.o)
    0x0102030e   0x0102030e   0x00000000   Code   RO          729    .text               c_xa.l(indicate_semi.o)
    0x0102030e   0x0102030e   0x00000002   PAD
    0x01020310   0x01020310   0x00000012   Code   RO          742    .text               c_xa.l(sys_exit.o)
    0x01020322   0x01020322   0x00000006   PAD
    0x01020328   0x01020328   0x00000008   Code   RO          196    .text.BRIDGE_ERROR_Handler  startup_sse310mps3.o
    0x01020330   0x01020330   0x00000008   Code   RO          164    .text.BusFault_Handler  startup_sse310mps3.o
    0x01020338   0x01020338   0x00000008   Code   RO          198    .text.COMBINED_PPU_Handler  startup_sse310mps3.o
    0x01020340   0x01020340   0x00000008   Code   RO          204    .text.CPU0_CTI_0_Handler  startup_sse310mps3.o
    0x01020348   0x01020348   0x00000008   Code   RO          206    .text.CPU0_CTI_1_Handler  startup_sse310mps3.o
    0x01020350   0x01020350   0x00000008   Code   RO          260    .text.DMA_Ch_0_Combined_Handler  startup_sse310mps3.o
    0x01020358   0x01020358   0x00000008   Code   RO          256    .text.DMA_Ch_0_Error_Handler  startup_sse310mps3.o
    0x01020360   0x01020360   0x00000008   Code   RO          258    .text.DMA_Ch_0_Terminal_Count_Handler  startup_sse310mps3.o
    0x01020368   0x01020368   0x00000008   Code   RO          266    .text.DMA_Ch_1_Combined_Handler  startup_sse310mps3.o
    0x01020370   0x01020370   0x00000008   Code   RO          262    .text.DMA_Ch_1_Error_Handler  startup_sse310mps3.o
    0x01020378   0x01020378   0x00000008   Code   RO          264    .text.DMA_Ch_1_Terminal_Count_Handler  startup_sse310mps3.o
    0x01020380   0x01020380   0x00000008   Code   RO          272    .text.DMA_Ch_2_Combined_Handler  startup_sse310mps3.o
    0x01020388   0x01020388   0x00000008   Code   RO          268    .text.DMA_Ch_2_Error_Handler  startup_sse310mps3.o
    0x01020390   0x01020390   0x00000008   Code   RO          270    .text.DMA_Ch_2_Terminal_Count_Handler  startup_sse310mps3.o
    0x01020398   0x01020398   0x00000008   Code   RO          278    .text.DMA_Ch_3_Combined_Handler  startup_sse310mps3.o
    0x010203a0   0x010203a0   0x00000008   Code   RO          274    .text.DMA_Ch_3_Error_Handler  startup_sse310mps3.o
    0x010203a8   0x010203a8   0x00000008   Code   RO          276    .text.DMA_Ch_3_Terminal_Count_Handler  startup_sse310mps3.o
    0x010203b0   0x010203b0   0x00000008   Code   RO          172    .text.DebugMon_Handler  startup_sse310mps3.o
    0x010203b8   0x010203b8   0x00000008   Code   RO          242    .text.ETHERNET_Handler  startup_sse310mps3.o
    0x010203c0   0x010203c0   0x00000008   Code   RO          280    .text.ETHOS_U55_Handler  startup_sse310mps3.o
    0x010203c8   0x010203c8   0x00000008   Code   RO          290    .text.GPIO0_0_Handler  startup_sse310mps3.o
    0x010203d0   0x010203d0   0x00000008   Code   RO          310    .text.GPIO0_10_Handler  startup_sse310mps3.o
    0x010203d8   0x010203d8   0x00000008   Code   RO          312    .text.GPIO0_11_Handler  startup_sse310mps3.o
    0x010203e0   0x010203e0   0x00000008   Code   RO          314    .text.GPIO0_12_Handler  startup_sse310mps3.o
    0x010203e8   0x010203e8   0x00000008   Code   RO          316    .text.GPIO0_13_Handler  startup_sse310mps3.o
    0x010203f0   0x010203f0   0x00000008   Code   RO          318    .text.GPIO0_14_Handler  startup_sse310mps3.o
    0x010203f8   0x010203f8   0x00000008   Code   RO          320    .text.GPIO0_15_Handler  startup_sse310mps3.o
    0x01020400   0x01020400   0x00000008   Code   RO          292    .text.GPIO0_1_Handler  startup_sse310mps3.o
    0x01020408   0x01020408   0x00000008   Code   RO          294    .text.GPIO0_2_Handler  startup_sse310mps3.o
    0x01020410   0x01020410   0x00000008   Code   RO          296    .text.GPIO0_3_Handler  startup_sse310mps3.o
    0x01020418   0x01020418   0x00000008   Code   RO          298    .text.GPIO0_4_Handler  startup_sse310mps3.o
    0x01020420   0x01020420   0x00000008   Code   RO          300    .text.GPIO0_5_Handler  startup_sse310mps3.o
    0x01020428   0x01020428   0x00000008   Code   RO          302    .text.GPIO0_6_Handler  startup_sse310mps3.o
    0x01020430   0x01020430   0x00000008   Code   RO          304    .text.GPIO0_7_Handler  startup_sse310mps3.o
    0x01020438   0x01020438   0x00000008   Code   RO          306    .text.GPIO0_8_Handler  startup_sse310mps3.o
    0x01020440   0x01020440   0x00000008   Code   RO          308    .text.GPIO0_9_Handler  startup_sse310mps3.o
    0x01020448   0x01020448   0x00000008   Code   RO          282    .text.GPIO0_Combined_Handler  startup_sse310mps3.o
    0x01020450   0x01020450   0x00000008   Code   RO          322    .text.GPIO1_0_Handler  startup_sse310mps3.o
    0x01020458   0x01020458   0x00000008   Code   RO          342    .text.GPIO1_10_Handler  startup_sse310mps3.o
    0x01020460   0x01020460   0x00000008   Code   RO          344    .text.GPIO1_11_Handler  startup_sse310mps3.o
    0x01020468   0x01020468   0x00000008   Code   RO          346    .text.GPIO1_12_Handler  startup_sse310mps3.o
    0x01020470   0x01020470   0x00000008   Code   RO          348    .text.GPIO1_13_Handler  startup_sse310mps3.o
    0x01020478   0x01020478   0x00000008   Code   RO          350    .text.GPIO1_14_Handler  startup_sse310mps3.o
    0x01020480   0x01020480   0x00000008   Code   RO          352    .text.GPIO1_15_Handler  startup_sse310mps3.o
    0x01020488   0x01020488   0x00000008   Code   RO          324    .text.GPIO1_1_Handler  startup_sse310mps3.o
    0x01020490   0x01020490   0x00000008   Code   RO          326    .text.GPIO1_2_Handler  startup_sse310mps3.o
    0x01020498   0x01020498   0x00000008   Code   RO          328    .text.GPIO1_3_Handler  startup_sse310mps3.o
    0x010204a0   0x010204a0   0x00000008   Code   RO          330    .text.GPIO1_4_Handler  startup_sse310mps3.o
    0x010204a8   0x010204a8   0x00000008   Code   RO          332    .text.GPIO1_5_Handler  startup_sse310mps3.o
    0x010204b0   0x010204b0   0x00000008   Code   RO          334    .text.GPIO1_6_Handler  startup_sse310mps3.o
    0x010204b8   0x010204b8   0x00000008   Code   RO          336    .text.GPIO1_7_Handler  startup_sse310mps3.o
    0x010204c0   0x010204c0   0x00000008   Code   RO          338    .text.GPIO1_8_Handler  startup_sse310mps3.o
    0x010204c8   0x010204c8   0x00000008   Code   RO          340    .text.GPIO1_9_Handler  startup_sse310mps3.o
    0x010204d0   0x010204d0   0x00000008   Code   RO          284    .text.GPIO1_Combined_Handler  startup_sse310mps3.o
    0x010204d8   0x010204d8   0x00000008   Code   RO          354    .text.GPIO2_0_Handler  startup_sse310mps3.o
    0x010204e0   0x010204e0   0x00000008   Code   RO          374    .text.GPIO2_10_Handler  startup_sse310mps3.o
    0x010204e8   0x010204e8   0x00000008   Code   RO          376    .text.GPIO2_11_Handler  startup_sse310mps3.o
    0x010204f0   0x010204f0   0x00000008   Code   RO          378    .text.GPIO2_12_Handler  startup_sse310mps3.o
    0x010204f8   0x010204f8   0x00000008   Code   RO          380    .text.GPIO2_13_Handler  startup_sse310mps3.o
    0x01020500   0x01020500   0x00000008   Code   RO          382    .text.GPIO2_14_Handler  startup_sse310mps3.o
    0x01020508   0x01020508   0x00000008   Code   RO          384    .text.GPIO2_15_Handler  startup_sse310mps3.o
    0x01020510   0x01020510   0x00000008   Code   RO          356    .text.GPIO2_1_Handler  startup_sse310mps3.o
    0x01020518   0x01020518   0x00000008   Code   RO          358    .text.GPIO2_2_Handler  startup_sse310mps3.o
    0x01020520   0x01020520   0x00000008   Code   RO          360    .text.GPIO2_3_Handler  startup_sse310mps3.o
    0x01020528   0x01020528   0x00000008   Code   RO          362    .text.GPIO2_4_Handler  startup_sse310mps3.o
    0x01020530   0x01020530   0x00000008   Code   RO          364    .text.GPIO2_5_Handler  startup_sse310mps3.o
    0x01020538   0x01020538   0x00000008   Code   RO          366    .text.GPIO2_6_Handler  startup_sse310mps3.o
    0x01020540   0x01020540   0x00000008   Code   RO          368    .text.GPIO2_7_Handler  startup_sse310mps3.o
    0x01020548   0x01020548   0x00000008   Code   RO          370    .text.GPIO2_8_Handler  startup_sse310mps3.o
    0x01020550   0x01020550   0x00000008   Code   RO          372    .text.GPIO2_9_Handler  startup_sse310mps3.o
    0x01020558   0x01020558   0x00000008   Code   RO          286    .text.GPIO2_Combined_Handler  startup_sse310mps3.o
    0x01020560   0x01020560   0x00000008   Code   RO          386    .text.GPIO3_0_Handler  startup_sse310mps3.o
    0x01020568   0x01020568   0x00000008   Code   RO          388    .text.GPIO3_1_Handler  startup_sse310mps3.o
    0x01020570   0x01020570   0x00000008   Code   RO          390    .text.GPIO3_2_Handler  startup_sse310mps3.o
    0x01020578   0x01020578   0x00000008   Code   RO          392    .text.GPIO3_3_Handler  startup_sse310mps3.o
    0x01020580   0x01020580   0x00000008   Code   RO          288    .text.GPIO3_Combined_Handler  startup_sse310mps3.o
    0x01020588   0x01020588   0x00000008   Code   RO          160    .text.HardFault_Handler  startup_sse310mps3.o
    0x01020590   0x01020590   0x00000008   Code   RO          244    .text.I2S_Handler   startup_sse310mps3.o
    0x01020598   0x01020598   0x00000008   Code   RO          190    .text.MPC_Handler   startup_sse310mps3.o
    0x010205a0   0x010205a0   0x00000008   Code   RO          194    .text.MSC_Handler   startup_sse310mps3.o
    0x010205a8   0x010205a8   0x00000008   Code   RO          162    .text.MemManage_Handler  startup_sse310mps3.o
    0x010205b0   0x010205b0   0x00000008   Code   RO          158    .text.NMI_Handler   startup_sse310mps3.o
    0x010205b8   0x010205b8   0x00000008   Code   RO          180    .text.NONSEC_WATCHDOG_Handler  startup_sse310mps3.o
    0x010205c0   0x010205c0   0x00000008   Code   RO          178    .text.NONSEC_WATCHDOG_RESET_REQ_Handler  startup_sse310mps3.o
    0x010205c8   0x010205c8   0x00000008   Code   RO          192    .text.PPC_Handler   startup_sse310mps3.o
    0x010205d0   0x010205d0   0x00000008   Code   RO          174    .text.PendSV_Handler  startup_sse310mps3.o
    0x010205d8   0x010205d8   0x00000036   Code   RO          400    .text.Reset_Handler  startup_sse310mps3.o
    0x0102060e   0x0102060e   0x00000002   PAD
    0x01020610   0x01020610   0x00000008   Code   RO          182    .text.SLOWCLK_Timer_Handler  startup_sse310mps3.o
    0x01020618   0x01020618   0x00000008   Code   RO          250    .text.SPI_ADC_Handler  startup_sse310mps3.o
    0x01020620   0x01020620   0x00000008   Code   RO          252    .text.SPI_SHIELD0_Handler  startup_sse310mps3.o
    0x01020628   0x01020628   0x00000008   Code   RO          254    .text.SPI_SHIELD1_Handler  startup_sse310mps3.o
    0x01020630   0x01020630   0x00000008   Code   RO          170    .text.SVC_Handler   startup_sse310mps3.o
    0x01020638   0x01020638   0x00000008   Code   RO          168    .text.SecureFault_Handler  startup_sse310mps3.o
    0x01020640   0x01020640   0x00000008   Code   RO          176    .text.SysTick_Handler  startup_sse310mps3.o
    0x01020648   0x01020648   0x0000007e   Code   RO          412    .text.SystemInit    system_sse310mps3.o
    0x010206c6   0x010206c6   0x00000002   PAD
    0x010206c8   0x010206c8   0x00000008   Code   RO          208    .text.System_Timestamp_Counter_Handler  startup_sse310mps3.o
    0x010206d0   0x010206d0   0x00000008   Code   RO          184    .text.TFM_TIMER0_IRQ_Handler  startup_sse310mps3.o
    0x010206d8   0x010206d8   0x00000008   Code   RO          186    .text.TIMER1_Handler  startup_sse310mps3.o
    0x010206e0   0x010206e0   0x00000008   Code   RO          188    .text.TIMER2_Handler  startup_sse310mps3.o
    0x010206e8   0x010206e8   0x00000008   Code   RO          202    .text.TIMER3_AON_Handler  startup_sse310mps3.o
    0x010206f0   0x010206f0   0x00000008   Code   RO          246    .text.TOUCH_SCREEN_Handler  startup_sse310mps3.o
    0x010206f8   0x010206f8   0x00000008   Code   RO          230    .text.UART0_Combined_Handler  startup_sse310mps3.o
    0x01020700   0x01020700   0x00000008   Code   RO          232    .text.UART1_Combined_Handler  startup_sse310mps3.o
    0x01020708   0x01020708   0x00000008   Code   RO          234    .text.UART2_Combined_Handler  startup_sse310mps3.o
    0x01020710   0x01020710   0x00000008   Code   RO          236    .text.UART3_Combined_Handler  startup_sse310mps3.o
    0x01020718   0x01020718   0x00000008   Code   RO          238    .text.UART4_Combined_Handler  startup_sse310mps3.o
    0x01020720   0x01020720   0x00000008   Code   RO          398    .text.UART5_Combined_Handler  startup_sse310mps3.o
    0x01020728   0x01020728   0x00000008   Code   RO          240    .text.UARTOVF_Handler  startup_sse310mps3.o
    0x01020730   0x01020730   0x00000008   Code   RO          210    .text.UARTRX0_Handler  startup_sse310mps3.o
    0x01020738   0x01020738   0x00000008   Code   RO          214    .text.UARTRX1_Handler  startup_sse310mps3.o
    0x01020740   0x01020740   0x00000008   Code   RO          218    .text.UARTRX2_Handler  startup_sse310mps3.o
    0x01020748   0x01020748   0x00000008   Code   RO          222    .text.UARTRX3_Handler  startup_sse310mps3.o
    0x01020750   0x01020750   0x00000008   Code   RO          226    .text.UARTRX4_Handler  startup_sse310mps3.o
    0x01020758   0x01020758   0x00000008   Code   RO          394    .text.UARTRX5_Handler  startup_sse310mps3.o
    0x01020760   0x01020760   0x00000008   Code   RO          212    .text.UARTTX0_Handler  startup_sse310mps3.o
    0x01020768   0x01020768   0x00000008   Code   RO          216    .text.UARTTX1_Handler  startup_sse310mps3.o
    0x01020770   0x01020770   0x00000008   Code   RO          220    .text.UARTTX2_Handler  startup_sse310mps3.o
    0x01020778   0x01020778   0x00000008   Code   RO          224    .text.UARTTX3_Handler  startup_sse310mps3.o
    0x01020780   0x01020780   0x00000008   Code   RO          228    .text.UARTTX4_Handler  startup_sse310mps3.o
    0x01020788   0x01020788   0x00000008   Code   RO          396    .text.UARTTX5_Handler  startup_sse310mps3.o
    0x01020790   0x01020790   0x00000008   Code   RO          248    .text.USB_Handler   startup_sse310mps3.o
    0x01020798   0x01020798   0x00000008   Code   RO          166    .text.UsageFault_Handler  startup_sse310mps3.o
    0x010207a0   0x010207a0   0x0000001a   Code   RO            7    .text.main          main.o
    0x010207ba   0x010207ba   0x00000022   Code   RO          740    x$fpl$fpinit        fz_xva.l(fpinit_81m.o)
    0x010207dc   0x010207dc   0x00000010   Data   RO          835    Region$$Table       anon$$obj.o


    Execution Region CODE_WATERMARK (Exec base: 0x010207ec, Load base: 0x010207ec, Size: 0x00000000, Max: 0x00000000, ABSOLUTE)

    Exec Addr    Load Addr    Size         Type   Attr      Idx    E Section Name        Object

    0x010207ec        -       0x00000000   Zero   RW            1    CODE_WATERMARK.bss  anon$$obj.o


    Execution Region ER_DATA (Exec base: 0x21040000, Load base: 0x010207ec, Size: 0x00000008, Max: 0xffffffff, ABSOLUTE)

    Exec Addr    Load Addr    Size         Type   Attr      Idx    E Section Name        Object

    0x21040000   0x010207ec   0x00000004   Data   RW          415    .data.PeripheralClock  system_sse310mps3.o
    0x21040004   0x010207f0   0x00000004   Data   RW          414    .data.SystemCoreClock  system_sse310mps3.o


    Execution Region ARM_LIB_HEAP (Exec base: 0x21040008, Load base: 0x010207f8, Size: 0x00000400, Max: 0x00000400, ABSOLUTE)

    Exec Addr    Load Addr    Size         Type   Attr      Idx    E Section Name        Object

    0x21040008        -       0x00000400   Zero   RW            2    ARM_LIB_HEAP.bss    anon$$obj.o


    Execution Region ARM_LIB_STACK (Exec base: 0x21040420, Load base: 0x01020800, Size: 0x000003f8, Max: 0x000003f8, ABSOLUTE)

    Exec Addr    Load Addr    Size         Type   Attr      Idx    E Section Name        Object

    0x21040420        -       0x000003f8   Zero   RW            3    ARM_LIB_STACK.bss   anon$$obj.o


    Execution Region STACKSEAL (Exec base: 0x21040818, Load base: 0x01020800, Size: 0x00000008, Max: 0x00000008, ABSOLUTE)

    Exec Addr    Load Addr    Size         Type   Attr      Idx    E Section Name        Object

    0x21040818        -       0x00000008   Zero   RW            4    STACKSEAL.bss       anon$$obj.o


    Execution Region SRAM_WATERMARK (Exec base: 0x21040820, Load base: 0x01020800, Size: 0x00000000, Max: 0x00000000, ABSOLUTE)

    Exec Addr    Load Addr    Size         Type   Attr      Idx    E Section Name        Object

    0x21040820        -       0x00000000   Zero   RW            5    SRAM_WATERMARK.bss  anon$$obj.o


==============================================================================

Image component sizes


      Code (inc. data)   RO Data    RW Data    ZI Data      Debug   Object Name

        26          0          0          0          0        441   main.o
      1014          0        576          0          0      11262   startup_sse310mps3.o
       126          0          0          8          0       2316   system_sse310mps3.o

    ----------------------------------------------------------------------
      1170          0        592          8       2048      14019   Object Totals
         0          0         16          0       2048          0   (incl. Generated)
         4          0          0          0          0          0   (incl. Padding)

    ----------------------------------------------------------------------

      Code (inc. data)   RO Data    RW Data    ZI Data      Debug   Library Member Name

        12          0          0          0          0         68   __main.o
         4          0          0          0          0          0   __rtentry.o
        12          0          0          0          0          0   __rtentry2.o
         8          4          0          0          0          0   __rtentry7.o
        60          8          0          0          0          0   __scatter.o
        30          0          0          0          0          0   __scatter_copy.o
        16          0          0          0          0         36   exit.o
         0          0          0          0          0          0   indicate_semi.o
         8          0          0          0          0          0   libinit.o
        14          0          0          0          0          0   libinit2.o
         8          0          0          0          0          0   libshutdown.o
        10          0          0          0          0          0   libshutdown2.o
         6          0          0          0          0          0   rtexit.o
        10          0          0          0          0          0   rtexit2.o
        18          0          0          0          0         36   sys_exit.o
         6          0          0          0          0         68   use_no_semi.o
        34          0          0          0          0        164   fpinit_81m.o

    ----------------------------------------------------------------------
       266         12          0          0          0        372   Library Totals
        10          0          0          0          0          0   (incl. Padding)

    ----------------------------------------------------------------------

      Code (inc. data)   RO Data    RW Data    ZI Data      Debug   Library Name

       222         12          0          0          0        208   c_xa.l
        34          0          0          0          0        164   fz_xva.l

    ----------------------------------------------------------------------
       266         12          0          0          0        372   Library Totals

    ----------------------------------------------------------------------

==============================================================================


      Code (inc. data)   RO Data    RW Data    ZI Data      Debug   

      1436         12        592          8       2048      14395   Grand Totals
      1436         12        592          8       2048      14395   ELF Image Totals
      1436         12        592          8          0          0   ROM Totals

==============================================================================

    Total RO  Size (Code + RO Data)                 2028 (   1.98kB)
    Total RW  Size (RW Data + ZI Data)              2056 (   2.01kB)
    Total ROM Size (Code + RO Data + RW Data)       2036 (   1.99kB)

==============================================================================

